BLOCK[2]:这个人掉线了 c582jFX2DfF45B65YSKN31qk6Ft9ckVAJm 1. 128 
这个人掉线了 c582jFX2DfF45B65YSKN31qk6Ft9ckVAJm 1. 128 
这个人掉线了 cKqAK2TLS5AiGm75CAuVLUv4D38MyqTD9M 1. 256 
这个人掉线了 c5AYPcDMUGr5JHErEo5y43SZG8JsF8YjG5 1. 384 
这个人掉线了 cH4RweoyEU363G5p7P2D1bEe5uccLNFJgC 1. 512 
这个人掉线了 cGS6P65poK8GN5yhAtBj5ddDuDFh3k4YW8 1. 640 
这个人掉线了 c4aG5yDeGo4TqR6C9r2vBaaNXmR2Ro17SV 1. 768 
这个人掉线了 cHdATqSzszEe335hM8kaNM267SH98BCpbx 1. 896 
这个人掉线了 cDUwDnum3J5bQo78LDWcCJLAASqRP4VSan 1. 1024 
这个人掉线了 cCjrLJHLRUZci2Ak1W2BbgchJQLoQo86d7 1. 1152 
这个人掉线了 c81E6nEaLHJ25mFRTDSMar5YjmrYLsNr5v 1. 1280 
这个人掉线了 cCuaHXAe1hcEGgqz6eg8QC9UKQHZ1Cq2Qo 1. 1408 
这个人掉线了 c3MCDGU8vFk6waxeeRbBUt3QaRvB6q1TAH 1. 1536 
这个人掉线了 cCmcRqAdKd24ft1Nuwzc6p1Uf5R47RSAUF 1. 1664 
这个人掉线了 cBy33bW2b8QX3Th6mjkpHRykPGLN9ahG9p 1. 1792 
这个人掉线了 cKySkYVB4MhWhKczSUmY7WhF638hPx6U8N 1. 1920 
这个人掉线了 c4wQ1qXmKFBBGeHeiT5QsB9oKwsGYmK2eA 1. 2048 
这个人掉线了 cBpRE96Ff1RR3kVoN9Hky6pnAtTky8cP4s 1. 2176 
这个人掉线了 c7y8jqVoAmP9uHA6bYxT66KSPXz14tSahH 1. 2304 
这个人掉线了 cKqjHi8u4n5RJJa1CxHgZbwHXS9cKC5Ekw 1. 2432 
这个人掉线了 cNQzoCNDDYY2uqBEW6fb7B6HzFjyz6oCt8 1. 2560 
这个人掉线了 cM8wVfYBZq6KtXCKAobMH9g9jLTcSfCiw5 1. 2688 
这个人掉线了 cFG8tkEage2m5qnpsd8giKe9kad6ACF3BY 1. 2816 
这个人掉线了 cNhu1W73hSpHzwJfzGbHf1tM9KWSGTtC8U 1. 2944 
这个人掉线了 cLrUCNAWPyPH96bqqC3JQXZ3CtsvvXmNj1 1. 3072 
这个人掉线了 cPDXYf8tLYdv8LG43RxgHbNLi1ouxDcP8p 1. 3200 
这个人掉线了 cPNWUU9oB4NaxFagHDafkD2p54phRGSwqh 1. 3328 
这个人掉线了 c6kHiX6mRcy3KeWCeb7MYAd8pfnDhnz8V7 1. 3456 
这个人掉线了 cMyZAA4V27jEmysddCxCqXKAeN2bBvDsVU 1. 3584 
这个人掉线了 c7LefZDapLTMcazj5gJdJJE4PePHQ2qpNu 1. 3712 
这个人掉线了 cGQ5NPs1k59LxCvxECXLKNpr4TezDvhMZn 1. 3840 
这个人掉线了 c2LMjYRGQbGAuNWBNyWrRr81WXzaZJqMdW 1. 3968 
这个人掉线了 c5QActCYGusL7wEwV8sDTZ6QcekFBjBMhv 1. 4096 
这个人掉线了 cFtYf1e5Ng5QhZzHiPMvDyV3NQHxKBnLmV 1. 4224 
这个人掉线了 c5rSRneu7iXf8r8N87raRev24kHGmkvPMT 1. 4352 
这个人掉线了 cH6L4muHgCsNwfqFPEMMBJwTG6NWhVWqiv 1. 4480 
这个人掉线了 cMPVU5d8U87bqPTZsLaWiyAv5UbZwMENip 1. 4608 
这个人掉线了 cD4rsua9vmVMiPouRL7MJJcVPWKtQu8E5X 1. 4736 
这个人掉线了 c6XZmkn23mSbiVVydY8WcEJSebM9RpRq8V 1. 4864 
这个人掉线了 cMtCaC4WmjBjZYbzrGZREJ9imX479XxpsM 1. 4992 
这个人掉线了 cFtR9y1R2zvvd7DXUE5cQu4wVuHzMzKFXW 1. 5120 
这个人掉线了 cERnwrsCNpy4b8hQ683zpRFPw88yXuVXES 1. 5248 
这个人掉线了 cBRJCW5SXiaJzDEFQhmLhCjizEBaprHj9w 1. 5376 
这个人掉线了 cCTtPZA7Ry9qEnLJm6yyWGFswdFC5hiMhe 1. 5504 
这个人掉线了 c3e7TaDkuPcWC8L7GfkixXsaZDpP5Rtasg 1. 5632 
这个人掉线了 cMbTY5hZ2RXCVGPYgwjp3ybnM1EyQenDiy 1. 5760 
这个人掉线了 cBgQkrwMZdQzu3QgtkN4vTbDB2Zf7F9ndm 1. 5888 
这个人掉线了 c8Ke6FeamgemKfaAdppcUVoGfModE4CEyT 1. 6016 
这个人掉线了 cKcsAB6U1KSkUrUsLr1ysdK5UrfCmFribi 1. 6144 
这个人掉线了 cLxoe3BFVFWJitksZZU7r7pyPbGxdV9FEw 1. 6272 
生成区块 fd262 2. cCET2Sxt2LPDhx44wxJ9uhkpviKNrSacvE time: 6400 
这个人掉线了 cFEaSoF3QceWxjnLsg9FoQyLVcUzVEpkSP 2. 6528 
这个人掉线了 cGnmjV6fk5kFbTWztDtZhyr1a4Van4NPvR 2. 6656 
这个人掉线了 c5fjyiG9HYrHrzJnyLsMZSkw6M5JzkZWUY 2. 6784 
这个人掉线了 cKmsqZLYAY8xjsqSaFdUy2jUuewBpCCcf9 2. 6912 
这个人掉线了 cNsdgX2hL8tpZuNV8pbqpcmmQXFYgyoHb3 2. 7040 
这个人掉线了 cJzdd4agJhJR7psxQeH7beLeqarzeRrVWz 2. 7168 
这个人掉线了 cNqpoUrBTpPvGzpFsimJRMm1uDjvDPpigj 2. 7296 
这个人掉线了 c582jFX2DfF45B65YSKN31qk6Ft9ckVAJm 2. 7424 
这个人掉线了 cKqAK2TLS5AiGm75CAuVLUv4D38MyqTD9M 2. 7552 
这个人掉线了 c5AYPcDMUGr5JHErEo5y43SZG8JsF8YjG5 2. 7680 
这个人掉线了 cH4RweoyEU363G5p7P2D1bEe5uccLNFJgC 2. 7808 
这个人掉线了 cGS6P65poK8GN5yhAtBj5ddDuDFh3k4YW8 2. 7936 
这个人掉线了 c4aG5yDeGo4TqR6C9r2vBaaNXmR2Ro17SV 2. 8064 
这个人掉线了 cHdATqSzszEe335hM8kaNM267SH98BCpbx 2. 8192 
这个人掉线了 cDUwDnum3J5bQo78LDWcCJLAASqRP4VSan 2. 8320 
这个人掉线了 cCjrLJHLRUZci2Ak1W2BbgchJQLoQo86d7 2. 8448 
这个人掉线了 c81E6nEaLHJ25mFRTDSMar5YjmrYLsNr5v 2. 8576 
这个人掉线了 cCuaHXAe1hcEGgqz6eg8QC9UKQHZ1Cq2Qo 2. 8704 
这个人掉线了 c3MCDGU8vFk6waxeeRbBUt3QaRvB6q1TAH 2. 8832 
这个人掉线了 cCmcRqAdKd24ft1Nuwzc6p1Uf5R47RSAUF 2. 8960 
这个人掉线了 cBy33bW2b8QX3Th6mjkpHRykPGLN9ahG9p 2. 9088 
这个人掉线了 cKySkYVB4MhWhKczSUmY7WhF638hPx6U8N 2. 9216 
这个人掉线了 c4wQ1qXmKFBBGeHeiT5QsB9oKwsGYmK2eA 2. 9344 
这个人掉线了 cBpRE96Ff1RR3kVoN9Hky6pnAtTky8cP4s 2. 9472 
这个人掉线了 c7y8jqVoAmP9uHA6bYxT66KSPXz14tSahH 2. 9600 
这个人掉线了 cKqjHi8u4n5RJJa1CxHgZbwHXS9cKC5Ekw 2. 9728 
这个人掉线了 cNQzoCNDDYY2uqBEW6fb7B6HzFjyz6oCt8 2. 9856 
这个人掉线了 cM8wVfYBZq6KtXCKAobMH9g9jLTcSfCiw5 2. 9984 
这个人掉线了 cFG8tkEage2m5qnpsd8giKe9kad6ACF3BY 2. 10112 
这个人掉线了 cNhu1W73hSpHzwJfzGbHf1tM9KWSGTtC8U 2. 10240 
这个人掉线了 cLrUCNAWPyPH96bqqC3JQXZ3CtsvvXmNj1 2. 10368 
这个人掉线了 cPDXYf8tLYdv8LG43RxgHbNLi1ouxDcP8p 2. 10496 
这个人掉线了 cPNWUU9oB4NaxFagHDafkD2p54phRGSwqh 2. 10624 
这个人掉线了 c6kHiX6mRcy3KeWCeb7MYAd8pfnDhnz8V7 2. 10752 
这个人掉线了 cMyZAA4V27jEmysddCxCqXKAeN2bBvDsVU 2. 10880 
这个人掉线了 c7LefZDapLTMcazj5gJdJJE4PePHQ2qpNu 2. 11008 
这个人掉线了 cGQ5NPs1k59LxCvxECXLKNpr4TezDvhMZn 2. 11136 
这个人掉线了 c2LMjYRGQbGAuNWBNyWrRr81WXzaZJqMdW 2. 11264 
这个人掉线了 c5QActCYGusL7wEwV8sDTZ6QcekFBjBMhv 2. 11392 
这个人掉线了 cFtYf1e5Ng5QhZzHiPMvDyV3NQHxKBnLmV 2. 11520 
这个人掉线了 c5rSRneu7iXf8r8N87raRev24kHGmkvPMT 2. 11648 
这个人掉线了 cH6L4muHgCsNwfqFPEMMBJwTG6NWhVWqiv 2. 11776 
这个人掉线了 cMPVU5d8U87bqPTZsLaWiyAv5UbZwMENip 2. 11904 
这个人掉线了 cD4rsua9vmVMiPouRL7MJJcVPWKtQu8E5X 2. 12032 
这个人掉线了 c6XZmkn23mSbiVVydY8WcEJSebM9RpRq8V 2. 12160 
这个人掉线了 cMtCaC4WmjBjZYbzrGZREJ9imX479XxpsM 2. 12288 
这个人掉线了 cFtR9y1R2zvvd7DXUE5cQu4wVuHzMzKFXW 2. 12416 
这个人掉线了 cERnwrsCNpy4b8hQ683zpRFPw88yXuVXES 2. 12544 
这个人掉线了 cBRJCW5SXiaJzDEFQhmLhCjizEBaprHj9w 2. 12672 
这个人掉线了 cCTtPZA7Ry9qEnLJm6yyWGFswdFC5hiMhe 2. 12800 
这个人掉线了 c3e7TaDkuPcWC8L7GfkixXsaZDpP5Rtasg 2. 12928 
这个人掉线了 cMbTY5hZ2RXCVGPYgwjp3ybnM1EyQenDiy 2. 13056 
这个人掉线了 cBgQkrwMZdQzu3QgtkN4vTbDB2Zf7F9ndm 2. 13184 
这个人掉线了 c8Ke6FeamgemKfaAdppcUVoGfModE4CEyT 2. 13312 
这个人掉线了 cKcsAB6U1KSkUrUsLr1ysdK5UrfCmFribi 2. 13440 
这个人掉线了 cLxoe3BFVFWJitksZZU7r7pyPbGxdV9FEw 2. 13568 
生成区块 03851 3. cCET2Sxt2LPDhx44wxJ9uhkpviKNrSacvE time: 13696 
这个人掉线了 cFEaSoF3QceWxjnLsg9FoQyLVcUzVEpkSP 3. 13824 
这个人掉线了 cGnmjV6fk5kFbTWztDtZhyr1a4Van4NPvR 3. 13952 
这个人掉线了 c5fjyiG9HYrHrzJnyLsMZSkw6M5JzkZWUY 3. 14080 
这个人掉线了 cKmsqZLYAY8xjsqSaFdUy2jUuewBpCCcf9 3. 14208 
这个人掉线了 cNsdgX2hL8tpZuNV8pbqpcmmQXFYgyoHb3 3. 14336 
这个人掉线了 cJzdd4agJhJR7psxQeH7beLeqarzeRrVWz 3. 14464 
这个人掉线了 cNqpoUrBTpPvGzpFsimJRMm1uDjvDPpigj 3. 14592 
这个人掉线了 c582jFX2DfF45B65YSKN31qk6Ft9ckVAJm 3. 14720 
这个人掉线了 cKqAK2TLS5AiGm75CAuVLUv4D38MyqTD9M 3. 14848 
这个人掉线了 c5AYPcDMUGr5JHErEo5y43SZG8JsF8YjG5 3. 14976 
这个人掉线了 cH4RweoyEU363G5p7P2D1bEe5uccLNFJgC 3. 15104 
这个人掉线了 cGS6P65poK8GN5yhAtBj5ddDuDFh3k4YW8 3. 15232 
这个人掉线了 c4aG5yDeGo4TqR6C9r2vBaaNXmR2Ro17SV 3. 15360 
这个人掉线了 cHdATqSzszEe335hM8kaNM267SH98BCpbx 3. 15488 
这个人掉线了 cDUwDnum3J5bQo78LDWcCJLAASqRP4VSan 3. 15616 
这个人掉线了 cCjrLJHLRUZci2Ak1W2BbgchJQLoQo86d7 3. 15744 
这个人掉线了 c81E6nEaLHJ25mFRTDSMar5YjmrYLsNr5v 3. 15872 
这个人掉线了 cCuaHXAe1hcEGgqz6eg8QC9UKQHZ1Cq2Qo 3. 16000 
这个人掉线了 c3MCDGU8vFk6waxeeRbBUt3QaRvB6q1TAH 3. 16128 
这个人掉线了 cCmcRqAdKd24ft1Nuwzc6p1Uf5R47RSAUF 3. 16256 
这个人掉线了 cBy33bW2b8QX3Th6mjkpHRykPGLN9ahG9p 3. 16384 
这个人掉线了 cKySkYVB4MhWhKczSUmY7WhF638hPx6U8N 3. 16512 
这个人掉线了 c4wQ1qXmKFBBGeHeiT5QsB9oKwsGYmK2eA 3. 16640 
这个人掉线了 cBpRE96Ff1RR3kVoN9Hky6pnAtTky8cP4s 3. 16768 
这个人掉线了 c7y8jqVoAmP9uHA6bYxT66KSPXz14tSahH 3. 16896 
这个人掉线了 cKqjHi8u4n5RJJa1CxHgZbwHXS9cKC5Ekw 3. 17024 
这个人掉线了 cNQzoCNDDYY2uqBEW6fb7B6HzFjyz6oCt8 3. 17152 
这个人掉线了 cM8wVfYBZq6KtXCKAobMH9g9jLTcSfCiw5 3. 17280 
这个人掉线了 cFG8tkEage2m5qnpsd8giKe9kad6ACF3BY 3. 17408 
这个人掉线了 cNhu1W73hSpHzwJfzGbHf1tM9KWSGTtC8U 3. 17536 
这个人掉线了 cLrUCNAWPyPH96bqqC3JQXZ3CtsvvXmNj1 3. 17664 
这个人掉线了 cPDXYf8tLYdv8LG43RxgHbNLi1ouxDcP8p 3. 17792 
这个人掉线了 cPNWUU9oB4NaxFagHDafkD2p54phRGSwqh 3. 17920 
这个人掉线了 c6kHiX6mRcy3KeWCeb7MYAd8pfnDhnz8V7 3. 18048 
这个人掉线了 cMyZAA4V27jEmysddCxCqXKAeN2bBvDsVU 3. 18176 
这个人掉线了 c7LefZDapLTMcazj5gJdJJE4PePHQ2qpNu 3. 18304 
这个人掉线了 cGQ5NPs1k59LxCvxECXLKNpr4TezDvhMZn 3. 18432 
这个人掉线了 c2LMjYRGQbGAuNWBNyWrRr81WXzaZJqMdW 3. 18560 
这个人掉线了 c5QActCYGusL7wEwV8sDTZ6QcekFBjBMhv 3. 18688 
这个人掉线了 cFtYf1e5Ng5QhZzHiPMvDyV3NQHxKBnLmV 3. 18816 
这个人掉线了 c5rSRneu7iXf8r8N87raRev24kHGmkvPMT 3. 18944 
这个人掉线了 cH6L4muHgCsNwfqFPEMMBJwTG6NWhVWqiv 3. 19072 
这个人掉线了 cMPVU5d8U87bqPTZsLaWiyAv5UbZwMENip 3. 19200 
这个人掉线了 cD4rsua9vmVMiPouRL7MJJcVPWKtQu8E5X 3. 19328 
这个人掉线了 c6XZmkn23mSbiVVydY8WcEJSebM9RpRq8V 3. 19456 
这个人掉线了 cMtCaC4WmjBjZYbzrGZREJ9imX479XxpsM 3. 19584 
这个人掉线了 cFtR9y1R2zvvd7DXUE5cQu4wVuHzMzKFXW 3. 19712 
这个人掉线了 cERnwrsCNpy4b8hQ683zpRFPw88yXuVXES 3. 19840 
这个人掉线了 cBRJCW5SXiaJzDEFQhmLhCjizEBaprHj9w 3. 19968 
这个人掉线了 cCTtPZA7Ry9qEnLJm6yyWGFswdFC5hiMhe 3. 20096 
这个人掉线了 c3e7TaDkuPcWC8L7GfkixXsaZDpP5Rtasg 3. 20224 
这个人掉线了 cMbTY5hZ2RXCVGPYgwjp3ybnM1EyQenDiy 3. 20352 
这个人掉线了 cBgQkrwMZdQzu3QgtkN4vTbDB2Zf7F9ndm 3. 20480 
这个人掉线了 c8Ke6FeamgemKfaAdppcUVoGfModE4CEyT 3. 20608 
这个人掉线了 cKcsAB6U1KSkUrUsLr1ysdK5UrfCmFribi 3. 20736 
这个人掉线了 cLxoe3BFVFWJitksZZU7r7pyPbGxdV9FEw 3. 20864 
生成区块 a7069 4. cCET2Sxt2LPDhx44wxJ9uhkpviKNrSacvE time: 20992 
这个人掉线了 cFEaSoF3QceWxjnLsg9FoQyLVcUzVEpkSP 4. 21120 
这个人掉线了 cGnmjV6fk5kFbTWztDtZhyr1a4Van4NPvR 4. 21248 
这个人掉线了 c5fjyiG9HYrHrzJnyLsMZSkw6M5JzkZWUY 4. 21376 
这个人掉线了 cKmsqZLYAY8xjsqSaFdUy2jUuewBpCCcf9 4. 21504 
这个人掉线了 cNsdgX2hL8tpZuNV8pbqpcmmQXFYgyoHb3 4. 21632 
这个人掉线了 cJzdd4agJhJR7psxQeH7beLeqarzeRrVWz 4. 21760 
这个人掉线了 cNqpoUrBTpPvGzpFsimJRMm1uDjvDPpigj 4. 21888 
这个人掉线了 c582jFX2DfF45B65YSKN31qk6Ft9ckVAJm 4. 22016 
这个人掉线了 cKqAK2TLS5AiGm75CAuVLUv4D38MyqTD9M 4. 22144 
这个人掉线了 c5AYPcDMUGr5JHErEo5y43SZG8JsF8YjG5 4. 22272 
这个人掉线了 cH4RweoyEU363G5p7P2D1bEe5uccLNFJgC 4. 22400 
这个人掉线了 cGS6P65poK8GN5yhAtBj5ddDuDFh3k4YW8 4. 22528 
这个人掉线了 c4aG5yDeGo4TqR6C9r2vBaaNXmR2Ro17SV 4. 22656 
这个人掉线了 cHdATqSzszEe335hM8kaNM267SH98BCpbx 4. 22784 
这个人掉线了 cDUwDnum3J5bQo78LDWcCJLAASqRP4VSan 4. 22912 
这个人掉线了 cCjrLJHLRUZci2Ak1W2BbgchJQLoQo86d7 4. 23040 
这个人掉线了 c81E6nEaLHJ25mFRTDSMar5YjmrYLsNr5v 4. 23168 
这个人掉线了 cCuaHXAe1hcEGgqz6eg8QC9UKQHZ1Cq2Qo 4. 23296 
这个人掉线了 c3MCDGU8vFk6waxeeRbBUt3QaRvB6q1TAH 4. 23424 
这个人掉线了 cCmcRqAdKd24ft1Nuwzc6p1Uf5R47RSAUF 4. 23552 
这个人掉线了 cBy33bW2b8QX3Th6mjkpHRykPGLN9ahG9p 4. 23680 
这个人掉线了 cKySkYVB4MhWhKczSUmY7WhF638hPx6U8N 4. 23808 
这个人掉线了 c4wQ1qXmKFBBGeHeiT5QsB9oKwsGYmK2eA 4. 23936 
这个人掉线了 cBpRE96Ff1RR3kVoN9Hky6pnAtTky8cP4s 4. 24064 
这个人掉线了 c7y8jqVoAmP9uHA6bYxT66KSPXz14tSahH 4. 24192 
这个人掉线了 cKqjHi8u4n5RJJa1CxHgZbwHXS9cKC5Ekw 4. 24320 
这个人掉线了 cNQzoCNDDYY2uqBEW6fb7B6HzFjyz6oCt8 4. 24448 
这个人掉线了 cM8wVfYBZq6KtXCKAobMH9g9jLTcSfCiw5 4. 24576 
这个人掉线了 cFG8tkEage2m5qnpsd8giKe9kad6ACF3BY 4. 24704 
这个人掉线了 cNhu1W73hSpHzwJfzGbHf1tM9KWSGTtC8U 4. 24832 
这个人掉线了 cLrUCNAWPyPH96bqqC3JQXZ3CtsvvXmNj1 4. 24960 
这个人掉线了 cPDXYf8tLYdv8LG43RxgHbNLi1ouxDcP8p 4. 25088 
这个人掉线了 cPNWUU9oB4NaxFagHDafkD2p54phRGSwqh 4. 25216 
这个人掉线了 c6kHiX6mRcy3KeWCeb7MYAd8pfnDhnz8V7 4. 25344 
这个人掉线了 cMyZAA4V27jEmysddCxCqXKAeN2bBvDsVU 4. 25472 
这个人掉线了 c7LefZDapLTMcazj5gJdJJE4PePHQ2qpNu 4. 25600 
这个人掉线了 cGQ5NPs1k59LxCvxECXLKNpr4TezDvhMZn 4. 25728 
这个人掉线了 c2LMjYRGQbGAuNWBNyWrRr81WXzaZJqMdW 4. 25856 
这个人掉线了 c5QActCYGusL7wEwV8sDTZ6QcekFBjBMhv 4. 25984 
这个人掉线了 cFtYf1e5Ng5QhZzHiPMvDyV3NQHxKBnLmV 4. 26112 
这个人掉线了 c5rSRneu7iXf8r8N87raRev24kHGmkvPMT 4. 26240 
这个人掉线了 cH6L4muHgCsNwfqFPEMMBJwTG6NWhVWqiv 4. 26368 
这个人掉线了 cMPVU5d8U87bqPTZsLaWiyAv5UbZwMENip 4. 26496 
这个人掉线了 cD4rsua9vmVMiPouRL7MJJcVPWKtQu8E5X 4. 26624 
这个人掉线了 c6XZmkn23mSbiVVydY8WcEJSebM9RpRq8V 4. 26752 
这个人掉线了 cMtCaC4WmjBjZYbzrGZREJ9imX479XxpsM 4. 26880 
这个人掉线了 cFtR9y1R2zvvd7DXUE5cQu4wVuHzMzKFXW 4. 27008 
这个人掉线了 cERnwrsCNpy4b8hQ683zpRFPw88yXuVXES 4. 27136 
这个人掉线了 cBRJCW5SXiaJzDEFQhmLhCjizEBaprHj9w 4. 27264 
这个人掉线了 cCTtPZA7Ry9qEnLJm6yyWGFswdFC5hiMhe 4. 27392 
这个人掉线了 c3e7TaDkuPcWC8L7GfkixXsaZDpP5Rtasg 4. 27520 
这个人掉线了 cMbTY5hZ2RXCVGPYgwjp3ybnM1EyQenDiy 4. 27648 
这个人掉线了 cBgQkrwMZdQzu3QgtkN4vTbDB2Zf7F9ndm 4. 27776 
这个人掉线了 c8Ke6FeamgemKfaAdppcUVoGfModE4CEyT 4. 27904 
这个人掉线了 cKcsAB6U1KSkUrUsLr1ysdK5UrfCmFribi 4. 28032 
这个人掉线了 cLxoe3BFVFWJitksZZU7r7pyPbGxdV9FEw 4. 28160 
生成区块 dedb8 5. cCET2Sxt2LPDhx44wxJ9uhkpviKNrSacvE time: 28288 
这个人掉线了 cFEaSoF3QceWxjnLsg9FoQyLVcUzVEpkSP 5. 28416 
这个人掉线了 cGnmjV6fk5kFbTWztDtZhyr1a4Van4NPvR 5. 28544 
这个人掉线了 c5fjyiG9HYrHrzJnyLsMZSkw6M5JzkZWUY 5. 28672 
这个人掉线了 cKmsqZLYAY8xjsqSaFdUy2jUuewBpCCcf9 5. 28800 
这个人掉线了 cNsdgX2hL8tpZuNV8pbqpcmmQXFYgyoHb3 5. 28928 
这个人掉线了 cJzdd4agJhJR7psxQeH7beLeqarzeRrVWz 5. 29056 
这个人掉线了 cNqpoUrBTpPvGzpFsimJRMm1uDjvDPpigj 5. 29184 
这个人掉线了 c582jFX2DfF45B65YSKN31qk6Ft9ckVAJm 5. 29312 
这个人掉线了 cKqAK2TLS5AiGm75CAuVLUv4D38MyqTD9M 5. 29440 
这个人掉线了 c5AYPcDMUGr5JHErEo5y43SZG8JsF8YjG5 5. 29568 
这个人掉线了 cH4RweoyEU363G5p7P2D1bEe5uccLNFJgC 5. 29696 
这个人掉线了 cGS6P65poK8GN5yhAtBj5ddDuDFh3k4YW8 5. 29824 
这个人掉线了 c4aG5yDeGo4TqR6C9r2vBaaNXmR2Ro17SV 5. 29952 
这个人掉线了 cHdATqSzszEe335hM8kaNM267SH98BCpbx 5. 30080 
这个人掉线了 cDUwDnum3J5bQo78LDWcCJLAASqRP4VSan 5. 30208 
这个人掉线了 cCjrLJHLRUZci2Ak1W2BbgchJQLoQo86d7 5. 30336 
这个人掉线了 c81E6nEaLHJ25mFRTDSMar5YjmrYLsNr5v 5. 30464 
这个人掉线了 cCuaHXAe1hcEGgqz6eg8QC9UKQHZ1Cq2Qo 5. 30592 
这个人掉线了 c3MCDGU8vFk6waxeeRbBUt3QaRvB6q1TAH 5. 30720 
这个人掉线了 cCmcRqAdKd24ft1Nuwzc6p1Uf5R47RSAUF 5. 30848 
这个人掉线了 cBy33bW2b8QX3Th6mjkpHRykPGLN9ahG9p 5. 30976 
这个人掉线了 cKySkYVB4MhWhKczSUmY7WhF638hPx6U8N 5. 31104 
这个人掉线了 c4wQ1qXmKFBBGeHeiT5QsB9oKwsGYmK2eA 5. 31232 
这个人掉线了 cBpRE96Ff1RR3kVoN9Hky6pnAtTky8cP4s 5. 31360 
这个人掉线了 c7y8jqVoAmP9uHA6bYxT66KSPXz14tSahH 5. 31488 
这个人掉线了 cKqjHi8u4n5RJJa1CxHgZbwHXS9cKC5Ekw 5. 31616 
这个人掉线了 cNQzoCNDDYY2uqBEW6fb7B6HzFjyz6oCt8 5. 31744 
这个人掉线了 cM8wVfYBZq6KtXCKAobMH9g9jLTcSfCiw5 5. 31872 
这个人掉线了 cFG8tkEage2m5qnpsd8giKe9kad6ACF3BY 5. 32000 
这个人掉线了 cNhu1W73hSpHzwJfzGbHf1tM9KWSGTtC8U 5. 32128 
这个人掉线了 cLrUCNAWPyPH96bqqC3JQXZ3CtsvvXmNj1 5. 32256 
这个人掉线了 cPDXYf8tLYdv8LG43RxgHbNLi1ouxDcP8p 5. 32384 
这个人掉线了 cPNWUU9oB4NaxFagHDafkD2p54phRGSwqh 5. 32512 
这个人掉线了 c6kHiX6mRcy3KeWCeb7MYAd8pfnDhnz8V7 5. 32640 
这个人掉线了 cMyZAA4V27jEmysddCxCqXKAeN2bBvDsVU 5. 32768 
这个人掉线了 c7LefZDapLTMcazj5gJdJJE4PePHQ2qpNu 5. 32896 
这个人掉线了 cGQ5NPs1k59LxCvxECXLKNpr4TezDvhMZn 5. 33024 
这个人掉线了 c2LMjYRGQbGAuNWBNyWrRr81WXzaZJqMdW 5. 33152 
这个人掉线了 c5QActCYGusL7wEwV8sDTZ6QcekFBjBMhv 5. 33280 
这个人掉线了 cFtYf1e5Ng5QhZzHiPMvDyV3NQHxKBnLmV 5. 33408 
这个人掉线了 c5rSRneu7iXf8r8N87raRev24kHGmkvPMT 5. 33536 
这个人掉线了 cH6L4muHgCsNwfqFPEMMBJwTG6NWhVWqiv 5. 33664 
这个人掉线了 cMPVU5d8U87bqPTZsLaWiyAv5UbZwMENip 5. 33792 
这个人掉线了 cD4rsua9vmVMiPouRL7MJJcVPWKtQu8E5X 5. 33920 
这个人掉线了 c6XZmkn23mSbiVVydY8WcEJSebM9RpRq8V 5. 34048 
这个人掉线了 cMtCaC4WmjBjZYbzrGZREJ9imX479XxpsM 5. 34176 
这个人掉线了 cFtR9y1R2zvvd7DXUE5cQu4wVuHzMzKFXW 5. 34304 
这个人掉线了 cERnwrsCNpy4b8hQ683zpRFPw88yXuVXES 5. 34432 
这个人掉线了 cBRJCW5SXiaJzDEFQhmLhCjizEBaprHj9w 5. 34560 
这个人掉线了 cCTtPZA7Ry9qEnLJm6yyWGFswdFC5hiMhe 5. 34688 
这个人掉线了 c3e7TaDkuPcWC8L7GfkixXsaZDpP5Rtasg 5. 34816 
这个人掉线了 cMbTY5hZ2RXCVGPYgwjp3ybnM1EyQenDiy 5. 34944 
这个人掉线了 cBgQkrwMZdQzu3QgtkN4vTbDB2Zf7F9ndm 5. 35072 
这个人掉线了 c8Ke6FeamgemKfaAdppcUVoGfModE4CEyT 5. 35200 
这个人掉线了 cKcsAB6U1KSkUrUsLr1ysdK5UrfCmFribi 5. 35328 
这个人掉线了 cLxoe3BFVFWJitksZZU7r7pyPbGxdV9FEw 5. 35456 
生成区块 dba1d 6. cCET2Sxt2LPDhx44wxJ9uhkpviKNrSacvE time: 35584 
这个人掉线了 cFEaSoF3QceWxjnLsg9FoQyLVcUzVEpkSP 6. 35712 
这个人掉线了 cGnmjV6fk5kFbTWztDtZhyr1a4Van4NPvR 6. 35840 
这个人掉线了 c5fjyiG9HYrHrzJnyLsMZSkw6M5JzkZWUY 6. 35968 
这个人掉线了 cKmsqZLYAY8xjsqSaFdUy2jUuewBpCCcf9 6. 36096 
这个人掉线了 cNsdgX2hL8tpZuNV8pbqpcmmQXFYgyoHb3 6. 36224 
这个人掉线了 cJzdd4agJhJR7psxQeH7beLeqarzeRrVWz 6. 36352 
这个人掉线了 cNqpoUrBTpPvGzpFsimJRMm1uDjvDPpigj 6. 36480 
这个人掉线了 c582jFX2DfF45B65YSKN31qk6Ft9ckVAJm 6. 36608 
这个人掉线了 cKqAK2TLS5AiGm75CAuVLUv4D38MyqTD9M 6. 36736 
这个人掉线了 c5AYPcDMUGr5JHErEo5y43SZG8JsF8YjG5 6. 36864 
这个人掉线了 cH4RweoyEU363G5p7P2D1bEe5uccLNFJgC 6. 36992 
这个人掉线了 cGS6P65poK8GN5yhAtBj5ddDuDFh3k4YW8 6. 37120 
这个人掉线了 c4aG5yDeGo4TqR6C9r2vBaaNXmR2Ro17SV 6. 37248 
这个人掉线了 cHdATqSzszEe335hM8kaNM267SH98BCpbx 6. 37376 
这个人掉线了 cDUwDnum3J5bQo78LDWcCJLAASqRP4VSan 6. 37504 
这个人掉线了 cCjrLJHLRUZci2Ak1W2BbgchJQLoQo86d7 6. 37632 
这个人掉线了 c81E6nEaLHJ25mFRTDSMar5YjmrYLsNr5v 6. 37760 
这个人掉线了 cCuaHXAe1hcEGgqz6eg8QC9UKQHZ1Cq2Qo 6. 37888 
这个人掉线了 c3MCDGU8vFk6waxeeRbBUt3QaRvB6q1TAH 6. 38016 
这个人掉线了 cCmcRqAdKd24ft1Nuwzc6p1Uf5R47RSAUF 6. 38144 
这个人掉线了 cBy33bW2b8QX3Th6mjkpHRykPGLN9ahG9p 6. 38272 
这个人掉线了 cKySkYVB4MhWhKczSUmY7WhF638hPx6U8N 6. 38400 
这个人掉线了 c4wQ1qXmKFBBGeHeiT5QsB9oKwsGYmK2eA 6. 38528 
这个人掉线了 cBpRE96Ff1RR3kVoN9Hky6pnAtTky8cP4s 6. 38656 
这个人掉线了 c7y8jqVoAmP9uHA6bYxT66KSPXz14tSahH 6. 38784 
这个人掉线了 cKqjHi8u4n5RJJa1CxHgZbwHXS9cKC5Ekw 6. 38912 
这个人掉线了 cNQzoCNDDYY2uqBEW6fb7B6HzFjyz6oCt8 6. 39040 
这个人掉线了 cM8wVfYBZq6KtXCKAobMH9g9jLTcSfCiw5 6. 39168 
这个人掉线了 cFG8tkEage2m5qnpsd8giKe9kad6ACF3BY 6. 39296 
这个人掉线了 cNhu1W73hSpHzwJfzGbHf1tM9KWSGTtC8U 6. 39424 
这个人掉线了 cLrUCNAWPyPH96bqqC3JQXZ3CtsvvXmNj1 6. 39552 
这个人掉线了 cPDXYf8tLYdv8LG43RxgHbNLi1ouxDcP8p 6. 39680 
这个人掉线了 cPNWUU9oB4NaxFagHDafkD2p54phRGSwqh 6. 39808 
这个人掉线了 c6kHiX6mRcy3KeWCeb7MYAd8pfnDhnz8V7 6. 39936 
这个人掉线了 cMyZAA4V27jEmysddCxCqXKAeN2bBvDsVU 6. 40064 
这个人掉线了 c7LefZDapLTMcazj5gJdJJE4PePHQ2qpNu 6. 40192 
这个人掉线了 cGQ5NPs1k59LxCvxECXLKNpr4TezDvhMZn 6. 40320 
这个人掉线了 c2LMjYRGQbGAuNWBNyWrRr81WXzaZJqMdW 6. 40448 
这个人掉线了 c5QActCYGusL7wEwV8sDTZ6QcekFBjBMhv 6. 40576 
这个人掉线了 cFtYf1e5Ng5QhZzHiPMvDyV3NQHxKBnLmV 6. 40704 
这个人掉线了 c5rSRneu7iXf8r8N87raRev24kHGmkvPMT 6. 40832 
这个人掉线了 cH6L4muHgCsNwfqFPEMMBJwTG6NWhVWqiv 6. 40960 
这个人掉线了 cMPVU5d8U87bqPTZsLaWiyAv5UbZwMENip 6. 41088 
这个人掉线了 cD4rsua9vmVMiPouRL7MJJcVPWKtQu8E5X 6. 41216 
这个人掉线了 c6XZmkn23mSbiVVydY8WcEJSebM9RpRq8V 6. 41344 
这个人掉线了 cMtCaC4WmjBjZYbzrGZREJ9imX479XxpsM 6. 41472 
这个人掉线了 cFtR9y1R2zvvd7DXUE5cQu4wVuHzMzKFXW 6. 41600 
这个人掉线了 cERnwrsCNpy4b8hQ683zpRFPw88yXuVXES 6. 41728 
这个人掉线了 cBRJCW5SXiaJzDEFQhmLhCjizEBaprHj9w 6. 41856 
这个人掉线了 cCTtPZA7Ry9qEnLJm6yyWGFswdFC5hiMhe 6. 41984 
这个人掉线了 c3e7TaDkuPcWC8L7GfkixXsaZDpP5Rtasg 6. 42112 
这个人掉线了 cMbTY5hZ2RXCVGPYgwjp3ybnM1EyQenDiy 6. 42240 
这个人掉线了 cBgQkrwMZdQzu3QgtkN4vTbDB2Zf7F9ndm 6. 42368 
这个人掉线了 c8Ke6FeamgemKfaAdppcUVoGfModE4CEyT 6. 42496 
这个人掉线了 cKcsAB6U1KSkUrUsLr1ysdK5UrfCmFribi 6. 42624 
这个人掉线了 cLxoe3BFVFWJitksZZU7r7pyPbGxdV9FEw 6. 42752 
生成区块 443b8 7. cCET2Sxt2LPDhx44wxJ9uhkpviKNrSacvE time: 42880 
这个人掉线了 cFEaSoF3QceWxjnLsg9FoQyLVcUzVEpkSP 7. 43008 
这个人掉线了 cGnmjV6fk5kFbTWztDtZhyr1a4Van4NPvR 7. 43136 
这个人掉线了 c5fjyiG9HYrHrzJnyLsMZSkw6M5JzkZWUY 7. 43264 
这个人掉线了 cKmsqZLYAY8xjsqSaFdUy2jUuewBpCCcf9 7. 43392 
这个人掉线了 cNsdgX2hL8tpZuNV8pbqpcmmQXFYgyoHb3 7. 43520 
这个人掉线了 cJzdd4agJhJR7psxQeH7beLeqarzeRrVWz 7. 43648 
这个人掉线了 cNqpoUrBTpPvGzpFsimJRMm1uDjvDPpigj 7. 43776 
这个人掉线了 c582jFX2DfF45B65YSKN31qk6Ft9ckVAJm 7. 43904 
这个人掉线了 cKqAK2TLS5AiGm75CAuVLUv4D38MyqTD9M 7. 44032 
这个人掉线了 c5AYPcDMUGr5JHErEo5y43SZG8JsF8YjG5 7. 44160 
这个人掉线了 cH4RweoyEU363G5p7P2D1bEe5uccLNFJgC 7. 44288 
这个人掉线了 cGS6P65poK8GN5yhAtBj5ddDuDFh3k4YW8 7. 44416 
这个人掉线了 c4aG5yDeGo4TqR6C9r2vBaaNXmR2Ro17SV 7. 44544 
这个人掉线了 cHdATqSzszEe335hM8kaNM267SH98BCpbx 7. 44672 
这个人掉线了 cDUwDnum3J5bQo78LDWcCJLAASqRP4VSan 7. 44800 
这个人掉线了 cCjrLJHLRUZci2Ak1W2BbgchJQLoQo86d7 7. 44928 
这个人掉线了 c81E6nEaLHJ25mFRTDSMar5YjmrYLsNr5v 7. 45056 
这个人掉线了 cCuaHXAe1hcEGgqz6eg8QC9UKQHZ1Cq2Qo 7. 45184 
这个人掉线了 c3MCDGU8vFk6waxeeRbBUt3QaRvB6q1TAH 7. 45312 
这个人掉线了 cCmcRqAdKd24ft1Nuwzc6p1Uf5R47RSAUF 7. 45440 
这个人掉线了 cBy33bW2b8QX3Th6mjkpHRykPGLN9ahG9p 7. 45568 
这个人掉线了 cKySkYVB4MhWhKczSUmY7WhF638hPx6U8N 7. 45696 
这个人掉线了 c4wQ1qXmKFBBGeHeiT5QsB9oKwsGYmK2eA 7. 45824 
这个人掉线了 cBpRE96Ff1RR3kVoN9Hky6pnAtTky8cP4s 7. 45952 
这个人掉线了 c7y8jqVoAmP9uHA6bYxT66KSPXz14tSahH 7. 46080 
这个人掉线了 cKqjHi8u4n5RJJa1CxHgZbwHXS9cKC5Ekw 7. 46208 
这个人掉线了 cNQzoCNDDYY2uqBEW6fb7B6HzFjyz6oCt8 7. 46336 
这个人掉线了 cM8wVfYBZq6KtXCKAobMH9g9jLTcSfCiw5 7. 46464 
这个人掉线了 cFG8tkEage2m5qnpsd8giKe9kad6ACF3BY 7. 46592 
这个人掉线了 cNhu1W73hSpHzwJfzGbHf1tM9KWSGTtC8U 7. 46720 
这个人掉线了 cLrUCNAWPyPH96bqqC3JQXZ3CtsvvXmNj1 7. 46848 
这个人掉线了 cPDXYf8tLYdv8LG43RxgHbNLi1ouxDcP8p 7. 46976 
这个人掉线了 cPNWUU9oB4NaxFagHDafkD2p54phRGSwqh 7. 47104 
这个人掉线了 c6kHiX6mRcy3KeWCeb7MYAd8pfnDhnz8V7 7. 47232 
这个人掉线了 cMyZAA4V27jEmysddCxCqXKAeN2bBvDsVU 7. 47360 
这个人掉线了 c7LefZDapLTMcazj5gJdJJE4PePHQ2qpNu 7. 47488 
这个人掉线了 cGQ5NPs1k59LxCvxECXLKNpr4TezDvhMZn 7. 47616 
这个人掉线了 c2LMjYRGQbGAuNWBNyWrRr81WXzaZJqMdW 7. 47744 
这个人掉线了 c5QActCYGusL7wEwV8sDTZ6QcekFBjBMhv 7. 47872 
这个人掉线了 cFtYf1e5Ng5QhZzHiPMvDyV3NQHxKBnLmV 7. 48000 
这个人掉线了 c5rSRneu7iXf8r8N87raRev24kHGmkvPMT 7. 48128 
这个人掉线了 cH6L4muHgCsNwfqFPEMMBJwTG6NWhVWqiv 7. 48256 
这个人掉线了 cMPVU5d8U87bqPTZsLaWiyAv5UbZwMENip 7. 48384 
这个人掉线了 cD4rsua9vmVMiPouRL7MJJcVPWKtQu8E5X 7. 48512 
这个人掉线了 c6XZmkn23mSbiVVydY8WcEJSebM9RpRq8V 7. 48640 
这个人掉线了 cMtCaC4WmjBjZYbzrGZREJ9imX479XxpsM 7. 48768 
这个人掉线了 cFtR9y1R2zvvd7DXUE5cQu4wVuHzMzKFXW 7. 48896 
这个人掉线了 cERnwrsCNpy4b8hQ683zpRFPw88yXuVXES 7. 49024 
这个人掉线了 cBRJCW5SXiaJzDEFQhmLhCjizEBaprHj9w 7. 49152 
这个人掉线了 cCTtPZA7Ry9qEnLJm6yyWGFswdFC5hiMhe 7. 49280 
这个人掉线了 c3e7TaDkuPcWC8L7GfkixXsaZDpP5Rtasg 7. 49408 
这个人掉线了 cMbTY5hZ2RXCVGPYgwjp3ybnM1EyQenDiy 7. 49536 
这个人掉线了 cBgQkrwMZdQzu3QgtkN4vTbDB2Zf7F9ndm 7. 49664 
这个人掉线了 c8Ke6FeamgemKfaAdppcUVoGfModE4CEyT 7. 49792 
这个人掉线了 cKcsAB6U1KSkUrUsLr1ysdK5UrfCmFribi 7. 49920 
这个人掉线了 cLxoe3BFVFWJitksZZU7r7pyPbGxdV9FEw 7. 50048 
生成区块 2eddf 8. cCET2Sxt2LPDhx44wxJ9uhkpviKNrSacvE time: 50176 
这个人掉线了 cFEaSoF3QceWxjnLsg9FoQyLVcUzVEpkSP 8. 50304 
这个人掉线了 cGnmjV6fk5kFbTWztDtZhyr1a4Van4NPvR 8. 50432 
这个人掉线了 c5fjyiG9HYrHrzJnyLsMZSkw6M5JzkZWUY 8. 50560 
这个人掉线了 cKmsqZLYAY8xjsqSaFdUy2jUuewBpCCcf9 8. 50688 
这个人掉线了 cNsdgX2hL8tpZuNV8pbqpcmmQXFYgyoHb3 8. 50816 
这个人掉线了 cJzdd4agJhJR7psxQeH7beLeqarzeRrVWz 8. 50944 
这个人掉线了 cNqpoUrBTpPvGzpFsimJRMm1uDjvDPpigj 8. 51072 
这个人掉线了 c582jFX2DfF45B65YSKN31qk6Ft9ckVAJm 8. 51200 
这个人掉线了 cKqAK2TLS5AiGm75CAuVLUv4D38MyqTD9M 8. 51328 
这个人掉线了 c5AYPcDMUGr5JHErEo5y43SZG8JsF8YjG5 8. 51456 
这个人掉线了 cH4RweoyEU363G5p7P2D1bEe5uccLNFJgC 8. 51584 
这个人掉线了 cGS6P65poK8GN5yhAtBj5ddDuDFh3k4YW8 8. 51712 
这个人掉线了 c4aG5yDeGo4TqR6C9r2vBaaNXmR2Ro17SV 8. 51840 
这个人掉线了 cHdATqSzszEe335hM8kaNM267SH98BCpbx 8. 51968 
这个人掉线了 cDUwDnum3J5bQo78LDWcCJLAASqRP4VSan 8. 52096 
这个人掉线了 cCjrLJHLRUZci2Ak1W2BbgchJQLoQo86d7 8. 52224 
这个人掉线了 c81E6nEaLHJ25mFRTDSMar5YjmrYLsNr5v 8. 52352 
这个人掉线了 cCuaHXAe1hcEGgqz6eg8QC9UKQHZ1Cq2Qo 8. 52480 
这个人掉线了 c3MCDGU8vFk6waxeeRbBUt3QaRvB6q1TAH 8. 52608 
这个人掉线了 cCmcRqAdKd24ft1Nuwzc6p1Uf5R47RSAUF 8. 52736 
这个人掉线了 cBy33bW2b8QX3Th6mjkpHRykPGLN9ahG9p 8. 52864 
这个人掉线了 cKySkYVB4MhWhKczSUmY7WhF638hPx6U8N 8. 52992 
这个人掉线了 c4wQ1qXmKFBBGeHeiT5QsB9oKwsGYmK2eA 8. 53120 
这个人掉线了 cBpRE96Ff1RR3kVoN9Hky6pnAtTky8cP4s 8. 53248 
这个人掉线了 c7y8jqVoAmP9uHA6bYxT66KSPXz14tSahH 8. 53376 
这个人掉线了 cKqjHi8u4n5RJJa1CxHgZbwHXS9cKC5Ekw 8. 53504 
这个人掉线了 cNQzoCNDDYY2uqBEW6fb7B6HzFjyz6oCt8 8. 53632 
这个人掉线了 cM8wVfYBZq6KtXCKAobMH9g9jLTcSfCiw5 8. 53760 
这个人掉线了 cFG8tkEage2m5qnpsd8giKe9kad6ACF3BY 8. 53888 
这个人掉线了 cNhu1W73hSpHzwJfzGbHf1tM9KWSGTtC8U 8. 54016 
这个人掉线了 cLrUCNAWPyPH96bqqC3JQXZ3CtsvvXmNj1 8. 54144 
这个人掉线了 cPDXYf8tLYdv8LG43RxgHbNLi1ouxDcP8p 8. 54272 
这个人掉线了 cPNWUU9oB4NaxFagHDafkD2p54phRGSwqh 8. 54400 
这个人掉线了 c6kHiX6mRcy3KeWCeb7MYAd8pfnDhnz8V7 8. 54528 
这个人掉线了 cMyZAA4V27jEmysddCxCqXKAeN2bBvDsVU 8. 54656 
这个人掉线了 c7LefZDapLTMcazj5gJdJJE4PePHQ2qpNu 8. 54784 
这个人掉线了 cGQ5NPs1k59LxCvxECXLKNpr4TezDvhMZn 8. 54912 
这个人掉线了 c2LMjYRGQbGAuNWBNyWrRr81WXzaZJqMdW 8. 55040 
这个人掉线了 c5QActCYGusL7wEwV8sDTZ6QcekFBjBMhv 8. 55168 
这个人掉线了 cFtYf1e5Ng5QhZzHiPMvDyV3NQHxKBnLmV 8. 55296 
这个人掉线了 c5rSRneu7iXf8r8N87raRev24kHGmkvPMT 8. 55424 
这个人掉线了 cH6L4muHgCsNwfqFPEMMBJwTG6NWhVWqiv 8. 55552 
这个人掉线了 cMPVU5d8U87bqPTZsLaWiyAv5UbZwMENip 8. 55680 
这个人掉线了 cD4rsua9vmVMiPouRL7MJJcVPWKtQu8E5X 8. 55808 
这个人掉线了 c6XZmkn23mSbiVVydY8WcEJSebM9RpRq8V 8. 55936 
这个人掉线了 cMtCaC4WmjBjZYbzrGZREJ9imX479XxpsM 8. 56064 
这个人掉线了 cFtR9y1R2zvvd7DXUE5cQu4wVuHzMzKFXW 8. 56192 
这个人掉线了 cERnwrsCNpy4b8hQ683zpRFPw88yXuVXES 8. 56320 
这个人掉线了 cBRJCW5SXiaJzDEFQhmLhCjizEBaprHj9w 8. 56448 
这个人掉线了 cCTtPZA7Ry9qEnLJm6yyWGFswdFC5hiMhe 8. 56576 
这个人掉线了 c3e7TaDkuPcWC8L7GfkixXsaZDpP5Rtasg 8. 56704 
这个人掉线了 cMbTY5hZ2RXCVGPYgwjp3ybnM1EyQenDiy 8. 56832 
这个人掉线了 cBgQkrwMZdQzu3QgtkN4vTbDB2Zf7F9ndm 8. 56960 
这个人掉线了 c8Ke6FeamgemKfaAdppcUVoGfModE4CEyT 8. 57088 
这个人掉线了 cKcsAB6U1KSkUrUsLr1ysdK5UrfCmFribi 8. 57216 
这个人掉线了 cLxoe3BFVFWJitksZZU7r7pyPbGxdV9FEw 8. 57344 
生成区块 dc948 9. cCET2Sxt2LPDhx44wxJ9uhkpviKNrSacvE time: 57472 
这个人掉线了 cFEaSoF3QceWxjnLsg9FoQyLVcUzVEpkSP 9. 57600 
这个人掉线了 cGnmjV6fk5kFbTWztDtZhyr1a4Van4NPvR 9. 57728 
这个人掉线了 c5fjyiG9HYrHrzJnyLsMZSkw6M5JzkZWUY 9. 57856 
这个人掉线了 cKmsqZLYAY8xjsqSaFdUy2jUuewBpCCcf9 9. 57984 
这个人掉线了 cNsdgX2hL8tpZuNV8pbqpcmmQXFYgyoHb3 9. 58112 
这个人掉线了 cJzdd4agJhJR7psxQeH7beLeqarzeRrVWz 9. 58240 
这个人掉线了 cNqpoUrBTpPvGzpFsimJRMm1uDjvDPpigj 9. 58368 
这个人掉线了 c582jFX2DfF45B65YSKN31qk6Ft9ckVAJm 9. 58496 
这个人掉线了 cKqAK2TLS5AiGm75CAuVLUv4D38MyqTD9M 9. 58624 
这个人掉线了 c5AYPcDMUGr5JHErEo5y43SZG8JsF8YjG5 9. 58752 
这个人掉线了 cH4RweoyEU363G5p7P2D1bEe5uccLNFJgC 9. 58880 
这个人掉线了 cGS6P65poK8GN5yhAtBj5ddDuDFh3k4YW8 9. 59008 
这个人掉线了 c4aG5yDeGo4TqR6C9r2vBaaNXmR2Ro17SV 9. 59136 
这个人掉线了 cHdATqSzszEe335hM8kaNM267SH98BCpbx 9. 59264 
这个人掉线了 cDUwDnum3J5bQo78LDWcCJLAASqRP4VSan 9. 59392 
这个人掉线了 cCjrLJHLRUZci2Ak1W2BbgchJQLoQo86d7 9. 59520 
这个人掉线了 c81E6nEaLHJ25mFRTDSMar5YjmrYLsNr5v 9. 59648 
这个人掉线了 cCuaHXAe1hcEGgqz6eg8QC9UKQHZ1Cq2Qo 9. 59776 
这个人掉线了 c3MCDGU8vFk6waxeeRbBUt3QaRvB6q1TAH 9. 59904 
这个人掉线了 cCmcRqAdKd24ft1Nuwzc6p1Uf5R47RSAUF 9. 60032 
这个人掉线了 cBy33bW2b8QX3Th6mjkpHRykPGLN9ahG9p 9. 60160 
这个人掉线了 cKySkYVB4MhWhKczSUmY7WhF638hPx6U8N 9. 60288 
这个人掉线了 c4wQ1qXmKFBBGeHeiT5QsB9oKwsGYmK2eA 9. 60416 
这个人掉线了 cBpRE96Ff1RR3kVoN9Hky6pnAtTky8cP4s 9. 60544 
这个人掉线了 c7y8jqVoAmP9uHA6bYxT66KSPXz14tSahH 9. 60672 
这个人掉线了 cKqjHi8u4n5RJJa1CxHgZbwHXS9cKC5Ekw 9. 60800 
这个人掉线了 cNQzoCNDDYY2uqBEW6fb7B6HzFjyz6oCt8 9. 60928 
这个人掉线了 cM8wVfYBZq6KtXCKAobMH9g9jLTcSfCiw5 9. 61056 
这个人掉线了 cFG8tkEage2m5qnpsd8giKe9kad6ACF3BY 9. 61184 
这个人掉线了 cNhu1W73hSpHzwJfzGbHf1tM9KWSGTtC8U 9. 61312 
这个人掉线了 cLrUCNAWPyPH96bqqC3JQXZ3CtsvvXmNj1 9. 61440 
这个人掉线了 cPDXYf8tLYdv8LG43RxgHbNLi1ouxDcP8p 9. 61568 
这个人掉线了 cPNWUU9oB4NaxFagHDafkD2p54phRGSwqh 9. 61696 
这个人掉线了 c6kHiX6mRcy3KeWCeb7MYAd8pfnDhnz8V7 9. 61824 
这个人掉线了 cMyZAA4V27jEmysddCxCqXKAeN2bBvDsVU 9. 61952 
这个人掉线了 c7LefZDapLTMcazj5gJdJJE4PePHQ2qpNu 9. 62080 
这个人掉线了 cGQ5NPs1k59LxCvxECXLKNpr4TezDvhMZn 9. 62208 
这个人掉线了 c2LMjYRGQbGAuNWBNyWrRr81WXzaZJqMdW 9. 62336 
这个人掉线了 c5QActCYGusL7wEwV8sDTZ6QcekFBjBMhv 9. 62464 
这个人掉线了 cFtYf1e5Ng5QhZzHiPMvDyV3NQHxKBnLmV 9. 62592 
这个人掉线了 c5rSRneu7iXf8r8N87raRev24kHGmkvPMT 9. 62720 
这个人掉线了 cH6L4muHgCsNwfqFPEMMBJwTG6NWhVWqiv 9. 62848 
这个人掉线了 cMPVU5d8U87bqPTZsLaWiyAv5UbZwMENip 9. 62976 
这个人掉线了 cD4rsua9vmVMiPouRL7MJJcVPWKtQu8E5X 9. 63104 
这个人掉线了 c6XZmkn23mSbiVVydY8WcEJSebM9RpRq8V 9. 63232 
这个人掉线了 cMtCaC4WmjBjZYbzrGZREJ9imX479XxpsM 9. 63360 
这个人掉线了 cFtR9y1R2zvvd7DXUE5cQu4wVuHzMzKFXW 9. 63488 
这个人掉线了 cERnwrsCNpy4b8hQ683zpRFPw88yXuVXES 9. 63616 
这个人掉线了 cBRJCW5SXiaJzDEFQhmLhCjizEBaprHj9w 9. 63744 
这个人掉线了 cCTtPZA7Ry9qEnLJm6yyWGFswdFC5hiMhe 9. 63872 
这个人掉线了 c3e7TaDkuPcWC8L7GfkixXsaZDpP5Rtasg 9. 64000 
这个人掉线了 cMbTY5hZ2RXCVGPYgwjp3ybnM1EyQenDiy 9. 64128 
这个人掉线了 cBgQkrwMZdQzu3QgtkN4vTbDB2Zf7F9ndm 9. 64256 
这个人掉线了 c8Ke6FeamgemKfaAdppcUVoGfModE4CEyT 9. 64384 
这个人掉线了 cKcsAB6U1KSkUrUsLr1ysdK5UrfCmFribi 9. 64512 
这个人掉线了 cLxoe3BFVFWJitksZZU7r7pyPbGxdV9FEw 9. 64640 
生成区块 be18f 10. cCET2Sxt2LPDhx44wxJ9uhkpviKNrSacvE time: 64768 
这个人掉线了 cFEaSoF3QceWxjnLsg9FoQyLVcUzVEpkSP 10. 64896 
这个人掉线了 cGnmjV6fk5kFbTWztDtZhyr1a4Van4NPvR 10. 65024 
这个人掉线了 c5fjyiG9HYrHrzJnyLsMZSkw6M5JzkZWUY 10. 65152 
这个人掉线了 cKmsqZLYAY8xjsqSaFdUy2jUuewBpCCcf9 10. 65280 
这个人掉线了 cNsdgX2hL8tpZuNV8pbqpcmmQXFYgyoHb3 10. 65408 
这个人掉线了 cJzdd4agJhJR7psxQeH7beLeqarzeRrVWz 10. 65536 
这个人掉线了 cNqpoUrBTpPvGzpFsimJRMm1uDjvDPpigj 10. 65664 
这个人掉线了 c582jFX2DfF45B65YSKN31qk6Ft9ckVAJm 10. 65792 
这个人掉线了 cKqAK2TLS5AiGm75CAuVLUv4D38MyqTD9M 10. 65920 
这个人掉线了 c5AYPcDMUGr5JHErEo5y43SZG8JsF8YjG5 10. 66048 
这个人掉线了 cH4RweoyEU363G5p7P2D1bEe5uccLNFJgC 10. 66176 
这个人掉线了 cGS6P65poK8GN5yhAtBj5ddDuDFh3k4YW8 10. 66304 
这个人掉线了 c4aG5yDeGo4TqR6C9r2vBaaNXmR2Ro17SV 10. 66432 
这个人掉线了 cHdATqSzszEe335hM8kaNM267SH98BCpbx 10. 66560 
这个人掉线了 cDUwDnum3J5bQo78LDWcCJLAASqRP4VSan 10. 66688 
这个人掉线了 cCjrLJHLRUZci2Ak1W2BbgchJQLoQo86d7 10. 66816 
这个人掉线了 c81E6nEaLHJ25mFRTDSMar5YjmrYLsNr5v 10. 66944 
这个人掉线了 cCuaHXAe1hcEGgqz6eg8QC9UKQHZ1Cq2Qo 10. 67072 
这个人掉线了 c3MCDGU8vFk6waxeeRbBUt3QaRvB6q1TAH 10. 67200 
这个人掉线了 cCmcRqAdKd24ft1Nuwzc6p1Uf5R47RSAUF 10. 67328 
这个人掉线了 cBy33bW2b8QX3Th6mjkpHRykPGLN9ahG9p 10. 67456 
这个人掉线了 cKySkYVB4MhWhKczSUmY7WhF638hPx6U8N 10. 67584 
这个人掉线了 c4wQ1qXmKFBBGeHeiT5QsB9oKwsGYmK2eA 10. 67712 
这个人掉线了 cBpRE96Ff1RR3kVoN9Hky6pnAtTky8cP4s 10. 67840 
这个人掉线了 c7y8jqVoAmP9uHA6bYxT66KSPXz14tSahH 10. 67968 
这个人掉线了 cKqjHi8u4n5RJJa1CxHgZbwHXS9cKC5Ekw 10. 68096 
这个人掉线了 cNQzoCNDDYY2uqBEW6fb7B6HzFjyz6oCt8 10. 68224 
这个人掉线了 cM8wVfYBZq6KtXCKAobMH9g9jLTcSfCiw5 10. 68352 
这个人掉线了 cFG8tkEage2m5qnpsd8giKe9kad6ACF3BY 10. 68480 
这个人掉线了 cNhu1W73hSpHzwJfzGbHf1tM9KWSGTtC8U 10. 68608 
这个人掉线了 cLrUCNAWPyPH96bqqC3JQXZ3CtsvvXmNj1 10. 68736 
这个人掉线了 cPDXYf8tLYdv8LG43RxgHbNLi1ouxDcP8p 10. 68864 
这个人掉线了 cPNWUU9oB4NaxFagHDafkD2p54phRGSwqh 10. 68992 
这个人掉线了 c6kHiX6mRcy3KeWCeb7MYAd8pfnDhnz8V7 10. 69120 
这个人掉线了 cMyZAA4V27jEmysddCxCqXKAeN2bBvDsVU 10. 69248 
这个人掉线了 c7LefZDapLTMcazj5gJdJJE4PePHQ2qpNu 10. 69376 
这个人掉线了 cGQ5NPs1k59LxCvxECXLKNpr4TezDvhMZn 10. 69504 
这个人掉线了 c2LMjYRGQbGAuNWBNyWrRr81WXzaZJqMdW 10. 69632 
这个人掉线了 c5QActCYGusL7wEwV8sDTZ6QcekFBjBMhv 10. 69760 
这个人掉线了 cFtYf1e5Ng5QhZzHiPMvDyV3NQHxKBnLmV 10. 69888 
这个人掉线了 c5rSRneu7iXf8r8N87raRev24kHGmkvPMT 10. 70016 
这个人掉线了 cH6L4muHgCsNwfqFPEMMBJwTG6NWhVWqiv 10. 70144 
这个人掉线了 cMPVU5d8U87bqPTZsLaWiyAv5UbZwMENip 10. 70272 
这个人掉线了 cD4rsua9vmVMiPouRL7MJJcVPWKtQu8E5X 10. 70400 
这个人掉线了 c6XZmkn23mSbiVVydY8WcEJSebM9RpRq8V 10. 70528 
这个人掉线了 cMtCaC4WmjBjZYbzrGZREJ9imX479XxpsM 10. 70656 
这个人掉线了 cFtR9y1R2zvvd7DXUE5cQu4wVuHzMzKFXW 10. 70784 
这个人掉线了 cERnwrsCNpy4b8hQ683zpRFPw88yXuVXES 10. 70912 
这个人掉线了 cBRJCW5SXiaJzDEFQhmLhCjizEBaprHj9w 10. 71040 
这个人掉线了 cCTtPZA7Ry9qEnLJm6yyWGFswdFC5hiMhe 10. 71168 
这个人掉线了 c3e7TaDkuPcWC8L7GfkixXsaZDpP5Rtasg 10. 71296 
这个人掉线了 cMbTY5hZ2RXCVGPYgwjp3ybnM1EyQenDiy 10. 71424 
这个人掉线了 cBgQkrwMZdQzu3QgtkN4vTbDB2Zf7F9ndm 10. 71552 
这个人掉线了 c8Ke6FeamgemKfaAdppcUVoGfModE4CEyT 10. 71680 
这个人掉线了 cKcsAB6U1KSkUrUsLr1ysdK5UrfCmFribi 10. 71808 
这个人掉线了 cLxoe3BFVFWJitksZZU7r7pyPbGxdV9FEw 10. 71936 
生成区块 35a1d 11. cCET2Sxt2LPDhx44wxJ9uhkpviKNrSacvE time: 72064 
这个人掉线了 cFEaSoF3QceWxjnLsg9FoQyLVcUzVEpkSP 11. 72192 
这个人掉线了 cGnmjV6fk5kFbTWztDtZhyr1a4Van4NPvR 11. 72320 
这个人掉线了 c5fjyiG9HYrHrzJnyLsMZSkw6M5JzkZWUY 11. 72448 
这个人掉线了 cKmsqZLYAY8xjsqSaFdUy2jUuewBpCCcf9 11. 72576 
这个人掉线了 cNsdgX2hL8tpZuNV8pbqpcmmQXFYgyoHb3 11. 72704 
这个人掉线了 cJzdd4agJhJR7psxQeH7beLeqarzeRrVWz 11. 72832 
这个人掉线了 cNqpoUrBTpPvGzpFsimJRMm1uDjvDPpigj 11. 72960 
这个人掉线了 c582jFX2DfF45B65YSKN31qk6Ft9ckVAJm 11. 73088 
这个人掉线了 cKqAK2TLS5AiGm75CAuVLUv4D38MyqTD9M 11. 73216 
这个人掉线了 c5AYPcDMUGr5JHErEo5y43SZG8JsF8YjG5 11. 73344 
这个人掉线了 cH4RweoyEU363G5p7P2D1bEe5uccLNFJgC 11. 73472 
这个人掉线了 cGS6P65poK8GN5yhAtBj5ddDuDFh3k4YW8 11. 73600 
这个人掉线了 c4aG5yDeGo4TqR6C9r2vBaaNXmR2Ro17SV 11. 73728 
这个人掉线了 cHdATqSzszEe335hM8kaNM267SH98BCpbx 11. 73856 
这个人掉线了 cDUwDnum3J5bQo78LDWcCJLAASqRP4VSan 11. 73984 
这个人掉线了 cCjrLJHLRUZci2Ak1W2BbgchJQLoQo86d7 11. 74112 
这个人掉线了 c81E6nEaLHJ25mFRTDSMar5YjmrYLsNr5v 11. 74240 
这个人掉线了 cCuaHXAe1hcEGgqz6eg8QC9UKQHZ1Cq2Qo 11. 74368 
这个人掉线了 c3MCDGU8vFk6waxeeRbBUt3QaRvB6q1TAH 11. 74496 
这个人掉线了 cCmcRqAdKd24ft1Nuwzc6p1Uf5R47RSAUF 11. 74624 
这个人掉线了 cBy33bW2b8QX3Th6mjkpHRykPGLN9ahG9p 11. 74752 
这个人掉线了 cKySkYVB4MhWhKczSUmY7WhF638hPx6U8N 11. 74880 
这个人掉线了 c4wQ1qXmKFBBGeHeiT5QsB9oKwsGYmK2eA 11. 75008 
这个人掉线了 cBpRE96Ff1RR3kVoN9Hky6pnAtTky8cP4s 11. 75136 
这个人掉线了 c7y8jqVoAmP9uHA6bYxT66KSPXz14tSahH 11. 75264 
这个人掉线了 cKqjHi8u4n5RJJa1CxHgZbwHXS9cKC5Ekw 11. 75392 
这个人掉线了 cNQzoCNDDYY2uqBEW6fb7B6HzFjyz6oCt8 11. 75520 
这个人掉线了 cM8wVfYBZq6KtXCKAobMH9g9jLTcSfCiw5 11. 75648 
这个人掉线了 cFG8tkEage2m5qnpsd8giKe9kad6ACF3BY 11. 75776 
这个人掉线了 cNhu1W73hSpHzwJfzGbHf1tM9KWSGTtC8U 11. 75904 
这个人掉线了 cLrUCNAWPyPH96bqqC3JQXZ3CtsvvXmNj1 11. 76032 
这个人掉线了 cPDXYf8tLYdv8LG43RxgHbNLi1ouxDcP8p 11. 76160 
这个人掉线了 cPNWUU9oB4NaxFagHDafkD2p54phRGSwqh 11. 76288 
这个人掉线了 c6kHiX6mRcy3KeWCeb7MYAd8pfnDhnz8V7 11. 76416 
这个人掉线了 cMyZAA4V27jEmysddCxCqXKAeN2bBvDsVU 11. 76544 
这个人掉线了 c7LefZDapLTMcazj5gJdJJE4PePHQ2qpNu 11. 76672 
这个人掉线了 cGQ5NPs1k59LxCvxECXLKNpr4TezDvhMZn 11. 76800 
这个人掉线了 c2LMjYRGQbGAuNWBNyWrRr81WXzaZJqMdW 11. 76928 
这个人掉线了 c5QActCYGusL7wEwV8sDTZ6QcekFBjBMhv 11. 77056 
这个人掉线了 cFtYf1e5Ng5QhZzHiPMvDyV3NQHxKBnLmV 11. 77184 
这个人掉线了 c5rSRneu7iXf8r8N87raRev24kHGmkvPMT 11. 77312 
这个人掉线了 cH6L4muHgCsNwfqFPEMMBJwTG6NWhVWqiv 11. 77440 
这个人掉线了 cMPVU5d8U87bqPTZsLaWiyAv5UbZwMENip 11. 77568 
这个人掉线了 cD4rsua9vmVMiPouRL7MJJcVPWKtQu8E5X 11. 77696 
这个人掉线了 c6XZmkn23mSbiVVydY8WcEJSebM9RpRq8V 11. 77824 
这个人掉线了 cMtCaC4WmjBjZYbzrGZREJ9imX479XxpsM 11. 77952 
这个人掉线了 cFtR9y1R2zvvd7DXUE5cQu4wVuHzMzKFXW 11. 78080 
这个人掉线了 cERnwrsCNpy4b8hQ683zpRFPw88yXuVXES 11. 78208 
这个人掉线了 cBRJCW5SXiaJzDEFQhmLhCjizEBaprHj9w 11. 78336 
这个人掉线了 cCTtPZA7Ry9qEnLJm6yyWGFswdFC5hiMhe 11. 78464 
这个人掉线了 c3e7TaDkuPcWC8L7GfkixXsaZDpP5Rtasg 11. 78592 
这个人掉线了 cMbTY5hZ2RXCVGPYgwjp3ybnM1EyQenDiy 11. 78720 
这个人掉线了 cBgQkrwMZdQzu3QgtkN4vTbDB2Zf7F9ndm 11. 78848 
这个人掉线了 c8Ke6FeamgemKfaAdppcUVoGfModE4CEyT 11. 78976 
这个人掉线了 cKcsAB6U1KSkUrUsLr1ysdK5UrfCmFribi 11. 79104 
这个人掉线了 cLxoe3BFVFWJitksZZU7r7pyPbGxdV9FEw 11. 79232 
生成区块 f91b8 12. cCET2Sxt2LPDhx44wxJ9uhkpviKNrSacvE time: 79360 
这个人掉线了 cFEaSoF3QceWxjnLsg9FoQyLVcUzVEpkSP 12. 79488 
这个人掉线了 cGnmjV6fk5kFbTWztDtZhyr1a4Van4NPvR 12. 79616 
这个人掉线了 c5fjyiG9HYrHrzJnyLsMZSkw6M5JzkZWUY 12. 79744 
这个人掉线了 cKmsqZLYAY8xjsqSaFdUy2jUuewBpCCcf9 12. 79872 
这个人掉线了 cNsdgX2hL8tpZuNV8pbqpcmmQXFYgyoHb3 12. 80000 
这个人掉线了 cJzdd4agJhJR7psxQeH7beLeqarzeRrVWz 12. 80128 
这个人掉线了 cNqpoUrBTpPvGzpFsimJRMm1uDjvDPpigj 12. 80256 
这个人掉线了 c582jFX2DfF45B65YSKN31qk6Ft9ckVAJm 12. 80384 
这个人掉线了 cKqAK2TLS5AiGm75CAuVLUv4D38MyqTD9M 12. 80512 
这个人掉线了 c5AYPcDMUGr5JHErEo5y43SZG8JsF8YjG5 12. 80640 
这个人掉线了 cH4RweoyEU363G5p7P2D1bEe5uccLNFJgC 12. 80768 
这个人掉线了 cGS6P65poK8GN5yhAtBj5ddDuDFh3k4YW8 12. 80896 
这个人掉线了 c4aG5yDeGo4TqR6C9r2vBaaNXmR2Ro17SV 12. 81024 
这个人掉线了 cHdATqSzszEe335hM8kaNM267SH98BCpbx 12. 81152 
这个人掉线了 cDUwDnum3J5bQo78LDWcCJLAASqRP4VSan 12. 81280 
这个人掉线了 cCjrLJHLRUZci2Ak1W2BbgchJQLoQo86d7 12. 81408 
这个人掉线了 c81E6nEaLHJ25mFRTDSMar5YjmrYLsNr5v 12. 81536 
这个人掉线了 cCuaHXAe1hcEGgqz6eg8QC9UKQHZ1Cq2Qo 12. 81664 
这个人掉线了 c3MCDGU8vFk6waxeeRbBUt3QaRvB6q1TAH 12. 81792 
这个人掉线了 cCmcRqAdKd24ft1Nuwzc6p1Uf5R47RSAUF 12. 81920 
这个人掉线了 cBy33bW2b8QX3Th6mjkpHRykPGLN9ahG9p 12. 82048 
这个人掉线了 cKySkYVB4MhWhKczSUmY7WhF638hPx6U8N 12. 82176 
这个人掉线了 c4wQ1qXmKFBBGeHeiT5QsB9oKwsGYmK2eA 12. 82304 
这个人掉线了 cBpRE96Ff1RR3kVoN9Hky6pnAtTky8cP4s 12. 82432 
这个人掉线了 c7y8jqVoAmP9uHA6bYxT66KSPXz14tSahH 12. 82560 
这个人掉线了 cKqjHi8u4n5RJJa1CxHgZbwHXS9cKC5Ekw 12. 82688 
这个人掉线了 cNQzoCNDDYY2uqBEW6fb7B6HzFjyz6oCt8 12. 82816 
这个人掉线了 cM8wVfYBZq6KtXCKAobMH9g9jLTcSfCiw5 12. 82944 
这个人掉线了 cFG8tkEage2m5qnpsd8giKe9kad6ACF3BY 12. 83072 
这个人掉线了 cNhu1W73hSpHzwJfzGbHf1tM9KWSGTtC8U 12. 83200 
这个人掉线了 cLrUCNAWPyPH96bqqC3JQXZ3CtsvvXmNj1 12. 83328 
这个人掉线了 cPDXYf8tLYdv8LG43RxgHbNLi1ouxDcP8p 12. 83456 
这个人掉线了 cPNWUU9oB4NaxFagHDafkD2p54phRGSwqh 12. 83584 
这个人掉线了 c6kHiX6mRcy3KeWCeb7MYAd8pfnDhnz8V7 12. 83712 
这个人掉线了 cMyZAA4V27jEmysddCxCqXKAeN2bBvDsVU 12. 83840 
这个人掉线了 c7LefZDapLTMcazj5gJdJJE4PePHQ2qpNu 12. 83968 
这个人掉线了 cGQ5NPs1k59LxCvxECXLKNpr4TezDvhMZn 12. 84096 
这个人掉线了 c2LMjYRGQbGAuNWBNyWrRr81WXzaZJqMdW 12. 84224 
这个人掉线了 c5QActCYGusL7wEwV8sDTZ6QcekFBjBMhv 12. 84352 
这个人掉线了 cFtYf1e5Ng5QhZzHiPMvDyV3NQHxKBnLmV 12. 84480 
这个人掉线了 c5rSRneu7iXf8r8N87raRev24kHGmkvPMT 12. 84608 
这个人掉线了 cH6L4muHgCsNwfqFPEMMBJwTG6NWhVWqiv 12. 84736 
这个人掉线了 cMPVU5d8U87bqPTZsLaWiyAv5UbZwMENip 12. 84864 
这个人掉线了 cD4rsua9vmVMiPouRL7MJJcVPWKtQu8E5X 12. 84992 
这个人掉线了 c6XZmkn23mSbiVVydY8WcEJSebM9RpRq8V 12. 85120 
这个人掉线了 cMtCaC4WmjBjZYbzrGZREJ9imX479XxpsM 12. 85248 
这个人掉线了 cFtR9y1R2zvvd7DXUE5cQu4wVuHzMzKFXW 12. 85376 
这个人掉线了 cERnwrsCNpy4b8hQ683zpRFPw88yXuVXES 12. 85504 
这个人掉线了 cBRJCW5SXiaJzDEFQhmLhCjizEBaprHj9w 12. 85632 
这个人掉线了 cCTtPZA7Ry9qEnLJm6yyWGFswdFC5hiMhe 12. 85760 
这个人掉线了 c3e7TaDkuPcWC8L7GfkixXsaZDpP5Rtasg 12. 85888 
这个人掉线了 cMbTY5hZ2RXCVGPYgwjp3ybnM1EyQenDiy 12. 86016 
这个人掉线了 cBgQkrwMZdQzu3QgtkN4vTbDB2Zf7F9ndm 12. 86144 
这个人掉线了 c8Ke6FeamgemKfaAdppcUVoGfModE4CEyT 12. 86272 
这个人掉线了 cKcsAB6U1KSkUrUsLr1ysdK5UrfCmFribi 12. 86400 
这个人掉线了 cLxoe3BFVFWJitksZZU7r7pyPbGxdV9FEw 12. 86528 
生成区块 e0604 13. cCET2Sxt2LPDhx44wxJ9uhkpviKNrSacvE time: 86656 
这个人掉线了 cFEaSoF3QceWxjnLsg9FoQyLVcUzVEpkSP 13. 86784 
这个人掉线了 cGnmjV6fk5kFbTWztDtZhyr1a4Van4NPvR 13. 86912 
这个人掉线了 c5fjyiG9HYrHrzJnyLsMZSkw6M5JzkZWUY 13. 87040 
这个人掉线了 cKmsqZLYAY8xjsqSaFdUy2jUuewBpCCcf9 13. 87168 
这个人掉线了 cNsdgX2hL8tpZuNV8pbqpcmmQXFYgyoHb3 13. 87296 
这个人掉线了 cJzdd4agJhJR7psxQeH7beLeqarzeRrVWz 13. 87424 
这个人掉线了 cNqpoUrBTpPvGzpFsimJRMm1uDjvDPpigj 13. 87552 
这个人掉线了 c582jFX2DfF45B65YSKN31qk6Ft9ckVAJm 13. 87680 
这个人掉线了 cKqAK2TLS5AiGm75CAuVLUv4D38MyqTD9M 13. 87808 
这个人掉线了 c5AYPcDMUGr5JHErEo5y43SZG8JsF8YjG5 13. 87936 
这个人掉线了 cH4RweoyEU363G5p7P2D1bEe5uccLNFJgC 13. 88064 
这个人掉线了 cGS6P65poK8GN5yhAtBj5ddDuDFh3k4YW8 13. 88192 
这个人掉线了 c4aG5yDeGo4TqR6C9r2vBaaNXmR2Ro17SV 13. 88320 
这个人掉线了 cHdATqSzszEe335hM8kaNM267SH98BCpbx 13. 88448 
这个人掉线了 cDUwDnum3J5bQo78LDWcCJLAASqRP4VSan 13. 88576 
这个人掉线了 cCjrLJHLRUZci2Ak1W2BbgchJQLoQo86d7 13. 88704 
这个人掉线了 c81E6nEaLHJ25mFRTDSMar5YjmrYLsNr5v 13. 88832 
这个人掉线了 cCuaHXAe1hcEGgqz6eg8QC9UKQHZ1Cq2Qo 13. 88960 
这个人掉线了 c3MCDGU8vFk6waxeeRbBUt3QaRvB6q1TAH 13. 89088 
这个人掉线了 cCmcRqAdKd24ft1Nuwzc6p1Uf5R47RSAUF 13. 89216 
这个人掉线了 cBy33bW2b8QX3Th6mjkpHRykPGLN9ahG9p 13. 89344 
这个人掉线了 cKySkYVB4MhWhKczSUmY7WhF638hPx6U8N 13. 89472 
这个人掉线了 c4wQ1qXmKFBBGeHeiT5QsB9oKwsGYmK2eA 13. 89600 
这个人掉线了 cBpRE96Ff1RR3kVoN9Hky6pnAtTky8cP4s 13. 89728 
这个人掉线了 c7y8jqVoAmP9uHA6bYxT66KSPXz14tSahH 13. 89856 
这个人掉线了 cKqjHi8u4n5RJJa1CxHgZbwHXS9cKC5Ekw 13. 89984 
这个人掉线了 cNQzoCNDDYY2uqBEW6fb7B6HzFjyz6oCt8 13. 90112 
这个人掉线了 cM8wVfYBZq6KtXCKAobMH9g9jLTcSfCiw5 13. 90240 
这个人掉线了 cFG8tkEage2m5qnpsd8giKe9kad6ACF3BY 13. 90368 
这个人掉线了 cNhu1W73hSpHzwJfzGbHf1tM9KWSGTtC8U 13. 90496 
这个人掉线了 cLrUCNAWPyPH96bqqC3JQXZ3CtsvvXmNj1 13. 90624 
这个人掉线了 cPDXYf8tLYdv8LG43RxgHbNLi1ouxDcP8p 13. 90752 
这个人掉线了 cPNWUU9oB4NaxFagHDafkD2p54phRGSwqh 13. 90880 
这个人掉线了 c6kHiX6mRcy3KeWCeb7MYAd8pfnDhnz8V7 13. 91008 
这个人掉线了 cMyZAA4V27jEmysddCxCqXKAeN2bBvDsVU 13. 91136 
这个人掉线了 c7LefZDapLTMcazj5gJdJJE4PePHQ2qpNu 13. 91264 
这个人掉线了 cGQ5NPs1k59LxCvxECXLKNpr4TezDvhMZn 13. 91392 
这个人掉线了 c2LMjYRGQbGAuNWBNyWrRr81WXzaZJqMdW 13. 91520 
这个人掉线了 c5QActCYGusL7wEwV8sDTZ6QcekFBjBMhv 13. 91648 
这个人掉线了 cFtYf1e5Ng5QhZzHiPMvDyV3NQHxKBnLmV 13. 91776 
这个人掉线了 c5rSRneu7iXf8r8N87raRev24kHGmkvPMT 13. 91904 
这个人掉线了 cH6L4muHgCsNwfqFPEMMBJwTG6NWhVWqiv 13. 92032 
这个人掉线了 cMPVU5d8U87bqPTZsLaWiyAv5UbZwMENip 13. 92160 
这个人掉线了 cD4rsua9vmVMiPouRL7MJJcVPWKtQu8E5X 13. 92288 
这个人掉线了 c6XZmkn23mSbiVVydY8WcEJSebM9RpRq8V 13. 92416 
这个人掉线了 cMtCaC4WmjBjZYbzrGZREJ9imX479XxpsM 13. 92544 
这个人掉线了 cFtR9y1R2zvvd7DXUE5cQu4wVuHzMzKFXW 13. 92672 
这个人掉线了 cERnwrsCNpy4b8hQ683zpRFPw88yXuVXES 13. 92800 
这个人掉线了 cBRJCW5SXiaJzDEFQhmLhCjizEBaprHj9w 13. 92928 
这个人掉线了 cCTtPZA7Ry9qEnLJm6yyWGFswdFC5hiMhe 13. 93056 
这个人掉线了 c3e7TaDkuPcWC8L7GfkixXsaZDpP5Rtasg 13. 93184 
这个人掉线了 cMbTY5hZ2RXCVGPYgwjp3ybnM1EyQenDiy 13. 93312 
这个人掉线了 cBgQkrwMZdQzu3QgtkN4vTbDB2Zf7F9ndm 13. 93440 
这个人掉线了 c8Ke6FeamgemKfaAdppcUVoGfModE4CEyT 13. 93568 
这个人掉线了 cKcsAB6U1KSkUrUsLr1ysdK5UrfCmFribi 13. 93696 
这个人掉线了 cLxoe3BFVFWJitksZZU7r7pyPbGxdV9FEw 13. 93824 
生成区块 565bd 14. cCET2Sxt2LPDhx44wxJ9uhkpviKNrSacvE time: 93952 
这个人掉线了 cFEaSoF3QceWxjnLsg9FoQyLVcUzVEpkSP 14. 94080 
这个人掉线了 cGnmjV6fk5kFbTWztDtZhyr1a4Van4NPvR 14. 94208 
这个人掉线了 c5fjyiG9HYrHrzJnyLsMZSkw6M5JzkZWUY 14. 94336 
这个人掉线了 cKmsqZLYAY8xjsqSaFdUy2jUuewBpCCcf9 14. 94464 
这个人掉线了 cNsdgX2hL8tpZuNV8pbqpcmmQXFYgyoHb3 14. 94592 
这个人掉线了 cJzdd4agJhJR7psxQeH7beLeqarzeRrVWz 14. 94720 
这个人掉线了 cNqpoUrBTpPvGzpFsimJRMm1uDjvDPpigj 14. 94848 
这个人掉线了 c582jFX2DfF45B65YSKN31qk6Ft9ckVAJm 14. 94976 
这个人掉线了 cKqAK2TLS5AiGm75CAuVLUv4D38MyqTD9M 14. 95104 
这个人掉线了 c5AYPcDMUGr5JHErEo5y43SZG8JsF8YjG5 14. 95232 
这个人掉线了 cH4RweoyEU363G5p7P2D1bEe5uccLNFJgC 14. 95360 
这个人掉线了 cGS6P65poK8GN5yhAtBj5ddDuDFh3k4YW8 14. 95488 
这个人掉线了 c4aG5yDeGo4TqR6C9r2vBaaNXmR2Ro17SV 14. 95616 
这个人掉线了 cHdATqSzszEe335hM8kaNM267SH98BCpbx 14. 95744 
这个人掉线了 cDUwDnum3J5bQo78LDWcCJLAASqRP4VSan 14. 95872 
这个人掉线了 cCjrLJHLRUZci2Ak1W2BbgchJQLoQo86d7 14. 96000 
这个人掉线了 c81E6nEaLHJ25mFRTDSMar5YjmrYLsNr5v 14. 96128 
这个人掉线了 cCuaHXAe1hcEGgqz6eg8QC9UKQHZ1Cq2Qo 14. 96256 
这个人掉线了 c3MCDGU8vFk6waxeeRbBUt3QaRvB6q1TAH 14. 96384 
这个人掉线了 cCmcRqAdKd24ft1Nuwzc6p1Uf5R47RSAUF 14. 96512 
这个人掉线了 cBy33bW2b8QX3Th6mjkpHRykPGLN9ahG9p 14. 96640 
这个人掉线了 cKySkYVB4MhWhKczSUmY7WhF638hPx6U8N 14. 96768 
这个人掉线了 c4wQ1qXmKFBBGeHeiT5QsB9oKwsGYmK2eA 14. 96896 
这个人掉线了 cBpRE96Ff1RR3kVoN9Hky6pnAtTky8cP4s 14. 97024 
这个人掉线了 c7y8jqVoAmP9uHA6bYxT66KSPXz14tSahH 14. 97152 
这个人掉线了 cKqjHi8u4n5RJJa1CxHgZbwHXS9cKC5Ekw 14. 97280 
这个人掉线了 cNQzoCNDDYY2uqBEW6fb7B6HzFjyz6oCt8 14. 97408 
这个人掉线了 cM8wVfYBZq6KtXCKAobMH9g9jLTcSfCiw5 14. 97536 
这个人掉线了 cFG8tkEage2m5qnpsd8giKe9kad6ACF3BY 14. 97664 
这个人掉线了 cNhu1W73hSpHzwJfzGbHf1tM9KWSGTtC8U 14. 97792 
这个人掉线了 cLrUCNAWPyPH96bqqC3JQXZ3CtsvvXmNj1 14. 97920 
这个人掉线了 cPDXYf8tLYdv8LG43RxgHbNLi1ouxDcP8p 14. 98048 
这个人掉线了 cPNWUU9oB4NaxFagHDafkD2p54phRGSwqh 14. 98176 
这个人掉线了 c6kHiX6mRcy3KeWCeb7MYAd8pfnDhnz8V7 14. 98304 
这个人掉线了 cMyZAA4V27jEmysddCxCqXKAeN2bBvDsVU 14. 98432 
这个人掉线了 c7LefZDapLTMcazj5gJdJJE4PePHQ2qpNu 14. 98560 
这个人掉线了 cGQ5NPs1k59LxCvxECXLKNpr4TezDvhMZn 14. 98688 
这个人掉线了 c2LMjYRGQbGAuNWBNyWrRr81WXzaZJqMdW 14. 98816 
这个人掉线了 c5QActCYGusL7wEwV8sDTZ6QcekFBjBMhv 14. 98944 
这个人掉线了 cFtYf1e5Ng5QhZzHiPMvDyV3NQHxKBnLmV 14. 99072 
这个人掉线了 c5rSRneu7iXf8r8N87raRev24kHGmkvPMT 14. 99200 
这个人掉线了 cH6L4muHgCsNwfqFPEMMBJwTG6NWhVWqiv 14. 99328 
这个人掉线了 cMPVU5d8U87bqPTZsLaWiyAv5UbZwMENip 14. 99456 
这个人掉线了 cD4rsua9vmVMiPouRL7MJJcVPWKtQu8E5X 14. 99584 
这个人掉线了 c6XZmkn23mSbiVVydY8WcEJSebM9RpRq8V 14. 99712 
这个人掉线了 cMtCaC4WmjBjZYbzrGZREJ9imX479XxpsM 14. 99840 
这个人掉线了 cFtR9y1R2zvvd7DXUE5cQu4wVuHzMzKFXW 14. 99968 
这个人掉线了 cERnwrsCNpy4b8hQ683zpRFPw88yXuVXES 14. 100096 
这个人掉线了 cBRJCW5SXiaJzDEFQhmLhCjizEBaprHj9w 14. 100224 
这个人掉线了 cCTtPZA7Ry9qEnLJm6yyWGFswdFC5hiMhe 14. 100352 
这个人掉线了 c3e7TaDkuPcWC8L7GfkixXsaZDpP5Rtasg 14. 100480 
这个人掉线了 cMbTY5hZ2RXCVGPYgwjp3ybnM1EyQenDiy 14. 100608 
这个人掉线了 cBgQkrwMZdQzu3QgtkN4vTbDB2Zf7F9ndm 14. 100736 
这个人掉线了 c8Ke6FeamgemKfaAdppcUVoGfModE4CEyT 14. 100864 
这个人掉线了 cKcsAB6U1KSkUrUsLr1ysdK5UrfCmFribi 14. 100992 
这个人掉线了 cLxoe3BFVFWJitksZZU7r7pyPbGxdV9FEw 14. 101120 
生成区块 5f292 15. cCET2Sxt2LPDhx44wxJ9uhkpviKNrSacvE time: 101248 
这个人掉线了 cFEaSoF3QceWxjnLsg9FoQyLVcUzVEpkSP 15. 101376 
这个人掉线了 cGnmjV6fk5kFbTWztDtZhyr1a4Van4NPvR 15. 101504 
这个人掉线了 c5fjyiG9HYrHrzJnyLsMZSkw6M5JzkZWUY 15. 101632 
这个人掉线了 cKmsqZLYAY8xjsqSaFdUy2jUuewBpCCcf9 15. 101760 
这个人掉线了 cNsdgX2hL8tpZuNV8pbqpcmmQXFYgyoHb3 15. 101888 
这个人掉线了 cJzdd4agJhJR7psxQeH7beLeqarzeRrVWz 15. 102016 
这个人掉线了 cNqpoUrBTpPvGzpFsimJRMm1uDjvDPpigj 15. 102144 
这个人掉线了 c582jFX2DfF45B65YSKN31qk6Ft9ckVAJm 15. 102272 
这个人掉线了 cKqAK2TLS5AiGm75CAuVLUv4D38MyqTD9M 15. 102400 
这个人掉线了 c5AYPcDMUGr5JHErEo5y43SZG8JsF8YjG5 15. 102528 
这个人掉线了 cH4RweoyEU363G5p7P2D1bEe5uccLNFJgC 15. 102656 
这个人掉线了 cGS6P65poK8GN5yhAtBj5ddDuDFh3k4YW8 15. 102784 
这个人掉线了 c4aG5yDeGo4TqR6C9r2vBaaNXmR2Ro17SV 15. 102912 
这个人掉线了 cHdATqSzszEe335hM8kaNM267SH98BCpbx 15. 103040 
这个人掉线了 cDUwDnum3J5bQo78LDWcCJLAASqRP4VSan 15. 103168 
这个人掉线了 cCjrLJHLRUZci2Ak1W2BbgchJQLoQo86d7 15. 103296 
这个人掉线了 c81E6nEaLHJ25mFRTDSMar5YjmrYLsNr5v 15. 103424 
这个人掉线了 cCuaHXAe1hcEGgqz6eg8QC9UKQHZ1Cq2Qo 15. 103552 
这个人掉线了 c3MCDGU8vFk6waxeeRbBUt3QaRvB6q1TAH 15. 103680 
这个人掉线了 cCmcRqAdKd24ft1Nuwzc6p1Uf5R47RSAUF 15. 103808 
这个人掉线了 cBy33bW2b8QX3Th6mjkpHRykPGLN9ahG9p 15. 103936 
这个人掉线了 cKySkYVB4MhWhKczSUmY7WhF638hPx6U8N 15. 104064 
这个人掉线了 c4wQ1qXmKFBBGeHeiT5QsB9oKwsGYmK2eA 15. 104192 
这个人掉线了 cBpRE96Ff1RR3kVoN9Hky6pnAtTky8cP4s 15. 104320 
这个人掉线了 c7y8jqVoAmP9uHA6bYxT66KSPXz14tSahH 15. 104448 
这个人掉线了 cKqjHi8u4n5RJJa1CxHgZbwHXS9cKC5Ekw 15. 104576 
这个人掉线了 cNQzoCNDDYY2uqBEW6fb7B6HzFjyz6oCt8 15. 104704 
这个人掉线了 cM8wVfYBZq6KtXCKAobMH9g9jLTcSfCiw5 15. 104832 
这个人掉线了 cFG8tkEage2m5qnpsd8giKe9kad6ACF3BY 15. 104960 
这个人掉线了 cNhu1W73hSpHzwJfzGbHf1tM9KWSGTtC8U 15. 105088 
这个人掉线了 cLrUCNAWPyPH96bqqC3JQXZ3CtsvvXmNj1 15. 105216 
这个人掉线了 cPDXYf8tLYdv8LG43RxgHbNLi1ouxDcP8p 15. 105344 
这个人掉线了 cPNWUU9oB4NaxFagHDafkD2p54phRGSwqh 15. 105472 
这个人掉线了 c6kHiX6mRcy3KeWCeb7MYAd8pfnDhnz8V7 15. 105600 
这个人掉线了 cMyZAA4V27jEmysddCxCqXKAeN2bBvDsVU 15. 105728 
这个人掉线了 c7LefZDapLTMcazj5gJdJJE4PePHQ2qpNu 15. 105856 
这个人掉线了 cGQ5NPs1k59LxCvxECXLKNpr4TezDvhMZn 15. 105984 
这个人掉线了 c2LMjYRGQbGAuNWBNyWrRr81WXzaZJqMdW 15. 106112 
这个人掉线了 c5QActCYGusL7wEwV8sDTZ6QcekFBjBMhv 15. 106240 
这个人掉线了 cFtYf1e5Ng5QhZzHiPMvDyV3NQHxKBnLmV 15. 106368 
这个人掉线了 c5rSRneu7iXf8r8N87raRev24kHGmkvPMT 15. 106496 
这个人掉线了 cH6L4muHgCsNwfqFPEMMBJwTG6NWhVWqiv 15. 106624 
这个人掉线了 cMPVU5d8U87bqPTZsLaWiyAv5UbZwMENip 15. 106752 
这个人掉线了 cD4rsua9vmVMiPouRL7MJJcVPWKtQu8E5X 15. 106880 
这个人掉线了 c6XZmkn23mSbiVVydY8WcEJSebM9RpRq8V 15. 107008 
这个人掉线了 cMtCaC4WmjBjZYbzrGZREJ9imX479XxpsM 15. 107136 
这个人掉线了 cFtR9y1R2zvvd7DXUE5cQu4wVuHzMzKFXW 15. 107264 
这个人掉线了 cERnwrsCNpy4b8hQ683zpRFPw88yXuVXES 15. 107392 
这个人掉线了 cBRJCW5SXiaJzDEFQhmLhCjizEBaprHj9w 15. 107520 
这个人掉线了 cCTtPZA7Ry9qEnLJm6yyWGFswdFC5hiMhe 15. 107648 
这个人掉线了 c3e7TaDkuPcWC8L7GfkixXsaZDpP5Rtasg 15. 107776 
这个人掉线了 cMbTY5hZ2RXCVGPYgwjp3ybnM1EyQenDiy 15. 107904 
这个人掉线了 cBgQkrwMZdQzu3QgtkN4vTbDB2Zf7F9ndm 15. 108032 
这个人掉线了 c8Ke6FeamgemKfaAdppcUVoGfModE4CEyT 15. 108160 
这个人掉线了 cKcsAB6U1KSkUrUsLr1ysdK5UrfCmFribi 15. 108288 
这个人掉线了 cLxoe3BFVFWJitksZZU7r7pyPbGxdV9FEw 15. 108416 
生成区块 cd971 16. cCET2Sxt2LPDhx44wxJ9uhkpviKNrSacvE time: 108544 
这个人掉线了 cFEaSoF3QceWxjnLsg9FoQyLVcUzVEpkSP 16. 108672 
这个人掉线了 cGnmjV6fk5kFbTWztDtZhyr1a4Van4NPvR 16. 108800 
这个人掉线了 c5fjyiG9HYrHrzJnyLsMZSkw6M5JzkZWUY 16. 108928 
这个人掉线了 cKmsqZLYAY8xjsqSaFdUy2jUuewBpCCcf9 16. 109056 
这个人掉线了 cNsdgX2hL8tpZuNV8pbqpcmmQXFYgyoHb3 16. 109184 
这个人掉线了 cJzdd4agJhJR7psxQeH7beLeqarzeRrVWz 16. 109312 
这个人掉线了 cNqpoUrBTpPvGzpFsimJRMm1uDjvDPpigj 16. 109440 
这个人掉线了 c582jFX2DfF45B65YSKN31qk6Ft9ckVAJm 16. 109568 
这个人掉线了 cKqAK2TLS5AiGm75CAuVLUv4D38MyqTD9M 16. 109696 
这个人掉线了 c5AYPcDMUGr5JHErEo5y43SZG8JsF8YjG5 16. 109824 
这个人掉线了 cH4RweoyEU363G5p7P2D1bEe5uccLNFJgC 16. 109952 
这个人掉线了 cGS6P65poK8GN5yhAtBj5ddDuDFh3k4YW8 16. 110080 
这个人掉线了 c4aG5yDeGo4TqR6C9r2vBaaNXmR2Ro17SV 16. 110208 
这个人掉线了 cHdATqSzszEe335hM8kaNM267SH98BCpbx 16. 110336 
这个人掉线了 cDUwDnum3J5bQo78LDWcCJLAASqRP4VSan 16. 110464 
这个人掉线了 cCjrLJHLRUZci2Ak1W2BbgchJQLoQo86d7 16. 110592 
这个人掉线了 c81E6nEaLHJ25mFRTDSMar5YjmrYLsNr5v 16. 110720 
这个人掉线了 cCuaHXAe1hcEGgqz6eg8QC9UKQHZ1Cq2Qo 16. 110848 
这个人掉线了 c3MCDGU8vFk6waxeeRbBUt3QaRvB6q1TAH 16. 110976 
这个人掉线了 cCmcRqAdKd24ft1Nuwzc6p1Uf5R47RSAUF 16. 111104 
这个人掉线了 cBy33bW2b8QX3Th6mjkpHRykPGLN9ahG9p 16. 111232 
这个人掉线了 cKySkYVB4MhWhKczSUmY7WhF638hPx6U8N 16. 111360 
这个人掉线了 c4wQ1qXmKFBBGeHeiT5QsB9oKwsGYmK2eA 16. 111488 
这个人掉线了 cBpRE96Ff1RR3kVoN9Hky6pnAtTky8cP4s 16. 111616 
这个人掉线了 c7y8jqVoAmP9uHA6bYxT66KSPXz14tSahH 16. 111744 
这个人掉线了 cKqjHi8u4n5RJJa1CxHgZbwHXS9cKC5Ekw 16. 111872 
这个人掉线了 cNQzoCNDDYY2uqBEW6fb7B6HzFjyz6oCt8 16. 112000 
这个人掉线了 cM8wVfYBZq6KtXCKAobMH9g9jLTcSfCiw5 16. 112128 
这个人掉线了 cFG8tkEage2m5qnpsd8giKe9kad6ACF3BY 16. 112256 
这个人掉线了 cNhu1W73hSpHzwJfzGbHf1tM9KWSGTtC8U 16. 112384 
这个人掉线了 cLrUCNAWPyPH96bqqC3JQXZ3CtsvvXmNj1 16. 112512 
这个人掉线了 cPDXYf8tLYdv8LG43RxgHbNLi1ouxDcP8p 16. 112640 
这个人掉线了 cPNWUU9oB4NaxFagHDafkD2p54phRGSwqh 16. 112768 
这个人掉线了 c6kHiX6mRcy3KeWCeb7MYAd8pfnDhnz8V7 16. 112896 
这个人掉线了 cMyZAA4V27jEmysddCxCqXKAeN2bBvDsVU 16. 113024 
这个人掉线了 c7LefZDapLTMcazj5gJdJJE4PePHQ2qpNu 16. 113152 
这个人掉线了 cGQ5NPs1k59LxCvxECXLKNpr4TezDvhMZn 16. 113280 
这个人掉线了 c2LMjYRGQbGAuNWBNyWrRr81WXzaZJqMdW 16. 113408 
这个人掉线了 c5QActCYGusL7wEwV8sDTZ6QcekFBjBMhv 16. 113536 
这个人掉线了 cFtYf1e5Ng5QhZzHiPMvDyV3NQHxKBnLmV 16. 113664 
这个人掉线了 c5rSRneu7iXf8r8N87raRev24kHGmkvPMT 16. 113792 
这个人掉线了 cH6L4muHgCsNwfqFPEMMBJwTG6NWhVWqiv 16. 113920 
这个人掉线了 cMPVU5d8U87bqPTZsLaWiyAv5UbZwMENip 16. 114048 
这个人掉线了 cD4rsua9vmVMiPouRL7MJJcVPWKtQu8E5X 16. 114176 
这个人掉线了 c6XZmkn23mSbiVVydY8WcEJSebM9RpRq8V 16. 114304 
这个人掉线了 cMtCaC4WmjBjZYbzrGZREJ9imX479XxpsM 16. 114432 
这个人掉线了 cFtR9y1R2zvvd7DXUE5cQu4wVuHzMzKFXW 16. 114560 
这个人掉线了 cERnwrsCNpy4b8hQ683zpRFPw88yXuVXES 16. 114688 
这个人掉线了 cBRJCW5SXiaJzDEFQhmLhCjizEBaprHj9w 16. 114816 
这个人掉线了 cCTtPZA7Ry9qEnLJm6yyWGFswdFC5hiMhe 16. 114944 
这个人掉线了 c3e7TaDkuPcWC8L7GfkixXsaZDpP5Rtasg 16. 115072 
这个人掉线了 cMbTY5hZ2RXCVGPYgwjp3ybnM1EyQenDiy 16. 115200 
这个人掉线了 cBgQkrwMZdQzu3QgtkN4vTbDB2Zf7F9ndm 16. 115328 
这个人掉线了 c8Ke6FeamgemKfaAdppcUVoGfModE4CEyT 16. 115456 
这个人掉线了 cKcsAB6U1KSkUrUsLr1ysdK5UrfCmFribi 16. 115584 
这个人掉线了 cLxoe3BFVFWJitksZZU7r7pyPbGxdV9FEw 16. 115712 
生成区块 1cb8e 17. cCET2Sxt2LPDhx44wxJ9uhkpviKNrSacvE time: 115840 
这个人掉线了 cFEaSoF3QceWxjnLsg9FoQyLVcUzVEpkSP 17. 115968 
这个人掉线了 cGnmjV6fk5kFbTWztDtZhyr1a4Van4NPvR 17. 116096 
这个人掉线了 c5fjyiG9HYrHrzJnyLsMZSkw6M5JzkZWUY 17. 116224 
这个人掉线了 cKmsqZLYAY8xjsqSaFdUy2jUuewBpCCcf9 17. 116352 
这个人掉线了 cNsdgX2hL8tpZuNV8pbqpcmmQXFYgyoHb3 17. 116480 
这个人掉线了 cJzdd4agJhJR7psxQeH7beLeqarzeRrVWz 17. 116608 
这个人掉线了 cNqpoUrBTpPvGzpFsimJRMm1uDjvDPpigj 17. 116736 
这个人掉线了 c582jFX2DfF45B65YSKN31qk6Ft9ckVAJm 17. 116864 
这个人掉线了 cKqAK2TLS5AiGm75CAuVLUv4D38MyqTD9M 17. 116992 
这个人掉线了 c5AYPcDMUGr5JHErEo5y43SZG8JsF8YjG5 17. 117120 
这个人掉线了 cH4RweoyEU363G5p7P2D1bEe5uccLNFJgC 17. 117248 
这个人掉线了 cGS6P65poK8GN5yhAtBj5ddDuDFh3k4YW8 17. 117376 
这个人掉线了 c4aG5yDeGo4TqR6C9r2vBaaNXmR2Ro17SV 17. 117504 
这个人掉线了 cHdATqSzszEe335hM8kaNM267SH98BCpbx 17. 117632 
这个人掉线了 cDUwDnum3J5bQo78LDWcCJLAASqRP4VSan 17. 117760 
这个人掉线了 cCjrLJHLRUZci2Ak1W2BbgchJQLoQo86d7 17. 117888 
这个人掉线了 c81E6nEaLHJ25mFRTDSMar5YjmrYLsNr5v 17. 118016 
这个人掉线了 cCuaHXAe1hcEGgqz6eg8QC9UKQHZ1Cq2Qo 17. 118144 
这个人掉线了 c3MCDGU8vFk6waxeeRbBUt3QaRvB6q1TAH 17. 118272 
这个人掉线了 cCmcRqAdKd24ft1Nuwzc6p1Uf5R47RSAUF 17. 118400 
这个人掉线了 cBy33bW2b8QX3Th6mjkpHRykPGLN9ahG9p 17. 118528 
这个人掉线了 cKySkYVB4MhWhKczSUmY7WhF638hPx6U8N 17. 118656 
这个人掉线了 c4wQ1qXmKFBBGeHeiT5QsB9oKwsGYmK2eA 17. 118784 
这个人掉线了 cBpRE96Ff1RR3kVoN9Hky6pnAtTky8cP4s 17. 118912 
这个人掉线了 c7y8jqVoAmP9uHA6bYxT66KSPXz14tSahH 17. 119040 
这个人掉线了 cKqjHi8u4n5RJJa1CxHgZbwHXS9cKC5Ekw 17. 119168 
这个人掉线了 cNQzoCNDDYY2uqBEW6fb7B6HzFjyz6oCt8 17. 119296 
这个人掉线了 cM8wVfYBZq6KtXCKAobMH9g9jLTcSfCiw5 17. 119424 
这个人掉线了 cFG8tkEage2m5qnpsd8giKe9kad6ACF3BY 17. 119552 
这个人掉线了 cNhu1W73hSpHzwJfzGbHf1tM9KWSGTtC8U 17. 119680 
这个人掉线了 cLrUCNAWPyPH96bqqC3JQXZ3CtsvvXmNj1 17. 119808 
这个人掉线了 cPDXYf8tLYdv8LG43RxgHbNLi1ouxDcP8p 17. 119936 
这个人掉线了 cPNWUU9oB4NaxFagHDafkD2p54phRGSwqh 17. 120064 
这个人掉线了 c6kHiX6mRcy3KeWCeb7MYAd8pfnDhnz8V7 17. 120192 
这个人掉线了 cMyZAA4V27jEmysddCxCqXKAeN2bBvDsVU 17. 120320 
这个人掉线了 c7LefZDapLTMcazj5gJdJJE4PePHQ2qpNu 17. 120448 
这个人掉线了 cGQ5NPs1k59LxCvxECXLKNpr4TezDvhMZn 17. 120576 
这个人掉线了 c2LMjYRGQbGAuNWBNyWrRr81WXzaZJqMdW 17. 120704 
这个人掉线了 c5QActCYGusL7wEwV8sDTZ6QcekFBjBMhv 17. 120832 
这个人掉线了 cFtYf1e5Ng5QhZzHiPMvDyV3NQHxKBnLmV 17. 120960 
这个人掉线了 c5rSRneu7iXf8r8N87raRev24kHGmkvPMT 17. 121088 
这个人掉线了 cH6L4muHgCsNwfqFPEMMBJwTG6NWhVWqiv 17. 121216 
这个人掉线了 cMPVU5d8U87bqPTZsLaWiyAv5UbZwMENip 17. 121344 
这个人掉线了 cD4rsua9vmVMiPouRL7MJJcVPWKtQu8E5X 17. 121472 
这个人掉线了 c6XZmkn23mSbiVVydY8WcEJSebM9RpRq8V 17. 121600 
这个人掉线了 cMtCaC4WmjBjZYbzrGZREJ9imX479XxpsM 17. 121728 
这个人掉线了 cFtR9y1R2zvvd7DXUE5cQu4wVuHzMzKFXW 17. 121856 
这个人掉线了 cERnwrsCNpy4b8hQ683zpRFPw88yXuVXES 17. 121984 
这个人掉线了 cBRJCW5SXiaJzDEFQhmLhCjizEBaprHj9w 17. 122112 
这个人掉线了 cCTtPZA7Ry9qEnLJm6yyWGFswdFC5hiMhe 17. 122240 
这个人掉线了 c3e7TaDkuPcWC8L7GfkixXsaZDpP5Rtasg 17. 122368 
这个人掉线了 cMbTY5hZ2RXCVGPYgwjp3ybnM1EyQenDiy 17. 122496 
这个人掉线了 cBgQkrwMZdQzu3QgtkN4vTbDB2Zf7F9ndm 17. 122624 
这个人掉线了 c8Ke6FeamgemKfaAdppcUVoGfModE4CEyT 17. 122752 
这个人掉线了 cKcsAB6U1KSkUrUsLr1ysdK5UrfCmFribi 17. 122880 
这个人掉线了 cLxoe3BFVFWJitksZZU7r7pyPbGxdV9FEw 17. 123008 
生成区块 e1b77 18. cCET2Sxt2LPDhx44wxJ9uhkpviKNrSacvE time: 123136 
这个人掉线了 cFEaSoF3QceWxjnLsg9FoQyLVcUzVEpkSP 18. 123264 
这个人掉线了 cGnmjV6fk5kFbTWztDtZhyr1a4Van4NPvR 18. 123392 
这个人掉线了 c5fjyiG9HYrHrzJnyLsMZSkw6M5JzkZWUY 18. 123520 
这个人掉线了 cKmsqZLYAY8xjsqSaFdUy2jUuewBpCCcf9 18. 123648 
这个人掉线了 cNsdgX2hL8tpZuNV8pbqpcmmQXFYgyoHb3 18. 123776 
这个人掉线了 cJzdd4agJhJR7psxQeH7beLeqarzeRrVWz 18. 123904 
这个人掉线了 cNqpoUrBTpPvGzpFsimJRMm1uDjvDPpigj 18. 124032 
这个人掉线了 c582jFX2DfF45B65YSKN31qk6Ft9ckVAJm 18. 124160 
这个人掉线了 cKqAK2TLS5AiGm75CAuVLUv4D38MyqTD9M 18. 124288 
这个人掉线了 c5AYPcDMUGr5JHErEo5y43SZG8JsF8YjG5 18. 124416 
这个人掉线了 cH4RweoyEU363G5p7P2D1bEe5uccLNFJgC 18. 124544 
这个人掉线了 cGS6P65poK8GN5yhAtBj5ddDuDFh3k4YW8 18. 124672 
这个人掉线了 c4aG5yDeGo4TqR6C9r2vBaaNXmR2Ro17SV 18. 124800 
这个人掉线了 cHdATqSzszEe335hM8kaNM267SH98BCpbx 18. 124928 
这个人掉线了 cDUwDnum3J5bQo78LDWcCJLAASqRP4VSan 18. 125056 
这个人掉线了 cCjrLJHLRUZci2Ak1W2BbgchJQLoQo86d7 18. 125184 
这个人掉线了 c81E6nEaLHJ25mFRTDSMar5YjmrYLsNr5v 18. 125312 
这个人掉线了 cCuaHXAe1hcEGgqz6eg8QC9UKQHZ1Cq2Qo 18. 125440 
这个人掉线了 c3MCDGU8vFk6waxeeRbBUt3QaRvB6q1TAH 18. 125568 
这个人掉线了 cCmcRqAdKd24ft1Nuwzc6p1Uf5R47RSAUF 18. 125696 
这个人掉线了 cBy33bW2b8QX3Th6mjkpHRykPGLN9ahG9p 18. 125824 
这个人掉线了 cKySkYVB4MhWhKczSUmY7WhF638hPx6U8N 18. 125952 
这个人掉线了 c4wQ1qXmKFBBGeHeiT5QsB9oKwsGYmK2eA 18. 126080 
这个人掉线了 cBpRE96Ff1RR3kVoN9Hky6pnAtTky8cP4s 18. 126208 
这个人掉线了 c7y8jqVoAmP9uHA6bYxT66KSPXz14tSahH 18. 126336 
这个人掉线了 cKqjHi8u4n5RJJa1CxHgZbwHXS9cKC5Ekw 18. 126464 
这个人掉线了 cNQzoCNDDYY2uqBEW6fb7B6HzFjyz6oCt8 18. 126592 
这个人掉线了 cM8wVfYBZq6KtXCKAobMH9g9jLTcSfCiw5 18. 126720 
这个人掉线了 cFG8tkEage2m5qnpsd8giKe9kad6ACF3BY 18. 126848 
这个人掉线了 cNhu1W73hSpHzwJfzGbHf1tM9KWSGTtC8U 18. 126976 
这个人掉线了 cLrUCNAWPyPH96bqqC3JQXZ3CtsvvXmNj1 18. 127104 
这个人掉线了 cPDXYf8tLYdv8LG43RxgHbNLi1ouxDcP8p 18. 127232 
这个人掉线了 cPNWUU9oB4NaxFagHDafkD2p54phRGSwqh 18. 127360 
这个人掉线了 c6kHiX6mRcy3KeWCeb7MYAd8pfnDhnz8V7 18. 127488 
这个人掉线了 cMyZAA4V27jEmysddCxCqXKAeN2bBvDsVU 18. 127616 
这个人掉线了 c7LefZDapLTMcazj5gJdJJE4PePHQ2qpNu 18. 127744 
这个人掉线了 cGQ5NPs1k59LxCvxECXLKNpr4TezDvhMZn 18. 127872 
这个人掉线了 c2LMjYRGQbGAuNWBNyWrRr81WXzaZJqMdW 18. 128000 
这个人掉线了 c5QActCYGusL7wEwV8sDTZ6QcekFBjBMhv 18. 128128 
这个人掉线了 cFtYf1e5Ng5QhZzHiPMvDyV3NQHxKBnLmV 18. 128256 
这个人掉线了 c5rSRneu7iXf8r8N87raRev24kHGmkvPMT 18. 128384 
这个人掉线了 cH6L4muHgCsNwfqFPEMMBJwTG6NWhVWqiv 18. 128512 
这个人掉线了 cMPVU5d8U87bqPTZsLaWiyAv5UbZwMENip 18. 128640 
这个人掉线了 cD4rsua9vmVMiPouRL7MJJcVPWKtQu8E5X 18. 128768 
这个人掉线了 c6XZmkn23mSbiVVydY8WcEJSebM9RpRq8V 18. 128896 
这个人掉线了 cMtCaC4WmjBjZYbzrGZREJ9imX479XxpsM 18. 129024 
这个人掉线了 cFtR9y1R2zvvd7DXUE5cQu4wVuHzMzKFXW 18. 129152 
这个人掉线了 cERnwrsCNpy4b8hQ683zpRFPw88yXuVXES 18. 129280 
这个人掉线了 cBRJCW5SXiaJzDEFQhmLhCjizEBaprHj9w 18. 129408 
这个人掉线了 cCTtPZA7Ry9qEnLJm6yyWGFswdFC5hiMhe 18. 129536 
这个人掉线了 c3e7TaDkuPcWC8L7GfkixXsaZDpP5Rtasg 18. 129664 
这个人掉线了 cMbTY5hZ2RXCVGPYgwjp3ybnM1EyQenDiy 18. 129792 
这个人掉线了 cBgQkrwMZdQzu3QgtkN4vTbDB2Zf7F9ndm 18. 129920 
这个人掉线了 c8Ke6FeamgemKfaAdppcUVoGfModE4CEyT 18. 130048 
这个人掉线了 cKcsAB6U1KSkUrUsLr1ysdK5UrfCmFribi 18. 130176 
这个人掉线了 cLxoe3BFVFWJitksZZU7r7pyPbGxdV9FEw 18. 130304 
生成区块 f57da 19. cCET2Sxt2LPDhx44wxJ9uhkpviKNrSacvE time: 130432 
这个人掉线了 cFEaSoF3QceWxjnLsg9FoQyLVcUzVEpkSP 19. 130560 
这个人掉线了 cGnmjV6fk5kFbTWztDtZhyr1a4Van4NPvR 19. 130688 
这个人掉线了 c5fjyiG9HYrHrzJnyLsMZSkw6M5JzkZWUY 19. 130816 
这个人掉线了 cKmsqZLYAY8xjsqSaFdUy2jUuewBpCCcf9 19. 130944 
这个人掉线了 cNsdgX2hL8tpZuNV8pbqpcmmQXFYgyoHb3 19. 131072 
这个人掉线了 cJzdd4agJhJR7psxQeH7beLeqarzeRrVWz 19. 131200 
这个人掉线了 cNqpoUrBTpPvGzpFsimJRMm1uDjvDPpigj 19. 131328 
这个人掉线了 c582jFX2DfF45B65YSKN31qk6Ft9ckVAJm 19. 131456 
这个人掉线了 cKqAK2TLS5AiGm75CAuVLUv4D38MyqTD9M 19. 131584 
这个人掉线了 c5AYPcDMUGr5JHErEo5y43SZG8JsF8YjG5 19. 131712 
这个人掉线了 cH4RweoyEU363G5p7P2D1bEe5uccLNFJgC 19. 131840 
这个人掉线了 cGS6P65poK8GN5yhAtBj5ddDuDFh3k4YW8 19. 131968 
这个人掉线了 c4aG5yDeGo4TqR6C9r2vBaaNXmR2Ro17SV 19. 132096 
这个人掉线了 cHdATqSzszEe335hM8kaNM267SH98BCpbx 19. 132224 
这个人掉线了 cDUwDnum3J5bQo78LDWcCJLAASqRP4VSan 19. 132352 
这个人掉线了 cCjrLJHLRUZci2Ak1W2BbgchJQLoQo86d7 19. 132480 
这个人掉线了 c81E6nEaLHJ25mFRTDSMar5YjmrYLsNr5v 19. 132608 
这个人掉线了 cCuaHXAe1hcEGgqz6eg8QC9UKQHZ1Cq2Qo 19. 132736 
这个人掉线了 c3MCDGU8vFk6waxeeRbBUt3QaRvB6q1TAH 19. 132864 
这个人掉线了 cCmcRqAdKd24ft1Nuwzc6p1Uf5R47RSAUF 19. 132992 
这个人掉线了 cBy33bW2b8QX3Th6mjkpHRykPGLN9ahG9p 19. 133120 
这个人掉线了 cKySkYVB4MhWhKczSUmY7WhF638hPx6U8N 19. 133248 
这个人掉线了 c4wQ1qXmKFBBGeHeiT5QsB9oKwsGYmK2eA 19. 133376 
这个人掉线了 cBpRE96Ff1RR3kVoN9Hky6pnAtTky8cP4s 19. 133504 
这个人掉线了 c7y8jqVoAmP9uHA6bYxT66KSPXz14tSahH 19. 133632 
这个人掉线了 cKqjHi8u4n5RJJa1CxHgZbwHXS9cKC5Ekw 19. 133760 
这个人掉线了 cNQzoCNDDYY2uqBEW6fb7B6HzFjyz6oCt8 19. 133888 
这个人掉线了 cM8wVfYBZq6KtXCKAobMH9g9jLTcSfCiw5 19. 134016 
这个人掉线了 cFG8tkEage2m5qnpsd8giKe9kad6ACF3BY 19. 134144 
这个人掉线了 cNhu1W73hSpHzwJfzGbHf1tM9KWSGTtC8U 19. 134272 
这个人掉线了 cLrUCNAWPyPH96bqqC3JQXZ3CtsvvXmNj1 19. 134400 
这个人掉线了 cPDXYf8tLYdv8LG43RxgHbNLi1ouxDcP8p 19. 134528 
这个人掉线了 cPNWUU9oB4NaxFagHDafkD2p54phRGSwqh 19. 134656 
这个人掉线了 c6kHiX6mRcy3KeWCeb7MYAd8pfnDhnz8V7 19. 134784 
这个人掉线了 cMyZAA4V27jEmysddCxCqXKAeN2bBvDsVU 19. 134912 
这个人掉线了 c7LefZDapLTMcazj5gJdJJE4PePHQ2qpNu 19. 135040 
这个人掉线了 cGQ5NPs1k59LxCvxECXLKNpr4TezDvhMZn 19. 135168 
这个人掉线了 c2LMjYRGQbGAuNWBNyWrRr81WXzaZJqMdW 19. 135296 
这个人掉线了 c5QActCYGusL7wEwV8sDTZ6QcekFBjBMhv 19. 135424 
这个人掉线了 cFtYf1e5Ng5QhZzHiPMvDyV3NQHxKBnLmV 19. 135552 
这个人掉线了 c5rSRneu7iXf8r8N87raRev24kHGmkvPMT 19. 135680 
这个人掉线了 cH6L4muHgCsNwfqFPEMMBJwTG6NWhVWqiv 19. 135808 
这个人掉线了 cMPVU5d8U87bqPTZsLaWiyAv5UbZwMENip 19. 135936 
这个人掉线了 cD4rsua9vmVMiPouRL7MJJcVPWKtQu8E5X 19. 136064 
这个人掉线了 c6XZmkn23mSbiVVydY8WcEJSebM9RpRq8V 19. 136192 
这个人掉线了 cMtCaC4WmjBjZYbzrGZREJ9imX479XxpsM 19. 136320 
这个人掉线了 cFtR9y1R2zvvd7DXUE5cQu4wVuHzMzKFXW 19. 136448 
这个人掉线了 cERnwrsCNpy4b8hQ683zpRFPw88yXuVXES 19. 136576 
这个人掉线了 cBRJCW5SXiaJzDEFQhmLhCjizEBaprHj9w 19. 136704 
这个人掉线了 cCTtPZA7Ry9qEnLJm6yyWGFswdFC5hiMhe 19. 136832 
这个人掉线了 c3e7TaDkuPcWC8L7GfkixXsaZDpP5Rtasg 19. 136960 
这个人掉线了 cMbTY5hZ2RXCVGPYgwjp3ybnM1EyQenDiy 19. 137088 
这个人掉线了 cBgQkrwMZdQzu3QgtkN4vTbDB2Zf7F9ndm 19. 137216 
这个人掉线了 c8Ke6FeamgemKfaAdppcUVoGfModE4CEyT 19. 137344 
这个人掉线了 cKcsAB6U1KSkUrUsLr1ysdK5UrfCmFribi 19. 137472 
这个人掉线了 cLxoe3BFVFWJitksZZU7r7pyPbGxdV9FEw 19. 137600 
生成区块 6d0d4 20. cCET2Sxt2LPDhx44wxJ9uhkpviKNrSacvE time: 137728 
这个人掉线了 cFEaSoF3QceWxjnLsg9FoQyLVcUzVEpkSP 20. 137856 
这个人掉线了 cGnmjV6fk5kFbTWztDtZhyr1a4Van4NPvR 20. 137984 
这个人掉线了 c5fjyiG9HYrHrzJnyLsMZSkw6M5JzkZWUY 20. 138112 
这个人掉线了 cKmsqZLYAY8xjsqSaFdUy2jUuewBpCCcf9 20. 138240 
这个人掉线了 cNsdgX2hL8tpZuNV8pbqpcmmQXFYgyoHb3 20. 138368 
这个人掉线了 cJzdd4agJhJR7psxQeH7beLeqarzeRrVWz 20. 138496 
这个人掉线了 cNqpoUrBTpPvGzpFsimJRMm1uDjvDPpigj 20. 138624 
这个人掉线了 c582jFX2DfF45B65YSKN31qk6Ft9ckVAJm 20. 138752 
这个人掉线了 cKqAK2TLS5AiGm75CAuVLUv4D38MyqTD9M 20. 138880 
这个人掉线了 c5AYPcDMUGr5JHErEo5y43SZG8JsF8YjG5 20. 139008 
这个人掉线了 cH4RweoyEU363G5p7P2D1bEe5uccLNFJgC 20. 139136 
这个人掉线了 cGS6P65poK8GN5yhAtBj5ddDuDFh3k4YW8 20. 139264 
这个人掉线了 c4aG5yDeGo4TqR6C9r2vBaaNXmR2Ro17SV 20. 139392 
这个人掉线了 cHdATqSzszEe335hM8kaNM267SH98BCpbx 20. 139520 
这个人掉线了 cDUwDnum3J5bQo78LDWcCJLAASqRP4VSan 20. 139648 
这个人掉线了 cCjrLJHLRUZci2Ak1W2BbgchJQLoQo86d7 20. 139776 
这个人掉线了 c81E6nEaLHJ25mFRTDSMar5YjmrYLsNr5v 20. 139904 
这个人掉线了 cCuaHXAe1hcEGgqz6eg8QC9UKQHZ1Cq2Qo 20. 140032 
这个人掉线了 c3MCDGU8vFk6waxeeRbBUt3QaRvB6q1TAH 20. 140160 
这个人掉线了 cCmcRqAdKd24ft1Nuwzc6p1Uf5R47RSAUF 20. 140288 
这个人掉线了 cBy33bW2b8QX3Th6mjkpHRykPGLN9ahG9p 20. 140416 
这个人掉线了 cKySkYVB4MhWhKczSUmY7WhF638hPx6U8N 20. 140544 
这个人掉线了 c4wQ1qXmKFBBGeHeiT5QsB9oKwsGYmK2eA 20. 140672 
这个人掉线了 cBpRE96Ff1RR3kVoN9Hky6pnAtTky8cP4s 20. 140800 
这个人掉线了 c7y8jqVoAmP9uHA6bYxT66KSPXz14tSahH 20. 140928 
这个人掉线了 cKqjHi8u4n5RJJa1CxHgZbwHXS9cKC5Ekw 20. 141056 
这个人掉线了 cNQzoCNDDYY2uqBEW6fb7B6HzFjyz6oCt8 20. 141184 
这个人掉线了 cM8wVfYBZq6KtXCKAobMH9g9jLTcSfCiw5 20. 141312 
这个人掉线了 cFG8tkEage2m5qnpsd8giKe9kad6ACF3BY 20. 141440 
这个人掉线了 cNhu1W73hSpHzwJfzGbHf1tM9KWSGTtC8U 20. 141568 
这个人掉线了 cLrUCNAWPyPH96bqqC3JQXZ3CtsvvXmNj1 20. 141696 
这个人掉线了 cPDXYf8tLYdv8LG43RxgHbNLi1ouxDcP8p 20. 141824 
这个人掉线了 cPNWUU9oB4NaxFagHDafkD2p54phRGSwqh 20. 141952 
这个人掉线了 c6kHiX6mRcy3KeWCeb7MYAd8pfnDhnz8V7 20. 142080 
这个人掉线了 cMyZAA4V27jEmysddCxCqXKAeN2bBvDsVU 20. 142208 
这个人掉线了 c7LefZDapLTMcazj5gJdJJE4PePHQ2qpNu 20. 142336 
这个人掉线了 cGQ5NPs1k59LxCvxECXLKNpr4TezDvhMZn 20. 142464 
这个人掉线了 c2LMjYRGQbGAuNWBNyWrRr81WXzaZJqMdW 20. 142592 
这个人掉线了 c5QActCYGusL7wEwV8sDTZ6QcekFBjBMhv 20. 142720 
这个人掉线了 cFtYf1e5Ng5QhZzHiPMvDyV3NQHxKBnLmV 20. 142848 
这个人掉线了 c5rSRneu7iXf8r8N87raRev24kHGmkvPMT 20. 142976 
这个人掉线了 cH6L4muHgCsNwfqFPEMMBJwTG6NWhVWqiv 20. 143104 
这个人掉线了 cMPVU5d8U87bqPTZsLaWiyAv5UbZwMENip 20. 143232 
这个人掉线了 cD4rsua9vmVMiPouRL7MJJcVPWKtQu8E5X 20. 143360 
这个人掉线了 c6XZmkn23mSbiVVydY8WcEJSebM9RpRq8V 20. 143488 
这个人掉线了 cMtCaC4WmjBjZYbzrGZREJ9imX479XxpsM 20. 143616 
这个人掉线了 cFtR9y1R2zvvd7DXUE5cQu4wVuHzMzKFXW 20. 143744 
这个人掉线了 cERnwrsCNpy4b8hQ683zpRFPw88yXuVXES 20. 143872 
这个人掉线了 cBRJCW5SXiaJzDEFQhmLhCjizEBaprHj9w 20. 144000 
这个人掉线了 cCTtPZA7Ry9qEnLJm6yyWGFswdFC5hiMhe 20. 144128 
这个人掉线了 c3e7TaDkuPcWC8L7GfkixXsaZDpP5Rtasg 20. 144256 
这个人掉线了 cMbTY5hZ2RXCVGPYgwjp3ybnM1EyQenDiy 20. 144384 
这个人掉线了 cBgQkrwMZdQzu3QgtkN4vTbDB2Zf7F9ndm 20. 144512 
这个人掉线了 c8Ke6FeamgemKfaAdppcUVoGfModE4CEyT 20. 144640 
这个人掉线了 cKcsAB6U1KSkUrUsLr1ysdK5UrfCmFribi 20. 144768 
这个人掉线了 cLxoe3BFVFWJitksZZU7r7pyPbGxdV9FEw 20. 144896 
生成区块 a07d3 21. cCET2Sxt2LPDhx44wxJ9uhkpviKNrSacvE time: 145024 
这个人掉线了 cFEaSoF3QceWxjnLsg9FoQyLVcUzVEpkSP 21. 145152 
这个人掉线了 cGnmjV6fk5kFbTWztDtZhyr1a4Van4NPvR 21. 145280 
这个人掉线了 c5fjyiG9HYrHrzJnyLsMZSkw6M5JzkZWUY 21. 145408 
这个人掉线了 cKmsqZLYAY8xjsqSaFdUy2jUuewBpCCcf9 21. 145536 
这个人掉线了 cNsdgX2hL8tpZuNV8pbqpcmmQXFYgyoHb3 21. 145664 
这个人掉线了 cJzdd4agJhJR7psxQeH7beLeqarzeRrVWz 21. 145792 
这个人掉线了 cNqpoUrBTpPvGzpFsimJRMm1uDjvDPpigj 21. 145920 
这个人掉线了 c582jFX2DfF45B65YSKN31qk6Ft9ckVAJm 21. 146048 
这个人掉线了 cKqAK2TLS5AiGm75CAuVLUv4D38MyqTD9M 21. 146176 
这个人掉线了 c5AYPcDMUGr5JHErEo5y43SZG8JsF8YjG5 21. 146304 
这个人掉线了 cH4RweoyEU363G5p7P2D1bEe5uccLNFJgC 21. 146432 
这个人掉线了 cGS6P65poK8GN5yhAtBj5ddDuDFh3k4YW8 21. 146560 
这个人掉线了 c4aG5yDeGo4TqR6C9r2vBaaNXmR2Ro17SV 21. 146688 
这个人掉线了 cHdATqSzszEe335hM8kaNM267SH98BCpbx 21. 146816 
这个人掉线了 cDUwDnum3J5bQo78LDWcCJLAASqRP4VSan 21. 146944 
这个人掉线了 cCjrLJHLRUZci2Ak1W2BbgchJQLoQo86d7 21. 147072 
这个人掉线了 c81E6nEaLHJ25mFRTDSMar5YjmrYLsNr5v 21. 147200 
这个人掉线了 cCuaHXAe1hcEGgqz6eg8QC9UKQHZ1Cq2Qo 21. 147328 
这个人掉线了 c3MCDGU8vFk6waxeeRbBUt3QaRvB6q1TAH 21. 147456 
这个人掉线了 cCmcRqAdKd24ft1Nuwzc6p1Uf5R47RSAUF 21. 147584 
这个人掉线了 cBy33bW2b8QX3Th6mjkpHRykPGLN9ahG9p 21. 147712 
这个人掉线了 cKySkYVB4MhWhKczSUmY7WhF638hPx6U8N 21. 147840 
这个人掉线了 c4wQ1qXmKFBBGeHeiT5QsB9oKwsGYmK2eA 21. 147968 
这个人掉线了 cBpRE96Ff1RR3kVoN9Hky6pnAtTky8cP4s 21. 148096 
这个人掉线了 c7y8jqVoAmP9uHA6bYxT66KSPXz14tSahH 21. 148224 
这个人掉线了 cKqjHi8u4n5RJJa1CxHgZbwHXS9cKC5Ekw 21. 148352 
这个人掉线了 cNQzoCNDDYY2uqBEW6fb7B6HzFjyz6oCt8 21. 148480 
这个人掉线了 cM8wVfYBZq6KtXCKAobMH9g9jLTcSfCiw5 21. 148608 
这个人掉线了 cFG8tkEage2m5qnpsd8giKe9kad6ACF3BY 21. 148736 
这个人掉线了 cNhu1W73hSpHzwJfzGbHf1tM9KWSGTtC8U 21. 148864 
这个人掉线了 cLrUCNAWPyPH96bqqC3JQXZ3CtsvvXmNj1 21. 148992 
这个人掉线了 cPDXYf8tLYdv8LG43RxgHbNLi1ouxDcP8p 21. 149120 
这个人掉线了 cPNWUU9oB4NaxFagHDafkD2p54phRGSwqh 21. 149248 
这个人掉线了 c6kHiX6mRcy3KeWCeb7MYAd8pfnDhnz8V7 21. 149376 
这个人掉线了 cMyZAA4V27jEmysddCxCqXKAeN2bBvDsVU 21. 149504 
这个人掉线了 c7LefZDapLTMcazj5gJdJJE4PePHQ2qpNu 21. 149632 
这个人掉线了 cGQ5NPs1k59LxCvxECXLKNpr4TezDvhMZn 21. 149760 
这个人掉线了 c2LMjYRGQbGAuNWBNyWrRr81WXzaZJqMdW 21. 149888 
这个人掉线了 c5QActCYGusL7wEwV8sDTZ6QcekFBjBMhv 21. 150016 
这个人掉线了 cFtYf1e5Ng5QhZzHiPMvDyV3NQHxKBnLmV 21. 150144 
这个人掉线了 c5rSRneu7iXf8r8N87raRev24kHGmkvPMT 21. 150272 
这个人掉线了 cH6L4muHgCsNwfqFPEMMBJwTG6NWhVWqiv 21. 150400 
这个人掉线了 cMPVU5d8U87bqPTZsLaWiyAv5UbZwMENip 21. 150528 
这个人掉线了 cD4rsua9vmVMiPouRL7MJJcVPWKtQu8E5X 21. 150656 
这个人掉线了 c6XZmkn23mSbiVVydY8WcEJSebM9RpRq8V 21. 150784 
这个人掉线了 cMtCaC4WmjBjZYbzrGZREJ9imX479XxpsM 21. 150912 
这个人掉线了 cFtR9y1R2zvvd7DXUE5cQu4wVuHzMzKFXW 21. 151040 
这个人掉线了 cERnwrsCNpy4b8hQ683zpRFPw88yXuVXES 21. 151168 
这个人掉线了 cBRJCW5SXiaJzDEFQhmLhCjizEBaprHj9w 21. 151296 
这个人掉线了 cCTtPZA7Ry9qEnLJm6yyWGFswdFC5hiMhe 21. 151424 
这个人掉线了 c3e7TaDkuPcWC8L7GfkixXsaZDpP5Rtasg 21. 151552 
这个人掉线了 cMbTY5hZ2RXCVGPYgwjp3ybnM1EyQenDiy 21. 151680 
这个人掉线了 cBgQkrwMZdQzu3QgtkN4vTbDB2Zf7F9ndm 21. 151808 
这个人掉线了 c8Ke6FeamgemKfaAdppcUVoGfModE4CEyT 21. 151936 
这个人掉线了 cKcsAB6U1KSkUrUsLr1ysdK5UrfCmFribi 21. 152064 
这个人掉线了 cLxoe3BFVFWJitksZZU7r7pyPbGxdV9FEw 21. 152192 
生成区块 6b7d7 22. cCET2Sxt2LPDhx44wxJ9uhkpviKNrSacvE time: 152320 
这个人掉线了 cFEaSoF3QceWxjnLsg9FoQyLVcUzVEpkSP 22. 152448 
这个人掉线了 cGnmjV6fk5kFbTWztDtZhyr1a4Van4NPvR 22. 152576 
这个人掉线了 c5fjyiG9HYrHrzJnyLsMZSkw6M5JzkZWUY 22. 152704 
这个人掉线了 cKmsqZLYAY8xjsqSaFdUy2jUuewBpCCcf9 22. 152832 
这个人掉线了 cNsdgX2hL8tpZuNV8pbqpcmmQXFYgyoHb3 22. 152960 
这个人掉线了 cJzdd4agJhJR7psxQeH7beLeqarzeRrVWz 22. 153088 
这个人掉线了 cNqpoUrBTpPvGzpFsimJRMm1uDjvDPpigj 22. 153216 
这个人掉线了 c582jFX2DfF45B65YSKN31qk6Ft9ckVAJm 22. 153344 
这个人掉线了 cKqAK2TLS5AiGm75CAuVLUv4D38MyqTD9M 22. 153472 
这个人掉线了 c5AYPcDMUGr5JHErEo5y43SZG8JsF8YjG5 22. 153600 
这个人掉线了 cH4RweoyEU363G5p7P2D1bEe5uccLNFJgC 22. 153728 
这个人掉线了 cGS6P65poK8GN5yhAtBj5ddDuDFh3k4YW8 22. 153856 
这个人掉线了 c4aG5yDeGo4TqR6C9r2vBaaNXmR2Ro17SV 22. 153984 
这个人掉线了 cHdATqSzszEe335hM8kaNM267SH98BCpbx 22. 154112 
这个人掉线了 cDUwDnum3J5bQo78LDWcCJLAASqRP4VSan 22. 154240 
这个人掉线了 cCjrLJHLRUZci2Ak1W2BbgchJQLoQo86d7 22. 154368 
这个人掉线了 c81E6nEaLHJ25mFRTDSMar5YjmrYLsNr5v 22. 154496 
这个人掉线了 cCuaHXAe1hcEGgqz6eg8QC9UKQHZ1Cq2Qo 22. 154624 
这个人掉线了 c3MCDGU8vFk6waxeeRbBUt3QaRvB6q1TAH 22. 154752 
这个人掉线了 cCmcRqAdKd24ft1Nuwzc6p1Uf5R47RSAUF 22. 154880 
这个人掉线了 cBy33bW2b8QX3Th6mjkpHRykPGLN9ahG9p 22. 155008 
这个人掉线了 cKySkYVB4MhWhKczSUmY7WhF638hPx6U8N 22. 155136 
这个人掉线了 c4wQ1qXmKFBBGeHeiT5QsB9oKwsGYmK2eA 22. 155264 
这个人掉线了 cBpRE96Ff1RR3kVoN9Hky6pnAtTky8cP4s 22. 155392 
这个人掉线了 c7y8jqVoAmP9uHA6bYxT66KSPXz14tSahH 22. 155520 
这个人掉线了 cKqjHi8u4n5RJJa1CxHgZbwHXS9cKC5Ekw 22. 155648 
这个人掉线了 cNQzoCNDDYY2uqBEW6fb7B6HzFjyz6oCt8 22. 155776 
这个人掉线了 cM8wVfYBZq6KtXCKAobMH9g9jLTcSfCiw5 22. 155904 
这个人掉线了 cFG8tkEage2m5qnpsd8giKe9kad6ACF3BY 22. 156032 
这个人掉线了 cNhu1W73hSpHzwJfzGbHf1tM9KWSGTtC8U 22. 156160 
这个人掉线了 cLrUCNAWPyPH96bqqC3JQXZ3CtsvvXmNj1 22. 156288 
这个人掉线了 cPDXYf8tLYdv8LG43RxgHbNLi1ouxDcP8p 22. 156416 
这个人掉线了 cPNWUU9oB4NaxFagHDafkD2p54phRGSwqh 22. 156544 
这个人掉线了 c6kHiX6mRcy3KeWCeb7MYAd8pfnDhnz8V7 22. 156672 
这个人掉线了 cMyZAA4V27jEmysddCxCqXKAeN2bBvDsVU 22. 156800 
这个人掉线了 c7LefZDapLTMcazj5gJdJJE4PePHQ2qpNu 22. 156928 
这个人掉线了 cGQ5NPs1k59LxCvxECXLKNpr4TezDvhMZn 22. 157056 
这个人掉线了 c2LMjYRGQbGAuNWBNyWrRr81WXzaZJqMdW 22. 157184 
这个人掉线了 c5QActCYGusL7wEwV8sDTZ6QcekFBjBMhv 22. 157312 
这个人掉线了 cFtYf1e5Ng5QhZzHiPMvDyV3NQHxKBnLmV 22. 157440 
这个人掉线了 c5rSRneu7iXf8r8N87raRev24kHGmkvPMT 22. 157568 
这个人掉线了 cH6L4muHgCsNwfqFPEMMBJwTG6NWhVWqiv 22. 157696 
这个人掉线了 cMPVU5d8U87bqPTZsLaWiyAv5UbZwMENip 22. 157824 
这个人掉线了 cD4rsua9vmVMiPouRL7MJJcVPWKtQu8E5X 22. 157952 
这个人掉线了 c6XZmkn23mSbiVVydY8WcEJSebM9RpRq8V 22. 158080 
这个人掉线了 cMtCaC4WmjBjZYbzrGZREJ9imX479XxpsM 22. 158208 
这个人掉线了 cFtR9y1R2zvvd7DXUE5cQu4wVuHzMzKFXW 22. 158336 
这个人掉线了 cERnwrsCNpy4b8hQ683zpRFPw88yXuVXES 22. 158464 
这个人掉线了 cBRJCW5SXiaJzDEFQhmLhCjizEBaprHj9w 22. 158592 
这个人掉线了 cCTtPZA7Ry9qEnLJm6yyWGFswdFC5hiMhe 22. 158720 
这个人掉线了 c3e7TaDkuPcWC8L7GfkixXsaZDpP5Rtasg 22. 158848 
这个人掉线了 cMbTY5hZ2RXCVGPYgwjp3ybnM1EyQenDiy 22. 158976 
这个人掉线了 cBgQkrwMZdQzu3QgtkN4vTbDB2Zf7F9ndm 22. 159104 
这个人掉线了 c8Ke6FeamgemKfaAdppcUVoGfModE4CEyT 22. 159232 
这个人掉线了 cKcsAB6U1KSkUrUsLr1ysdK5UrfCmFribi 22. 159360 
这个人掉线了 cLxoe3BFVFWJitksZZU7r7pyPbGxdV9FEw 22. 159488 
生成区块 802a5 23. cCET2Sxt2LPDhx44wxJ9uhkpviKNrSacvE time: 159616 
这个人掉线了 cFEaSoF3QceWxjnLsg9FoQyLVcUzVEpkSP 23. 159744 
这个人掉线了 cGnmjV6fk5kFbTWztDtZhyr1a4Van4NPvR 23. 159872 
这个人掉线了 c5fjyiG9HYrHrzJnyLsMZSkw6M5JzkZWUY 23. 160000 
这个人掉线了 cKmsqZLYAY8xjsqSaFdUy2jUuewBpCCcf9 23. 160128 
这个人掉线了 cNsdgX2hL8tpZuNV8pbqpcmmQXFYgyoHb3 23. 160256 
这个人掉线了 cJzdd4agJhJR7psxQeH7beLeqarzeRrVWz 23. 160384 
这个人掉线了 cNqpoUrBTpPvGzpFsimJRMm1uDjvDPpigj 23. 160512 
这个人掉线了 c582jFX2DfF45B65YSKN31qk6Ft9ckVAJm 23. 160640 
这个人掉线了 cKqAK2TLS5AiGm75CAuVLUv4D38MyqTD9M 23. 160768 
这个人掉线了 c5AYPcDMUGr5JHErEo5y43SZG8JsF8YjG5 23. 160896 
这个人掉线了 cH4RweoyEU363G5p7P2D1bEe5uccLNFJgC 23. 161024 
这个人掉线了 cGS6P65poK8GN5yhAtBj5ddDuDFh3k4YW8 23. 161152 
这个人掉线了 c4aG5yDeGo4TqR6C9r2vBaaNXmR2Ro17SV 23. 161280 
这个人掉线了 cHdATqSzszEe335hM8kaNM267SH98BCpbx 23. 161408 
这个人掉线了 cDUwDnum3J5bQo78LDWcCJLAASqRP4VSan 23. 161536 
这个人掉线了 cCjrLJHLRUZci2Ak1W2BbgchJQLoQo86d7 23. 161664 
这个人掉线了 c81E6nEaLHJ25mFRTDSMar5YjmrYLsNr5v 23. 161792 
这个人掉线了 cCuaHXAe1hcEGgqz6eg8QC9UKQHZ1Cq2Qo 23. 161920 
这个人掉线了 c3MCDGU8vFk6waxeeRbBUt3QaRvB6q1TAH 23. 162048 
这个人掉线了 cCmcRqAdKd24ft1Nuwzc6p1Uf5R47RSAUF 23. 162176 
这个人掉线了 cBy33bW2b8QX3Th6mjkpHRykPGLN9ahG9p 23. 162304 
这个人掉线了 cKySkYVB4MhWhKczSUmY7WhF638hPx6U8N 23. 162432 
这个人掉线了 c4wQ1qXmKFBBGeHeiT5QsB9oKwsGYmK2eA 23. 162560 
这个人掉线了 cBpRE96Ff1RR3kVoN9Hky6pnAtTky8cP4s 23. 162688 
这个人掉线了 c7y8jqVoAmP9uHA6bYxT66KSPXz14tSahH 23. 162816 
这个人掉线了 cKqjHi8u4n5RJJa1CxHgZbwHXS9cKC5Ekw 23. 162944 
这个人掉线了 cNQzoCNDDYY2uqBEW6fb7B6HzFjyz6oCt8 23. 163072 
这个人掉线了 cM8wVfYBZq6KtXCKAobMH9g9jLTcSfCiw5 23. 163200 
这个人掉线了 cFG8tkEage2m5qnpsd8giKe9kad6ACF3BY 23. 163328 
这个人掉线了 cNhu1W73hSpHzwJfzGbHf1tM9KWSGTtC8U 23. 163456 
这个人掉线了 cLrUCNAWPyPH96bqqC3JQXZ3CtsvvXmNj1 23. 163584 
这个人掉线了 cPDXYf8tLYdv8LG43RxgHbNLi1ouxDcP8p 23. 163712 
这个人掉线了 cPNWUU9oB4NaxFagHDafkD2p54phRGSwqh 23. 163840 
这个人掉线了 c6kHiX6mRcy3KeWCeb7MYAd8pfnDhnz8V7 23. 163968 
这个人掉线了 cMyZAA4V27jEmysddCxCqXKAeN2bBvDsVU 23. 164096 
这个人掉线了 c7LefZDapLTMcazj5gJdJJE4PePHQ2qpNu 23. 164224 
这个人掉线了 cGQ5NPs1k59LxCvxECXLKNpr4TezDvhMZn 23. 164352 
这个人掉线了 c2LMjYRGQbGAuNWBNyWrRr81WXzaZJqMdW 23. 164480 
这个人掉线了 c5QActCYGusL7wEwV8sDTZ6QcekFBjBMhv 23. 164608 
这个人掉线了 cFtYf1e5Ng5QhZzHiPMvDyV3NQHxKBnLmV 23. 164736 
这个人掉线了 c5rSRneu7iXf8r8N87raRev24kHGmkvPMT 23. 164864 
这个人掉线了 cH6L4muHgCsNwfqFPEMMBJwTG6NWhVWqiv 23. 164992 
这个人掉线了 cMPVU5d8U87bqPTZsLaWiyAv5UbZwMENip 23. 165120 
这个人掉线了 cD4rsua9vmVMiPouRL7MJJcVPWKtQu8E5X 23. 165248 
这个人掉线了 c6XZmkn23mSbiVVydY8WcEJSebM9RpRq8V 23. 165376 
这个人掉线了 cMtCaC4WmjBjZYbzrGZREJ9imX479XxpsM 23. 165504 
这个人掉线了 cFtR9y1R2zvvd7DXUE5cQu4wVuHzMzKFXW 23. 165632 
这个人掉线了 cERnwrsCNpy4b8hQ683zpRFPw88yXuVXES 23. 165760 
这个人掉线了 cBRJCW5SXiaJzDEFQhmLhCjizEBaprHj9w 23. 165888 
这个人掉线了 cCTtPZA7Ry9qEnLJm6yyWGFswdFC5hiMhe 23. 166016 
这个人掉线了 c3e7TaDkuPcWC8L7GfkixXsaZDpP5Rtasg 23. 166144 
这个人掉线了 cMbTY5hZ2RXCVGPYgwjp3ybnM1EyQenDiy 23. 166272 
这个人掉线了 cBgQkrwMZdQzu3QgtkN4vTbDB2Zf7F9ndm 23. 166400 
这个人掉线了 c8Ke6FeamgemKfaAdppcUVoGfModE4CEyT 23. 166528 
这个人掉线了 cKcsAB6U1KSkUrUsLr1ysdK5UrfCmFribi 23. 166656 
这个人掉线了 cLxoe3BFVFWJitksZZU7r7pyPbGxdV9FEw 23. 166784 
生成区块 532ca 24. cCET2Sxt2LPDhx44wxJ9uhkpviKNrSacvE time: 166912 
这个人掉线了 cFEaSoF3QceWxjnLsg9FoQyLVcUzVEpkSP 24. 167040 
这个人掉线了 cGnmjV6fk5kFbTWztDtZhyr1a4Van4NPvR 24. 167168 
这个人掉线了 c5fjyiG9HYrHrzJnyLsMZSkw6M5JzkZWUY 24. 167296 
这个人掉线了 cKmsqZLYAY8xjsqSaFdUy2jUuewBpCCcf9 24. 167424 
这个人掉线了 cNsdgX2hL8tpZuNV8pbqpcmmQXFYgyoHb3 24. 167552 
这个人掉线了 cJzdd4agJhJR7psxQeH7beLeqarzeRrVWz 24. 167680 
这个人掉线了 cNqpoUrBTpPvGzpFsimJRMm1uDjvDPpigj 24. 167808 
这个人掉线了 c582jFX2DfF45B65YSKN31qk6Ft9ckVAJm 24. 167936 
这个人掉线了 cKqAK2TLS5AiGm75CAuVLUv4D38MyqTD9M 24. 168064 
这个人掉线了 c5AYPcDMUGr5JHErEo5y43SZG8JsF8YjG5 24. 168192 
这个人掉线了 cH4RweoyEU363G5p7P2D1bEe5uccLNFJgC 24. 168320 
这个人掉线了 cGS6P65poK8GN5yhAtBj5ddDuDFh3k4YW8 24. 168448 
这个人掉线了 c4aG5yDeGo4TqR6C9r2vBaaNXmR2Ro17SV 24. 168576 
这个人掉线了 cHdATqSzszEe335hM8kaNM267SH98BCpbx 24. 168704 
这个人掉线了 cDUwDnum3J5bQo78LDWcCJLAASqRP4VSan 24. 168832 
这个人掉线了 cCjrLJHLRUZci2Ak1W2BbgchJQLoQo86d7 24. 168960 
这个人掉线了 c81E6nEaLHJ25mFRTDSMar5YjmrYLsNr5v 24. 169088 
这个人掉线了 cCuaHXAe1hcEGgqz6eg8QC9UKQHZ1Cq2Qo 24. 169216 
这个人掉线了 c3MCDGU8vFk6waxeeRbBUt3QaRvB6q1TAH 24. 169344 
这个人掉线了 cCmcRqAdKd24ft1Nuwzc6p1Uf5R47RSAUF 24. 169472 
这个人掉线了 cBy33bW2b8QX3Th6mjkpHRykPGLN9ahG9p 24. 169600 
这个人掉线了 cKySkYVB4MhWhKczSUmY7WhF638hPx6U8N 24. 169728 
这个人掉线了 c4wQ1qXmKFBBGeHeiT5QsB9oKwsGYmK2eA 24. 169856 
这个人掉线了 cBpRE96Ff1RR3kVoN9Hky6pnAtTky8cP4s 24. 169984 
这个人掉线了 c7y8jqVoAmP9uHA6bYxT66KSPXz14tSahH 24. 170112 
这个人掉线了 cKqjHi8u4n5RJJa1CxHgZbwHXS9cKC5Ekw 24. 170240 
这个人掉线了 cNQzoCNDDYY2uqBEW6fb7B6HzFjyz6oCt8 24. 170368 
这个人掉线了 cM8wVfYBZq6KtXCKAobMH9g9jLTcSfCiw5 24. 170496 
这个人掉线了 cFG8tkEage2m5qnpsd8giKe9kad6ACF3BY 24. 170624 
这个人掉线了 cNhu1W73hSpHzwJfzGbHf1tM9KWSGTtC8U 24. 170752 
这个人掉线了 cLrUCNAWPyPH96bqqC3JQXZ3CtsvvXmNj1 24. 170880 
这个人掉线了 cPDXYf8tLYdv8LG43RxgHbNLi1ouxDcP8p 24. 171008 
这个人掉线了 cPNWUU9oB4NaxFagHDafkD2p54phRGSwqh 24. 171136 
这个人掉线了 c6kHiX6mRcy3KeWCeb7MYAd8pfnDhnz8V7 24. 171264 
这个人掉线了 cMyZAA4V27jEmysddCxCqXKAeN2bBvDsVU 24. 171392 
这个人掉线了 c7LefZDapLTMcazj5gJdJJE4PePHQ2qpNu 24. 171520 
这个人掉线了 cGQ5NPs1k59LxCvxECXLKNpr4TezDvhMZn 24. 171648 
这个人掉线了 c2LMjYRGQbGAuNWBNyWrRr81WXzaZJqMdW 24. 171776 
这个人掉线了 c5QActCYGusL7wEwV8sDTZ6QcekFBjBMhv 24. 171904 
这个人掉线了 cFtYf1e5Ng5QhZzHiPMvDyV3NQHxKBnLmV 24. 172032 
这个人掉线了 c5rSRneu7iXf8r8N87raRev24kHGmkvPMT 24. 172160 
这个人掉线了 cH6L4muHgCsNwfqFPEMMBJwTG6NWhVWqiv 24. 172288 
这个人掉线了 cMPVU5d8U87bqPTZsLaWiyAv5UbZwMENip 24. 172416 
这个人掉线了 cD4rsua9vmVMiPouRL7MJJcVPWKtQu8E5X 24. 172544 
这个人掉线了 c6XZmkn23mSbiVVydY8WcEJSebM9RpRq8V 24. 172672 
这个人掉线了 cMtCaC4WmjBjZYbzrGZREJ9imX479XxpsM 24. 172800 
这个人掉线了 cFtR9y1R2zvvd7DXUE5cQu4wVuHzMzKFXW 24. 172928 
这个人掉线了 cERnwrsCNpy4b8hQ683zpRFPw88yXuVXES 24. 173056 
这个人掉线了 cBRJCW5SXiaJzDEFQhmLhCjizEBaprHj9w 24. 173184 
这个人掉线了 cCTtPZA7Ry9qEnLJm6yyWGFswdFC5hiMhe 24. 173312 
这个人掉线了 c3e7TaDkuPcWC8L7GfkixXsaZDpP5Rtasg 24. 173440 
这个人掉线了 cMbTY5hZ2RXCVGPYgwjp3ybnM1EyQenDiy 24. 173568 
这个人掉线了 cBgQkrwMZdQzu3QgtkN4vTbDB2Zf7F9ndm 24. 173696 
这个人掉线了 c8Ke6FeamgemKfaAdppcUVoGfModE4CEyT 24. 173824 
这个人掉线了 cKcsAB6U1KSkUrUsLr1ysdK5UrfCmFribi 24. 173952 
这个人掉线了 cLxoe3BFVFWJitksZZU7r7pyPbGxdV9FEw 24. 174080 
生成区块 4f761 25. cCET2Sxt2LPDhx44wxJ9uhkpviKNrSacvE time: 174208 
这个人掉线了 cFEaSoF3QceWxjnLsg9FoQyLVcUzVEpkSP 25. 174336 
这个人掉线了 cGnmjV6fk5kFbTWztDtZhyr1a4Van4NPvR 25. 174464 
这个人掉线了 c5fjyiG9HYrHrzJnyLsMZSkw6M5JzkZWUY 25. 174592 
这个人掉线了 cKmsqZLYAY8xjsqSaFdUy2jUuewBpCCcf9 25. 174720 
这个人掉线了 cNsdgX2hL8tpZuNV8pbqpcmmQXFYgyoHb3 25. 174848 
这个人掉线了 cJzdd4agJhJR7psxQeH7beLeqarzeRrVWz 25. 174976 
这个人掉线了 cNqpoUrBTpPvGzpFsimJRMm1uDjvDPpigj 25. 175104 
这个人掉线了 c582jFX2DfF45B65YSKN31qk6Ft9ckVAJm 25. 175232 
这个人掉线了 cKqAK2TLS5AiGm75CAuVLUv4D38MyqTD9M 25. 175360 
这个人掉线了 c5AYPcDMUGr5JHErEo5y43SZG8JsF8YjG5 25. 175488 
这个人掉线了 cH4RweoyEU363G5p7P2D1bEe5uccLNFJgC 25. 175616 
这个人掉线了 cGS6P65poK8GN5yhAtBj5ddDuDFh3k4YW8 25. 175744 
这个人掉线了 c4aG5yDeGo4TqR6C9r2vBaaNXmR2Ro17SV 25. 175872 
这个人掉线了 cHdATqSzszEe335hM8kaNM267SH98BCpbx 25. 176000 
这个人掉线了 cDUwDnum3J5bQo78LDWcCJLAASqRP4VSan 25. 176128 
这个人掉线了 cCjrLJHLRUZci2Ak1W2BbgchJQLoQo86d7 25. 176256 
这个人掉线了 c81E6nEaLHJ25mFRTDSMar5YjmrYLsNr5v 25. 176384 
这个人掉线了 cCuaHXAe1hcEGgqz6eg8QC9UKQHZ1Cq2Qo 25. 176512 
这个人掉线了 c3MCDGU8vFk6waxeeRbBUt3QaRvB6q1TAH 25. 176640 
这个人掉线了 cCmcRqAdKd24ft1Nuwzc6p1Uf5R47RSAUF 25. 176768 
这个人掉线了 cBy33bW2b8QX3Th6mjkpHRykPGLN9ahG9p 25. 176896 
这个人掉线了 cKySkYVB4MhWhKczSUmY7WhF638hPx6U8N 25. 177024 
这个人掉线了 c4wQ1qXmKFBBGeHeiT5QsB9oKwsGYmK2eA 25. 177152 
这个人掉线了 cBpRE96Ff1RR3kVoN9Hky6pnAtTky8cP4s 25. 177280 
这个人掉线了 c7y8jqVoAmP9uHA6bYxT66KSPXz14tSahH 25. 177408 
这个人掉线了 cKqjHi8u4n5RJJa1CxHgZbwHXS9cKC5Ekw 25. 177536 
这个人掉线了 cNQzoCNDDYY2uqBEW6fb7B6HzFjyz6oCt8 25. 177664 
这个人掉线了 cM8wVfYBZq6KtXCKAobMH9g9jLTcSfCiw5 25. 177792 
这个人掉线了 cFG8tkEage2m5qnpsd8giKe9kad6ACF3BY 25. 177920 
这个人掉线了 cNhu1W73hSpHzwJfzGbHf1tM9KWSGTtC8U 25. 178048 
这个人掉线了 cLrUCNAWPyPH96bqqC3JQXZ3CtsvvXmNj1 25. 178176 
这个人掉线了 cPDXYf8tLYdv8LG43RxgHbNLi1ouxDcP8p 25. 178304 
这个人掉线了 cPNWUU9oB4NaxFagHDafkD2p54phRGSwqh 25. 178432 
这个人掉线了 c6kHiX6mRcy3KeWCeb7MYAd8pfnDhnz8V7 25. 178560 
这个人掉线了 cMyZAA4V27jEmysddCxCqXKAeN2bBvDsVU 25. 178688 
这个人掉线了 c7LefZDapLTMcazj5gJdJJE4PePHQ2qpNu 25. 178816 
这个人掉线了 cGQ5NPs1k59LxCvxECXLKNpr4TezDvhMZn 25. 178944 
这个人掉线了 c2LMjYRGQbGAuNWBNyWrRr81WXzaZJqMdW 25. 179072 
这个人掉线了 c5QActCYGusL7wEwV8sDTZ6QcekFBjBMhv 25. 179200 
这个人掉线了 cFtYf1e5Ng5QhZzHiPMvDyV3NQHxKBnLmV 25. 179328 
这个人掉线了 c5rSRneu7iXf8r8N87raRev24kHGmkvPMT 25. 179456 
这个人掉线了 cH6L4muHgCsNwfqFPEMMBJwTG6NWhVWqiv 25. 179584 
这个人掉线了 cMPVU5d8U87bqPTZsLaWiyAv5UbZwMENip 25. 179712 
这个人掉线了 cD4rsua9vmVMiPouRL7MJJcVPWKtQu8E5X 25. 179840 
这个人掉线了 c6XZmkn23mSbiVVydY8WcEJSebM9RpRq8V 25. 179968 
这个人掉线了 cMtCaC4WmjBjZYbzrGZREJ9imX479XxpsM 25. 180096 
这个人掉线了 cFtR9y1R2zvvd7DXUE5cQu4wVuHzMzKFXW 25. 180224 
这个人掉线了 cERnwrsCNpy4b8hQ683zpRFPw88yXuVXES 25. 180352 
这个人掉线了 cBRJCW5SXiaJzDEFQhmLhCjizEBaprHj9w 25. 180480 
这个人掉线了 cCTtPZA7Ry9qEnLJm6yyWGFswdFC5hiMhe 25. 180608 
这个人掉线了 c3e7TaDkuPcWC8L7GfkixXsaZDpP5Rtasg 25. 180736 
这个人掉线了 cMbTY5hZ2RXCVGPYgwjp3ybnM1EyQenDiy 25. 180864 
这个人掉线了 cBgQkrwMZdQzu3QgtkN4vTbDB2Zf7F9ndm 25. 180992 
这个人掉线了 c8Ke6FeamgemKfaAdppcUVoGfModE4CEyT 25. 181120 
这个人掉线了 cKcsAB6U1KSkUrUsLr1ysdK5UrfCmFribi 25. 181248 
这个人掉线了 cLxoe3BFVFWJitksZZU7r7pyPbGxdV9FEw 25. 181376 
生成区块 5262d 26. cCET2Sxt2LPDhx44wxJ9uhkpviKNrSacvE time: 181504 
这个人掉线了 cFEaSoF3QceWxjnLsg9FoQyLVcUzVEpkSP 26. 181632 
这个人掉线了 cGnmjV6fk5kFbTWztDtZhyr1a4Van4NPvR 26. 181760 
这个人掉线了 c5fjyiG9HYrHrzJnyLsMZSkw6M5JzkZWUY 26. 181888 
这个人掉线了 cKmsqZLYAY8xjsqSaFdUy2jUuewBpCCcf9 26. 182016 
这个人掉线了 cNsdgX2hL8tpZuNV8pbqpcmmQXFYgyoHb3 26. 182144 
这个人掉线了 cJzdd4agJhJR7psxQeH7beLeqarzeRrVWz 26. 182272 
这个人掉线了 cNqpoUrBTpPvGzpFsimJRMm1uDjvDPpigj 26. 182400 
这个人掉线了 c582jFX2DfF45B65YSKN31qk6Ft9ckVAJm 26. 182528 
这个人掉线了 cKqAK2TLS5AiGm75CAuVLUv4D38MyqTD9M 26. 182656 
这个人掉线了 c5AYPcDMUGr5JHErEo5y43SZG8JsF8YjG5 26. 182784 
这个人掉线了 cH4RweoyEU363G5p7P2D1bEe5uccLNFJgC 26. 182912 
这个人掉线了 cGS6P65poK8GN5yhAtBj5ddDuDFh3k4YW8 26. 183040 
这个人掉线了 c4aG5yDeGo4TqR6C9r2vBaaNXmR2Ro17SV 26. 183168 
这个人掉线了 cHdATqSzszEe335hM8kaNM267SH98BCpbx 26. 183296 
这个人掉线了 cDUwDnum3J5bQo78LDWcCJLAASqRP4VSan 26. 183424 
这个人掉线了 cCjrLJHLRUZci2Ak1W2BbgchJQLoQo86d7 26. 183552 
这个人掉线了 c81E6nEaLHJ25mFRTDSMar5YjmrYLsNr5v 26. 183680 
这个人掉线了 cCuaHXAe1hcEGgqz6eg8QC9UKQHZ1Cq2Qo 26. 183808 
这个人掉线了 c3MCDGU8vFk6waxeeRbBUt3QaRvB6q1TAH 26. 183936 
这个人掉线了 cCmcRqAdKd24ft1Nuwzc6p1Uf5R47RSAUF 26. 184064 
这个人掉线了 cBy33bW2b8QX3Th6mjkpHRykPGLN9ahG9p 26. 184192 
这个人掉线了 cKySkYVB4MhWhKczSUmY7WhF638hPx6U8N 26. 184320 
这个人掉线了 c4wQ1qXmKFBBGeHeiT5QsB9oKwsGYmK2eA 26. 184448 
这个人掉线了 cBpRE96Ff1RR3kVoN9Hky6pnAtTky8cP4s 26. 184576 
这个人掉线了 c7y8jqVoAmP9uHA6bYxT66KSPXz14tSahH 26. 184704 
这个人掉线了 cKqjHi8u4n5RJJa1CxHgZbwHXS9cKC5Ekw 26. 184832 
这个人掉线了 cNQzoCNDDYY2uqBEW6fb7B6HzFjyz6oCt8 26. 184960 
这个人掉线了 cM8wVfYBZq6KtXCKAobMH9g9jLTcSfCiw5 26. 185088 
这个人掉线了 cFG8tkEage2m5qnpsd8giKe9kad6ACF3BY 26. 185216 
这个人掉线了 cNhu1W73hSpHzwJfzGbHf1tM9KWSGTtC8U 26. 185344 
这个人掉线了 cLrUCNAWPyPH96bqqC3JQXZ3CtsvvXmNj1 26. 185472 
这个人掉线了 cPDXYf8tLYdv8LG43RxgHbNLi1ouxDcP8p 26. 185600 
这个人掉线了 cPNWUU9oB4NaxFagHDafkD2p54phRGSwqh 26. 185728 
这个人掉线了 c6kHiX6mRcy3KeWCeb7MYAd8pfnDhnz8V7 26. 185856 
这个人掉线了 cMyZAA4V27jEmysddCxCqXKAeN2bBvDsVU 26. 185984 
这个人掉线了 c7LefZDapLTMcazj5gJdJJE4PePHQ2qpNu 26. 186112 
这个人掉线了 cGQ5NPs1k59LxCvxECXLKNpr4TezDvhMZn 26. 186240 
这个人掉线了 c2LMjYRGQbGAuNWBNyWrRr81WXzaZJqMdW 26. 186368 
这个人掉线了 c5QActCYGusL7wEwV8sDTZ6QcekFBjBMhv 26. 186496 
这个人掉线了 cFtYf1e5Ng5QhZzHiPMvDyV3NQHxKBnLmV 26. 186624 
这个人掉线了 c5rSRneu7iXf8r8N87raRev24kHGmkvPMT 26. 186752 
这个人掉线了 cH6L4muHgCsNwfqFPEMMBJwTG6NWhVWqiv 26. 186880 
这个人掉线了 cMPVU5d8U87bqPTZsLaWiyAv5UbZwMENip 26. 187008 
这个人掉线了 cD4rsua9vmVMiPouRL7MJJcVPWKtQu8E5X 26. 187136 
这个人掉线了 c6XZmkn23mSbiVVydY8WcEJSebM9RpRq8V 26. 187264 
这个人掉线了 cMtCaC4WmjBjZYbzrGZREJ9imX479XxpsM 26. 187392 
这个人掉线了 cFtR9y1R2zvvd7DXUE5cQu4wVuHzMzKFXW 26. 187520 
这个人掉线了 cERnwrsCNpy4b8hQ683zpRFPw88yXuVXES 26. 187648 
这个人掉线了 cBRJCW5SXiaJzDEFQhmLhCjizEBaprHj9w 26. 187776 
这个人掉线了 cCTtPZA7Ry9qEnLJm6yyWGFswdFC5hiMhe 26. 187904 
这个人掉线了 c3e7TaDkuPcWC8L7GfkixXsaZDpP5Rtasg 26. 188032 
这个人掉线了 cMbTY5hZ2RXCVGPYgwjp3ybnM1EyQenDiy 26. 188160 
这个人掉线了 cBgQkrwMZdQzu3QgtkN4vTbDB2Zf7F9ndm 26. 188288 
这个人掉线了 c8Ke6FeamgemKfaAdppcUVoGfModE4CEyT 26. 188416 
这个人掉线了 cKcsAB6U1KSkUrUsLr1ysdK5UrfCmFribi 26. 188544 
这个人掉线了 cLxoe3BFVFWJitksZZU7r7pyPbGxdV9FEw 26. 188672 
生成区块 18b46 27. cCET2Sxt2LPDhx44wxJ9uhkpviKNrSacvE time: 188800 
这个人掉线了 cFEaSoF3QceWxjnLsg9FoQyLVcUzVEpkSP 27. 188928 
这个人掉线了 cGnmjV6fk5kFbTWztDtZhyr1a4Van4NPvR 27. 189056 
这个人掉线了 c5fjyiG9HYrHrzJnyLsMZSkw6M5JzkZWUY 27. 189184 
这个人掉线了 cKmsqZLYAY8xjsqSaFdUy2jUuewBpCCcf9 27. 189312 
这个人掉线了 cNsdgX2hL8tpZuNV8pbqpcmmQXFYgyoHb3 27. 189440 
这个人掉线了 cJzdd4agJhJR7psxQeH7beLeqarzeRrVWz 27. 189568 
这个人掉线了 cNqpoUrBTpPvGzpFsimJRMm1uDjvDPpigj 27. 189696 
这个人掉线了 c582jFX2DfF45B65YSKN31qk6Ft9ckVAJm 27. 189824 
这个人掉线了 cKqAK2TLS5AiGm75CAuVLUv4D38MyqTD9M 27. 189952 
这个人掉线了 c5AYPcDMUGr5JHErEo5y43SZG8JsF8YjG5 27. 190080 
这个人掉线了 cH4RweoyEU363G5p7P2D1bEe5uccLNFJgC 27. 190208 
这个人掉线了 cGS6P65poK8GN5yhAtBj5ddDuDFh3k4YW8 27. 190336 
这个人掉线了 c4aG5yDeGo4TqR6C9r2vBaaNXmR2Ro17SV 27. 190464 
这个人掉线了 cHdATqSzszEe335hM8kaNM267SH98BCpbx 27. 190592 
这个人掉线了 cDUwDnum3J5bQo78LDWcCJLAASqRP4VSan 27. 190720 
这个人掉线了 cCjrLJHLRUZci2Ak1W2BbgchJQLoQo86d7 27. 190848 
这个人掉线了 c81E6nEaLHJ25mFRTDSMar5YjmrYLsNr5v 27. 190976 
这个人掉线了 cCuaHXAe1hcEGgqz6eg8QC9UKQHZ1Cq2Qo 27. 191104 
这个人掉线了 c3MCDGU8vFk6waxeeRbBUt3QaRvB6q1TAH 27. 191232 
这个人掉线了 cCmcRqAdKd24ft1Nuwzc6p1Uf5R47RSAUF 27. 191360 
这个人掉线了 cBy33bW2b8QX3Th6mjkpHRykPGLN9ahG9p 27. 191488 
这个人掉线了 cKySkYVB4MhWhKczSUmY7WhF638hPx6U8N 27. 191616 
这个人掉线了 c4wQ1qXmKFBBGeHeiT5QsB9oKwsGYmK2eA 27. 191744 
这个人掉线了 cBpRE96Ff1RR3kVoN9Hky6pnAtTky8cP4s 27. 191872 
这个人掉线了 c7y8jqVoAmP9uHA6bYxT66KSPXz14tSahH 27. 192000 
这个人掉线了 cKqjHi8u4n5RJJa1CxHgZbwHXS9cKC5Ekw 27. 192128 
这个人掉线了 cNQzoCNDDYY2uqBEW6fb7B6HzFjyz6oCt8 27. 192256 
这个人掉线了 cM8wVfYBZq6KtXCKAobMH9g9jLTcSfCiw5 27. 192384 
这个人掉线了 cFG8tkEage2m5qnpsd8giKe9kad6ACF3BY 27. 192512 
这个人掉线了 cNhu1W73hSpHzwJfzGbHf1tM9KWSGTtC8U 27. 192640 
这个人掉线了 cLrUCNAWPyPH96bqqC3JQXZ3CtsvvXmNj1 27. 192768 
这个人掉线了 cPDXYf8tLYdv8LG43RxgHbNLi1ouxDcP8p 27. 192896 
这个人掉线了 cPNWUU9oB4NaxFagHDafkD2p54phRGSwqh 27. 193024 
这个人掉线了 c6kHiX6mRcy3KeWCeb7MYAd8pfnDhnz8V7 27. 193152 
这个人掉线了 cMyZAA4V27jEmysddCxCqXKAeN2bBvDsVU 27. 193280 
这个人掉线了 c7LefZDapLTMcazj5gJdJJE4PePHQ2qpNu 27. 193408 
这个人掉线了 cGQ5NPs1k59LxCvxECXLKNpr4TezDvhMZn 27. 193536 
这个人掉线了 c2LMjYRGQbGAuNWBNyWrRr81WXzaZJqMdW 27. 193664 
这个人掉线了 c5QActCYGusL7wEwV8sDTZ6QcekFBjBMhv 27. 193792 
这个人掉线了 cFtYf1e5Ng5QhZzHiPMvDyV3NQHxKBnLmV 27. 193920 
这个人掉线了 c5rSRneu7iXf8r8N87raRev24kHGmkvPMT 27. 194048 
这个人掉线了 cH6L4muHgCsNwfqFPEMMBJwTG6NWhVWqiv 27. 194176 
这个人掉线了 cMPVU5d8U87bqPTZsLaWiyAv5UbZwMENip 27. 194304 
这个人掉线了 cD4rsua9vmVMiPouRL7MJJcVPWKtQu8E5X 27. 194432 
这个人掉线了 c6XZmkn23mSbiVVydY8WcEJSebM9RpRq8V 27. 194560 
这个人掉线了 cMtCaC4WmjBjZYbzrGZREJ9imX479XxpsM 27. 194688 
这个人掉线了 cFtR9y1R2zvvd7DXUE5cQu4wVuHzMzKFXW 27. 194816 
这个人掉线了 cERnwrsCNpy4b8hQ683zpRFPw88yXuVXES 27. 194944 
这个人掉线了 cBRJCW5SXiaJzDEFQhmLhCjizEBaprHj9w 27. 195072 
这个人掉线了 cCTtPZA7Ry9qEnLJm6yyWGFswdFC5hiMhe 27. 195200 
这个人掉线了 c3e7TaDkuPcWC8L7GfkixXsaZDpP5Rtasg 27. 195328 
这个人掉线了 cMbTY5hZ2RXCVGPYgwjp3ybnM1EyQenDiy 27. 195456 
这个人掉线了 cBgQkrwMZdQzu3QgtkN4vTbDB2Zf7F9ndm 27. 195584 
这个人掉线了 c8Ke6FeamgemKfaAdppcUVoGfModE4CEyT 27. 195712 
这个人掉线了 cKcsAB6U1KSkUrUsLr1ysdK5UrfCmFribi 27. 195840 
这个人掉线了 cLxoe3BFVFWJitksZZU7r7pyPbGxdV9FEw 27. 195968 
生成区块 371ba 28. cCET2Sxt2LPDhx44wxJ9uhkpviKNrSacvE time: 196096 
这个人掉线了 cFEaSoF3QceWxjnLsg9FoQyLVcUzVEpkSP 28. 196224 
这个人掉线了 cGnmjV6fk5kFbTWztDtZhyr1a4Van4NPvR 28. 196352 
这个人掉线了 c5fjyiG9HYrHrzJnyLsMZSkw6M5JzkZWUY 28. 196480 
这个人掉线了 cKmsqZLYAY8xjsqSaFdUy2jUuewBpCCcf9 28. 196608 
这个人掉线了 cNsdgX2hL8tpZuNV8pbqpcmmQXFYgyoHb3 28. 196736 
这个人掉线了 cJzdd4agJhJR7psxQeH7beLeqarzeRrVWz 28. 196864 
这个人掉线了 cNqpoUrBTpPvGzpFsimJRMm1uDjvDPpigj 28. 196992 
这个人掉线了 c582jFX2DfF45B65YSKN31qk6Ft9ckVAJm 28. 197120 
这个人掉线了 cKqAK2TLS5AiGm75CAuVLUv4D38MyqTD9M 28. 197248 
这个人掉线了 c5AYPcDMUGr5JHErEo5y43SZG8JsF8YjG5 28. 197376 
这个人掉线了 cH4RweoyEU363G5p7P2D1bEe5uccLNFJgC 28. 197504 
这个人掉线了 cGS6P65poK8GN5yhAtBj5ddDuDFh3k4YW8 28. 197632 
这个人掉线了 c4aG5yDeGo4TqR6C9r2vBaaNXmR2Ro17SV 28. 197760 
这个人掉线了 cHdATqSzszEe335hM8kaNM267SH98BCpbx 28. 197888 
这个人掉线了 cDUwDnum3J5bQo78LDWcCJLAASqRP4VSan 28. 198016 
这个人掉线了 cCjrLJHLRUZci2Ak1W2BbgchJQLoQo86d7 28. 198144 
这个人掉线了 c81E6nEaLHJ25mFRTDSMar5YjmrYLsNr5v 28. 198272 
这个人掉线了 cCuaHXAe1hcEGgqz6eg8QC9UKQHZ1Cq2Qo 28. 198400 
这个人掉线了 c3MCDGU8vFk6waxeeRbBUt3QaRvB6q1TAH 28. 198528 
这个人掉线了 cCmcRqAdKd24ft1Nuwzc6p1Uf5R47RSAUF 28. 198656 
这个人掉线了 cBy33bW2b8QX3Th6mjkpHRykPGLN9ahG9p 28. 198784 
这个人掉线了 cKySkYVB4MhWhKczSUmY7WhF638hPx6U8N 28. 198912 
这个人掉线了 c4wQ1qXmKFBBGeHeiT5QsB9oKwsGYmK2eA 28. 199040 
这个人掉线了 cBpRE96Ff1RR3kVoN9Hky6pnAtTky8cP4s 28. 199168 
这个人掉线了 c7y8jqVoAmP9uHA6bYxT66KSPXz14tSahH 28. 199296 
这个人掉线了 cKqjHi8u4n5RJJa1CxHgZbwHXS9cKC5Ekw 28. 199424 
这个人掉线了 cNQzoCNDDYY2uqBEW6fb7B6HzFjyz6oCt8 28. 199552 
这个人掉线了 cM8wVfYBZq6KtXCKAobMH9g9jLTcSfCiw5 28. 199680 
这个人掉线了 cFG8tkEage2m5qnpsd8giKe9kad6ACF3BY 28. 199808 
这个人掉线了 cNhu1W73hSpHzwJfzGbHf1tM9KWSGTtC8U 28. 199936 
这个人掉线了 cLrUCNAWPyPH96bqqC3JQXZ3CtsvvXmNj1 28. 200064 
这个人掉线了 cPDXYf8tLYdv8LG43RxgHbNLi1ouxDcP8p 28. 200192 
这个人掉线了 cPNWUU9oB4NaxFagHDafkD2p54phRGSwqh 28. 200320 
这个人掉线了 c6kHiX6mRcy3KeWCeb7MYAd8pfnDhnz8V7 28. 200448 
这个人掉线了 cMyZAA4V27jEmysddCxCqXKAeN2bBvDsVU 28. 200576 
这个人掉线了 c7LefZDapLTMcazj5gJdJJE4PePHQ2qpNu 28. 200704 
这个人掉线了 cGQ5NPs1k59LxCvxECXLKNpr4TezDvhMZn 28. 200832 
这个人掉线了 c2LMjYRGQbGAuNWBNyWrRr81WXzaZJqMdW 28. 200960 
这个人掉线了 c5QActCYGusL7wEwV8sDTZ6QcekFBjBMhv 28. 201088 
这个人掉线了 cFtYf1e5Ng5QhZzHiPMvDyV3NQHxKBnLmV 28. 201216 
这个人掉线了 c5rSRneu7iXf8r8N87raRev24kHGmkvPMT 28. 201344 
这个人掉线了 cH6L4muHgCsNwfqFPEMMBJwTG6NWhVWqiv 28. 201472 
这个人掉线了 cMPVU5d8U87bqPTZsLaWiyAv5UbZwMENip 28. 201600 
这个人掉线了 cD4rsua9vmVMiPouRL7MJJcVPWKtQu8E5X 28. 201728 
这个人掉线了 c6XZmkn23mSbiVVydY8WcEJSebM9RpRq8V 28. 201856 
这个人掉线了 cMtCaC4WmjBjZYbzrGZREJ9imX479XxpsM 28. 201984 
这个人掉线了 cFtR9y1R2zvvd7DXUE5cQu4wVuHzMzKFXW 28. 202112 
这个人掉线了 cERnwrsCNpy4b8hQ683zpRFPw88yXuVXES 28. 202240 
这个人掉线了 cBRJCW5SXiaJzDEFQhmLhCjizEBaprHj9w 28. 202368 
这个人掉线了 cCTtPZA7Ry9qEnLJm6yyWGFswdFC5hiMhe 28. 202496 
这个人掉线了 c3e7TaDkuPcWC8L7GfkixXsaZDpP5Rtasg 28. 202624 
这个人掉线了 cMbTY5hZ2RXCVGPYgwjp3ybnM1EyQenDiy 28. 202752 
这个人掉线了 cBgQkrwMZdQzu3QgtkN4vTbDB2Zf7F9ndm 28. 202880 
这个人掉线了 c8Ke6FeamgemKfaAdppcUVoGfModE4CEyT 28. 203008 
这个人掉线了 cKcsAB6U1KSkUrUsLr1ysdK5UrfCmFribi 28. 203136 
这个人掉线了 cLxoe3BFVFWJitksZZU7r7pyPbGxdV9FEw 28. 203264 
生成区块 47817 29. cCET2Sxt2LPDhx44wxJ9uhkpviKNrSacvE time: 203392 
这个人掉线了 cFEaSoF3QceWxjnLsg9FoQyLVcUzVEpkSP 29. 203520 
这个人掉线了 cGnmjV6fk5kFbTWztDtZhyr1a4Van4NPvR 29. 203648 
这个人掉线了 c5fjyiG9HYrHrzJnyLsMZSkw6M5JzkZWUY 29. 203776 
这个人掉线了 cKmsqZLYAY8xjsqSaFdUy2jUuewBpCCcf9 29. 203904 
这个人掉线了 cNsdgX2hL8tpZuNV8pbqpcmmQXFYgyoHb3 29. 204032 
这个人掉线了 cJzdd4agJhJR7psxQeH7beLeqarzeRrVWz 29. 204160 
这个人掉线了 cNqpoUrBTpPvGzpFsimJRMm1uDjvDPpigj 29. 204288 
这个人掉线了 c582jFX2DfF45B65YSKN31qk6Ft9ckVAJm 29. 204416 
这个人掉线了 cKqAK2TLS5AiGm75CAuVLUv4D38MyqTD9M 29. 204544 
这个人掉线了 c5AYPcDMUGr5JHErEo5y43SZG8JsF8YjG5 29. 204672 
这个人掉线了 cH4RweoyEU363G5p7P2D1bEe5uccLNFJgC 29. 204800 
这个人掉线了 cGS6P65poK8GN5yhAtBj5ddDuDFh3k4YW8 29. 204928 
这个人掉线了 c4aG5yDeGo4TqR6C9r2vBaaNXmR2Ro17SV 29. 205056 
这个人掉线了 cHdATqSzszEe335hM8kaNM267SH98BCpbx 29. 205184 
这个人掉线了 cDUwDnum3J5bQo78LDWcCJLAASqRP4VSan 29. 205312 
这个人掉线了 cCjrLJHLRUZci2Ak1W2BbgchJQLoQo86d7 29. 205440 
这个人掉线了 c81E6nEaLHJ25mFRTDSMar5YjmrYLsNr5v 29. 205568 
这个人掉线了 cCuaHXAe1hcEGgqz6eg8QC9UKQHZ1Cq2Qo 29. 205696 
这个人掉线了 c3MCDGU8vFk6waxeeRbBUt3QaRvB6q1TAH 29. 205824 
这个人掉线了 cCmcRqAdKd24ft1Nuwzc6p1Uf5R47RSAUF 29. 205952 
这个人掉线了 cBy33bW2b8QX3Th6mjkpHRykPGLN9ahG9p 29. 206080 
这个人掉线了 cKySkYVB4MhWhKczSUmY7WhF638hPx6U8N 29. 206208 
这个人掉线了 c4wQ1qXmKFBBGeHeiT5QsB9oKwsGYmK2eA 29. 206336 
这个人掉线了 cBpRE96Ff1RR3kVoN9Hky6pnAtTky8cP4s 29. 206464 
这个人掉线了 c7y8jqVoAmP9uHA6bYxT66KSPXz14tSahH 29. 206592 
这个人掉线了 cKqjHi8u4n5RJJa1CxHgZbwHXS9cKC5Ekw 29. 206720 
这个人掉线了 cNQzoCNDDYY2uqBEW6fb7B6HzFjyz6oCt8 29. 206848 
这个人掉线了 cM8wVfYBZq6KtXCKAobMH9g9jLTcSfCiw5 29. 206976 
这个人掉线了 cFG8tkEage2m5qnpsd8giKe9kad6ACF3BY 29. 207104 
这个人掉线了 cNhu1W73hSpHzwJfzGbHf1tM9KWSGTtC8U 29. 207232 
这个人掉线了 cLrUCNAWPyPH96bqqC3JQXZ3CtsvvXmNj1 29. 207360 
这个人掉线了 cPDXYf8tLYdv8LG43RxgHbNLi1ouxDcP8p 29. 207488 
这个人掉线了 cPNWUU9oB4NaxFagHDafkD2p54phRGSwqh 29. 207616 
这个人掉线了 c6kHiX6mRcy3KeWCeb7MYAd8pfnDhnz8V7 29. 207744 
这个人掉线了 cMyZAA4V27jEmysddCxCqXKAeN2bBvDsVU 29. 207872 
这个人掉线了 c7LefZDapLTMcazj5gJdJJE4PePHQ2qpNu 29. 208000 
这个人掉线了 cGQ5NPs1k59LxCvxECXLKNpr4TezDvhMZn 29. 208128 
这个人掉线了 c2LMjYRGQbGAuNWBNyWrRr81WXzaZJqMdW 29. 208256 
这个人掉线了 c5QActCYGusL7wEwV8sDTZ6QcekFBjBMhv 29. 208384 
这个人掉线了 cFtYf1e5Ng5QhZzHiPMvDyV3NQHxKBnLmV 29. 208512 
这个人掉线了 c5rSRneu7iXf8r8N87raRev24kHGmkvPMT 29. 208640 
这个人掉线了 cH6L4muHgCsNwfqFPEMMBJwTG6NWhVWqiv 29. 208768 
这个人掉线了 cMPVU5d8U87bqPTZsLaWiyAv5UbZwMENip 29. 208896 
这个人掉线了 cD4rsua9vmVMiPouRL7MJJcVPWKtQu8E5X 29. 209024 
这个人掉线了 c6XZmkn23mSbiVVydY8WcEJSebM9RpRq8V 29. 209152 
这个人掉线了 cMtCaC4WmjBjZYbzrGZREJ9imX479XxpsM 29. 209280 
这个人掉线了 cFtR9y1R2zvvd7DXUE5cQu4wVuHzMzKFXW 29. 209408 
这个人掉线了 cERnwrsCNpy4b8hQ683zpRFPw88yXuVXES 29. 209536 
这个人掉线了 cBRJCW5SXiaJzDEFQhmLhCjizEBaprHj9w 29. 209664 
这个人掉线了 cCTtPZA7Ry9qEnLJm6yyWGFswdFC5hiMhe 29. 209792 
这个人掉线了 c3e7TaDkuPcWC8L7GfkixXsaZDpP5Rtasg 29. 209920 
这个人掉线了 cMbTY5hZ2RXCVGPYgwjp3ybnM1EyQenDiy 29. 210048 
这个人掉线了 cBgQkrwMZdQzu3QgtkN4vTbDB2Zf7F9ndm 29. 210176 
这个人掉线了 c8Ke6FeamgemKfaAdppcUVoGfModE4CEyT 29. 210304 
这个人掉线了 cKcsAB6U1KSkUrUsLr1ysdK5UrfCmFribi 29. 210432 
这个人掉线了 cLxoe3BFVFWJitksZZU7r7pyPbGxdV9FEw 29. 210560 
生成区块 9d3db 30. cCET2Sxt2LPDhx44wxJ9uhkpviKNrSacvE time: 210688 
这个人掉线了 cFEaSoF3QceWxjnLsg9FoQyLVcUzVEpkSP 30. 210816 
这个人掉线了 cGnmjV6fk5kFbTWztDtZhyr1a4Van4NPvR 30. 210944 
这个人掉线了 c5fjyiG9HYrHrzJnyLsMZSkw6M5JzkZWUY 30. 211072 
这个人掉线了 cKmsqZLYAY8xjsqSaFdUy2jUuewBpCCcf9 30. 211200 
这个人掉线了 cNsdgX2hL8tpZuNV8pbqpcmmQXFYgyoHb3 30. 211328 
这个人掉线了 cJzdd4agJhJR7psxQeH7beLeqarzeRrVWz 30. 211456 
这个人掉线了 cNqpoUrBTpPvGzpFsimJRMm1uDjvDPpigj 30. 211584 
这个人掉线了 c582jFX2DfF45B65YSKN31qk6Ft9ckVAJm 30. 211712 
这个人掉线了 cKqAK2TLS5AiGm75CAuVLUv4D38MyqTD9M 30. 211840 
这个人掉线了 c5AYPcDMUGr5JHErEo5y43SZG8JsF8YjG5 30. 211968 
这个人掉线了 cH4RweoyEU363G5p7P2D1bEe5uccLNFJgC 30. 212096 
这个人掉线了 cGS6P65poK8GN5yhAtBj5ddDuDFh3k4YW8 30. 212224 
这个人掉线了 c4aG5yDeGo4TqR6C9r2vBaaNXmR2Ro17SV 30. 212352 
这个人掉线了 cHdATqSzszEe335hM8kaNM267SH98BCpbx 30. 212480 
这个人掉线了 cDUwDnum3J5bQo78LDWcCJLAASqRP4VSan 30. 212608 
这个人掉线了 cCjrLJHLRUZci2Ak1W2BbgchJQLoQo86d7 30. 212736 
这个人掉线了 c81E6nEaLHJ25mFRTDSMar5YjmrYLsNr5v 30. 212864 
这个人掉线了 cCuaHXAe1hcEGgqz6eg8QC9UKQHZ1Cq2Qo 30. 212992 
这个人掉线了 c3MCDGU8vFk6waxeeRbBUt3QaRvB6q1TAH 30. 213120 
这个人掉线了 cCmcRqAdKd24ft1Nuwzc6p1Uf5R47RSAUF 30. 213248 
这个人掉线了 cBy33bW2b8QX3Th6mjkpHRykPGLN9ahG9p 30. 213376 
这个人掉线了 cKySkYVB4MhWhKczSUmY7WhF638hPx6U8N 30. 213504 
这个人掉线了 c4wQ1qXmKFBBGeHeiT5QsB9oKwsGYmK2eA 30. 213632 
这个人掉线了 cBpRE96Ff1RR3kVoN9Hky6pnAtTky8cP4s 30. 213760 
这个人掉线了 c7y8jqVoAmP9uHA6bYxT66KSPXz14tSahH 30. 213888 
这个人掉线了 cKqjHi8u4n5RJJa1CxHgZbwHXS9cKC5Ekw 30. 214016 
这个人掉线了 cNQzoCNDDYY2uqBEW6fb7B6HzFjyz6oCt8 30. 214144 
这个人掉线了 cM8wVfYBZq6KtXCKAobMH9g9jLTcSfCiw5 30. 214272 
这个人掉线了 cFG8tkEage2m5qnpsd8giKe9kad6ACF3BY 30. 214400 
这个人掉线了 cNhu1W73hSpHzwJfzGbHf1tM9KWSGTtC8U 30. 214528 
这个人掉线了 cLrUCNAWPyPH96bqqC3JQXZ3CtsvvXmNj1 30. 214656 
这个人掉线了 cPDXYf8tLYdv8LG43RxgHbNLi1ouxDcP8p 30. 214784 
这个人掉线了 cPNWUU9oB4NaxFagHDafkD2p54phRGSwqh 30. 214912 
这个人掉线了 c6kHiX6mRcy3KeWCeb7MYAd8pfnDhnz8V7 30. 215040 
这个人掉线了 cMyZAA4V27jEmysddCxCqXKAeN2bBvDsVU 30. 215168 
这个人掉线了 c7LefZDapLTMcazj5gJdJJE4PePHQ2qpNu 30. 215296 
这个人掉线了 cGQ5NPs1k59LxCvxECXLKNpr4TezDvhMZn 30. 215424 
这个人掉线了 c2LMjYRGQbGAuNWBNyWrRr81WXzaZJqMdW 30. 215552 
这个人掉线了 c5QActCYGusL7wEwV8sDTZ6QcekFBjBMhv 30. 215680 
这个人掉线了 cFtYf1e5Ng5QhZzHiPMvDyV3NQHxKBnLmV 30. 215808 
这个人掉线了 c5rSRneu7iXf8r8N87raRev24kHGmkvPMT 30. 215936 
这个人掉线了 cH6L4muHgCsNwfqFPEMMBJwTG6NWhVWqiv 30. 216064 
这个人掉线了 cMPVU5d8U87bqPTZsLaWiyAv5UbZwMENip 30. 216192 
这个人掉线了 cD4rsua9vmVMiPouRL7MJJcVPWKtQu8E5X 30. 216320 
这个人掉线了 c6XZmkn23mSbiVVydY8WcEJSebM9RpRq8V 30. 216448 
这个人掉线了 cMtCaC4WmjBjZYbzrGZREJ9imX479XxpsM 30. 216576 
这个人掉线了 cFtR9y1R2zvvd7DXUE5cQu4wVuHzMzKFXW 30. 216704 
这个人掉线了 cERnwrsCNpy4b8hQ683zpRFPw88yXuVXES 30. 216832 
这个人掉线了 cBRJCW5SXiaJzDEFQhmLhCjizEBaprHj9w 30. 216960 
这个人掉线了 cCTtPZA7Ry9qEnLJm6yyWGFswdFC5hiMhe 30. 217088 
这个人掉线了 c3e7TaDkuPcWC8L7GfkixXsaZDpP5Rtasg 30. 217216 
这个人掉线了 cMbTY5hZ2RXCVGPYgwjp3ybnM1EyQenDiy 30. 217344 
这个人掉线了 cBgQkrwMZdQzu3QgtkN4vTbDB2Zf7F9ndm 30. 217472 
这个人掉线了 c8Ke6FeamgemKfaAdppcUVoGfModE4CEyT 30. 217600 
这个人掉线了 cKcsAB6U1KSkUrUsLr1ysdK5UrfCmFribi 30. 217728 
这个人掉线了 cLxoe3BFVFWJitksZZU7r7pyPbGxdV9FEw 30. 217856 
生成区块 88bf3 31. cCET2Sxt2LPDhx44wxJ9uhkpviKNrSacvE time: 217984 
这个人掉线了 cFEaSoF3QceWxjnLsg9FoQyLVcUzVEpkSP 31. 218112 
这个人掉线了 cGnmjV6fk5kFbTWztDtZhyr1a4Van4NPvR 31. 218240 
这个人掉线了 c5fjyiG9HYrHrzJnyLsMZSkw6M5JzkZWUY 31. 218368 
这个人掉线了 cKmsqZLYAY8xjsqSaFdUy2jUuewBpCCcf9 31. 218496 
这个人掉线了 cNsdgX2hL8tpZuNV8pbqpcmmQXFYgyoHb3 31. 218624 
这个人掉线了 cJzdd4agJhJR7psxQeH7beLeqarzeRrVWz 31. 218752 
这个人掉线了 cNqpoUrBTpPvGzpFsimJRMm1uDjvDPpigj 31. 218880 
这个人掉线了 c582jFX2DfF45B65YSKN31qk6Ft9ckVAJm 31. 219008 
这个人掉线了 cKqAK2TLS5AiGm75CAuVLUv4D38MyqTD9M 31. 219136 
这个人掉线了 c5AYPcDMUGr5JHErEo5y43SZG8JsF8YjG5 31. 219264 
这个人掉线了 cH4RweoyEU363G5p7P2D1bEe5uccLNFJgC 31. 219392 
这个人掉线了 cGS6P65poK8GN5yhAtBj5ddDuDFh3k4YW8 31. 219520 
这个人掉线了 c4aG5yDeGo4TqR6C9r2vBaaNXmR2Ro17SV 31. 219648 
这个人掉线了 cHdATqSzszEe335hM8kaNM267SH98BCpbx 31. 219776 
这个人掉线了 cDUwDnum3J5bQo78LDWcCJLAASqRP4VSan 31. 219904 
这个人掉线了 cCjrLJHLRUZci2Ak1W2BbgchJQLoQo86d7 31. 220032 
这个人掉线了 c81E6nEaLHJ25mFRTDSMar5YjmrYLsNr5v 31. 220160 
这个人掉线了 cCuaHXAe1hcEGgqz6eg8QC9UKQHZ1Cq2Qo 31. 220288 
这个人掉线了 c3MCDGU8vFk6waxeeRbBUt3QaRvB6q1TAH 31. 220416 
这个人掉线了 cCmcRqAdKd24ft1Nuwzc6p1Uf5R47RSAUF 31. 220544 
这个人掉线了 cBy33bW2b8QX3Th6mjkpHRykPGLN9ahG9p 31. 220672 
这个人掉线了 cKySkYVB4MhWhKczSUmY7WhF638hPx6U8N 31. 220800 
这个人掉线了 c4wQ1qXmKFBBGeHeiT5QsB9oKwsGYmK2eA 31. 220928 
这个人掉线了 cBpRE96Ff1RR3kVoN9Hky6pnAtTky8cP4s 31. 221056 
这个人掉线了 c7y8jqVoAmP9uHA6bYxT66KSPXz14tSahH 31. 221184 
这个人掉线了 cKqjHi8u4n5RJJa1CxHgZbwHXS9cKC5Ekw 31. 221312 
这个人掉线了 cNQzoCNDDYY2uqBEW6fb7B6HzFjyz6oCt8 31. 221440 
这个人掉线了 cM8wVfYBZq6KtXCKAobMH9g9jLTcSfCiw5 31. 221568 
这个人掉线了 cFG8tkEage2m5qnpsd8giKe9kad6ACF3BY 31. 221696 
这个人掉线了 cNhu1W73hSpHzwJfzGbHf1tM9KWSGTtC8U 31. 221824 
这个人掉线了 cLrUCNAWPyPH96bqqC3JQXZ3CtsvvXmNj1 31. 221952 
这个人掉线了 cPDXYf8tLYdv8LG43RxgHbNLi1ouxDcP8p 31. 222080 
这个人掉线了 cPNWUU9oB4NaxFagHDafkD2p54phRGSwqh 31. 222208 
这个人掉线了 c6kHiX6mRcy3KeWCeb7MYAd8pfnDhnz8V7 31. 222336 
这个人掉线了 cMyZAA4V27jEmysddCxCqXKAeN2bBvDsVU 31. 222464 
这个人掉线了 c7LefZDapLTMcazj5gJdJJE4PePHQ2qpNu 31. 222592 
这个人掉线了 cGQ5NPs1k59LxCvxECXLKNpr4TezDvhMZn 31. 222720 
这个人掉线了 c2LMjYRGQbGAuNWBNyWrRr81WXzaZJqMdW 31. 222848 
这个人掉线了 c5QActCYGusL7wEwV8sDTZ6QcekFBjBMhv 31. 222976 
这个人掉线了 cFtYf1e5Ng5QhZzHiPMvDyV3NQHxKBnLmV 31. 223104 
这个人掉线了 c5rSRneu7iXf8r8N87raRev24kHGmkvPMT 31. 223232 
这个人掉线了 cH6L4muHgCsNwfqFPEMMBJwTG6NWhVWqiv 31. 223360 
这个人掉线了 cMPVU5d8U87bqPTZsLaWiyAv5UbZwMENip 31. 223488 
这个人掉线了 cD4rsua9vmVMiPouRL7MJJcVPWKtQu8E5X 31. 223616 
这个人掉线了 c6XZmkn23mSbiVVydY8WcEJSebM9RpRq8V 31. 223744 
这个人掉线了 cMtCaC4WmjBjZYbzrGZREJ9imX479XxpsM 31. 223872 
这个人掉线了 cFtR9y1R2zvvd7DXUE5cQu4wVuHzMzKFXW 31. 224000 
这个人掉线了 cERnwrsCNpy4b8hQ683zpRFPw88yXuVXES 31. 224128 
这个人掉线了 cBRJCW5SXiaJzDEFQhmLhCjizEBaprHj9w 31. 224256 
这个人掉线了 cCTtPZA7Ry9qEnLJm6yyWGFswdFC5hiMhe 31. 224384 
这个人掉线了 c3e7TaDkuPcWC8L7GfkixXsaZDpP5Rtasg 31. 224512 
这个人掉线了 cMbTY5hZ2RXCVGPYgwjp3ybnM1EyQenDiy 31. 224640 
这个人掉线了 cBgQkrwMZdQzu3QgtkN4vTbDB2Zf7F9ndm 31. 224768 
这个人掉线了 c8Ke6FeamgemKfaAdppcUVoGfModE4CEyT 31. 224896 
这个人掉线了 cKcsAB6U1KSkUrUsLr1ysdK5UrfCmFribi 31. 225024 
这个人掉线了 cLxoe3BFVFWJitksZZU7r7pyPbGxdV9FEw 31. 225152 
生成区块 79396 32. cCET2Sxt2LPDhx44wxJ9uhkpviKNrSacvE time: 225280 
这个人掉线了 cFEaSoF3QceWxjnLsg9FoQyLVcUzVEpkSP 32. 225408 
这个人掉线了 cGnmjV6fk5kFbTWztDtZhyr1a4Van4NPvR 32. 225536 
这个人掉线了 c5fjyiG9HYrHrzJnyLsMZSkw6M5JzkZWUY 32. 225664 
这个人掉线了 cKmsqZLYAY8xjsqSaFdUy2jUuewBpCCcf9 32. 225792 
这个人掉线了 cNsdgX2hL8tpZuNV8pbqpcmmQXFYgyoHb3 32. 225920 
这个人掉线了 cJzdd4agJhJR7psxQeH7beLeqarzeRrVWz 32. 226048 
这个人掉线了 cNqpoUrBTpPvGzpFsimJRMm1uDjvDPpigj 32. 226176 
这个人掉线了 c582jFX2DfF45B65YSKN31qk6Ft9ckVAJm 32. 226304 
这个人掉线了 cKqAK2TLS5AiGm75CAuVLUv4D38MyqTD9M 32. 226432 
这个人掉线了 c5AYPcDMUGr5JHErEo5y43SZG8JsF8YjG5 32. 226560 
这个人掉线了 cH4RweoyEU363G5p7P2D1bEe5uccLNFJgC 32. 226688 
这个人掉线了 cGS6P65poK8GN5yhAtBj5ddDuDFh3k4YW8 32. 226816 
这个人掉线了 c4aG5yDeGo4TqR6C9r2vBaaNXmR2Ro17SV 32. 226944 
这个人掉线了 cHdATqSzszEe335hM8kaNM267SH98BCpbx 32. 227072 
这个人掉线了 cDUwDnum3J5bQo78LDWcCJLAASqRP4VSan 32. 227200 
这个人掉线了 cCjrLJHLRUZci2Ak1W2BbgchJQLoQo86d7 32. 227328 
这个人掉线了 c81E6nEaLHJ25mFRTDSMar5YjmrYLsNr5v 32. 227456 
这个人掉线了 cCuaHXAe1hcEGgqz6eg8QC9UKQHZ1Cq2Qo 32. 227584 
这个人掉线了 c3MCDGU8vFk6waxeeRbBUt3QaRvB6q1TAH 32. 227712 
这个人掉线了 cCmcRqAdKd24ft1Nuwzc6p1Uf5R47RSAUF 32. 227840 
这个人掉线了 cBy33bW2b8QX3Th6mjkpHRykPGLN9ahG9p 32. 227968 
这个人掉线了 cKySkYVB4MhWhKczSUmY7WhF638hPx6U8N 32. 228096 
这个人掉线了 c4wQ1qXmKFBBGeHeiT5QsB9oKwsGYmK2eA 32. 228224 
这个人掉线了 cBpRE96Ff1RR3kVoN9Hky6pnAtTky8cP4s 32. 228352 
这个人掉线了 c7y8jqVoAmP9uHA6bYxT66KSPXz14tSahH 32. 228480 
这个人掉线了 cKqjHi8u4n5RJJa1CxHgZbwHXS9cKC5Ekw 32. 228608 
这个人掉线了 cNQzoCNDDYY2uqBEW6fb7B6HzFjyz6oCt8 32. 228736 
这个人掉线了 cM8wVfYBZq6KtXCKAobMH9g9jLTcSfCiw5 32. 228864 
这个人掉线了 cFG8tkEage2m5qnpsd8giKe9kad6ACF3BY 32. 228992 
这个人掉线了 cNhu1W73hSpHzwJfzGbHf1tM9KWSGTtC8U 32. 229120 
这个人掉线了 cLrUCNAWPyPH96bqqC3JQXZ3CtsvvXmNj1 32. 229248 
这个人掉线了 cPDXYf8tLYdv8LG43RxgHbNLi1ouxDcP8p 32. 229376 
这个人掉线了 cPNWUU9oB4NaxFagHDafkD2p54phRGSwqh 32. 229504 
这个人掉线了 c6kHiX6mRcy3KeWCeb7MYAd8pfnDhnz8V7 32. 229632 
这个人掉线了 cMyZAA4V27jEmysddCxCqXKAeN2bBvDsVU 32. 229760 
这个人掉线了 c7LefZDapLTMcazj5gJdJJE4PePHQ2qpNu 32. 229888 
这个人掉线了 cGQ5NPs1k59LxCvxECXLKNpr4TezDvhMZn 32. 230016 
这个人掉线了 c2LMjYRGQbGAuNWBNyWrRr81WXzaZJqMdW 32. 230144 
这个人掉线了 c5QActCYGusL7wEwV8sDTZ6QcekFBjBMhv 32. 230272 
这个人掉线了 cFtYf1e5Ng5QhZzHiPMvDyV3NQHxKBnLmV 32. 230400 
这个人掉线了 c5rSRneu7iXf8r8N87raRev24kHGmkvPMT 32. 230528 
这个人掉线了 cH6L4muHgCsNwfqFPEMMBJwTG6NWhVWqiv 32. 230656 
这个人掉线了 cMPVU5d8U87bqPTZsLaWiyAv5UbZwMENip 32. 230784 
这个人掉线了 cD4rsua9vmVMiPouRL7MJJcVPWKtQu8E5X 32. 230912 
这个人掉线了 c6XZmkn23mSbiVVydY8WcEJSebM9RpRq8V 32. 231040 
这个人掉线了 cMtCaC4WmjBjZYbzrGZREJ9imX479XxpsM 32. 231168 
这个人掉线了 cFtR9y1R2zvvd7DXUE5cQu4wVuHzMzKFXW 32. 231296 
这个人掉线了 cERnwrsCNpy4b8hQ683zpRFPw88yXuVXES 32. 231424 
这个人掉线了 cBRJCW5SXiaJzDEFQhmLhCjizEBaprHj9w 32. 231552 
这个人掉线了 cCTtPZA7Ry9qEnLJm6yyWGFswdFC5hiMhe 32. 231680 
这个人掉线了 c3e7TaDkuPcWC8L7GfkixXsaZDpP5Rtasg 32. 231808 
这个人掉线了 cMbTY5hZ2RXCVGPYgwjp3ybnM1EyQenDiy 32. 231936 
这个人掉线了 cBgQkrwMZdQzu3QgtkN4vTbDB2Zf7F9ndm 32. 232064 
这个人掉线了 c8Ke6FeamgemKfaAdppcUVoGfModE4CEyT 32. 232192 
这个人掉线了 cKcsAB6U1KSkUrUsLr1ysdK5UrfCmFribi 32. 232320 
这个人掉线了 cLxoe3BFVFWJitksZZU7r7pyPbGxdV9FEw 32. 232448 
生成区块 1aeaf 33. cCET2Sxt2LPDhx44wxJ9uhkpviKNrSacvE time: 232576 
这个人掉线了 cFEaSoF3QceWxjnLsg9FoQyLVcUzVEpkSP 33. 232704 
这个人掉线了 cGnmjV6fk5kFbTWztDtZhyr1a4Van4NPvR 33. 232832 
这个人掉线了 c5fjyiG9HYrHrzJnyLsMZSkw6M5JzkZWUY 33. 232960 
这个人掉线了 cKmsqZLYAY8xjsqSaFdUy2jUuewBpCCcf9 33. 233088 
这个人掉线了 cNsdgX2hL8tpZuNV8pbqpcmmQXFYgyoHb3 33. 233216 
这个人掉线了 cJzdd4agJhJR7psxQeH7beLeqarzeRrVWz 33. 233344 
这个人掉线了 cNqpoUrBTpPvGzpFsimJRMm1uDjvDPpigj 33. 233472 
这个人掉线了 c582jFX2DfF45B65YSKN31qk6Ft9ckVAJm 33. 233600 
这个人掉线了 cKqAK2TLS5AiGm75CAuVLUv4D38MyqTD9M 33. 233728 
这个人掉线了 c5AYPcDMUGr5JHErEo5y43SZG8JsF8YjG5 33. 233856 
这个人掉线了 cH4RweoyEU363G5p7P2D1bEe5uccLNFJgC 33. 233984 
这个人掉线了 cGS6P65poK8GN5yhAtBj5ddDuDFh3k4YW8 33. 234112 
这个人掉线了 c4aG5yDeGo4TqR6C9r2vBaaNXmR2Ro17SV 33. 234240 
这个人掉线了 cHdATqSzszEe335hM8kaNM267SH98BCpbx 33. 234368 
这个人掉线了 cDUwDnum3J5bQo78LDWcCJLAASqRP4VSan 33. 234496 
这个人掉线了 cCjrLJHLRUZci2Ak1W2BbgchJQLoQo86d7 33. 234624 
这个人掉线了 c81E6nEaLHJ25mFRTDSMar5YjmrYLsNr5v 33. 234752 
这个人掉线了 cCuaHXAe1hcEGgqz6eg8QC9UKQHZ1Cq2Qo 33. 234880 
这个人掉线了 c3MCDGU8vFk6waxeeRbBUt3QaRvB6q1TAH 33. 235008 
这个人掉线了 cCmcRqAdKd24ft1Nuwzc6p1Uf5R47RSAUF 33. 235136 
这个人掉线了 cBy33bW2b8QX3Th6mjkpHRykPGLN9ahG9p 33. 235264 
这个人掉线了 cKySkYVB4MhWhKczSUmY7WhF638hPx6U8N 33. 235392 
这个人掉线了 c4wQ1qXmKFBBGeHeiT5QsB9oKwsGYmK2eA 33. 235520 
这个人掉线了 cBpRE96Ff1RR3kVoN9Hky6pnAtTky8cP4s 33. 235648 
这个人掉线了 c7y8jqVoAmP9uHA6bYxT66KSPXz14tSahH 33. 235776 
这个人掉线了 cKqjHi8u4n5RJJa1CxHgZbwHXS9cKC5Ekw 33. 235904 
这个人掉线了 cNQzoCNDDYY2uqBEW6fb7B6HzFjyz6oCt8 33. 236032 
这个人掉线了 cM8wVfYBZq6KtXCKAobMH9g9jLTcSfCiw5 33. 236160 
这个人掉线了 cFG8tkEage2m5qnpsd8giKe9kad6ACF3BY 33. 236288 
这个人掉线了 cNhu1W73hSpHzwJfzGbHf1tM9KWSGTtC8U 33. 236416 
这个人掉线了 cLrUCNAWPyPH96bqqC3JQXZ3CtsvvXmNj1 33. 236544 
这个人掉线了 cPDXYf8tLYdv8LG43RxgHbNLi1ouxDcP8p 33. 236672 
这个人掉线了 cPNWUU9oB4NaxFagHDafkD2p54phRGSwqh 33. 236800 
这个人掉线了 c6kHiX6mRcy3KeWCeb7MYAd8pfnDhnz8V7 33. 236928 
这个人掉线了 cMyZAA4V27jEmysddCxCqXKAeN2bBvDsVU 33. 237056 
这个人掉线了 c7LefZDapLTMcazj5gJdJJE4PePHQ2qpNu 33. 237184 
这个人掉线了 cGQ5NPs1k59LxCvxECXLKNpr4TezDvhMZn 33. 237312 
这个人掉线了 c2LMjYRGQbGAuNWBNyWrRr81WXzaZJqMdW 33. 237440 
这个人掉线了 c5QActCYGusL7wEwV8sDTZ6QcekFBjBMhv 33. 237568 
这个人掉线了 cFtYf1e5Ng5QhZzHiPMvDyV3NQHxKBnLmV 33. 237696 
这个人掉线了 c5rSRneu7iXf8r8N87raRev24kHGmkvPMT 33. 237824 
这个人掉线了 cH6L4muHgCsNwfqFPEMMBJwTG6NWhVWqiv 33. 237952 
这个人掉线了 cMPVU5d8U87bqPTZsLaWiyAv5UbZwMENip 33. 238080 
这个人掉线了 cD4rsua9vmVMiPouRL7MJJcVPWKtQu8E5X 33. 238208 
这个人掉线了 c6XZmkn23mSbiVVydY8WcEJSebM9RpRq8V 33. 238336 
这个人掉线了 cMtCaC4WmjBjZYbzrGZREJ9imX479XxpsM 33. 238464 
这个人掉线了 cFtR9y1R2zvvd7DXUE5cQu4wVuHzMzKFXW 33. 238592 
这个人掉线了 cERnwrsCNpy4b8hQ683zpRFPw88yXuVXES 33. 238720 
这个人掉线了 cBRJCW5SXiaJzDEFQhmLhCjizEBaprHj9w 33. 238848 
这个人掉线了 cCTtPZA7Ry9qEnLJm6yyWGFswdFC5hiMhe 33. 238976 
这个人掉线了 c3e7TaDkuPcWC8L7GfkixXsaZDpP5Rtasg 33. 239104 
这个人掉线了 cMbTY5hZ2RXCVGPYgwjp3ybnM1EyQenDiy 33. 239232 
这个人掉线了 cBgQkrwMZdQzu3QgtkN4vTbDB2Zf7F9ndm 33. 239360 
这个人掉线了 c8Ke6FeamgemKfaAdppcUVoGfModE4CEyT 33. 239488 
这个人掉线了 cKcsAB6U1KSkUrUsLr1ysdK5UrfCmFribi 33. 239616 
这个人掉线了 cLxoe3BFVFWJitksZZU7r7pyPbGxdV9FEw 33. 239744 
生成区块 7e758 34. cCET2Sxt2LPDhx44wxJ9uhkpviKNrSacvE time: 239872 
这个人掉线了 cFEaSoF3QceWxjnLsg9FoQyLVcUzVEpkSP 34. 240000 
这个人掉线了 cGnmjV6fk5kFbTWztDtZhyr1a4Van4NPvR 34. 240128 
这个人掉线了 c5fjyiG9HYrHrzJnyLsMZSkw6M5JzkZWUY 34. 240256 
这个人掉线了 cKmsqZLYAY8xjsqSaFdUy2jUuewBpCCcf9 34. 240384 
这个人掉线了 cNsdgX2hL8tpZuNV8pbqpcmmQXFYgyoHb3 34. 240512 
这个人掉线了 cJzdd4agJhJR7psxQeH7beLeqarzeRrVWz 34. 240640 
这个人掉线了 cNqpoUrBTpPvGzpFsimJRMm1uDjvDPpigj 34. 240768 
这个人掉线了 c582jFX2DfF45B65YSKN31qk6Ft9ckVAJm 34. 240896 
这个人掉线了 cKqAK2TLS5AiGm75CAuVLUv4D38MyqTD9M 34. 241024 
这个人掉线了 c5AYPcDMUGr5JHErEo5y43SZG8JsF8YjG5 34. 241152 
这个人掉线了 cH4RweoyEU363G5p7P2D1bEe5uccLNFJgC 34. 241280 
这个人掉线了 cGS6P65poK8GN5yhAtBj5ddDuDFh3k4YW8 34. 241408 
这个人掉线了 c4aG5yDeGo4TqR6C9r2vBaaNXmR2Ro17SV 34. 241536 
这个人掉线了 cHdATqSzszEe335hM8kaNM267SH98BCpbx 34. 241664 
这个人掉线了 cDUwDnum3J5bQo78LDWcCJLAASqRP4VSan 34. 241792 
这个人掉线了 cCjrLJHLRUZci2Ak1W2BbgchJQLoQo86d7 34. 241920 
这个人掉线了 c81E6nEaLHJ25mFRTDSMar5YjmrYLsNr5v 34. 242048 
这个人掉线了 cCuaHXAe1hcEGgqz6eg8QC9UKQHZ1Cq2Qo 34. 242176 
这个人掉线了 c3MCDGU8vFk6waxeeRbBUt3QaRvB6q1TAH 34. 242304 
这个人掉线了 cCmcRqAdKd24ft1Nuwzc6p1Uf5R47RSAUF 34. 242432 
这个人掉线了 cBy33bW2b8QX3Th6mjkpHRykPGLN9ahG9p 34. 242560 
这个人掉线了 cKySkYVB4MhWhKczSUmY7WhF638hPx6U8N 34. 242688 
这个人掉线了 c4wQ1qXmKFBBGeHeiT5QsB9oKwsGYmK2eA 34. 242816 
这个人掉线了 cBpRE96Ff1RR3kVoN9Hky6pnAtTky8cP4s 34. 242944 
这个人掉线了 c7y8jqVoAmP9uHA6bYxT66KSPXz14tSahH 34. 243072 
这个人掉线了 cKqjHi8u4n5RJJa1CxHgZbwHXS9cKC5Ekw 34. 243200 
这个人掉线了 cNQzoCNDDYY2uqBEW6fb7B6HzFjyz6oCt8 34. 243328 
这个人掉线了 cM8wVfYBZq6KtXCKAobMH9g9jLTcSfCiw5 34. 243456 
这个人掉线了 cFG8tkEage2m5qnpsd8giKe9kad6ACF3BY 34. 243584 
这个人掉线了 cNhu1W73hSpHzwJfzGbHf1tM9KWSGTtC8U 34. 243712 
这个人掉线了 cLrUCNAWPyPH96bqqC3JQXZ3CtsvvXmNj1 34. 243840 
这个人掉线了 cPDXYf8tLYdv8LG43RxgHbNLi1ouxDcP8p 34. 243968 
这个人掉线了 cPNWUU9oB4NaxFagHDafkD2p54phRGSwqh 34. 244096 
这个人掉线了 c6kHiX6mRcy3KeWCeb7MYAd8pfnDhnz8V7 34. 244224 
这个人掉线了 cMyZAA4V27jEmysddCxCqXKAeN2bBvDsVU 34. 244352 
这个人掉线了 c7LefZDapLTMcazj5gJdJJE4PePHQ2qpNu 34. 244480 
这个人掉线了 cGQ5NPs1k59LxCvxECXLKNpr4TezDvhMZn 34. 244608 
这个人掉线了 c2LMjYRGQbGAuNWBNyWrRr81WXzaZJqMdW 34. 244736 
这个人掉线了 c5QActCYGusL7wEwV8sDTZ6QcekFBjBMhv 34. 244864 
这个人掉线了 cFtYf1e5Ng5QhZzHiPMvDyV3NQHxKBnLmV 34. 244992 
这个人掉线了 c5rSRneu7iXf8r8N87raRev24kHGmkvPMT 34. 245120 
这个人掉线了 cH6L4muHgCsNwfqFPEMMBJwTG6NWhVWqiv 34. 245248 
这个人掉线了 cMPVU5d8U87bqPTZsLaWiyAv5UbZwMENip 34. 245376 
这个人掉线了 cD4rsua9vmVMiPouRL7MJJcVPWKtQu8E5X 34. 245504 
这个人掉线了 c6XZmkn23mSbiVVydY8WcEJSebM9RpRq8V 34. 245632 
这个人掉线了 cMtCaC4WmjBjZYbzrGZREJ9imX479XxpsM 34. 245760 
这个人掉线了 cFtR9y1R2zvvd7DXUE5cQu4wVuHzMzKFXW 34. 245888 
这个人掉线了 cERnwrsCNpy4b8hQ683zpRFPw88yXuVXES 34. 246016 
这个人掉线了 cBRJCW5SXiaJzDEFQhmLhCjizEBaprHj9w 34. 246144 
这个人掉线了 cCTtPZA7Ry9qEnLJm6yyWGFswdFC5hiMhe 34. 246272 
这个人掉线了 c3e7TaDkuPcWC8L7GfkixXsaZDpP5Rtasg 34. 246400 
这个人掉线了 cMbTY5hZ2RXCVGPYgwjp3ybnM1EyQenDiy 34. 246528 
这个人掉线了 cBgQkrwMZdQzu3QgtkN4vTbDB2Zf7F9ndm 34. 246656 
这个人掉线了 c8Ke6FeamgemKfaAdppcUVoGfModE4CEyT 34. 246784 
这个人掉线了 cKcsAB6U1KSkUrUsLr1ysdK5UrfCmFribi 34. 246912 
这个人掉线了 cLxoe3BFVFWJitksZZU7r7pyPbGxdV9FEw 34. 247040 
生成区块 b9c92 35. cCET2Sxt2LPDhx44wxJ9uhkpviKNrSacvE time: 247168 
这个人掉线了 cFEaSoF3QceWxjnLsg9FoQyLVcUzVEpkSP 35. 247296 
这个人掉线了 cGnmjV6fk5kFbTWztDtZhyr1a4Van4NPvR 35. 247424 
这个人掉线了 c5fjyiG9HYrHrzJnyLsMZSkw6M5JzkZWUY 35. 247552 
这个人掉线了 cKmsqZLYAY8xjsqSaFdUy2jUuewBpCCcf9 35. 247680 
这个人掉线了 cNsdgX2hL8tpZuNV8pbqpcmmQXFYgyoHb3 35. 247808 
这个人掉线了 cJzdd4agJhJR7psxQeH7beLeqarzeRrVWz 35. 247936 
这个人掉线了 cNqpoUrBTpPvGzpFsimJRMm1uDjvDPpigj 35. 248064 
这个人掉线了 c582jFX2DfF45B65YSKN31qk6Ft9ckVAJm 35. 248192 
这个人掉线了 cKqAK2TLS5AiGm75CAuVLUv4D38MyqTD9M 35. 248320 
这个人掉线了 c5AYPcDMUGr5JHErEo5y43SZG8JsF8YjG5 35. 248448 
这个人掉线了 cH4RweoyEU363G5p7P2D1bEe5uccLNFJgC 35. 248576 
这个人掉线了 cGS6P65poK8GN5yhAtBj5ddDuDFh3k4YW8 35. 248704 
这个人掉线了 c4aG5yDeGo4TqR6C9r2vBaaNXmR2Ro17SV 35. 248832 
这个人掉线了 cHdATqSzszEe335hM8kaNM267SH98BCpbx 35. 248960 
这个人掉线了 cDUwDnum3J5bQo78LDWcCJLAASqRP4VSan 35. 249088 
这个人掉线了 cCjrLJHLRUZci2Ak1W2BbgchJQLoQo86d7 35. 249216 
这个人掉线了 c81E6nEaLHJ25mFRTDSMar5YjmrYLsNr5v 35. 249344 
这个人掉线了 cCuaHXAe1hcEGgqz6eg8QC9UKQHZ1Cq2Qo 35. 249472 
这个人掉线了 c3MCDGU8vFk6waxeeRbBUt3QaRvB6q1TAH 35. 249600 
这个人掉线了 cCmcRqAdKd24ft1Nuwzc6p1Uf5R47RSAUF 35. 249728 
这个人掉线了 cBy33bW2b8QX3Th6mjkpHRykPGLN9ahG9p 35. 249856 
这个人掉线了 cKySkYVB4MhWhKczSUmY7WhF638hPx6U8N 35. 249984 
这个人掉线了 c4wQ1qXmKFBBGeHeiT5QsB9oKwsGYmK2eA 35. 250112 
这个人掉线了 cBpRE96Ff1RR3kVoN9Hky6pnAtTky8cP4s 35. 250240 
这个人掉线了 c7y8jqVoAmP9uHA6bYxT66KSPXz14tSahH 35. 250368 
这个人掉线了 cKqjHi8u4n5RJJa1CxHgZbwHXS9cKC5Ekw 35. 250496 
这个人掉线了 cNQzoCNDDYY2uqBEW6fb7B6HzFjyz6oCt8 35. 250624 
这个人掉线了 cM8wVfYBZq6KtXCKAobMH9g9jLTcSfCiw5 35. 250752 
这个人掉线了 cFG8tkEage2m5qnpsd8giKe9kad6ACF3BY 35. 250880 
这个人掉线了 cNhu1W73hSpHzwJfzGbHf1tM9KWSGTtC8U 35. 251008 
这个人掉线了 cLrUCNAWPyPH96bqqC3JQXZ3CtsvvXmNj1 35. 251136 
这个人掉线了 cPDXYf8tLYdv8LG43RxgHbNLi1ouxDcP8p 35. 251264 
这个人掉线了 cPNWUU9oB4NaxFagHDafkD2p54phRGSwqh 35. 251392 
这个人掉线了 c6kHiX6mRcy3KeWCeb7MYAd8pfnDhnz8V7 35. 251520 
这个人掉线了 cMyZAA4V27jEmysddCxCqXKAeN2bBvDsVU 35. 251648 
这个人掉线了 c7LefZDapLTMcazj5gJdJJE4PePHQ2qpNu 35. 251776 
这个人掉线了 cGQ5NPs1k59LxCvxECXLKNpr4TezDvhMZn 35. 251904 
这个人掉线了 c2LMjYRGQbGAuNWBNyWrRr81WXzaZJqMdW 35. 252032 
这个人掉线了 c5QActCYGusL7wEwV8sDTZ6QcekFBjBMhv 35. 252160 
这个人掉线了 cFtYf1e5Ng5QhZzHiPMvDyV3NQHxKBnLmV 35. 252288 
这个人掉线了 c5rSRneu7iXf8r8N87raRev24kHGmkvPMT 35. 252416 
这个人掉线了 cH6L4muHgCsNwfqFPEMMBJwTG6NWhVWqiv 35. 252544 
这个人掉线了 cMPVU5d8U87bqPTZsLaWiyAv5UbZwMENip 35. 252672 
这个人掉线了 cD4rsua9vmVMiPouRL7MJJcVPWKtQu8E5X 35. 252800 
这个人掉线了 c6XZmkn23mSbiVVydY8WcEJSebM9RpRq8V 35. 252928 
这个人掉线了 cMtCaC4WmjBjZYbzrGZREJ9imX479XxpsM 35. 253056 
这个人掉线了 cFtR9y1R2zvvd7DXUE5cQu4wVuHzMzKFXW 35. 253184 
这个人掉线了 cERnwrsCNpy4b8hQ683zpRFPw88yXuVXES 35. 253312 
这个人掉线了 cBRJCW5SXiaJzDEFQhmLhCjizEBaprHj9w 35. 253440 
这个人掉线了 cCTtPZA7Ry9qEnLJm6yyWGFswdFC5hiMhe 35. 253568 
这个人掉线了 c3e7TaDkuPcWC8L7GfkixXsaZDpP5Rtasg 35. 253696 
这个人掉线了 cMbTY5hZ2RXCVGPYgwjp3ybnM1EyQenDiy 35. 253824 
这个人掉线了 cBgQkrwMZdQzu3QgtkN4vTbDB2Zf7F9ndm 35. 253952 
这个人掉线了 c8Ke6FeamgemKfaAdppcUVoGfModE4CEyT 35. 254080 
这个人掉线了 cKcsAB6U1KSkUrUsLr1ysdK5UrfCmFribi 35. 254208 
这个人掉线了 cLxoe3BFVFWJitksZZU7r7pyPbGxdV9FEw 35. 254336 
生成区块 0bd76 36. cCET2Sxt2LPDhx44wxJ9uhkpviKNrSacvE time: 254464 
这个人掉线了 cFEaSoF3QceWxjnLsg9FoQyLVcUzVEpkSP 36. 254592 
这个人掉线了 cGnmjV6fk5kFbTWztDtZhyr1a4Van4NPvR 36. 254720 
这个人掉线了 c5fjyiG9HYrHrzJnyLsMZSkw6M5JzkZWUY 36. 254848 
这个人掉线了 cKmsqZLYAY8xjsqSaFdUy2jUuewBpCCcf9 36. 254976 
这个人掉线了 cNsdgX2hL8tpZuNV8pbqpcmmQXFYgyoHb3 36. 255104 
这个人掉线了 cJzdd4agJhJR7psxQeH7beLeqarzeRrVWz 36. 255232 
这个人掉线了 cNqpoUrBTpPvGzpFsimJRMm1uDjvDPpigj 36. 255360 
这个人掉线了 c582jFX2DfF45B65YSKN31qk6Ft9ckVAJm 36. 255488 
这个人掉线了 cKqAK2TLS5AiGm75CAuVLUv4D38MyqTD9M 36. 255616 
这个人掉线了 c5AYPcDMUGr5JHErEo5y43SZG8JsF8YjG5 36. 255744 
这个人掉线了 cH4RweoyEU363G5p7P2D1bEe5uccLNFJgC 36. 255872 
这个人掉线了 cGS6P65poK8GN5yhAtBj5ddDuDFh3k4YW8 36. 256000 
这个人掉线了 c4aG5yDeGo4TqR6C9r2vBaaNXmR2Ro17SV 36. 256128 
这个人掉线了 cHdATqSzszEe335hM8kaNM267SH98BCpbx 36. 256256 
这个人掉线了 cDUwDnum3J5bQo78LDWcCJLAASqRP4VSan 36. 256384 
这个人掉线了 cCjrLJHLRUZci2Ak1W2BbgchJQLoQo86d7 36. 256512 
这个人掉线了 c81E6nEaLHJ25mFRTDSMar5YjmrYLsNr5v 36. 256640 
这个人掉线了 cCuaHXAe1hcEGgqz6eg8QC9UKQHZ1Cq2Qo 36. 256768 
这个人掉线了 c3MCDGU8vFk6waxeeRbBUt3QaRvB6q1TAH 36. 256896 
这个人掉线了 cCmcRqAdKd24ft1Nuwzc6p1Uf5R47RSAUF 36. 257024 
这个人掉线了 cBy33bW2b8QX3Th6mjkpHRykPGLN9ahG9p 36. 257152 
这个人掉线了 cKySkYVB4MhWhKczSUmY7WhF638hPx6U8N 36. 257280 
这个人掉线了 c4wQ1qXmKFBBGeHeiT5QsB9oKwsGYmK2eA 36. 257408 
这个人掉线了 cBpRE96Ff1RR3kVoN9Hky6pnAtTky8cP4s 36. 257536 
这个人掉线了 c7y8jqVoAmP9uHA6bYxT66KSPXz14tSahH 36. 257664 
这个人掉线了 cKqjHi8u4n5RJJa1CxHgZbwHXS9cKC5Ekw 36. 257792 
这个人掉线了 cNQzoCNDDYY2uqBEW6fb7B6HzFjyz6oCt8 36. 257920 
这个人掉线了 cM8wVfYBZq6KtXCKAobMH9g9jLTcSfCiw5 36. 258048 
这个人掉线了 cFG8tkEage2m5qnpsd8giKe9kad6ACF3BY 36. 258176 
这个人掉线了 cNhu1W73hSpHzwJfzGbHf1tM9KWSGTtC8U 36. 258304 
这个人掉线了 cLrUCNAWPyPH96bqqC3JQXZ3CtsvvXmNj1 36. 258432 
这个人掉线了 cPDXYf8tLYdv8LG43RxgHbNLi1ouxDcP8p 36. 258560 
这个人掉线了 cPNWUU9oB4NaxFagHDafkD2p54phRGSwqh 36. 258688 
这个人掉线了 c6kHiX6mRcy3KeWCeb7MYAd8pfnDhnz8V7 36. 258816 
这个人掉线了 cMyZAA4V27jEmysddCxCqXKAeN2bBvDsVU 36. 258944 
这个人掉线了 c7LefZDapLTMcazj5gJdJJE4PePHQ2qpNu 36. 259072 
这个人掉线了 cGQ5NPs1k59LxCvxECXLKNpr4TezDvhMZn 36. 259200 
这个人掉线了 c2LMjYRGQbGAuNWBNyWrRr81WXzaZJqMdW 36. 259328 
这个人掉线了 c5QActCYGusL7wEwV8sDTZ6QcekFBjBMhv 36. 259456 
这个人掉线了 cFtYf1e5Ng5QhZzHiPMvDyV3NQHxKBnLmV 36. 259584 
这个人掉线了 c5rSRneu7iXf8r8N87raRev24kHGmkvPMT 36. 259712 
这个人掉线了 cH6L4muHgCsNwfqFPEMMBJwTG6NWhVWqiv 36. 259840 
这个人掉线了 cMPVU5d8U87bqPTZsLaWiyAv5UbZwMENip 36. 259968 
这个人掉线了 cD4rsua9vmVMiPouRL7MJJcVPWKtQu8E5X 36. 260096 
这个人掉线了 c6XZmkn23mSbiVVydY8WcEJSebM9RpRq8V 36. 260224 
这个人掉线了 cMtCaC4WmjBjZYbzrGZREJ9imX479XxpsM 36. 260352 
这个人掉线了 cFtR9y1R2zvvd7DXUE5cQu4wVuHzMzKFXW 36. 260480 
这个人掉线了 cERnwrsCNpy4b8hQ683zpRFPw88yXuVXES 36. 260608 
这个人掉线了 cBRJCW5SXiaJzDEFQhmLhCjizEBaprHj9w 36. 260736 
这个人掉线了 cCTtPZA7Ry9qEnLJm6yyWGFswdFC5hiMhe 36. 260864 
这个人掉线了 c3e7TaDkuPcWC8L7GfkixXsaZDpP5Rtasg 36. 260992 
这个人掉线了 cMbTY5hZ2RXCVGPYgwjp3ybnM1EyQenDiy 36. 261120 
这个人掉线了 cBgQkrwMZdQzu3QgtkN4vTbDB2Zf7F9ndm 36. 261248 
这个人掉线了 c8Ke6FeamgemKfaAdppcUVoGfModE4CEyT 36. 261376 
这个人掉线了 cKcsAB6U1KSkUrUsLr1ysdK5UrfCmFribi 36. 261504 
这个人掉线了 cLxoe3BFVFWJitksZZU7r7pyPbGxdV9FEw 36. 261632 
生成区块 ff7fd 37. cCET2Sxt2LPDhx44wxJ9uhkpviKNrSacvE time: 261760 
这个人掉线了 cFEaSoF3QceWxjnLsg9FoQyLVcUzVEpkSP 37. 261888 
这个人掉线了 cGnmjV6fk5kFbTWztDtZhyr1a4Van4NPvR 37. 262016 
这个人掉线了 c5fjyiG9HYrHrzJnyLsMZSkw6M5JzkZWUY 37. 262144 
这个人掉线了 cKmsqZLYAY8xjsqSaFdUy2jUuewBpCCcf9 37. 262272 
这个人掉线了 cNsdgX2hL8tpZuNV8pbqpcmmQXFYgyoHb3 37. 262400 
这个人掉线了 cJzdd4agJhJR7psxQeH7beLeqarzeRrVWz 37. 262528 
这个人掉线了 cNqpoUrBTpPvGzpFsimJRMm1uDjvDPpigj 37. 262656 
这个人掉线了 c582jFX2DfF45B65YSKN31qk6Ft9ckVAJm 37. 262784 
这个人掉线了 cKqAK2TLS5AiGm75CAuVLUv4D38MyqTD9M 37. 262912 
这个人掉线了 c5AYPcDMUGr5JHErEo5y43SZG8JsF8YjG5 37. 263040 
这个人掉线了 cH4RweoyEU363G5p7P2D1bEe5uccLNFJgC 37. 263168 
这个人掉线了 cGS6P65poK8GN5yhAtBj5ddDuDFh3k4YW8 37. 263296 
这个人掉线了 c4aG5yDeGo4TqR6C9r2vBaaNXmR2Ro17SV 37. 263424 
这个人掉线了 cHdATqSzszEe335hM8kaNM267SH98BCpbx 37. 263552 
这个人掉线了 cDUwDnum3J5bQo78LDWcCJLAASqRP4VSan 37. 263680 
这个人掉线了 cCjrLJHLRUZci2Ak1W2BbgchJQLoQo86d7 37. 263808 
这个人掉线了 c81E6nEaLHJ25mFRTDSMar5YjmrYLsNr5v 37. 263936 
这个人掉线了 cCuaHXAe1hcEGgqz6eg8QC9UKQHZ1Cq2Qo 37. 264064 
这个人掉线了 c3MCDGU8vFk6waxeeRbBUt3QaRvB6q1TAH 37. 264192 
这个人掉线了 cCmcRqAdKd24ft1Nuwzc6p1Uf5R47RSAUF 37. 264320 
这个人掉线了 cBy33bW2b8QX3Th6mjkpHRykPGLN9ahG9p 37. 264448 
这个人掉线了 cKySkYVB4MhWhKczSUmY7WhF638hPx6U8N 37. 264576 
这个人掉线了 c4wQ1qXmKFBBGeHeiT5QsB9oKwsGYmK2eA 37. 264704 
这个人掉线了 cBpRE96Ff1RR3kVoN9Hky6pnAtTky8cP4s 37. 264832 
这个人掉线了 c7y8jqVoAmP9uHA6bYxT66KSPXz14tSahH 37. 264960 
这个人掉线了 cKqjHi8u4n5RJJa1CxHgZbwHXS9cKC5Ekw 37. 265088 
这个人掉线了 cNQzoCNDDYY2uqBEW6fb7B6HzFjyz6oCt8 37. 265216 
这个人掉线了 cM8wVfYBZq6KtXCKAobMH9g9jLTcSfCiw5 37. 265344 
这个人掉线了 cFG8tkEage2m5qnpsd8giKe9kad6ACF3BY 37. 265472 
这个人掉线了 cNhu1W73hSpHzwJfzGbHf1tM9KWSGTtC8U 37. 265600 
这个人掉线了 cLrUCNAWPyPH96bqqC3JQXZ3CtsvvXmNj1 37. 265728 
这个人掉线了 cPDXYf8tLYdv8LG43RxgHbNLi1ouxDcP8p 37. 265856 
这个人掉线了 cPNWUU9oB4NaxFagHDafkD2p54phRGSwqh 37. 265984 
这个人掉线了 c6kHiX6mRcy3KeWCeb7MYAd8pfnDhnz8V7 37. 266112 
这个人掉线了 cMyZAA4V27jEmysddCxCqXKAeN2bBvDsVU 37. 266240 
这个人掉线了 c7LefZDapLTMcazj5gJdJJE4PePHQ2qpNu 37. 266368 
这个人掉线了 cGQ5NPs1k59LxCvxECXLKNpr4TezDvhMZn 37. 266496 
这个人掉线了 c2LMjYRGQbGAuNWBNyWrRr81WXzaZJqMdW 37. 266624 
这个人掉线了 c5QActCYGusL7wEwV8sDTZ6QcekFBjBMhv 37. 266752 
这个人掉线了 cFtYf1e5Ng5QhZzHiPMvDyV3NQHxKBnLmV 37. 266880 
这个人掉线了 c5rSRneu7iXf8r8N87raRev24kHGmkvPMT 37. 267008 
这个人掉线了 cH6L4muHgCsNwfqFPEMMBJwTG6NWhVWqiv 37. 267136 
这个人掉线了 cMPVU5d8U87bqPTZsLaWiyAv5UbZwMENip 37. 267264 
这个人掉线了 cD4rsua9vmVMiPouRL7MJJcVPWKtQu8E5X 37. 267392 
这个人掉线了 c6XZmkn23mSbiVVydY8WcEJSebM9RpRq8V 37. 267520 
这个人掉线了 cMtCaC4WmjBjZYbzrGZREJ9imX479XxpsM 37. 267648 
这个人掉线了 cFtR9y1R2zvvd7DXUE5cQu4wVuHzMzKFXW 37. 267776 
这个人掉线了 cERnwrsCNpy4b8hQ683zpRFPw88yXuVXES 37. 267904 
这个人掉线了 cBRJCW5SXiaJzDEFQhmLhCjizEBaprHj9w 37. 268032 
这个人掉线了 cCTtPZA7Ry9qEnLJm6yyWGFswdFC5hiMhe 37. 268160 
这个人掉线了 c3e7TaDkuPcWC8L7GfkixXsaZDpP5Rtasg 37. 268288 
这个人掉线了 cMbTY5hZ2RXCVGPYgwjp3ybnM1EyQenDiy 37. 268416 
这个人掉线了 cBgQkrwMZdQzu3QgtkN4vTbDB2Zf7F9ndm 37. 268544 
这个人掉线了 c8Ke6FeamgemKfaAdppcUVoGfModE4CEyT 37. 268672 
这个人掉线了 cKcsAB6U1KSkUrUsLr1ysdK5UrfCmFribi 37. 268800 
这个人掉线了 cLxoe3BFVFWJitksZZU7r7pyPbGxdV9FEw 37. 268928 
生成区块 98bbb 38. cCET2Sxt2LPDhx44wxJ9uhkpviKNrSacvE time: 269056 
这个人掉线了 cFEaSoF3QceWxjnLsg9FoQyLVcUzVEpkSP 38. 269184 
这个人掉线了 cGnmjV6fk5kFbTWztDtZhyr1a4Van4NPvR 38. 269312 
这个人掉线了 c5fjyiG9HYrHrzJnyLsMZSkw6M5JzkZWUY 38. 269440 
这个人掉线了 cKmsqZLYAY8xjsqSaFdUy2jUuewBpCCcf9 38. 269568 
这个人掉线了 cNsdgX2hL8tpZuNV8pbqpcmmQXFYgyoHb3 38. 269696 
这个人掉线了 cJzdd4agJhJR7psxQeH7beLeqarzeRrVWz 38. 269824 
这个人掉线了 cNqpoUrBTpPvGzpFsimJRMm1uDjvDPpigj 38. 269952 
这个人掉线了 c582jFX2DfF45B65YSKN31qk6Ft9ckVAJm 38. 270080 
这个人掉线了 cKqAK2TLS5AiGm75CAuVLUv4D38MyqTD9M 38. 270208 
这个人掉线了 c5AYPcDMUGr5JHErEo5y43SZG8JsF8YjG5 38. 270336 
这个人掉线了 cH4RweoyEU363G5p7P2D1bEe5uccLNFJgC 38. 270464 
这个人掉线了 cGS6P65poK8GN5yhAtBj5ddDuDFh3k4YW8 38. 270592 
这个人掉线了 c4aG5yDeGo4TqR6C9r2vBaaNXmR2Ro17SV 38. 270720 
这个人掉线了 cHdATqSzszEe335hM8kaNM267SH98BCpbx 38. 270848 
这个人掉线了 cDUwDnum3J5bQo78LDWcCJLAASqRP4VSan 38. 270976 
这个人掉线了 cCjrLJHLRUZci2Ak1W2BbgchJQLoQo86d7 38. 271104 
这个人掉线了 c81E6nEaLHJ25mFRTDSMar5YjmrYLsNr5v 38. 271232 
这个人掉线了 cCuaHXAe1hcEGgqz6eg8QC9UKQHZ1Cq2Qo 38. 271360 
这个人掉线了 c3MCDGU8vFk6waxeeRbBUt3QaRvB6q1TAH 38. 271488 
这个人掉线了 cCmcRqAdKd24ft1Nuwzc6p1Uf5R47RSAUF 38. 271616 
这个人掉线了 cBy33bW2b8QX3Th6mjkpHRykPGLN9ahG9p 38. 271744 
这个人掉线了 cKySkYVB4MhWhKczSUmY7WhF638hPx6U8N 38. 271872 
这个人掉线了 c4wQ1qXmKFBBGeHeiT5QsB9oKwsGYmK2eA 38. 272000 
这个人掉线了 cBpRE96Ff1RR3kVoN9Hky6pnAtTky8cP4s 38. 272128 
这个人掉线了 c7y8jqVoAmP9uHA6bYxT66KSPXz14tSahH 38. 272256 
这个人掉线了 cKqjHi8u4n5RJJa1CxHgZbwHXS9cKC5Ekw 38. 272384 
这个人掉线了 cNQzoCNDDYY2uqBEW6fb7B6HzFjyz6oCt8 38. 272512 
这个人掉线了 cM8wVfYBZq6KtXCKAobMH9g9jLTcSfCiw5 38. 272640 
这个人掉线了 cFG8tkEage2m5qnpsd8giKe9kad6ACF3BY 38. 272768 
这个人掉线了 cNhu1W73hSpHzwJfzGbHf1tM9KWSGTtC8U 38. 272896 
这个人掉线了 cLrUCNAWPyPH96bqqC3JQXZ3CtsvvXmNj1 38. 273024 
这个人掉线了 cPDXYf8tLYdv8LG43RxgHbNLi1ouxDcP8p 38. 273152 
这个人掉线了 cPNWUU9oB4NaxFagHDafkD2p54phRGSwqh 38. 273280 
这个人掉线了 c6kHiX6mRcy3KeWCeb7MYAd8pfnDhnz8V7 38. 273408 
这个人掉线了 cMyZAA4V27jEmysddCxCqXKAeN2bBvDsVU 38. 273536 
这个人掉线了 c7LefZDapLTMcazj5gJdJJE4PePHQ2qpNu 38. 273664 
这个人掉线了 cGQ5NPs1k59LxCvxECXLKNpr4TezDvhMZn 38. 273792 
这个人掉线了 c2LMjYRGQbGAuNWBNyWrRr81WXzaZJqMdW 38. 273920 
这个人掉线了 c5QActCYGusL7wEwV8sDTZ6QcekFBjBMhv 38. 274048 
这个人掉线了 cFtYf1e5Ng5QhZzHiPMvDyV3NQHxKBnLmV 38. 274176 
这个人掉线了 c5rSRneu7iXf8r8N87raRev24kHGmkvPMT 38. 274304 
这个人掉线了 cH6L4muHgCsNwfqFPEMMBJwTG6NWhVWqiv 38. 274432 
这个人掉线了 cMPVU5d8U87bqPTZsLaWiyAv5UbZwMENip 38. 274560 
这个人掉线了 cD4rsua9vmVMiPouRL7MJJcVPWKtQu8E5X 38. 274688 
这个人掉线了 c6XZmkn23mSbiVVydY8WcEJSebM9RpRq8V 38. 274816 
这个人掉线了 cMtCaC4WmjBjZYbzrGZREJ9imX479XxpsM 38. 274944 
这个人掉线了 cFtR9y1R2zvvd7DXUE5cQu4wVuHzMzKFXW 38. 275072 
这个人掉线了 cERnwrsCNpy4b8hQ683zpRFPw88yXuVXES 38. 275200 
这个人掉线了 cBRJCW5SXiaJzDEFQhmLhCjizEBaprHj9w 38. 275328 
这个人掉线了 cCTtPZA7Ry9qEnLJm6yyWGFswdFC5hiMhe 38. 275456 
这个人掉线了 c3e7TaDkuPcWC8L7GfkixXsaZDpP5Rtasg 38. 275584 
这个人掉线了 cMbTY5hZ2RXCVGPYgwjp3ybnM1EyQenDiy 38. 275712 
这个人掉线了 cBgQkrwMZdQzu3QgtkN4vTbDB2Zf7F9ndm 38. 275840 
这个人掉线了 c8Ke6FeamgemKfaAdppcUVoGfModE4CEyT 38. 275968 
这个人掉线了 cKcsAB6U1KSkUrUsLr1ysdK5UrfCmFribi 38. 276096 
这个人掉线了 cLxoe3BFVFWJitksZZU7r7pyPbGxdV9FEw 38. 276224 
生成区块 5b2f6 39. cCET2Sxt2LPDhx44wxJ9uhkpviKNrSacvE time: 276352 
这个人掉线了 cFEaSoF3QceWxjnLsg9FoQyLVcUzVEpkSP 39. 276480 
这个人掉线了 cGnmjV6fk5kFbTWztDtZhyr1a4Van4NPvR 39. 276608 
这个人掉线了 c5fjyiG9HYrHrzJnyLsMZSkw6M5JzkZWUY 39. 276736 
这个人掉线了 cKmsqZLYAY8xjsqSaFdUy2jUuewBpCCcf9 39. 276864 
这个人掉线了 cNsdgX2hL8tpZuNV8pbqpcmmQXFYgyoHb3 39. 276992 
这个人掉线了 cJzdd4agJhJR7psxQeH7beLeqarzeRrVWz 39. 277120 
这个人掉线了 cNqpoUrBTpPvGzpFsimJRMm1uDjvDPpigj 39. 277248 
这个人掉线了 c582jFX2DfF45B65YSKN31qk6Ft9ckVAJm 39. 277376 
这个人掉线了 cKqAK2TLS5AiGm75CAuVLUv4D38MyqTD9M 39. 277504 
这个人掉线了 c5AYPcDMUGr5JHErEo5y43SZG8JsF8YjG5 39. 277632 
这个人掉线了 cH4RweoyEU363G5p7P2D1bEe5uccLNFJgC 39. 277760 
这个人掉线了 cGS6P65poK8GN5yhAtBj5ddDuDFh3k4YW8 39. 277888 
这个人掉线了 c4aG5yDeGo4TqR6C9r2vBaaNXmR2Ro17SV 39. 278016 
这个人掉线了 cHdATqSzszEe335hM8kaNM267SH98BCpbx 39. 278144 
这个人掉线了 cDUwDnum3J5bQo78LDWcCJLAASqRP4VSan 39. 278272 
这个人掉线了 cCjrLJHLRUZci2Ak1W2BbgchJQLoQo86d7 39. 278400 
这个人掉线了 c81E6nEaLHJ25mFRTDSMar5YjmrYLsNr5v 39. 278528 
这个人掉线了 cCuaHXAe1hcEGgqz6eg8QC9UKQHZ1Cq2Qo 39. 278656 
这个人掉线了 c3MCDGU8vFk6waxeeRbBUt3QaRvB6q1TAH 39. 278784 
这个人掉线了 cCmcRqAdKd24ft1Nuwzc6p1Uf5R47RSAUF 39. 278912 
这个人掉线了 cBy33bW2b8QX3Th6mjkpHRykPGLN9ahG9p 39. 279040 
这个人掉线了 cKySkYVB4MhWhKczSUmY7WhF638hPx6U8N 39. 279168 
这个人掉线了 c4wQ1qXmKFBBGeHeiT5QsB9oKwsGYmK2eA 39. 279296 
这个人掉线了 cBpRE96Ff1RR3kVoN9Hky6pnAtTky8cP4s 39. 279424 
这个人掉线了 c7y8jqVoAmP9uHA6bYxT66KSPXz14tSahH 39. 279552 
这个人掉线了 cKqjHi8u4n5RJJa1CxHgZbwHXS9cKC5Ekw 39. 279680 
这个人掉线了 cNQzoCNDDYY2uqBEW6fb7B6HzFjyz6oCt8 39. 279808 
这个人掉线了 cM8wVfYBZq6KtXCKAobMH9g9jLTcSfCiw5 39. 279936 
这个人掉线了 cFG8tkEage2m5qnpsd8giKe9kad6ACF3BY 39. 280064 
这个人掉线了 cNhu1W73hSpHzwJfzGbHf1tM9KWSGTtC8U 39. 280192 
这个人掉线了 cLrUCNAWPyPH96bqqC3JQXZ3CtsvvXmNj1 39. 280320 
这个人掉线了 cPDXYf8tLYdv8LG43RxgHbNLi1ouxDcP8p 39. 280448 
这个人掉线了 cPNWUU9oB4NaxFagHDafkD2p54phRGSwqh 39. 280576 
这个人掉线了 c6kHiX6mRcy3KeWCeb7MYAd8pfnDhnz8V7 39. 280704 
这个人掉线了 cMyZAA4V27jEmysddCxCqXKAeN2bBvDsVU 39. 280832 
这个人掉线了 c7LefZDapLTMcazj5gJdJJE4PePHQ2qpNu 39. 280960 
这个人掉线了 cGQ5NPs1k59LxCvxECXLKNpr4TezDvhMZn 39. 281088 
这个人掉线了 c2LMjYRGQbGAuNWBNyWrRr81WXzaZJqMdW 39. 281216 
这个人掉线了 c5QActCYGusL7wEwV8sDTZ6QcekFBjBMhv 39. 281344 
这个人掉线了 cFtYf1e5Ng5QhZzHiPMvDyV3NQHxKBnLmV 39. 281472 
这个人掉线了 c5rSRneu7iXf8r8N87raRev24kHGmkvPMT 39. 281600 
这个人掉线了 cH6L4muHgCsNwfqFPEMMBJwTG6NWhVWqiv 39. 281728 
这个人掉线了 cMPVU5d8U87bqPTZsLaWiyAv5UbZwMENip 39. 281856 
这个人掉线了 cD4rsua9vmVMiPouRL7MJJcVPWKtQu8E5X 39. 281984 
这个人掉线了 c6XZmkn23mSbiVVydY8WcEJSebM9RpRq8V 39. 282112 
这个人掉线了 cMtCaC4WmjBjZYbzrGZREJ9imX479XxpsM 39. 282240 
这个人掉线了 cFtR9y1R2zvvd7DXUE5cQu4wVuHzMzKFXW 39. 282368 
这个人掉线了 cERnwrsCNpy4b8hQ683zpRFPw88yXuVXES 39. 282496 
这个人掉线了 cBRJCW5SXiaJzDEFQhmLhCjizEBaprHj9w 39. 282624 
这个人掉线了 cCTtPZA7Ry9qEnLJm6yyWGFswdFC5hiMhe 39. 282752 
这个人掉线了 c3e7TaDkuPcWC8L7GfkixXsaZDpP5Rtasg 39. 282880 
这个人掉线了 cMbTY5hZ2RXCVGPYgwjp3ybnM1EyQenDiy 39. 283008 
这个人掉线了 cBgQkrwMZdQzu3QgtkN4vTbDB2Zf7F9ndm 39. 283136 
这个人掉线了 c8Ke6FeamgemKfaAdppcUVoGfModE4CEyT 39. 283264 
这个人掉线了 cKcsAB6U1KSkUrUsLr1ysdK5UrfCmFribi 39. 283392 
这个人掉线了 cLxoe3BFVFWJitksZZU7r7pyPbGxdV9FEw 39. 283520 
生成区块 25d65 40. cCET2Sxt2LPDhx44wxJ9uhkpviKNrSacvE time: 283648 
这个人掉线了 cFEaSoF3QceWxjnLsg9FoQyLVcUzVEpkSP 40. 283776 
这个人掉线了 cGnmjV6fk5kFbTWztDtZhyr1a4Van4NPvR 40. 283904 
这个人掉线了 c5fjyiG9HYrHrzJnyLsMZSkw6M5JzkZWUY 40. 284032 
这个人掉线了 cKmsqZLYAY8xjsqSaFdUy2jUuewBpCCcf9 40. 284160 
这个人掉线了 cNsdgX2hL8tpZuNV8pbqpcmmQXFYgyoHb3 40. 284288 
这个人掉线了 cJzdd4agJhJR7psxQeH7beLeqarzeRrVWz 40. 284416 
这个人掉线了 cNqpoUrBTpPvGzpFsimJRMm1uDjvDPpigj 40. 284544 
这个人掉线了 c582jFX2DfF45B65YSKN31qk6Ft9ckVAJm 40. 284672 
这个人掉线了 cKqAK2TLS5AiGm75CAuVLUv4D38MyqTD9M 40. 284800 
这个人掉线了 c5AYPcDMUGr5JHErEo5y43SZG8JsF8YjG5 40. 284928 
这个人掉线了 cH4RweoyEU363G5p7P2D1bEe5uccLNFJgC 40. 285056 
这个人掉线了 cGS6P65poK8GN5yhAtBj5ddDuDFh3k4YW8 40. 285184 
这个人掉线了 c4aG5yDeGo4TqR6C9r2vBaaNXmR2Ro17SV 40. 285312 
这个人掉线了 cHdATqSzszEe335hM8kaNM267SH98BCpbx 40. 285440 
这个人掉线了 cDUwDnum3J5bQo78LDWcCJLAASqRP4VSan 40. 285568 
这个人掉线了 cCjrLJHLRUZci2Ak1W2BbgchJQLoQo86d7 40. 285696 
这个人掉线了 c81E6nEaLHJ25mFRTDSMar5YjmrYLsNr5v 40. 285824 
这个人掉线了 cCuaHXAe1hcEGgqz6eg8QC9UKQHZ1Cq2Qo 40. 285952 
这个人掉线了 c3MCDGU8vFk6waxeeRbBUt3QaRvB6q1TAH 40. 286080 
这个人掉线了 cCmcRqAdKd24ft1Nuwzc6p1Uf5R47RSAUF 40. 286208 
这个人掉线了 cBy33bW2b8QX3Th6mjkpHRykPGLN9ahG9p 40. 286336 
这个人掉线了 cKySkYVB4MhWhKczSUmY7WhF638hPx6U8N 40. 286464 
这个人掉线了 c4wQ1qXmKFBBGeHeiT5QsB9oKwsGYmK2eA 40. 286592 
这个人掉线了 cBpRE96Ff1RR3kVoN9Hky6pnAtTky8cP4s 40. 286720 
这个人掉线了 c7y8jqVoAmP9uHA6bYxT66KSPXz14tSahH 40. 286848 
这个人掉线了 cKqjHi8u4n5RJJa1CxHgZbwHXS9cKC5Ekw 40. 286976 
这个人掉线了 cNQzoCNDDYY2uqBEW6fb7B6HzFjyz6oCt8 40. 287104 
这个人掉线了 cM8wVfYBZq6KtXCKAobMH9g9jLTcSfCiw5 40. 287232 
这个人掉线了 cFG8tkEage2m5qnpsd8giKe9kad6ACF3BY 40. 287360 
这个人掉线了 cNhu1W73hSpHzwJfzGbHf1tM9KWSGTtC8U 40. 287488 
这个人掉线了 cLrUCNAWPyPH96bqqC3JQXZ3CtsvvXmNj1 40. 287616 
这个人掉线了 cPDXYf8tLYdv8LG43RxgHbNLi1ouxDcP8p 40. 287744 
这个人掉线了 cPNWUU9oB4NaxFagHDafkD2p54phRGSwqh 40. 287872 
这个人掉线了 c6kHiX6mRcy3KeWCeb7MYAd8pfnDhnz8V7 40. 288000 
这个人掉线了 cMyZAA4V27jEmysddCxCqXKAeN2bBvDsVU 40. 288128 
这个人掉线了 c7LefZDapLTMcazj5gJdJJE4PePHQ2qpNu 40. 288256 
这个人掉线了 cGQ5NPs1k59LxCvxECXLKNpr4TezDvhMZn 40. 288384 
这个人掉线了 c2LMjYRGQbGAuNWBNyWrRr81WXzaZJqMdW 40. 288512 
这个人掉线了 c5QActCYGusL7wEwV8sDTZ6QcekFBjBMhv 40. 288640 
这个人掉线了 cFtYf1e5Ng5QhZzHiPMvDyV3NQHxKBnLmV 40. 288768 
这个人掉线了 c5rSRneu7iXf8r8N87raRev24kHGmkvPMT 40. 288896 
这个人掉线了 cH6L4muHgCsNwfqFPEMMBJwTG6NWhVWqiv 40. 289024 
这个人掉线了 cMPVU5d8U87bqPTZsLaWiyAv5UbZwMENip 40. 289152 
这个人掉线了 cD4rsua9vmVMiPouRL7MJJcVPWKtQu8E5X 40. 289280 
这个人掉线了 c6XZmkn23mSbiVVydY8WcEJSebM9RpRq8V 40. 289408 
这个人掉线了 cMtCaC4WmjBjZYbzrGZREJ9imX479XxpsM 40. 289536 
这个人掉线了 cFtR9y1R2zvvd7DXUE5cQu4wVuHzMzKFXW 40. 289664 
这个人掉线了 cERnwrsCNpy4b8hQ683zpRFPw88yXuVXES 40. 289792 
这个人掉线了 cBRJCW5SXiaJzDEFQhmLhCjizEBaprHj9w 40. 289920 
这个人掉线了 cCTtPZA7Ry9qEnLJm6yyWGFswdFC5hiMhe 40. 290048 
这个人掉线了 c3e7TaDkuPcWC8L7GfkixXsaZDpP5Rtasg 40. 290176 
这个人掉线了 cMbTY5hZ2RXCVGPYgwjp3ybnM1EyQenDiy 40. 290304 
这个人掉线了 cBgQkrwMZdQzu3QgtkN4vTbDB2Zf7F9ndm 40. 290432 
这个人掉线了 c8Ke6FeamgemKfaAdppcUVoGfModE4CEyT 40. 290560 
这个人掉线了 cKcsAB6U1KSkUrUsLr1ysdK5UrfCmFribi 40. 290688 
这个人掉线了 cLxoe3BFVFWJitksZZU7r7pyPbGxdV9FEw 40. 290816 
生成区块 dfd94 41. cCET2Sxt2LPDhx44wxJ9uhkpviKNrSacvE time: 290944 
这个人掉线了 cFEaSoF3QceWxjnLsg9FoQyLVcUzVEpkSP 41. 291072 
这个人掉线了 cGnmjV6fk5kFbTWztDtZhyr1a4Van4NPvR 41. 291200 
这个人掉线了 c5fjyiG9HYrHrzJnyLsMZSkw6M5JzkZWUY 41. 291328 
这个人掉线了 cKmsqZLYAY8xjsqSaFdUy2jUuewBpCCcf9 41. 291456 
这个人掉线了 cNsdgX2hL8tpZuNV8pbqpcmmQXFYgyoHb3 41. 291584 
这个人掉线了 cJzdd4agJhJR7psxQeH7beLeqarzeRrVWz 41. 291712 
这个人掉线了 cNqpoUrBTpPvGzpFsimJRMm1uDjvDPpigj 41. 291840 
这个人掉线了 c582jFX2DfF45B65YSKN31qk6Ft9ckVAJm 41. 291968 
这个人掉线了 cKqAK2TLS5AiGm75CAuVLUv4D38MyqTD9M 41. 292096 
这个人掉线了 c5AYPcDMUGr5JHErEo5y43SZG8JsF8YjG5 41. 292224 
这个人掉线了 cH4RweoyEU363G5p7P2D1bEe5uccLNFJgC 41. 292352 
这个人掉线了 cGS6P65poK8GN5yhAtBj5ddDuDFh3k4YW8 41. 292480 
这个人掉线了 c4aG5yDeGo4TqR6C9r2vBaaNXmR2Ro17SV 41. 292608 
这个人掉线了 cHdATqSzszEe335hM8kaNM267SH98BCpbx 41. 292736 
这个人掉线了 cDUwDnum3J5bQo78LDWcCJLAASqRP4VSan 41. 292864 
这个人掉线了 cCjrLJHLRUZci2Ak1W2BbgchJQLoQo86d7 41. 292992 
这个人掉线了 c81E6nEaLHJ25mFRTDSMar5YjmrYLsNr5v 41. 293120 
这个人掉线了 cCuaHXAe1hcEGgqz6eg8QC9UKQHZ1Cq2Qo 41. 293248 
这个人掉线了 c3MCDGU8vFk6waxeeRbBUt3QaRvB6q1TAH 41. 293376 
这个人掉线了 cCmcRqAdKd24ft1Nuwzc6p1Uf5R47RSAUF 41. 293504 
这个人掉线了 cBy33bW2b8QX3Th6mjkpHRykPGLN9ahG9p 41. 293632 
这个人掉线了 cKySkYVB4MhWhKczSUmY7WhF638hPx6U8N 41. 293760 
这个人掉线了 c4wQ1qXmKFBBGeHeiT5QsB9oKwsGYmK2eA 41. 293888 
这个人掉线了 cBpRE96Ff1RR3kVoN9Hky6pnAtTky8cP4s 41. 294016 
这个人掉线了 c7y8jqVoAmP9uHA6bYxT66KSPXz14tSahH 41. 294144 
这个人掉线了 cKqjHi8u4n5RJJa1CxHgZbwHXS9cKC5Ekw 41. 294272 
这个人掉线了 cNQzoCNDDYY2uqBEW6fb7B6HzFjyz6oCt8 41. 294400 
这个人掉线了 cM8wVfYBZq6KtXCKAobMH9g9jLTcSfCiw5 41. 294528 
这个人掉线了 cFG8tkEage2m5qnpsd8giKe9kad6ACF3BY 41. 294656 
这个人掉线了 cNhu1W73hSpHzwJfzGbHf1tM9KWSGTtC8U 41. 294784 
这个人掉线了 cLrUCNAWPyPH96bqqC3JQXZ3CtsvvXmNj1 41. 294912 
这个人掉线了 cPDXYf8tLYdv8LG43RxgHbNLi1ouxDcP8p 41. 295040 
这个人掉线了 cPNWUU9oB4NaxFagHDafkD2p54phRGSwqh 41. 295168 
这个人掉线了 c6kHiX6mRcy3KeWCeb7MYAd8pfnDhnz8V7 41. 295296 
这个人掉线了 cMyZAA4V27jEmysddCxCqXKAeN2bBvDsVU 41. 295424 
这个人掉线了 c7LefZDapLTMcazj5gJdJJE4PePHQ2qpNu 41. 295552 
这个人掉线了 cGQ5NPs1k59LxCvxECXLKNpr4TezDvhMZn 41. 295680 
这个人掉线了 c2LMjYRGQbGAuNWBNyWrRr81WXzaZJqMdW 41. 295808 
这个人掉线了 c5QActCYGusL7wEwV8sDTZ6QcekFBjBMhv 41. 295936 
这个人掉线了 cFtYf1e5Ng5QhZzHiPMvDyV3NQHxKBnLmV 41. 296064 
这个人掉线了 c5rSRneu7iXf8r8N87raRev24kHGmkvPMT 41. 296192 
这个人掉线了 cH6L4muHgCsNwfqFPEMMBJwTG6NWhVWqiv 41. 296320 
这个人掉线了 cMPVU5d8U87bqPTZsLaWiyAv5UbZwMENip 41. 296448 
这个人掉线了 cD4rsua9vmVMiPouRL7MJJcVPWKtQu8E5X 41. 296576 
这个人掉线了 c6XZmkn23mSbiVVydY8WcEJSebM9RpRq8V 41. 296704 
这个人掉线了 cMtCaC4WmjBjZYbzrGZREJ9imX479XxpsM 41. 296832 
这个人掉线了 cFtR9y1R2zvvd7DXUE5cQu4wVuHzMzKFXW 41. 296960 
这个人掉线了 cERnwrsCNpy4b8hQ683zpRFPw88yXuVXES 41. 297088 
这个人掉线了 cBRJCW5SXiaJzDEFQhmLhCjizEBaprHj9w 41. 297216 
这个人掉线了 cCTtPZA7Ry9qEnLJm6yyWGFswdFC5hiMhe 41. 297344 
这个人掉线了 c3e7TaDkuPcWC8L7GfkixXsaZDpP5Rtasg 41. 297472 
这个人掉线了 cMbTY5hZ2RXCVGPYgwjp3ybnM1EyQenDiy 41. 297600 
这个人掉线了 cBgQkrwMZdQzu3QgtkN4vTbDB2Zf7F9ndm 41. 297728 
这个人掉线了 c8Ke6FeamgemKfaAdppcUVoGfModE4CEyT 41. 297856 
这个人掉线了 cKcsAB6U1KSkUrUsLr1ysdK5UrfCmFribi 41. 297984 
这个人掉线了 cLxoe3BFVFWJitksZZU7r7pyPbGxdV9FEw 41. 298112 
生成区块 c9894 42. cCET2Sxt2LPDhx44wxJ9uhkpviKNrSacvE time: 298240 
这个人掉线了 cFEaSoF3QceWxjnLsg9FoQyLVcUzVEpkSP 42. 298368 
这个人掉线了 cGnmjV6fk5kFbTWztDtZhyr1a4Van4NPvR 42. 298496 
这个人掉线了 c5fjyiG9HYrHrzJnyLsMZSkw6M5JzkZWUY 42. 298624 
这个人掉线了 cKmsqZLYAY8xjsqSaFdUy2jUuewBpCCcf9 42. 298752 
这个人掉线了 cNsdgX2hL8tpZuNV8pbqpcmmQXFYgyoHb3 42. 298880 
这个人掉线了 cJzdd4agJhJR7psxQeH7beLeqarzeRrVWz 42. 299008 
这个人掉线了 cNqpoUrBTpPvGzpFsimJRMm1uDjvDPpigj 42. 299136 
这个人掉线了 c582jFX2DfF45B65YSKN31qk6Ft9ckVAJm 42. 299264 
这个人掉线了 cKqAK2TLS5AiGm75CAuVLUv4D38MyqTD9M 42. 299392 
这个人掉线了 c5AYPcDMUGr5JHErEo5y43SZG8JsF8YjG5 42. 299520 
这个人掉线了 cH4RweoyEU363G5p7P2D1bEe5uccLNFJgC 42. 299648 
这个人掉线了 cGS6P65poK8GN5yhAtBj5ddDuDFh3k4YW8 42. 299776 
这个人掉线了 c4aG5yDeGo4TqR6C9r2vBaaNXmR2Ro17SV 42. 299904 
这个人掉线了 cHdATqSzszEe335hM8kaNM267SH98BCpbx 42. 300032 
这个人掉线了 cDUwDnum3J5bQo78LDWcCJLAASqRP4VSan 42. 300160 
这个人掉线了 cCjrLJHLRUZci2Ak1W2BbgchJQLoQo86d7 42. 300288 
这个人掉线了 c81E6nEaLHJ25mFRTDSMar5YjmrYLsNr5v 42. 300416 
这个人掉线了 cCuaHXAe1hcEGgqz6eg8QC9UKQHZ1Cq2Qo 42. 300544 
这个人掉线了 c3MCDGU8vFk6waxeeRbBUt3QaRvB6q1TAH 42. 300672 
这个人掉线了 cCmcRqAdKd24ft1Nuwzc6p1Uf5R47RSAUF 42. 300800 
这个人掉线了 cBy33bW2b8QX3Th6mjkpHRykPGLN9ahG9p 42. 300928 
这个人掉线了 cKySkYVB4MhWhKczSUmY7WhF638hPx6U8N 42. 301056 
这个人掉线了 c4wQ1qXmKFBBGeHeiT5QsB9oKwsGYmK2eA 42. 301184 
这个人掉线了 cBpRE96Ff1RR3kVoN9Hky6pnAtTky8cP4s 42. 301312 
这个人掉线了 c7y8jqVoAmP9uHA6bYxT66KSPXz14tSahH 42. 301440 
这个人掉线了 cKqjHi8u4n5RJJa1CxHgZbwHXS9cKC5Ekw 42. 301568 
这个人掉线了 cNQzoCNDDYY2uqBEW6fb7B6HzFjyz6oCt8 42. 301696 
这个人掉线了 cM8wVfYBZq6KtXCKAobMH9g9jLTcSfCiw5 42. 301824 
这个人掉线了 cFG8tkEage2m5qnpsd8giKe9kad6ACF3BY 42. 301952 
这个人掉线了 cNhu1W73hSpHzwJfzGbHf1tM9KWSGTtC8U 42. 302080 
这个人掉线了 cLrUCNAWPyPH96bqqC3JQXZ3CtsvvXmNj1 42. 302208 
这个人掉线了 cPDXYf8tLYdv8LG43RxgHbNLi1ouxDcP8p 42. 302336 
这个人掉线了 cPNWUU9oB4NaxFagHDafkD2p54phRGSwqh 42. 302464 
这个人掉线了 c6kHiX6mRcy3KeWCeb7MYAd8pfnDhnz8V7 42. 302592 
这个人掉线了 cMyZAA4V27jEmysddCxCqXKAeN2bBvDsVU 42. 302720 
这个人掉线了 c7LefZDapLTMcazj5gJdJJE4PePHQ2qpNu 42. 302848 
这个人掉线了 cGQ5NPs1k59LxCvxECXLKNpr4TezDvhMZn 42. 302976 
这个人掉线了 c2LMjYRGQbGAuNWBNyWrRr81WXzaZJqMdW 42. 303104 
这个人掉线了 c5QActCYGusL7wEwV8sDTZ6QcekFBjBMhv 42. 303232 
这个人掉线了 cFtYf1e5Ng5QhZzHiPMvDyV3NQHxKBnLmV 42. 303360 
这个人掉线了 c5rSRneu7iXf8r8N87raRev24kHGmkvPMT 42. 303488 
这个人掉线了 cH6L4muHgCsNwfqFPEMMBJwTG6NWhVWqiv 42. 303616 
这个人掉线了 cMPVU5d8U87bqPTZsLaWiyAv5UbZwMENip 42. 303744 
这个人掉线了 cD4rsua9vmVMiPouRL7MJJcVPWKtQu8E5X 42. 303872 
这个人掉线了 c6XZmkn23mSbiVVydY8WcEJSebM9RpRq8V 42. 304000 
这个人掉线了 cMtCaC4WmjBjZYbzrGZREJ9imX479XxpsM 42. 304128 
这个人掉线了 cFtR9y1R2zvvd7DXUE5cQu4wVuHzMzKFXW 42. 304256 
这个人掉线了 cERnwrsCNpy4b8hQ683zpRFPw88yXuVXES 42. 304384 
这个人掉线了 cBRJCW5SXiaJzDEFQhmLhCjizEBaprHj9w 42. 304512 
这个人掉线了 cCTtPZA7Ry9qEnLJm6yyWGFswdFC5hiMhe 42. 304640 
这个人掉线了 c3e7TaDkuPcWC8L7GfkixXsaZDpP5Rtasg 42. 304768 
这个人掉线了 cMbTY5hZ2RXCVGPYgwjp3ybnM1EyQenDiy 42. 304896 
这个人掉线了 cBgQkrwMZdQzu3QgtkN4vTbDB2Zf7F9ndm 42. 305024 
这个人掉线了 c8Ke6FeamgemKfaAdppcUVoGfModE4CEyT 42. 305152 
这个人掉线了 cKcsAB6U1KSkUrUsLr1ysdK5UrfCmFribi 42. 305280 
这个人掉线了 cLxoe3BFVFWJitksZZU7r7pyPbGxdV9FEw 42. 305408 
生成区块 595cf 43. cCET2Sxt2LPDhx44wxJ9uhkpviKNrSacvE time: 305536 
这个人掉线了 cFEaSoF3QceWxjnLsg9FoQyLVcUzVEpkSP 43. 305664 
这个人掉线了 cGnmjV6fk5kFbTWztDtZhyr1a4Van4NPvR 43. 305792 
这个人掉线了 c5fjyiG9HYrHrzJnyLsMZSkw6M5JzkZWUY 43. 305920 
这个人掉线了 cKmsqZLYAY8xjsqSaFdUy2jUuewBpCCcf9 43. 306048 
这个人掉线了 cNsdgX2hL8tpZuNV8pbqpcmmQXFYgyoHb3 43. 306176 
这个人掉线了 cJzdd4agJhJR7psxQeH7beLeqarzeRrVWz 43. 306304 
这个人掉线了 cNqpoUrBTpPvGzpFsimJRMm1uDjvDPpigj 43. 306432 
这个人掉线了 c582jFX2DfF45B65YSKN31qk6Ft9ckVAJm 43. 306560 
这个人掉线了 cKqAK2TLS5AiGm75CAuVLUv4D38MyqTD9M 43. 306688 
这个人掉线了 c5AYPcDMUGr5JHErEo5y43SZG8JsF8YjG5 43. 306816 
这个人掉线了 cH4RweoyEU363G5p7P2D1bEe5uccLNFJgC 43. 306944 
这个人掉线了 cGS6P65poK8GN5yhAtBj5ddDuDFh3k4YW8 43. 307072 
这个人掉线了 c4aG5yDeGo4TqR6C9r2vBaaNXmR2Ro17SV 43. 307200 
这个人掉线了 cHdATqSzszEe335hM8kaNM267SH98BCpbx 43. 307328 
这个人掉线了 cDUwDnum3J5bQo78LDWcCJLAASqRP4VSan 43. 307456 
这个人掉线了 cCjrLJHLRUZci2Ak1W2BbgchJQLoQo86d7 43. 307584 
这个人掉线了 c81E6nEaLHJ25mFRTDSMar5YjmrYLsNr5v 43. 307712 
这个人掉线了 cCuaHXAe1hcEGgqz6eg8QC9UKQHZ1Cq2Qo 43. 307840 
这个人掉线了 c3MCDGU8vFk6waxeeRbBUt3QaRvB6q1TAH 43. 307968 
这个人掉线了 cCmcRqAdKd24ft1Nuwzc6p1Uf5R47RSAUF 43. 308096 
这个人掉线了 cBy33bW2b8QX3Th6mjkpHRykPGLN9ahG9p 43. 308224 
这个人掉线了 cKySkYVB4MhWhKczSUmY7WhF638hPx6U8N 43. 308352 
这个人掉线了 c4wQ1qXmKFBBGeHeiT5QsB9oKwsGYmK2eA 43. 308480 
这个人掉线了 cBpRE96Ff1RR3kVoN9Hky6pnAtTky8cP4s 43. 308608 
这个人掉线了 c7y8jqVoAmP9uHA6bYxT66KSPXz14tSahH 43. 308736 
这个人掉线了 cKqjHi8u4n5RJJa1CxHgZbwHXS9cKC5Ekw 43. 308864 
这个人掉线了 cNQzoCNDDYY2uqBEW6fb7B6HzFjyz6oCt8 43. 308992 
这个人掉线了 cM8wVfYBZq6KtXCKAobMH9g9jLTcSfCiw5 43. 309120 
这个人掉线了 cFG8tkEage2m5qnpsd8giKe9kad6ACF3BY 43. 309248 
这个人掉线了 cNhu1W73hSpHzwJfzGbHf1tM9KWSGTtC8U 43. 309376 
这个人掉线了 cLrUCNAWPyPH96bqqC3JQXZ3CtsvvXmNj1 43. 309504 
这个人掉线了 cPDXYf8tLYdv8LG43RxgHbNLi1ouxDcP8p 43. 309632 
这个人掉线了 cPNWUU9oB4NaxFagHDafkD2p54phRGSwqh 43. 309760 
这个人掉线了 c6kHiX6mRcy3KeWCeb7MYAd8pfnDhnz8V7 43. 309888 
这个人掉线了 cMyZAA4V27jEmysddCxCqXKAeN2bBvDsVU 43. 310016 
这个人掉线了 c7LefZDapLTMcazj5gJdJJE4PePHQ2qpNu 43. 310144 
这个人掉线了 cGQ5NPs1k59LxCvxECXLKNpr4TezDvhMZn 43. 310272 
这个人掉线了 c2LMjYRGQbGAuNWBNyWrRr81WXzaZJqMdW 43. 310400 
这个人掉线了 c5QActCYGusL7wEwV8sDTZ6QcekFBjBMhv 43. 310528 
这个人掉线了 cFtYf1e5Ng5QhZzHiPMvDyV3NQHxKBnLmV 43. 310656 
这个人掉线了 c5rSRneu7iXf8r8N87raRev24kHGmkvPMT 43. 310784 
这个人掉线了 cH6L4muHgCsNwfqFPEMMBJwTG6NWhVWqiv 43. 310912 
这个人掉线了 cMPVU5d8U87bqPTZsLaWiyAv5UbZwMENip 43. 311040 
这个人掉线了 cD4rsua9vmVMiPouRL7MJJcVPWKtQu8E5X 43. 311168 
这个人掉线了 c6XZmkn23mSbiVVydY8WcEJSebM9RpRq8V 43. 311296 
这个人掉线了 cMtCaC4WmjBjZYbzrGZREJ9imX479XxpsM 43. 311424 
这个人掉线了 cFtR9y1R2zvvd7DXUE5cQu4wVuHzMzKFXW 43. 311552 
这个人掉线了 cERnwrsCNpy4b8hQ683zpRFPw88yXuVXES 43. 311680 
这个人掉线了 cBRJCW5SXiaJzDEFQhmLhCjizEBaprHj9w 43. 311808 
这个人掉线了 cCTtPZA7Ry9qEnLJm6yyWGFswdFC5hiMhe 43. 311936 
这个人掉线了 c3e7TaDkuPcWC8L7GfkixXsaZDpP5Rtasg 43. 312064 
这个人掉线了 cMbTY5hZ2RXCVGPYgwjp3ybnM1EyQenDiy 43. 312192 
这个人掉线了 cBgQkrwMZdQzu3QgtkN4vTbDB2Zf7F9ndm 43. 312320 
这个人掉线了 c8Ke6FeamgemKfaAdppcUVoGfModE4CEyT 43. 312448 
这个人掉线了 cKcsAB6U1KSkUrUsLr1ysdK5UrfCmFribi 43. 312576 
这个人掉线了 cLxoe3BFVFWJitksZZU7r7pyPbGxdV9FEw 43. 312704 
生成区块 7095d 44. cCET2Sxt2LPDhx44wxJ9uhkpviKNrSacvE time: 312832 
这个人掉线了 cFEaSoF3QceWxjnLsg9FoQyLVcUzVEpkSP 44. 312960 
这个人掉线了 cGnmjV6fk5kFbTWztDtZhyr1a4Van4NPvR 44. 313088 
这个人掉线了 c5fjyiG9HYrHrzJnyLsMZSkw6M5JzkZWUY 44. 313216 
这个人掉线了 cKmsqZLYAY8xjsqSaFdUy2jUuewBpCCcf9 44. 313344 
这个人掉线了 cNsdgX2hL8tpZuNV8pbqpcmmQXFYgyoHb3 44. 313472 
这个人掉线了 cJzdd4agJhJR7psxQeH7beLeqarzeRrVWz 44. 313600 
这个人掉线了 cNqpoUrBTpPvGzpFsimJRMm1uDjvDPpigj 44. 313728 
这个人掉线了 c582jFX2DfF45B65YSKN31qk6Ft9ckVAJm 44. 313856 
这个人掉线了 cKqAK2TLS5AiGm75CAuVLUv4D38MyqTD9M 44. 313984 
这个人掉线了 c5AYPcDMUGr5JHErEo5y43SZG8JsF8YjG5 44. 314112 
这个人掉线了 cH4RweoyEU363G5p7P2D1bEe5uccLNFJgC 44. 314240 
这个人掉线了 cGS6P65poK8GN5yhAtBj5ddDuDFh3k4YW8 44. 314368 
这个人掉线了 c4aG5yDeGo4TqR6C9r2vBaaNXmR2Ro17SV 44. 314496 
这个人掉线了 cHdATqSzszEe335hM8kaNM267SH98BCpbx 44. 314624 
这个人掉线了 cDUwDnum3J5bQo78LDWcCJLAASqRP4VSan 44. 314752 
这个人掉线了 cCjrLJHLRUZci2Ak1W2BbgchJQLoQo86d7 44. 314880 
这个人掉线了 c81E6nEaLHJ25mFRTDSMar5YjmrYLsNr5v 44. 315008 
这个人掉线了 cCuaHXAe1hcEGgqz6eg8QC9UKQHZ1Cq2Qo 44. 315136 
这个人掉线了 c3MCDGU8vFk6waxeeRbBUt3QaRvB6q1TAH 44. 315264 
这个人掉线了 cCmcRqAdKd24ft1Nuwzc6p1Uf5R47RSAUF 44. 315392 
这个人掉线了 cBy33bW2b8QX3Th6mjkpHRykPGLN9ahG9p 44. 315520 
这个人掉线了 cKySkYVB4MhWhKczSUmY7WhF638hPx6U8N 44. 315648 
这个人掉线了 c4wQ1qXmKFBBGeHeiT5QsB9oKwsGYmK2eA 44. 315776 
这个人掉线了 cBpRE96Ff1RR3kVoN9Hky6pnAtTky8cP4s 44. 315904 
这个人掉线了 c7y8jqVoAmP9uHA6bYxT66KSPXz14tSahH 44. 316032 
这个人掉线了 cKqjHi8u4n5RJJa1CxHgZbwHXS9cKC5Ekw 44. 316160 
这个人掉线了 cNQzoCNDDYY2uqBEW6fb7B6HzFjyz6oCt8 44. 316288 
这个人掉线了 cM8wVfYBZq6KtXCKAobMH9g9jLTcSfCiw5 44. 316416 
这个人掉线了 cFG8tkEage2m5qnpsd8giKe9kad6ACF3BY 44. 316544 
这个人掉线了 cNhu1W73hSpHzwJfzGbHf1tM9KWSGTtC8U 44. 316672 
这个人掉线了 cLrUCNAWPyPH96bqqC3JQXZ3CtsvvXmNj1 44. 316800 
这个人掉线了 cPDXYf8tLYdv8LG43RxgHbNLi1ouxDcP8p 44. 316928 
这个人掉线了 cPNWUU9oB4NaxFagHDafkD2p54phRGSwqh 44. 317056 
这个人掉线了 c6kHiX6mRcy3KeWCeb7MYAd8pfnDhnz8V7 44. 317184 
这个人掉线了 cMyZAA4V27jEmysddCxCqXKAeN2bBvDsVU 44. 317312 
这个人掉线了 c7LefZDapLTMcazj5gJdJJE4PePHQ2qpNu 44. 317440 
这个人掉线了 cGQ5NPs1k59LxCvxECXLKNpr4TezDvhMZn 44. 317568 
这个人掉线了 c2LMjYRGQbGAuNWBNyWrRr81WXzaZJqMdW 44. 317696 
这个人掉线了 c5QActCYGusL7wEwV8sDTZ6QcekFBjBMhv 44. 317824 
这个人掉线了 cFtYf1e5Ng5QhZzHiPMvDyV3NQHxKBnLmV 44. 317952 
这个人掉线了 c5rSRneu7iXf8r8N87raRev24kHGmkvPMT 44. 318080 
这个人掉线了 cH6L4muHgCsNwfqFPEMMBJwTG6NWhVWqiv 44. 318208 
这个人掉线了 cMPVU5d8U87bqPTZsLaWiyAv5UbZwMENip 44. 318336 
这个人掉线了 cD4rsua9vmVMiPouRL7MJJcVPWKtQu8E5X 44. 318464 
这个人掉线了 c6XZmkn23mSbiVVydY8WcEJSebM9RpRq8V 44. 318592 
这个人掉线了 cMtCaC4WmjBjZYbzrGZREJ9imX479XxpsM 44. 318720 
这个人掉线了 cFtR9y1R2zvvd7DXUE5cQu4wVuHzMzKFXW 44. 318848 
这个人掉线了 cERnwrsCNpy4b8hQ683zpRFPw88yXuVXES 44. 318976 
这个人掉线了 cBRJCW5SXiaJzDEFQhmLhCjizEBaprHj9w 44. 319104 
这个人掉线了 cCTtPZA7Ry9qEnLJm6yyWGFswdFC5hiMhe 44. 319232 
这个人掉线了 c3e7TaDkuPcWC8L7GfkixXsaZDpP5Rtasg 44. 319360 
这个人掉线了 cMbTY5hZ2RXCVGPYgwjp3ybnM1EyQenDiy 44. 319488 
这个人掉线了 cBgQkrwMZdQzu3QgtkN4vTbDB2Zf7F9ndm 44. 319616 
这个人掉线了 c8Ke6FeamgemKfaAdppcUVoGfModE4CEyT 44. 319744 
这个人掉线了 cKcsAB6U1KSkUrUsLr1ysdK5UrfCmFribi 44. 319872 
这个人掉线了 cLxoe3BFVFWJitksZZU7r7pyPbGxdV9FEw 44. 320000 
生成区块 45851 45. cCET2Sxt2LPDhx44wxJ9uhkpviKNrSacvE time: 320128 
这个人掉线了 cFEaSoF3QceWxjnLsg9FoQyLVcUzVEpkSP 45. 320256 
这个人掉线了 cGnmjV6fk5kFbTWztDtZhyr1a4Van4NPvR 45. 320384 
这个人掉线了 c5fjyiG9HYrHrzJnyLsMZSkw6M5JzkZWUY 45. 320512 
这个人掉线了 cKmsqZLYAY8xjsqSaFdUy2jUuewBpCCcf9 45. 320640 
这个人掉线了 cNsdgX2hL8tpZuNV8pbqpcmmQXFYgyoHb3 45. 320768 
这个人掉线了 cJzdd4agJhJR7psxQeH7beLeqarzeRrVWz 45. 320896 
这个人掉线了 cNqpoUrBTpPvGzpFsimJRMm1uDjvDPpigj 45. 321024 
这个人掉线了 c582jFX2DfF45B65YSKN31qk6Ft9ckVAJm 45. 321152 
这个人掉线了 cKqAK2TLS5AiGm75CAuVLUv4D38MyqTD9M 45. 321280 
这个人掉线了 c5AYPcDMUGr5JHErEo5y43SZG8JsF8YjG5 45. 321408 
这个人掉线了 cH4RweoyEU363G5p7P2D1bEe5uccLNFJgC 45. 321536 
这个人掉线了 cGS6P65poK8GN5yhAtBj5ddDuDFh3k4YW8 45. 321664 
这个人掉线了 c4aG5yDeGo4TqR6C9r2vBaaNXmR2Ro17SV 45. 321792 
这个人掉线了 cHdATqSzszEe335hM8kaNM267SH98BCpbx 45. 321920 
这个人掉线了 cDUwDnum3J5bQo78LDWcCJLAASqRP4VSan 45. 322048 
这个人掉线了 cCjrLJHLRUZci2Ak1W2BbgchJQLoQo86d7 45. 322176 
这个人掉线了 c81E6nEaLHJ25mFRTDSMar5YjmrYLsNr5v 45. 322304 
这个人掉线了 cCuaHXAe1hcEGgqz6eg8QC9UKQHZ1Cq2Qo 45. 322432 
这个人掉线了 c3MCDGU8vFk6waxeeRbBUt3QaRvB6q1TAH 45. 322560 
这个人掉线了 cCmcRqAdKd24ft1Nuwzc6p1Uf5R47RSAUF 45. 322688 
这个人掉线了 cBy33bW2b8QX3Th6mjkpHRykPGLN9ahG9p 45. 322816 
这个人掉线了 cKySkYVB4MhWhKczSUmY7WhF638hPx6U8N 45. 322944 
这个人掉线了 c4wQ1qXmKFBBGeHeiT5QsB9oKwsGYmK2eA 45. 323072 
这个人掉线了 cBpRE96Ff1RR3kVoN9Hky6pnAtTky8cP4s 45. 323200 
这个人掉线了 c7y8jqVoAmP9uHA6bYxT66KSPXz14tSahH 45. 323328 
这个人掉线了 cKqjHi8u4n5RJJa1CxHgZbwHXS9cKC5Ekw 45. 323456 
这个人掉线了 cNQzoCNDDYY2uqBEW6fb7B6HzFjyz6oCt8 45. 323584 
这个人掉线了 cM8wVfYBZq6KtXCKAobMH9g9jLTcSfCiw5 45. 323712 
这个人掉线了 cFG8tkEage2m5qnpsd8giKe9kad6ACF3BY 45. 323840 
这个人掉线了 cNhu1W73hSpHzwJfzGbHf1tM9KWSGTtC8U 45. 323968 
这个人掉线了 cLrUCNAWPyPH96bqqC3JQXZ3CtsvvXmNj1 45. 324096 
这个人掉线了 cPDXYf8tLYdv8LG43RxgHbNLi1ouxDcP8p 45. 324224 
这个人掉线了 cPNWUU9oB4NaxFagHDafkD2p54phRGSwqh 45. 324352 
这个人掉线了 c6kHiX6mRcy3KeWCeb7MYAd8pfnDhnz8V7 45. 324480 
这个人掉线了 cMyZAA4V27jEmysddCxCqXKAeN2bBvDsVU 45. 324608 
这个人掉线了 c7LefZDapLTMcazj5gJdJJE4PePHQ2qpNu 45. 324736 
这个人掉线了 cGQ5NPs1k59LxCvxECXLKNpr4TezDvhMZn 45. 324864 
这个人掉线了 c2LMjYRGQbGAuNWBNyWrRr81WXzaZJqMdW 45. 324992 
这个人掉线了 c5QActCYGusL7wEwV8sDTZ6QcekFBjBMhv 45. 325120 
这个人掉线了 cFtYf1e5Ng5QhZzHiPMvDyV3NQHxKBnLmV 45. 325248 
这个人掉线了 c5rSRneu7iXf8r8N87raRev24kHGmkvPMT 45. 325376 
这个人掉线了 cH6L4muHgCsNwfqFPEMMBJwTG6NWhVWqiv 45. 325504 
这个人掉线了 cMPVU5d8U87bqPTZsLaWiyAv5UbZwMENip 45. 325632 
这个人掉线了 cD4rsua9vmVMiPouRL7MJJcVPWKtQu8E5X 45. 325760 
这个人掉线了 c6XZmkn23mSbiVVydY8WcEJSebM9RpRq8V 45. 325888 
这个人掉线了 cMtCaC4WmjBjZYbzrGZREJ9imX479XxpsM 45. 326016 
这个人掉线了 cFtR9y1R2zvvd7DXUE5cQu4wVuHzMzKFXW 45. 326144 
这个人掉线了 cERnwrsCNpy4b8hQ683zpRFPw88yXuVXES 45. 326272 
这个人掉线了 cBRJCW5SXiaJzDEFQhmLhCjizEBaprHj9w 45. 326400 
这个人掉线了 cCTtPZA7Ry9qEnLJm6yyWGFswdFC5hiMhe 45. 326528 
这个人掉线了 c3e7TaDkuPcWC8L7GfkixXsaZDpP5Rtasg 45. 326656 
这个人掉线了 cMbTY5hZ2RXCVGPYgwjp3ybnM1EyQenDiy 45. 326784 
这个人掉线了 cBgQkrwMZdQzu3QgtkN4vTbDB2Zf7F9ndm 45. 326912 
这个人掉线了 c8Ke6FeamgemKfaAdppcUVoGfModE4CEyT 45. 327040 
这个人掉线了 cKcsAB6U1KSkUrUsLr1ysdK5UrfCmFribi 45. 327168 
这个人掉线了 cLxoe3BFVFWJitksZZU7r7pyPbGxdV9FEw 45. 327296 
生成区块 4903a 46. cCET2Sxt2LPDhx44wxJ9uhkpviKNrSacvE time: 327424 
这个人掉线了 cFEaSoF3QceWxjnLsg9FoQyLVcUzVEpkSP 46. 327552 
这个人掉线了 cGnmjV6fk5kFbTWztDtZhyr1a4Van4NPvR 46. 327680 
这个人掉线了 c5fjyiG9HYrHrzJnyLsMZSkw6M5JzkZWUY 46. 327808 
这个人掉线了 cKmsqZLYAY8xjsqSaFdUy2jUuewBpCCcf9 46. 327936 
这个人掉线了 cNsdgX2hL8tpZuNV8pbqpcmmQXFYgyoHb3 46. 328064 
这个人掉线了 cJzdd4agJhJR7psxQeH7beLeqarzeRrVWz 46. 328192 
这个人掉线了 cNqpoUrBTpPvGzpFsimJRMm1uDjvDPpigj 46. 328320 
这个人掉线了 c582jFX2DfF45B65YSKN31qk6Ft9ckVAJm 46. 328448 
这个人掉线了 cKqAK2TLS5AiGm75CAuVLUv4D38MyqTD9M 46. 328576 
这个人掉线了 c5AYPcDMUGr5JHErEo5y43SZG8JsF8YjG5 46. 328704 
这个人掉线了 cH4RweoyEU363G5p7P2D1bEe5uccLNFJgC 46. 328832 
这个人掉线了 cGS6P65poK8GN5yhAtBj5ddDuDFh3k4YW8 46. 328960 
这个人掉线了 c4aG5yDeGo4TqR6C9r2vBaaNXmR2Ro17SV 46. 329088 
这个人掉线了 cHdATqSzszEe335hM8kaNM267SH98BCpbx 46. 329216 
这个人掉线了 cDUwDnum3J5bQo78LDWcCJLAASqRP4VSan 46. 329344 
这个人掉线了 cCjrLJHLRUZci2Ak1W2BbgchJQLoQo86d7 46. 329472 
这个人掉线了 c81E6nEaLHJ25mFRTDSMar5YjmrYLsNr5v 46. 329600 
这个人掉线了 cCuaHXAe1hcEGgqz6eg8QC9UKQHZ1Cq2Qo 46. 329728 
这个人掉线了 c3MCDGU8vFk6waxeeRbBUt3QaRvB6q1TAH 46. 329856 
这个人掉线了 cCmcRqAdKd24ft1Nuwzc6p1Uf5R47RSAUF 46. 329984 
这个人掉线了 cBy33bW2b8QX3Th6mjkpHRykPGLN9ahG9p 46. 330112 
这个人掉线了 cKySkYVB4MhWhKczSUmY7WhF638hPx6U8N 46. 330240 
这个人掉线了 c4wQ1qXmKFBBGeHeiT5QsB9oKwsGYmK2eA 46. 330368 
这个人掉线了 cBpRE96Ff1RR3kVoN9Hky6pnAtTky8cP4s 46. 330496 
这个人掉线了 c7y8jqVoAmP9uHA6bYxT66KSPXz14tSahH 46. 330624 
这个人掉线了 cKqjHi8u4n5RJJa1CxHgZbwHXS9cKC5Ekw 46. 330752 
这个人掉线了 cNQzoCNDDYY2uqBEW6fb7B6HzFjyz6oCt8 46. 330880 
这个人掉线了 cM8wVfYBZq6KtXCKAobMH9g9jLTcSfCiw5 46. 331008 
这个人掉线了 cFG8tkEage2m5qnpsd8giKe9kad6ACF3BY 46. 331136 
这个人掉线了 cNhu1W73hSpHzwJfzGbHf1tM9KWSGTtC8U 46. 331264 
这个人掉线了 cLrUCNAWPyPH96bqqC3JQXZ3CtsvvXmNj1 46. 331392 
这个人掉线了 cPDXYf8tLYdv8LG43RxgHbNLi1ouxDcP8p 46. 331520 
这个人掉线了 cPNWUU9oB4NaxFagHDafkD2p54phRGSwqh 46. 331648 
这个人掉线了 c6kHiX6mRcy3KeWCeb7MYAd8pfnDhnz8V7 46. 331776 
这个人掉线了 cMyZAA4V27jEmysddCxCqXKAeN2bBvDsVU 46. 331904 
这个人掉线了 c7LefZDapLTMcazj5gJdJJE4PePHQ2qpNu 46. 332032 
这个人掉线了 cGQ5NPs1k59LxCvxECXLKNpr4TezDvhMZn 46. 332160 
这个人掉线了 c2LMjYRGQbGAuNWBNyWrRr81WXzaZJqMdW 46. 332288 
这个人掉线了 c5QActCYGusL7wEwV8sDTZ6QcekFBjBMhv 46. 332416 
这个人掉线了 cFtYf1e5Ng5QhZzHiPMvDyV3NQHxKBnLmV 46. 332544 
这个人掉线了 c5rSRneu7iXf8r8N87raRev24kHGmkvPMT 46. 332672 
这个人掉线了 cH6L4muHgCsNwfqFPEMMBJwTG6NWhVWqiv 46. 332800 
这个人掉线了 cMPVU5d8U87bqPTZsLaWiyAv5UbZwMENip 46. 332928 
这个人掉线了 cD4rsua9vmVMiPouRL7MJJcVPWKtQu8E5X 46. 333056 
这个人掉线了 c6XZmkn23mSbiVVydY8WcEJSebM9RpRq8V 46. 333184 
这个人掉线了 cMtCaC4WmjBjZYbzrGZREJ9imX479XxpsM 46. 333312 
这个人掉线了 cFtR9y1R2zvvd7DXUE5cQu4wVuHzMzKFXW 46. 333440 
这个人掉线了 cERnwrsCNpy4b8hQ683zpRFPw88yXuVXES 46. 333568 
这个人掉线了 cBRJCW5SXiaJzDEFQhmLhCjizEBaprHj9w 46. 333696 
这个人掉线了 cCTtPZA7Ry9qEnLJm6yyWGFswdFC5hiMhe 46. 333824 
这个人掉线了 c3e7TaDkuPcWC8L7GfkixXsaZDpP5Rtasg 46. 333952 
这个人掉线了 cMbTY5hZ2RXCVGPYgwjp3ybnM1EyQenDiy 46. 334080 
这个人掉线了 cBgQkrwMZdQzu3QgtkN4vTbDB2Zf7F9ndm 46. 334208 
这个人掉线了 c8Ke6FeamgemKfaAdppcUVoGfModE4CEyT 46. 334336 
这个人掉线了 cKcsAB6U1KSkUrUsLr1ysdK5UrfCmFribi 46. 334464 
这个人掉线了 cLxoe3BFVFWJitksZZU7r7pyPbGxdV9FEw 46. 334592 
生成区块 9941d 47. cCET2Sxt2LPDhx44wxJ9uhkpviKNrSacvE time: 334720 
这个人掉线了 cFEaSoF3QceWxjnLsg9FoQyLVcUzVEpkSP 47. 334848 
这个人掉线了 cGnmjV6fk5kFbTWztDtZhyr1a4Van4NPvR 47. 334976 
这个人掉线了 c5fjyiG9HYrHrzJnyLsMZSkw6M5JzkZWUY 47. 335104 
这个人掉线了 cKmsqZLYAY8xjsqSaFdUy2jUuewBpCCcf9 47. 335232 
这个人掉线了 cNsdgX2hL8tpZuNV8pbqpcmmQXFYgyoHb3 47. 335360 
这个人掉线了 cJzdd4agJhJR7psxQeH7beLeqarzeRrVWz 47. 335488 
这个人掉线了 cNqpoUrBTpPvGzpFsimJRMm1uDjvDPpigj 47. 335616 
这个人掉线了 c582jFX2DfF45B65YSKN31qk6Ft9ckVAJm 47. 335744 
这个人掉线了 cKqAK2TLS5AiGm75CAuVLUv4D38MyqTD9M 47. 335872 
这个人掉线了 c5AYPcDMUGr5JHErEo5y43SZG8JsF8YjG5 47. 336000 
这个人掉线了 cH4RweoyEU363G5p7P2D1bEe5uccLNFJgC 47. 336128 
这个人掉线了 cGS6P65poK8GN5yhAtBj5ddDuDFh3k4YW8 47. 336256 
这个人掉线了 c4aG5yDeGo4TqR6C9r2vBaaNXmR2Ro17SV 47. 336384 
这个人掉线了 cHdATqSzszEe335hM8kaNM267SH98BCpbx 47. 336512 
这个人掉线了 cDUwDnum3J5bQo78LDWcCJLAASqRP4VSan 47. 336640 
这个人掉线了 cCjrLJHLRUZci2Ak1W2BbgchJQLoQo86d7 47. 336768 
这个人掉线了 c81E6nEaLHJ25mFRTDSMar5YjmrYLsNr5v 47. 336896 
这个人掉线了 cCuaHXAe1hcEGgqz6eg8QC9UKQHZ1Cq2Qo 47. 337024 
这个人掉线了 c3MCDGU8vFk6waxeeRbBUt3QaRvB6q1TAH 47. 337152 
这个人掉线了 cCmcRqAdKd24ft1Nuwzc6p1Uf5R47RSAUF 47. 337280 
这个人掉线了 cBy33bW2b8QX3Th6mjkpHRykPGLN9ahG9p 47. 337408 
这个人掉线了 cKySkYVB4MhWhKczSUmY7WhF638hPx6U8N 47. 337536 
这个人掉线了 c4wQ1qXmKFBBGeHeiT5QsB9oKwsGYmK2eA 47. 337664 
这个人掉线了 cBpRE96Ff1RR3kVoN9Hky6pnAtTky8cP4s 47. 337792 
这个人掉线了 c7y8jqVoAmP9uHA6bYxT66KSPXz14tSahH 47. 337920 
这个人掉线了 cKqjHi8u4n5RJJa1CxHgZbwHXS9cKC5Ekw 47. 338048 
这个人掉线了 cNQzoCNDDYY2uqBEW6fb7B6HzFjyz6oCt8 47. 338176 
这个人掉线了 cM8wVfYBZq6KtXCKAobMH9g9jLTcSfCiw5 47. 338304 
这个人掉线了 cFG8tkEage2m5qnpsd8giKe9kad6ACF3BY 47. 338432 
这个人掉线了 cNhu1W73hSpHzwJfzGbHf1tM9KWSGTtC8U 47. 338560 
这个人掉线了 cLrUCNAWPyPH96bqqC3JQXZ3CtsvvXmNj1 47. 338688 
这个人掉线了 cPDXYf8tLYdv8LG43RxgHbNLi1ouxDcP8p 47. 338816 
这个人掉线了 cPNWUU9oB4NaxFagHDafkD2p54phRGSwqh 47. 338944 
这个人掉线了 c6kHiX6mRcy3KeWCeb7MYAd8pfnDhnz8V7 47. 339072 
这个人掉线了 cMyZAA4V27jEmysddCxCqXKAeN2bBvDsVU 47. 339200 
这个人掉线了 c7LefZDapLTMcazj5gJdJJE4PePHQ2qpNu 47. 339328 
这个人掉线了 cGQ5NPs1k59LxCvxECXLKNpr4TezDvhMZn 47. 339456 
这个人掉线了 c2LMjYRGQbGAuNWBNyWrRr81WXzaZJqMdW 47. 339584 
这个人掉线了 c5QActCYGusL7wEwV8sDTZ6QcekFBjBMhv 47. 339712 
这个人掉线了 cFtYf1e5Ng5QhZzHiPMvDyV3NQHxKBnLmV 47. 339840 
这个人掉线了 c5rSRneu7iXf8r8N87raRev24kHGmkvPMT 47. 339968 
这个人掉线了 cH6L4muHgCsNwfqFPEMMBJwTG6NWhVWqiv 47. 340096 
这个人掉线了 cMPVU5d8U87bqPTZsLaWiyAv5UbZwMENip 47. 340224 
这个人掉线了 cD4rsua9vmVMiPouRL7MJJcVPWKtQu8E5X 47. 340352 
这个人掉线了 c6XZmkn23mSbiVVydY8WcEJSebM9RpRq8V 47. 340480 
这个人掉线了 cMtCaC4WmjBjZYbzrGZREJ9imX479XxpsM 47. 340608 
这个人掉线了 cFtR9y1R2zvvd7DXUE5cQu4wVuHzMzKFXW 47. 340736 
这个人掉线了 cERnwrsCNpy4b8hQ683zpRFPw88yXuVXES 47. 340864 
这个人掉线了 cBRJCW5SXiaJzDEFQhmLhCjizEBaprHj9w 47. 340992 
这个人掉线了 cCTtPZA7Ry9qEnLJm6yyWGFswdFC5hiMhe 47. 341120 
这个人掉线了 c3e7TaDkuPcWC8L7GfkixXsaZDpP5Rtasg 47. 341248 
这个人掉线了 cMbTY5hZ2RXCVGPYgwjp3ybnM1EyQenDiy 47. 341376 
这个人掉线了 cBgQkrwMZdQzu3QgtkN4vTbDB2Zf7F9ndm 47. 341504 
这个人掉线了 c8Ke6FeamgemKfaAdppcUVoGfModE4CEyT 47. 341632 
这个人掉线了 cKcsAB6U1KSkUrUsLr1ysdK5UrfCmFribi 47. 341760 
这个人掉线了 cLxoe3BFVFWJitksZZU7r7pyPbGxdV9FEw 47. 341888 
生成区块 73421 48. cCET2Sxt2LPDhx44wxJ9uhkpviKNrSacvE time: 342016 
这个人掉线了 cFEaSoF3QceWxjnLsg9FoQyLVcUzVEpkSP 48. 342144 
这个人掉线了 cGnmjV6fk5kFbTWztDtZhyr1a4Van4NPvR 48. 342272 
这个人掉线了 c5fjyiG9HYrHrzJnyLsMZSkw6M5JzkZWUY 48. 342400 
这个人掉线了 cKmsqZLYAY8xjsqSaFdUy2jUuewBpCCcf9 48. 342528 
这个人掉线了 cNsdgX2hL8tpZuNV8pbqpcmmQXFYgyoHb3 48. 342656 
这个人掉线了 cJzdd4agJhJR7psxQeH7beLeqarzeRrVWz 48. 342784 
这个人掉线了 cNqpoUrBTpPvGzpFsimJRMm1uDjvDPpigj 48. 342912 
这个人掉线了 c582jFX2DfF45B65YSKN31qk6Ft9ckVAJm 48. 343040 
这个人掉线了 cKqAK2TLS5AiGm75CAuVLUv4D38MyqTD9M 48. 343168 
这个人掉线了 c5AYPcDMUGr5JHErEo5y43SZG8JsF8YjG5 48. 343296 
这个人掉线了 cH4RweoyEU363G5p7P2D1bEe5uccLNFJgC 48. 343424 
这个人掉线了 cGS6P65poK8GN5yhAtBj5ddDuDFh3k4YW8 48. 343552 
这个人掉线了 c4aG5yDeGo4TqR6C9r2vBaaNXmR2Ro17SV 48. 343680 
这个人掉线了 cHdATqSzszEe335hM8kaNM267SH98BCpbx 48. 343808 
这个人掉线了 cDUwDnum3J5bQo78LDWcCJLAASqRP4VSan 48. 343936 
这个人掉线了 cCjrLJHLRUZci2Ak1W2BbgchJQLoQo86d7 48. 344064 
这个人掉线了 c81E6nEaLHJ25mFRTDSMar5YjmrYLsNr5v 48. 344192 
这个人掉线了 cCuaHXAe1hcEGgqz6eg8QC9UKQHZ1Cq2Qo 48. 344320 
这个人掉线了 c3MCDGU8vFk6waxeeRbBUt3QaRvB6q1TAH 48. 344448 
这个人掉线了 cCmcRqAdKd24ft1Nuwzc6p1Uf5R47RSAUF 48. 344576 
这个人掉线了 cBy33bW2b8QX3Th6mjkpHRykPGLN9ahG9p 48. 344704 
这个人掉线了 cKySkYVB4MhWhKczSUmY7WhF638hPx6U8N 48. 344832 
这个人掉线了 c4wQ1qXmKFBBGeHeiT5QsB9oKwsGYmK2eA 48. 344960 
这个人掉线了 cBpRE96Ff1RR3kVoN9Hky6pnAtTky8cP4s 48. 345088 
这个人掉线了 c7y8jqVoAmP9uHA6bYxT66KSPXz14tSahH 48. 345216 
这个人掉线了 cKqjHi8u4n5RJJa1CxHgZbwHXS9cKC5Ekw 48. 345344 
这个人掉线了 cNQzoCNDDYY2uqBEW6fb7B6HzFjyz6oCt8 48. 345472 
这个人掉线了 cM8wVfYBZq6KtXCKAobMH9g9jLTcSfCiw5 48. 345600 
这个人掉线了 cFG8tkEage2m5qnpsd8giKe9kad6ACF3BY 48. 345728 
这个人掉线了 cNhu1W73hSpHzwJfzGbHf1tM9KWSGTtC8U 48. 345856 
这个人掉线了 cLrUCNAWPyPH96bqqC3JQXZ3CtsvvXmNj1 48. 345984 
这个人掉线了 cPDXYf8tLYdv8LG43RxgHbNLi1ouxDcP8p 48. 346112 
这个人掉线了 cPNWUU9oB4NaxFagHDafkD2p54phRGSwqh 48. 346240 
这个人掉线了 c6kHiX6mRcy3KeWCeb7MYAd8pfnDhnz8V7 48. 346368 
这个人掉线了 cMyZAA4V27jEmysddCxCqXKAeN2bBvDsVU 48. 346496 
这个人掉线了 c7LefZDapLTMcazj5gJdJJE4PePHQ2qpNu 48. 346624 
这个人掉线了 cGQ5NPs1k59LxCvxECXLKNpr4TezDvhMZn 48. 346752 
这个人掉线了 c2LMjYRGQbGAuNWBNyWrRr81WXzaZJqMdW 48. 346880 
这个人掉线了 c5QActCYGusL7wEwV8sDTZ6QcekFBjBMhv 48. 347008 
这个人掉线了 cFtYf1e5Ng5QhZzHiPMvDyV3NQHxKBnLmV 48. 347136 
这个人掉线了 c5rSRneu7iXf8r8N87raRev24kHGmkvPMT 48. 347264 
这个人掉线了 cH6L4muHgCsNwfqFPEMMBJwTG6NWhVWqiv 48. 347392 
这个人掉线了 cMPVU5d8U87bqPTZsLaWiyAv5UbZwMENip 48. 347520 
这个人掉线了 cD4rsua9vmVMiPouRL7MJJcVPWKtQu8E5X 48. 347648 
这个人掉线了 c6XZmkn23mSbiVVydY8WcEJSebM9RpRq8V 48. 347776 
这个人掉线了 cMtCaC4WmjBjZYbzrGZREJ9imX479XxpsM 48. 347904 
这个人掉线了 cFtR9y1R2zvvd7DXUE5cQu4wVuHzMzKFXW 48. 348032 
这个人掉线了 cERnwrsCNpy4b8hQ683zpRFPw88yXuVXES 48. 348160 
这个人掉线了 cBRJCW5SXiaJzDEFQhmLhCjizEBaprHj9w 48. 348288 
这个人掉线了 cCTtPZA7Ry9qEnLJm6yyWGFswdFC5hiMhe 48. 348416 
这个人掉线了 c3e7TaDkuPcWC8L7GfkixXsaZDpP5Rtasg 48. 348544 
这个人掉线了 cMbTY5hZ2RXCVGPYgwjp3ybnM1EyQenDiy 48. 348672 
这个人掉线了 cBgQkrwMZdQzu3QgtkN4vTbDB2Zf7F9ndm 48. 348800 
这个人掉线了 c8Ke6FeamgemKfaAdppcUVoGfModE4CEyT 48. 348928 
这个人掉线了 cKcsAB6U1KSkUrUsLr1ysdK5UrfCmFribi 48. 349056 
这个人掉线了 cLxoe3BFVFWJitksZZU7r7pyPbGxdV9FEw 48. 349184 
生成区块 76424 49. cCET2Sxt2LPDhx44wxJ9uhkpviKNrSacvE time: 349312 
这个人掉线了 cFEaSoF3QceWxjnLsg9FoQyLVcUzVEpkSP 49. 349440 
这个人掉线了 cGnmjV6fk5kFbTWztDtZhyr1a4Van4NPvR 49. 349568 
这个人掉线了 c5fjyiG9HYrHrzJnyLsMZSkw6M5JzkZWUY 49. 349696 
这个人掉线了 cKmsqZLYAY8xjsqSaFdUy2jUuewBpCCcf9 49. 349824 
这个人掉线了 cNsdgX2hL8tpZuNV8pbqpcmmQXFYgyoHb3 49. 349952 
这个人掉线了 cJzdd4agJhJR7psxQeH7beLeqarzeRrVWz 49. 350080 
这个人掉线了 cNqpoUrBTpPvGzpFsimJRMm1uDjvDPpigj 49. 350208 
这个人掉线了 c582jFX2DfF45B65YSKN31qk6Ft9ckVAJm 49. 350336 
这个人掉线了 cKqAK2TLS5AiGm75CAuVLUv4D38MyqTD9M 49. 350464 
这个人掉线了 c5AYPcDMUGr5JHErEo5y43SZG8JsF8YjG5 49. 350592 
这个人掉线了 cH4RweoyEU363G5p7P2D1bEe5uccLNFJgC 49. 350720 
这个人掉线了 cGS6P65poK8GN5yhAtBj5ddDuDFh3k4YW8 49. 350848 
这个人掉线了 c4aG5yDeGo4TqR6C9r2vBaaNXmR2Ro17SV 49. 350976 
这个人掉线了 cHdATqSzszEe335hM8kaNM267SH98BCpbx 49. 351104 
这个人掉线了 cDUwDnum3J5bQo78LDWcCJLAASqRP4VSan 49. 351232 
这个人掉线了 cCjrLJHLRUZci2Ak1W2BbgchJQLoQo86d7 49. 351360 
这个人掉线了 c81E6nEaLHJ25mFRTDSMar5YjmrYLsNr5v 49. 351488 
这个人掉线了 cCuaHXAe1hcEGgqz6eg8QC9UKQHZ1Cq2Qo 49. 351616 
这个人掉线了 c3MCDGU8vFk6waxeeRbBUt3QaRvB6q1TAH 49. 351744 
这个人掉线了 cCmcRqAdKd24ft1Nuwzc6p1Uf5R47RSAUF 49. 351872 
这个人掉线了 cBy33bW2b8QX3Th6mjkpHRykPGLN9ahG9p 49. 352000 
这个人掉线了 cKySkYVB4MhWhKczSUmY7WhF638hPx6U8N 49. 352128 
这个人掉线了 c4wQ1qXmKFBBGeHeiT5QsB9oKwsGYmK2eA 49. 352256 
这个人掉线了 cBpRE96Ff1RR3kVoN9Hky6pnAtTky8cP4s 49. 352384 
这个人掉线了 c7y8jqVoAmP9uHA6bYxT66KSPXz14tSahH 49. 352512 
这个人掉线了 cKqjHi8u4n5RJJa1CxHgZbwHXS9cKC5Ekw 49. 352640 
这个人掉线了 cNQzoCNDDYY2uqBEW6fb7B6HzFjyz6oCt8 49. 352768 
这个人掉线了 cM8wVfYBZq6KtXCKAobMH9g9jLTcSfCiw5 49. 352896 
这个人掉线了 cFG8tkEage2m5qnpsd8giKe9kad6ACF3BY 49. 353024 
这个人掉线了 cNhu1W73hSpHzwJfzGbHf1tM9KWSGTtC8U 49. 353152 
这个人掉线了 cLrUCNAWPyPH96bqqC3JQXZ3CtsvvXmNj1 49. 353280 
这个人掉线了 cPDXYf8tLYdv8LG43RxgHbNLi1ouxDcP8p 49. 353408 
这个人掉线了 cPNWUU9oB4NaxFagHDafkD2p54phRGSwqh 49. 353536 
这个人掉线了 c6kHiX6mRcy3KeWCeb7MYAd8pfnDhnz8V7 49. 353664 
这个人掉线了 cMyZAA4V27jEmysddCxCqXKAeN2bBvDsVU 49. 353792 
这个人掉线了 c7LefZDapLTMcazj5gJdJJE4PePHQ2qpNu 49. 353920 
这个人掉线了 cGQ5NPs1k59LxCvxECXLKNpr4TezDvhMZn 49. 354048 
这个人掉线了 c2LMjYRGQbGAuNWBNyWrRr81WXzaZJqMdW 49. 354176 
这个人掉线了 c5QActCYGusL7wEwV8sDTZ6QcekFBjBMhv 49. 354304 
这个人掉线了 cFtYf1e5Ng5QhZzHiPMvDyV3NQHxKBnLmV 49. 354432 
这个人掉线了 c5rSRneu7iXf8r8N87raRev24kHGmkvPMT 49. 354560 
这个人掉线了 cH6L4muHgCsNwfqFPEMMBJwTG6NWhVWqiv 49. 354688 
这个人掉线了 cMPVU5d8U87bqPTZsLaWiyAv5UbZwMENip 49. 354816 
这个人掉线了 cD4rsua9vmVMiPouRL7MJJcVPWKtQu8E5X 49. 354944 
这个人掉线了 c6XZmkn23mSbiVVydY8WcEJSebM9RpRq8V 49. 355072 
这个人掉线了 cMtCaC4WmjBjZYbzrGZREJ9imX479XxpsM 49. 355200 
这个人掉线了 cFtR9y1R2zvvd7DXUE5cQu4wVuHzMzKFXW 49. 355328 
这个人掉线了 cERnwrsCNpy4b8hQ683zpRFPw88yXuVXES 49. 355456 
这个人掉线了 cBRJCW5SXiaJzDEFQhmLhCjizEBaprHj9w 49. 355584 
这个人掉线了 cCTtPZA7Ry9qEnLJm6yyWGFswdFC5hiMhe 49. 355712 
这个人掉线了 c3e7TaDkuPcWC8L7GfkixXsaZDpP5Rtasg 49. 355840 
这个人掉线了 cMbTY5hZ2RXCVGPYgwjp3ybnM1EyQenDiy 49. 355968 
这个人掉线了 cBgQkrwMZdQzu3QgtkN4vTbDB2Zf7F9ndm 49. 356096 
这个人掉线了 c8Ke6FeamgemKfaAdppcUVoGfModE4CEyT 49. 356224 
这个人掉线了 cKcsAB6U1KSkUrUsLr1ysdK5UrfCmFribi 49. 356352 
这个人掉线了 cLxoe3BFVFWJitksZZU7r7pyPbGxdV9FEw 49. 356480 
生成区块 73d8f 50. cCET2Sxt2LPDhx44wxJ9uhkpviKNrSacvE time: 356608 
这个人掉线了 cFEaSoF3QceWxjnLsg9FoQyLVcUzVEpkSP 50. 356736 
这个人掉线了 cGnmjV6fk5kFbTWztDtZhyr1a4Van4NPvR 50. 356864 
这个人掉线了 c5fjyiG9HYrHrzJnyLsMZSkw6M5JzkZWUY 50. 356992 
这个人掉线了 cKmsqZLYAY8xjsqSaFdUy2jUuewBpCCcf9 50. 357120 
这个人掉线了 cNsdgX2hL8tpZuNV8pbqpcmmQXFYgyoHb3 50. 357248 
这个人掉线了 cJzdd4agJhJR7psxQeH7beLeqarzeRrVWz 50. 357376 
这个人掉线了 cNqpoUrBTpPvGzpFsimJRMm1uDjvDPpigj 50. 357504 
这个人掉线了 c582jFX2DfF45B65YSKN31qk6Ft9ckVAJm 50. 357632 
这个人掉线了 cKqAK2TLS5AiGm75CAuVLUv4D38MyqTD9M 50. 357760 
这个人掉线了 c5AYPcDMUGr5JHErEo5y43SZG8JsF8YjG5 50. 357888 
这个人掉线了 cH4RweoyEU363G5p7P2D1bEe5uccLNFJgC 50. 358016 
这个人掉线了 cGS6P65poK8GN5yhAtBj5ddDuDFh3k4YW8 50. 358144 
这个人掉线了 c4aG5yDeGo4TqR6C9r2vBaaNXmR2Ro17SV 50. 358272 
这个人掉线了 cHdATqSzszEe335hM8kaNM267SH98BCpbx 50. 358400 
这个人掉线了 cDUwDnum3J5bQo78LDWcCJLAASqRP4VSan 50. 358528 
这个人掉线了 cCjrLJHLRUZci2Ak1W2BbgchJQLoQo86d7 50. 358656 
这个人掉线了 c81E6nEaLHJ25mFRTDSMar5YjmrYLsNr5v 50. 358784 
这个人掉线了 cCuaHXAe1hcEGgqz6eg8QC9UKQHZ1Cq2Qo 50. 358912 
这个人掉线了 c3MCDGU8vFk6waxeeRbBUt3QaRvB6q1TAH 50. 359040 
这个人掉线了 cCmcRqAdKd24ft1Nuwzc6p1Uf5R47RSAUF 50. 359168 
这个人掉线了 cBy33bW2b8QX3Th6mjkpHRykPGLN9ahG9p 50. 359296 
这个人掉线了 cKySkYVB4MhWhKczSUmY7WhF638hPx6U8N 50. 359424 
这个人掉线了 c4wQ1qXmKFBBGeHeiT5QsB9oKwsGYmK2eA 50. 359552 
这个人掉线了 cBpRE96Ff1RR3kVoN9Hky6pnAtTky8cP4s 50. 359680 
这个人掉线了 c7y8jqVoAmP9uHA6bYxT66KSPXz14tSahH 50. 359808 
这个人掉线了 cKqjHi8u4n5RJJa1CxHgZbwHXS9cKC5Ekw 50. 359936 
这个人掉线了 cNQzoCNDDYY2uqBEW6fb7B6HzFjyz6oCt8 50. 360064 
这个人掉线了 cM8wVfYBZq6KtXCKAobMH9g9jLTcSfCiw5 50. 360192 
这个人掉线了 cFG8tkEage2m5qnpsd8giKe9kad6ACF3BY 50. 360320 
这个人掉线了 cNhu1W73hSpHzwJfzGbHf1tM9KWSGTtC8U 50. 360448 
这个人掉线了 cLrUCNAWPyPH96bqqC3JQXZ3CtsvvXmNj1 50. 360576 
这个人掉线了 cPDXYf8tLYdv8LG43RxgHbNLi1ouxDcP8p 50. 360704 
这个人掉线了 cPNWUU9oB4NaxFagHDafkD2p54phRGSwqh 50. 360832 
这个人掉线了 c6kHiX6mRcy3KeWCeb7MYAd8pfnDhnz8V7 50. 360960 
这个人掉线了 cMyZAA4V27jEmysddCxCqXKAeN2bBvDsVU 50. 361088 
这个人掉线了 c7LefZDapLTMcazj5gJdJJE4PePHQ2qpNu 50. 361216 
这个人掉线了 cGQ5NPs1k59LxCvxECXLKNpr4TezDvhMZn 50. 361344 
这个人掉线了 c2LMjYRGQbGAuNWBNyWrRr81WXzaZJqMdW 50. 361472 
这个人掉线了 c5QActCYGusL7wEwV8sDTZ6QcekFBjBMhv 50. 361600 
这个人掉线了 cFtYf1e5Ng5QhZzHiPMvDyV3NQHxKBnLmV 50. 361728 
这个人掉线了 c5rSRneu7iXf8r8N87raRev24kHGmkvPMT 50. 361856 
这个人掉线了 cH6L4muHgCsNwfqFPEMMBJwTG6NWhVWqiv 50. 361984 
这个人掉线了 cMPVU5d8U87bqPTZsLaWiyAv5UbZwMENip 50. 362112 
这个人掉线了 cD4rsua9vmVMiPouRL7MJJcVPWKtQu8E5X 50. 362240 
这个人掉线了 c6XZmkn23mSbiVVydY8WcEJSebM9RpRq8V 50. 362368 
这个人掉线了 cMtCaC4WmjBjZYbzrGZREJ9imX479XxpsM 50. 362496 
这个人掉线了 cFtR9y1R2zvvd7DXUE5cQu4wVuHzMzKFXW 50. 362624 
这个人掉线了 cERnwrsCNpy4b8hQ683zpRFPw88yXuVXES 50. 362752 
这个人掉线了 cBRJCW5SXiaJzDEFQhmLhCjizEBaprHj9w 50. 362880 
这个人掉线了 cCTtPZA7Ry9qEnLJm6yyWGFswdFC5hiMhe 50. 363008 
这个人掉线了 c3e7TaDkuPcWC8L7GfkixXsaZDpP5Rtasg 50. 363136 
这个人掉线了 cMbTY5hZ2RXCVGPYgwjp3ybnM1EyQenDiy 50. 363264 
这个人掉线了 cBgQkrwMZdQzu3QgtkN4vTbDB2Zf7F9ndm 50. 363392 
这个人掉线了 c8Ke6FeamgemKfaAdppcUVoGfModE4CEyT 50. 363520 
这个人掉线了 cKcsAB6U1KSkUrUsLr1ysdK5UrfCmFribi 50. 363648 
这个人掉线了 cLxoe3BFVFWJitksZZU7r7pyPbGxdV9FEw 50. 363776 
生成区块 51fd3 51. cCET2Sxt2LPDhx44wxJ9uhkpviKNrSacvE time: 363904 
这个人掉线了 cFEaSoF3QceWxjnLsg9FoQyLVcUzVEpkSP 51. 364032 
这个人掉线了 cGnmjV6fk5kFbTWztDtZhyr1a4Van4NPvR 51. 364160 
这个人掉线了 c5fjyiG9HYrHrzJnyLsMZSkw6M5JzkZWUY 51. 364288 
这个人掉线了 cKmsqZLYAY8xjsqSaFdUy2jUuewBpCCcf9 51. 364416 
这个人掉线了 cNsdgX2hL8tpZuNV8pbqpcmmQXFYgyoHb3 51. 364544 
这个人掉线了 cJzdd4agJhJR7psxQeH7beLeqarzeRrVWz 51. 364672 
这个人掉线了 cNqpoUrBTpPvGzpFsimJRMm1uDjvDPpigj 51. 364800 
这个人掉线了 c582jFX2DfF45B65YSKN31qk6Ft9ckVAJm 51. 364928 
这个人掉线了 cKqAK2TLS5AiGm75CAuVLUv4D38MyqTD9M 51. 365056 
这个人掉线了 c5AYPcDMUGr5JHErEo5y43SZG8JsF8YjG5 51. 365184 
这个人掉线了 cH4RweoyEU363G5p7P2D1bEe5uccLNFJgC 51. 365312 
这个人掉线了 cGS6P65poK8GN5yhAtBj5ddDuDFh3k4YW8 51. 365440 
这个人掉线了 c4aG5yDeGo4TqR6C9r2vBaaNXmR2Ro17SV 51. 365568 
这个人掉线了 cHdATqSzszEe335hM8kaNM267SH98BCpbx 51. 365696 
这个人掉线了 cDUwDnum3J5bQo78LDWcCJLAASqRP4VSan 51. 365824 
这个人掉线了 cCjrLJHLRUZci2Ak1W2BbgchJQLoQo86d7 51. 365952 
这个人掉线了 c81E6nEaLHJ25mFRTDSMar5YjmrYLsNr5v 51. 366080 
这个人掉线了 cCuaHXAe1hcEGgqz6eg8QC9UKQHZ1Cq2Qo 51. 366208 
这个人掉线了 c3MCDGU8vFk6waxeeRbBUt3QaRvB6q1TAH 51. 366336 
这个人掉线了 cCmcRqAdKd24ft1Nuwzc6p1Uf5R47RSAUF 51. 366464 
这个人掉线了 cBy33bW2b8QX3Th6mjkpHRykPGLN9ahG9p 51. 366592 
这个人掉线了 cKySkYVB4MhWhKczSUmY7WhF638hPx6U8N 51. 366720 
这个人掉线了 c4wQ1qXmKFBBGeHeiT5QsB9oKwsGYmK2eA 51. 366848 
这个人掉线了 cBpRE96Ff1RR3kVoN9Hky6pnAtTky8cP4s 51. 366976 
这个人掉线了 c7y8jqVoAmP9uHA6bYxT66KSPXz14tSahH 51. 367104 
这个人掉线了 cKqjHi8u4n5RJJa1CxHgZbwHXS9cKC5Ekw 51. 367232 
这个人掉线了 cNQzoCNDDYY2uqBEW6fb7B6HzFjyz6oCt8 51. 367360 
这个人掉线了 cM8wVfYBZq6KtXCKAobMH9g9jLTcSfCiw5 51. 367488 
这个人掉线了 cFG8tkEage2m5qnpsd8giKe9kad6ACF3BY 51. 367616 
这个人掉线了 cNhu1W73hSpHzwJfzGbHf1tM9KWSGTtC8U 51. 367744 
这个人掉线了 cLrUCNAWPyPH96bqqC3JQXZ3CtsvvXmNj1 51. 367872 
这个人掉线了 cPDXYf8tLYdv8LG43RxgHbNLi1ouxDcP8p 51. 368000 
这个人掉线了 cPNWUU9oB4NaxFagHDafkD2p54phRGSwqh 51. 368128 
这个人掉线了 c6kHiX6mRcy3KeWCeb7MYAd8pfnDhnz8V7 51. 368256 
这个人掉线了 cMyZAA4V27jEmysddCxCqXKAeN2bBvDsVU 51. 368384 
这个人掉线了 c7LefZDapLTMcazj5gJdJJE4PePHQ2qpNu 51. 368512 
这个人掉线了 cGQ5NPs1k59LxCvxECXLKNpr4TezDvhMZn 51. 368640 
这个人掉线了 c2LMjYRGQbGAuNWBNyWrRr81WXzaZJqMdW 51. 368768 
这个人掉线了 c5QActCYGusL7wEwV8sDTZ6QcekFBjBMhv 51. 368896 
这个人掉线了 cFtYf1e5Ng5QhZzHiPMvDyV3NQHxKBnLmV 51. 369024 
这个人掉线了 c5rSRneu7iXf8r8N87raRev24kHGmkvPMT 51. 369152 
这个人掉线了 cH6L4muHgCsNwfqFPEMMBJwTG6NWhVWqiv 51. 369280 
这个人掉线了 cMPVU5d8U87bqPTZsLaWiyAv5UbZwMENip 51. 369408 
这个人掉线了 cD4rsua9vmVMiPouRL7MJJcVPWKtQu8E5X 51. 369536 
这个人掉线了 c6XZmkn23mSbiVVydY8WcEJSebM9RpRq8V 51. 369664 
这个人掉线了 cMtCaC4WmjBjZYbzrGZREJ9imX479XxpsM 51. 369792 
这个人掉线了 cFtR9y1R2zvvd7DXUE5cQu4wVuHzMzKFXW 51. 369920 
这个人掉线了 cERnwrsCNpy4b8hQ683zpRFPw88yXuVXES 51. 370048 
这个人掉线了 cBRJCW5SXiaJzDEFQhmLhCjizEBaprHj9w 51. 370176 
这个人掉线了 cCTtPZA7Ry9qEnLJm6yyWGFswdFC5hiMhe 51. 370304 
这个人掉线了 c3e7TaDkuPcWC8L7GfkixXsaZDpP5Rtasg 51. 370432 
这个人掉线了 cMbTY5hZ2RXCVGPYgwjp3ybnM1EyQenDiy 51. 370560 
这个人掉线了 cBgQkrwMZdQzu3QgtkN4vTbDB2Zf7F9ndm 51. 370688 
这个人掉线了 c8Ke6FeamgemKfaAdppcUVoGfModE4CEyT 51. 370816 
这个人掉线了 cKcsAB6U1KSkUrUsLr1ysdK5UrfCmFribi 51. 370944 
这个人掉线了 cLxoe3BFVFWJitksZZU7r7pyPbGxdV9FEw 51. 371072 
生成区块 16a95 52. cCET2Sxt2LPDhx44wxJ9uhkpviKNrSacvE time: 371200 
这个人掉线了 cFEaSoF3QceWxjnLsg9FoQyLVcUzVEpkSP 52. 371328 
这个人掉线了 cGnmjV6fk5kFbTWztDtZhyr1a4Van4NPvR 52. 371456 
这个人掉线了 c5fjyiG9HYrHrzJnyLsMZSkw6M5JzkZWUY 52. 371584 
这个人掉线了 cKmsqZLYAY8xjsqSaFdUy2jUuewBpCCcf9 52. 371712 
这个人掉线了 cNsdgX2hL8tpZuNV8pbqpcmmQXFYgyoHb3 52. 371840 
这个人掉线了 cJzdd4agJhJR7psxQeH7beLeqarzeRrVWz 52. 371968 
这个人掉线了 cNqpoUrBTpPvGzpFsimJRMm1uDjvDPpigj 52. 372096 
这个人掉线了 c582jFX2DfF45B65YSKN31qk6Ft9ckVAJm 52. 372224 
这个人掉线了 cKqAK2TLS5AiGm75CAuVLUv4D38MyqTD9M 52. 372352 
这个人掉线了 c5AYPcDMUGr5JHErEo5y43SZG8JsF8YjG5 52. 372480 
这个人掉线了 cH4RweoyEU363G5p7P2D1bEe5uccLNFJgC 52. 372608 
这个人掉线了 cGS6P65poK8GN5yhAtBj5ddDuDFh3k4YW8 52. 372736 
这个人掉线了 c4aG5yDeGo4TqR6C9r2vBaaNXmR2Ro17SV 52. 372864 
这个人掉线了 cHdATqSzszEe335hM8kaNM267SH98BCpbx 52. 372992 
这个人掉线了 cDUwDnum3J5bQo78LDWcCJLAASqRP4VSan 52. 373120 
这个人掉线了 cCjrLJHLRUZci2Ak1W2BbgchJQLoQo86d7 52. 373248 
这个人掉线了 c81E6nEaLHJ25mFRTDSMar5YjmrYLsNr5v 52. 373376 
这个人掉线了 cCuaHXAe1hcEGgqz6eg8QC9UKQHZ1Cq2Qo 52. 373504 
这个人掉线了 c3MCDGU8vFk6waxeeRbBUt3QaRvB6q1TAH 52. 373632 
这个人掉线了 cCmcRqAdKd24ft1Nuwzc6p1Uf5R47RSAUF 52. 373760 
这个人掉线了 cBy33bW2b8QX3Th6mjkpHRykPGLN9ahG9p 52. 373888 
这个人掉线了 cKySkYVB4MhWhKczSUmY7WhF638hPx6U8N 52. 374016 
这个人掉线了 c4wQ1qXmKFBBGeHeiT5QsB9oKwsGYmK2eA 52. 374144 
这个人掉线了 cBpRE96Ff1RR3kVoN9Hky6pnAtTky8cP4s 52. 374272 
这个人掉线了 c7y8jqVoAmP9uHA6bYxT66KSPXz14tSahH 52. 374400 
这个人掉线了 cKqjHi8u4n5RJJa1CxHgZbwHXS9cKC5Ekw 52. 374528 
这个人掉线了 cNQzoCNDDYY2uqBEW6fb7B6HzFjyz6oCt8 52. 374656 
这个人掉线了 cM8wVfYBZq6KtXCKAobMH9g9jLTcSfCiw5 52. 374784 
这个人掉线了 cFG8tkEage2m5qnpsd8giKe9kad6ACF3BY 52. 374912 
这个人掉线了 cNhu1W73hSpHzwJfzGbHf1tM9KWSGTtC8U 52. 375040 
这个人掉线了 cLrUCNAWPyPH96bqqC3JQXZ3CtsvvXmNj1 52. 375168 
这个人掉线了 cPDXYf8tLYdv8LG43RxgHbNLi1ouxDcP8p 52. 375296 
这个人掉线了 cPNWUU9oB4NaxFagHDafkD2p54phRGSwqh 52. 375424 
这个人掉线了 c6kHiX6mRcy3KeWCeb7MYAd8pfnDhnz8V7 52. 375552 
这个人掉线了 cMyZAA4V27jEmysddCxCqXKAeN2bBvDsVU 52. 375680 
这个人掉线了 c7LefZDapLTMcazj5gJdJJE4PePHQ2qpNu 52. 375808 
这个人掉线了 cGQ5NPs1k59LxCvxECXLKNpr4TezDvhMZn 52. 375936 
这个人掉线了 c2LMjYRGQbGAuNWBNyWrRr81WXzaZJqMdW 52. 376064 
这个人掉线了 c5QActCYGusL7wEwV8sDTZ6QcekFBjBMhv 52. 376192 
这个人掉线了 cFtYf1e5Ng5QhZzHiPMvDyV3NQHxKBnLmV 52. 376320 
这个人掉线了 c5rSRneu7iXf8r8N87raRev24kHGmkvPMT 52. 376448 
这个人掉线了 cH6L4muHgCsNwfqFPEMMBJwTG6NWhVWqiv 52. 376576 
这个人掉线了 cMPVU5d8U87bqPTZsLaWiyAv5UbZwMENip 52. 376704 
这个人掉线了 cD4rsua9vmVMiPouRL7MJJcVPWKtQu8E5X 52. 376832 
这个人掉线了 c6XZmkn23mSbiVVydY8WcEJSebM9RpRq8V 52. 376960 
这个人掉线了 cMtCaC4WmjBjZYbzrGZREJ9imX479XxpsM 52. 377088 
这个人掉线了 cFtR9y1R2zvvd7DXUE5cQu4wVuHzMzKFXW 52. 377216 
这个人掉线了 cERnwrsCNpy4b8hQ683zpRFPw88yXuVXES 52. 377344 
这个人掉线了 cBRJCW5SXiaJzDEFQhmLhCjizEBaprHj9w 52. 377472 
这个人掉线了 cCTtPZA7Ry9qEnLJm6yyWGFswdFC5hiMhe 52. 377600 
这个人掉线了 c3e7TaDkuPcWC8L7GfkixXsaZDpP5Rtasg 52. 377728 
这个人掉线了 cMbTY5hZ2RXCVGPYgwjp3ybnM1EyQenDiy 52. 377856 
这个人掉线了 cBgQkrwMZdQzu3QgtkN4vTbDB2Zf7F9ndm 52. 377984 
这个人掉线了 c8Ke6FeamgemKfaAdppcUVoGfModE4CEyT 52. 378112 
这个人掉线了 cKcsAB6U1KSkUrUsLr1ysdK5UrfCmFribi 52. 378240 
这个人掉线了 cLxoe3BFVFWJitksZZU7r7pyPbGxdV9FEw 52. 378368 
生成区块 1f717 53. cCET2Sxt2LPDhx44wxJ9uhkpviKNrSacvE time: 378496 
这个人掉线了 cFEaSoF3QceWxjnLsg9FoQyLVcUzVEpkSP 53. 378624 
这个人掉线了 cGnmjV6fk5kFbTWztDtZhyr1a4Van4NPvR 53. 378752 
这个人掉线了 c5fjyiG9HYrHrzJnyLsMZSkw6M5JzkZWUY 53. 378880 
这个人掉线了 cKmsqZLYAY8xjsqSaFdUy2jUuewBpCCcf9 53. 379008 
这个人掉线了 cNsdgX2hL8tpZuNV8pbqpcmmQXFYgyoHb3 53. 379136 
这个人掉线了 cJzdd4agJhJR7psxQeH7beLeqarzeRrVWz 53. 379264 
这个人掉线了 cNqpoUrBTpPvGzpFsimJRMm1uDjvDPpigj 53. 379392 
这个人掉线了 c582jFX2DfF45B65YSKN31qk6Ft9ckVAJm 53. 379520 
这个人掉线了 cKqAK2TLS5AiGm75CAuVLUv4D38MyqTD9M 53. 379648 
这个人掉线了 c5AYPcDMUGr5JHErEo5y43SZG8JsF8YjG5 53. 379776 
这个人掉线了 cH4RweoyEU363G5p7P2D1bEe5uccLNFJgC 53. 379904 
这个人掉线了 cGS6P65poK8GN5yhAtBj5ddDuDFh3k4YW8 53. 380032 
这个人掉线了 c4aG5yDeGo4TqR6C9r2vBaaNXmR2Ro17SV 53. 380160 
这个人掉线了 cHdATqSzszEe335hM8kaNM267SH98BCpbx 53. 380288 
这个人掉线了 cDUwDnum3J5bQo78LDWcCJLAASqRP4VSan 53. 380416 
这个人掉线了 cCjrLJHLRUZci2Ak1W2BbgchJQLoQo86d7 53. 380544 
这个人掉线了 c81E6nEaLHJ25mFRTDSMar5YjmrYLsNr5v 53. 380672 
这个人掉线了 cCuaHXAe1hcEGgqz6eg8QC9UKQHZ1Cq2Qo 53. 380800 
这个人掉线了 c3MCDGU8vFk6waxeeRbBUt3QaRvB6q1TAH 53. 380928 
这个人掉线了 cCmcRqAdKd24ft1Nuwzc6p1Uf5R47RSAUF 53. 381056 
这个人掉线了 cBy33bW2b8QX3Th6mjkpHRykPGLN9ahG9p 53. 381184 
这个人掉线了 cKySkYVB4MhWhKczSUmY7WhF638hPx6U8N 53. 381312 
这个人掉线了 c4wQ1qXmKFBBGeHeiT5QsB9oKwsGYmK2eA 53. 381440 
这个人掉线了 cBpRE96Ff1RR3kVoN9Hky6pnAtTky8cP4s 53. 381568 
这个人掉线了 c7y8jqVoAmP9uHA6bYxT66KSPXz14tSahH 53. 381696 
这个人掉线了 cKqjHi8u4n5RJJa1CxHgZbwHXS9cKC5Ekw 53. 381824 
这个人掉线了 cNQzoCNDDYY2uqBEW6fb7B6HzFjyz6oCt8 53. 381952 
这个人掉线了 cM8wVfYBZq6KtXCKAobMH9g9jLTcSfCiw5 53. 382080 
这个人掉线了 cFG8tkEage2m5qnpsd8giKe9kad6ACF3BY 53. 382208 
这个人掉线了 cNhu1W73hSpHzwJfzGbHf1tM9KWSGTtC8U 53. 382336 
这个人掉线了 cLrUCNAWPyPH96bqqC3JQXZ3CtsvvXmNj1 53. 382464 
这个人掉线了 cPDXYf8tLYdv8LG43RxgHbNLi1ouxDcP8p 53. 382592 
这个人掉线了 cPNWUU9oB4NaxFagHDafkD2p54phRGSwqh 53. 382720 
这个人掉线了 c6kHiX6mRcy3KeWCeb7MYAd8pfnDhnz8V7 53. 382848 
这个人掉线了 cMyZAA4V27jEmysddCxCqXKAeN2bBvDsVU 53. 382976 
这个人掉线了 c7LefZDapLTMcazj5gJdJJE4PePHQ2qpNu 53. 383104 
这个人掉线了 cGQ5NPs1k59LxCvxECXLKNpr4TezDvhMZn 53. 383232 
这个人掉线了 c2LMjYRGQbGAuNWBNyWrRr81WXzaZJqMdW 53. 383360 
这个人掉线了 c5QActCYGusL7wEwV8sDTZ6QcekFBjBMhv 53. 383488 
这个人掉线了 cFtYf1e5Ng5QhZzHiPMvDyV3NQHxKBnLmV 53. 383616 
这个人掉线了 c5rSRneu7iXf8r8N87raRev24kHGmkvPMT 53. 383744 
这个人掉线了 cH6L4muHgCsNwfqFPEMMBJwTG6NWhVWqiv 53. 383872 
这个人掉线了 cMPVU5d8U87bqPTZsLaWiyAv5UbZwMENip 53. 384000 
这个人掉线了 cD4rsua9vmVMiPouRL7MJJcVPWKtQu8E5X 53. 384128 
这个人掉线了 c6XZmkn23mSbiVVydY8WcEJSebM9RpRq8V 53. 384256 
这个人掉线了 cMtCaC4WmjBjZYbzrGZREJ9imX479XxpsM 53. 384384 
这个人掉线了 cFtR9y1R2zvvd7DXUE5cQu4wVuHzMzKFXW 53. 384512 
这个人掉线了 cERnwrsCNpy4b8hQ683zpRFPw88yXuVXES 53. 384640 
这个人掉线了 cBRJCW5SXiaJzDEFQhmLhCjizEBaprHj9w 53. 384768 
这个人掉线了 cCTtPZA7Ry9qEnLJm6yyWGFswdFC5hiMhe 53. 384896 
这个人掉线了 c3e7TaDkuPcWC8L7GfkixXsaZDpP5Rtasg 53. 385024 
这个人掉线了 cMbTY5hZ2RXCVGPYgwjp3ybnM1EyQenDiy 53. 385152 
这个人掉线了 cBgQkrwMZdQzu3QgtkN4vTbDB2Zf7F9ndm 53. 385280 
这个人掉线了 c8Ke6FeamgemKfaAdppcUVoGfModE4CEyT 53. 385408 
这个人掉线了 cKcsAB6U1KSkUrUsLr1ysdK5UrfCmFribi 53. 385536 
这个人掉线了 cLxoe3BFVFWJitksZZU7r7pyPbGxdV9FEw 53. 385664 
生成区块 6e791 54. cCET2Sxt2LPDhx44wxJ9uhkpviKNrSacvE time: 385792 
这个人掉线了 cFEaSoF3QceWxjnLsg9FoQyLVcUzVEpkSP 54. 385920 
这个人掉线了 cGnmjV6fk5kFbTWztDtZhyr1a4Van4NPvR 54. 386048 
这个人掉线了 c5fjyiG9HYrHrzJnyLsMZSkw6M5JzkZWUY 54. 386176 
这个人掉线了 cKmsqZLYAY8xjsqSaFdUy2jUuewBpCCcf9 54. 386304 
这个人掉线了 cNsdgX2hL8tpZuNV8pbqpcmmQXFYgyoHb3 54. 386432 
这个人掉线了 cJzdd4agJhJR7psxQeH7beLeqarzeRrVWz 54. 386560 
这个人掉线了 cNqpoUrBTpPvGzpFsimJRMm1uDjvDPpigj 54. 386688 
这个人掉线了 c582jFX2DfF45B65YSKN31qk6Ft9ckVAJm 54. 386816 
这个人掉线了 cKqAK2TLS5AiGm75CAuVLUv4D38MyqTD9M 54. 386944 
这个人掉线了 c5AYPcDMUGr5JHErEo5y43SZG8JsF8YjG5 54. 387072 
这个人掉线了 cH4RweoyEU363G5p7P2D1bEe5uccLNFJgC 54. 387200 
这个人掉线了 cGS6P65poK8GN5yhAtBj5ddDuDFh3k4YW8 54. 387328 
这个人掉线了 c4aG5yDeGo4TqR6C9r2vBaaNXmR2Ro17SV 54. 387456 
这个人掉线了 cHdATqSzszEe335hM8kaNM267SH98BCpbx 54. 387584 
这个人掉线了 cDUwDnum3J5bQo78LDWcCJLAASqRP4VSan 54. 387712 
这个人掉线了 cCjrLJHLRUZci2Ak1W2BbgchJQLoQo86d7 54. 387840 
这个人掉线了 c81E6nEaLHJ25mFRTDSMar5YjmrYLsNr5v 54. 387968 
这个人掉线了 cCuaHXAe1hcEGgqz6eg8QC9UKQHZ1Cq2Qo 54. 388096 
这个人掉线了 c3MCDGU8vFk6waxeeRbBUt3QaRvB6q1TAH 54. 388224 
这个人掉线了 cCmcRqAdKd24ft1Nuwzc6p1Uf5R47RSAUF 54. 388352 
这个人掉线了 cBy33bW2b8QX3Th6mjkpHRykPGLN9ahG9p 54. 388480 
这个人掉线了 cKySkYVB4MhWhKczSUmY7WhF638hPx6U8N 54. 388608 
这个人掉线了 c4wQ1qXmKFBBGeHeiT5QsB9oKwsGYmK2eA 54. 388736 
这个人掉线了 cBpRE96Ff1RR3kVoN9Hky6pnAtTky8cP4s 54. 388864 
这个人掉线了 c7y8jqVoAmP9uHA6bYxT66KSPXz14tSahH 54. 388992 
这个人掉线了 cKqjHi8u4n5RJJa1CxHgZbwHXS9cKC5Ekw 54. 389120 
这个人掉线了 cNQzoCNDDYY2uqBEW6fb7B6HzFjyz6oCt8 54. 389248 
这个人掉线了 cM8wVfYBZq6KtXCKAobMH9g9jLTcSfCiw5 54. 389376 
这个人掉线了 cFG8tkEage2m5qnpsd8giKe9kad6ACF3BY 54. 389504 
这个人掉线了 cNhu1W73hSpHzwJfzGbHf1tM9KWSGTtC8U 54. 389632 
这个人掉线了 cLrUCNAWPyPH96bqqC3JQXZ3CtsvvXmNj1 54. 389760 
这个人掉线了 cPDXYf8tLYdv8LG43RxgHbNLi1ouxDcP8p 54. 389888 
这个人掉线了 cPNWUU9oB4NaxFagHDafkD2p54phRGSwqh 54. 390016 
这个人掉线了 c6kHiX6mRcy3KeWCeb7MYAd8pfnDhnz8V7 54. 390144 
这个人掉线了 cMyZAA4V27jEmysddCxCqXKAeN2bBvDsVU 54. 390272 
这个人掉线了 c7LefZDapLTMcazj5gJdJJE4PePHQ2qpNu 54. 390400 
这个人掉线了 cGQ5NPs1k59LxCvxECXLKNpr4TezDvhMZn 54. 390528 
这个人掉线了 c2LMjYRGQbGAuNWBNyWrRr81WXzaZJqMdW 54. 390656 
这个人掉线了 c5QActCYGusL7wEwV8sDTZ6QcekFBjBMhv 54. 390784 
这个人掉线了 cFtYf1e5Ng5QhZzHiPMvDyV3NQHxKBnLmV 54. 390912 
这个人掉线了 c5rSRneu7iXf8r8N87raRev24kHGmkvPMT 54. 391040 
这个人掉线了 cH6L4muHgCsNwfqFPEMMBJwTG6NWhVWqiv 54. 391168 
这个人掉线了 cMPVU5d8U87bqPTZsLaWiyAv5UbZwMENip 54. 391296 
这个人掉线了 cD4rsua9vmVMiPouRL7MJJcVPWKtQu8E5X 54. 391424 
这个人掉线了 c6XZmkn23mSbiVVydY8WcEJSebM9RpRq8V 54. 391552 
这个人掉线了 cMtCaC4WmjBjZYbzrGZREJ9imX479XxpsM 54. 391680 
这个人掉线了 cFtR9y1R2zvvd7DXUE5cQu4wVuHzMzKFXW 54. 391808 
这个人掉线了 cERnwrsCNpy4b8hQ683zpRFPw88yXuVXES 54. 391936 
这个人掉线了 cBRJCW5SXiaJzDEFQhmLhCjizEBaprHj9w 54. 392064 
这个人掉线了 cCTtPZA7Ry9qEnLJm6yyWGFswdFC5hiMhe 54. 392192 
这个人掉线了 c3e7TaDkuPcWC8L7GfkixXsaZDpP5Rtasg 54. 392320 
这个人掉线了 cMbTY5hZ2RXCVGPYgwjp3ybnM1EyQenDiy 54. 392448 
这个人掉线了 cBgQkrwMZdQzu3QgtkN4vTbDB2Zf7F9ndm 54. 392576 
这个人掉线了 c8Ke6FeamgemKfaAdppcUVoGfModE4CEyT 54. 392704 
这个人掉线了 cKcsAB6U1KSkUrUsLr1ysdK5UrfCmFribi 54. 392832 
这个人掉线了 cLxoe3BFVFWJitksZZU7r7pyPbGxdV9FEw 54. 392960 
生成区块 4e3b4 55. cCET2Sxt2LPDhx44wxJ9uhkpviKNrSacvE time: 393088 
这个人掉线了 cFEaSoF3QceWxjnLsg9FoQyLVcUzVEpkSP 55. 393216 
这个人掉线了 cGnmjV6fk5kFbTWztDtZhyr1a4Van4NPvR 55. 393344 
这个人掉线了 c5fjyiG9HYrHrzJnyLsMZSkw6M5JzkZWUY 55. 393472 
这个人掉线了 cKmsqZLYAY8xjsqSaFdUy2jUuewBpCCcf9 55. 393600 
这个人掉线了 cNsdgX2hL8tpZuNV8pbqpcmmQXFYgyoHb3 55. 393728 
这个人掉线了 cJzdd4agJhJR7psxQeH7beLeqarzeRrVWz 55. 393856 
这个人掉线了 cNqpoUrBTpPvGzpFsimJRMm1uDjvDPpigj 55. 393984 
这个人掉线了 c582jFX2DfF45B65YSKN31qk6Ft9ckVAJm 55. 394112 
这个人掉线了 cKqAK2TLS5AiGm75CAuVLUv4D38MyqTD9M 55. 394240 
这个人掉线了 c5AYPcDMUGr5JHErEo5y43SZG8JsF8YjG5 55. 394368 
这个人掉线了 cH4RweoyEU363G5p7P2D1bEe5uccLNFJgC 55. 394496 
这个人掉线了 cGS6P65poK8GN5yhAtBj5ddDuDFh3k4YW8 55. 394624 
这个人掉线了 c4aG5yDeGo4TqR6C9r2vBaaNXmR2Ro17SV 55. 394752 
这个人掉线了 cHdATqSzszEe335hM8kaNM267SH98BCpbx 55. 394880 
这个人掉线了 cDUwDnum3J5bQo78LDWcCJLAASqRP4VSan 55. 395008 
这个人掉线了 cCjrLJHLRUZci2Ak1W2BbgchJQLoQo86d7 55. 395136 
这个人掉线了 c81E6nEaLHJ25mFRTDSMar5YjmrYLsNr5v 55. 395264 
这个人掉线了 cCuaHXAe1hcEGgqz6eg8QC9UKQHZ1Cq2Qo 55. 395392 
这个人掉线了 c3MCDGU8vFk6waxeeRbBUt3QaRvB6q1TAH 55. 395520 
这个人掉线了 cCmcRqAdKd24ft1Nuwzc6p1Uf5R47RSAUF 55. 395648 
这个人掉线了 cBy33bW2b8QX3Th6mjkpHRykPGLN9ahG9p 55. 395776 
这个人掉线了 cKySkYVB4MhWhKczSUmY7WhF638hPx6U8N 55. 395904 
这个人掉线了 c4wQ1qXmKFBBGeHeiT5QsB9oKwsGYmK2eA 55. 396032 
这个人掉线了 cBpRE96Ff1RR3kVoN9Hky6pnAtTky8cP4s 55. 396160 
这个人掉线了 c7y8jqVoAmP9uHA6bYxT66KSPXz14tSahH 55. 396288 
这个人掉线了 cKqjHi8u4n5RJJa1CxHgZbwHXS9cKC5Ekw 55. 396416 
这个人掉线了 cNQzoCNDDYY2uqBEW6fb7B6HzFjyz6oCt8 55. 396544 
这个人掉线了 cM8wVfYBZq6KtXCKAobMH9g9jLTcSfCiw5 55. 396672 
这个人掉线了 cFG8tkEage2m5qnpsd8giKe9kad6ACF3BY 55. 396800 
这个人掉线了 cNhu1W73hSpHzwJfzGbHf1tM9KWSGTtC8U 55. 396928 
这个人掉线了 cLrUCNAWPyPH96bqqC3JQXZ3CtsvvXmNj1 55. 397056 
这个人掉线了 cPDXYf8tLYdv8LG43RxgHbNLi1ouxDcP8p 55. 397184 
这个人掉线了 cPNWUU9oB4NaxFagHDafkD2p54phRGSwqh 55. 397312 
这个人掉线了 c6kHiX6mRcy3KeWCeb7MYAd8pfnDhnz8V7 55. 397440 
这个人掉线了 cMyZAA4V27jEmysddCxCqXKAeN2bBvDsVU 55. 397568 
这个人掉线了 c7LefZDapLTMcazj5gJdJJE4PePHQ2qpNu 55. 397696 
这个人掉线了 cGQ5NPs1k59LxCvxECXLKNpr4TezDvhMZn 55. 397824 
这个人掉线了 c2LMjYRGQbGAuNWBNyWrRr81WXzaZJqMdW 55. 397952 
这个人掉线了 c5QActCYGusL7wEwV8sDTZ6QcekFBjBMhv 55. 398080 
这个人掉线了 cFtYf1e5Ng5QhZzHiPMvDyV3NQHxKBnLmV 55. 398208 
这个人掉线了 c5rSRneu7iXf8r8N87raRev24kHGmkvPMT 55. 398336 
这个人掉线了 cH6L4muHgCsNwfqFPEMMBJwTG6NWhVWqiv 55. 398464 
这个人掉线了 cMPVU5d8U87bqPTZsLaWiyAv5UbZwMENip 55. 398592 
这个人掉线了 cD4rsua9vmVMiPouRL7MJJcVPWKtQu8E5X 55. 398720 
这个人掉线了 c6XZmkn23mSbiVVydY8WcEJSebM9RpRq8V 55. 398848 
这个人掉线了 cMtCaC4WmjBjZYbzrGZREJ9imX479XxpsM 55. 398976 
这个人掉线了 cFtR9y1R2zvvd7DXUE5cQu4wVuHzMzKFXW 55. 399104 
这个人掉线了 cERnwrsCNpy4b8hQ683zpRFPw88yXuVXES 55. 399232 
这个人掉线了 cBRJCW5SXiaJzDEFQhmLhCjizEBaprHj9w 55. 399360 
这个人掉线了 cCTtPZA7Ry9qEnLJm6yyWGFswdFC5hiMhe 55. 399488 
这个人掉线了 c3e7TaDkuPcWC8L7GfkixXsaZDpP5Rtasg 55. 399616 
这个人掉线了 cMbTY5hZ2RXCVGPYgwjp3ybnM1EyQenDiy 55. 399744 
这个人掉线了 cBgQkrwMZdQzu3QgtkN4vTbDB2Zf7F9ndm 55. 399872 
这个人掉线了 c8Ke6FeamgemKfaAdppcUVoGfModE4CEyT 55. 400000 
这个人掉线了 cKcsAB6U1KSkUrUsLr1ysdK5UrfCmFribi 55. 400128 
这个人掉线了 cLxoe3BFVFWJitksZZU7r7pyPbGxdV9FEw 55. 400256 
生成区块 09ea0 56. cCET2Sxt2LPDhx44wxJ9uhkpviKNrSacvE time: 400384 
这个人掉线了 cFEaSoF3QceWxjnLsg9FoQyLVcUzVEpkSP 56. 400512 
这个人掉线了 cGnmjV6fk5kFbTWztDtZhyr1a4Van4NPvR 56. 400640 
这个人掉线了 c5fjyiG9HYrHrzJnyLsMZSkw6M5JzkZWUY 56. 400768 
这个人掉线了 cKmsqZLYAY8xjsqSaFdUy2jUuewBpCCcf9 56. 400896 
这个人掉线了 cNsdgX2hL8tpZuNV8pbqpcmmQXFYgyoHb3 56. 401024 
这个人掉线了 cJzdd4agJhJR7psxQeH7beLeqarzeRrVWz 56. 401152 
这个人掉线了 cNqpoUrBTpPvGzpFsimJRMm1uDjvDPpigj 56. 401280 
这个人掉线了 c582jFX2DfF45B65YSKN31qk6Ft9ckVAJm 56. 401408 
这个人掉线了 cKqAK2TLS5AiGm75CAuVLUv4D38MyqTD9M 56. 401536 
这个人掉线了 c5AYPcDMUGr5JHErEo5y43SZG8JsF8YjG5 56. 401664 
这个人掉线了 cH4RweoyEU363G5p7P2D1bEe5uccLNFJgC 56. 401792 
这个人掉线了 cGS6P65poK8GN5yhAtBj5ddDuDFh3k4YW8 56. 401920 
这个人掉线了 c4aG5yDeGo4TqR6C9r2vBaaNXmR2Ro17SV 56. 402048 
这个人掉线了 cHdATqSzszEe335hM8kaNM267SH98BCpbx 56. 402176 
这个人掉线了 cDUwDnum3J5bQo78LDWcCJLAASqRP4VSan 56. 402304 
这个人掉线了 cCjrLJHLRUZci2Ak1W2BbgchJQLoQo86d7 56. 402432 
这个人掉线了 c81E6nEaLHJ25mFRTDSMar5YjmrYLsNr5v 56. 402560 
这个人掉线了 cCuaHXAe1hcEGgqz6eg8QC9UKQHZ1Cq2Qo 56. 402688 
这个人掉线了 c3MCDGU8vFk6waxeeRbBUt3QaRvB6q1TAH 56. 402816 
这个人掉线了 cCmcRqAdKd24ft1Nuwzc6p1Uf5R47RSAUF 56. 402944 
这个人掉线了 cBy33bW2b8QX3Th6mjkpHRykPGLN9ahG9p 56. 403072 
这个人掉线了 cKySkYVB4MhWhKczSUmY7WhF638hPx6U8N 56. 403200 
这个人掉线了 c4wQ1qXmKFBBGeHeiT5QsB9oKwsGYmK2eA 56. 403328 
这个人掉线了 cBpRE96Ff1RR3kVoN9Hky6pnAtTky8cP4s 56. 403456 
这个人掉线了 c7y8jqVoAmP9uHA6bYxT66KSPXz14tSahH 56. 403584 
这个人掉线了 cKqjHi8u4n5RJJa1CxHgZbwHXS9cKC5Ekw 56. 403712 
这个人掉线了 cNQzoCNDDYY2uqBEW6fb7B6HzFjyz6oCt8 56. 403840 
这个人掉线了 cM8wVfYBZq6KtXCKAobMH9g9jLTcSfCiw5 56. 403968 
这个人掉线了 cFG8tkEage2m5qnpsd8giKe9kad6ACF3BY 56. 404096 
这个人掉线了 cNhu1W73hSpHzwJfzGbHf1tM9KWSGTtC8U 56. 404224 
这个人掉线了 cLrUCNAWPyPH96bqqC3JQXZ3CtsvvXmNj1 56. 404352 
这个人掉线了 cPDXYf8tLYdv8LG43RxgHbNLi1ouxDcP8p 56. 404480 
这个人掉线了 cPNWUU9oB4NaxFagHDafkD2p54phRGSwqh 56. 404608 
这个人掉线了 c6kHiX6mRcy3KeWCeb7MYAd8pfnDhnz8V7 56. 404736 
这个人掉线了 cMyZAA4V27jEmysddCxCqXKAeN2bBvDsVU 56. 404864 
这个人掉线了 c7LefZDapLTMcazj5gJdJJE4PePHQ2qpNu 56. 404992 
这个人掉线了 cGQ5NPs1k59LxCvxECXLKNpr4TezDvhMZn 56. 405120 
这个人掉线了 c2LMjYRGQbGAuNWBNyWrRr81WXzaZJqMdW 56. 405248 
这个人掉线了 c5QActCYGusL7wEwV8sDTZ6QcekFBjBMhv 56. 405376 
这个人掉线了 cFtYf1e5Ng5QhZzHiPMvDyV3NQHxKBnLmV 56. 405504 
这个人掉线了 c5rSRneu7iXf8r8N87raRev24kHGmkvPMT 56. 405632 
这个人掉线了 cH6L4muHgCsNwfqFPEMMBJwTG6NWhVWqiv 56. 405760 
这个人掉线了 cMPVU5d8U87bqPTZsLaWiyAv5UbZwMENip 56. 405888 
这个人掉线了 cD4rsua9vmVMiPouRL7MJJcVPWKtQu8E5X 56. 406016 
这个人掉线了 c6XZmkn23mSbiVVydY8WcEJSebM9RpRq8V 56. 406144 
这个人掉线了 cMtCaC4WmjBjZYbzrGZREJ9imX479XxpsM 56. 406272 
这个人掉线了 cFtR9y1R2zvvd7DXUE5cQu4wVuHzMzKFXW 56. 406400 
这个人掉线了 cERnwrsCNpy4b8hQ683zpRFPw88yXuVXES 56. 406528 
这个人掉线了 cBRJCW5SXiaJzDEFQhmLhCjizEBaprHj9w 56. 406656 
这个人掉线了 cCTtPZA7Ry9qEnLJm6yyWGFswdFC5hiMhe 56. 406784 
这个人掉线了 c3e7TaDkuPcWC8L7GfkixXsaZDpP5Rtasg 56. 406912 
这个人掉线了 cMbTY5hZ2RXCVGPYgwjp3ybnM1EyQenDiy 56. 407040 
这个人掉线了 cBgQkrwMZdQzu3QgtkN4vTbDB2Zf7F9ndm 56. 407168 
这个人掉线了 c8Ke6FeamgemKfaAdppcUVoGfModE4CEyT 56. 407296 
这个人掉线了 cKcsAB6U1KSkUrUsLr1ysdK5UrfCmFribi 56. 407424 
这个人掉线了 cLxoe3BFVFWJitksZZU7r7pyPbGxdV9FEw 56. 407552 
round end
{
  version: 1,
  height: 57,
  timestamp: 407680,
  generatorPublicKey: '6e8330144a8c123c017a8f5c363531868d3ce21c45b4a668cc1767c2b4695c84',
  previousBlockSignature: '09ea00599dab5ace96f371c054ca9f0d6fd5d35b6a1487407f97afa49358b473a77f3ef34d261f59ad19b95e9a65586c62d6d08782737622c95440c7871fa30d',
  roundOfflineGeneratersHashMap: {
    '54': 'cGnmjV6fk5kFbTWztDtZhyr1a4Van4NPvR,c5fjyiG9HYrHrzJnyLsMZSkw6M5JzkZWUY,cKmsqZLYAY8xjsqSaFdUy2jUuewBpCCcf9,cJzdd4agJhJR7psxQeH7beLeqarzeRrVWz,cFEaSoF3QceWxjnLsg9FoQyLVcUzVEpkSP,cNsdgX2hL8tpZuNV8pbqpcmmQXFYgyoHb3,cNqpoUrBTpPvGzpFsimJRMm1uDjvDPpigj',
    '55': 'c582jFX2DfF45B65YSKN31qk6Ft9ckVAJm,cKqAK2TLS5AiGm75CAuVLUv4D38MyqTD9M,c5AYPcDMUGr5JHErEo5y43SZG8JsF8YjG5,cH4RweoyEU363G5p7P2D1bEe5uccLNFJgC,cGS6P65poK8GN5yhAtBj5ddDuDFh3k4YW8,c4aG5yDeGo4TqR6C9r2vBaaNXmR2Ro17SV,cHdATqSzszEe335hM8kaNM267SH98BCpbx,cDUwDnum3J5bQo78LDWcCJLAASqRP4VSan,cCjrLJHLRUZci2Ak1W2BbgchJQLoQo86d7,c81E6nEaLHJ25mFRTDSMar5YjmrYLsNr5v,cCuaHXAe1hcEGgqz6eg8QC9UKQHZ1Cq2Qo,c3MCDGU8vFk6waxeeRbBUt3QaRvB6q1TAH,cCmcRqAdKd24ft1Nuwzc6p1Uf5R47RSAUF,cBy33bW2b8QX3Th6mjkpHRykPGLN9ahG9p,cKySkYVB4MhWhKczSUmY7WhF638hPx6U8N,c4wQ1qXmKFBBGeHeiT5QsB9oKwsGYmK2eA,cBpRE96Ff1RR3kVoN9Hky6pnAtTky8cP4s,c7y8jqVoAmP9uHA6bYxT66KSPXz14tSahH,cKqjHi8u4n5RJJa1CxHgZbwHXS9cKC5Ekw,cNQzoCNDDYY2uqBEW6fb7B6HzFjyz6oCt8,cM8wVfYBZq6KtXCKAobMH9g9jLTcSfCiw5,cFG8tkEage2m5qnpsd8giKe9kad6ACF3BY,cNhu1W73hSpHzwJfzGbHf1tM9KWSGTtC8U,cLrUCNAWPyPH96bqqC3JQXZ3CtsvvXmNj1,cPDXYf8tLYdv8LG43RxgHbNLi1ouxDcP8p,cPNWUU9oB4NaxFagHDafkD2p54phRGSwqh,c6kHiX6mRcy3KeWCeb7MYAd8pfnDhnz8V7,cMyZAA4V27jEmysddCxCqXKAeN2bBvDsVU,c7LefZDapLTMcazj5gJdJJE4PePHQ2qpNu,cGQ5NPs1k59LxCvxECXLKNpr4TezDvhMZn,c2LMjYRGQbGAuNWBNyWrRr81WXzaZJqMdW,c5QActCYGusL7wEwV8sDTZ6QcekFBjBMhv,cFtYf1e5Ng5QhZzHiPMvDyV3NQHxKBnLmV,c5rSRneu7iXf8r8N87raRev24kHGmkvPMT,cH6L4muHgCsNwfqFPEMMBJwTG6NWhVWqiv,cMPVU5d8U87bqPTZsLaWiyAv5UbZwMENip,cD4rsua9vmVMiPouRL7MJJcVPWKtQu8E5X,c6XZmkn23mSbiVVydY8WcEJSebM9RpRq8V,cMtCaC4WmjBjZYbzrGZREJ9imX479XxpsM,cFtR9y1R2zvvd7DXUE5cQu4wVuHzMzKFXW,cERnwrsCNpy4b8hQ683zpRFPw88yXuVXES,cBRJCW5SXiaJzDEFQhmLhCjizEBaprHj9w,cCTtPZA7Ry9qEnLJm6yyWGFswdFC5hiMhe,c3e7TaDkuPcWC8L7GfkixXsaZDpP5Rtasg,cMbTY5hZ2RXCVGPYgwjp3ybnM1EyQenDiy,cBgQkrwMZdQzu3QgtkN4vTbDB2Zf7F9ndm,c8Ke6FeamgemKfaAdppcUVoGfModE4CEyT,cKcsAB6U1KSkUrUsLr1ysdK5UrfCmFribi,cLxoe3BFVFWJitksZZU7r7pyPbGxdV9FEw'
  }
}
{
  debug: 'debug',
  info: 'info',
  blockParticipation: '0',
  nextRoundDelegates: [
    { address: 'cF6DjxtfzvJjbqvwWGb2AvUcwEkk6rBFm9', equity: '0' },
    { address: 'cCmcRqAdKd24ft1Nuwzc6p1Uf5R47RSAUF', equity: '0' },
    { address: 'cNQzoCNDDYY2uqBEW6fb7B6HzFjyz6oCt8', equity: '0' },
    { address: 'c5QActCYGusL7wEwV8sDTZ6QcekFBjBMhv', equity: '0' },
    { address: 'cGS6P65poK8GN5yhAtBj5ddDuDFh3k4YW8', equity: '0' },
    { address: 'cD4uXeU9Aj7EpN9XLo5M5FqTMWofEjkuGT', equity: '0' },
    { address: 'c5qUNZkdEgg62fGSWwU29yya7vVQET7xkt', equity: '0' },
    { address: 'c4giVDb2U9jr5WVUGg294bGwgCSKDz2xzJ', equity: '0' },
    { address: 'cKyVC3hXc7ffCzEjDq1RHxqwi7DWiWSWRX', equity: '0' },
    { address: 'c5q6xxt1RkYYM1EXZGjwhPoU8y3K5uAkpX', equity: '0' },
    { address: 'cBRJCW5SXiaJzDEFQhmLhCjizEBaprHj9w', equity: '0' },
    { address: 'cH4RweoyEU363G5p7P2D1bEe5uccLNFJgC', equity: '0' },
    { address: 'cGELZtTz3qzbcAS9svzQjesXTB46ytduwg', equity: '0' },
    { address: 'cHMAxcAu6u3LEpfpCqJHD39unJtHCppfa7', equity: '0' },
    { address: 'cDhdyM63XaEsjsfrgU2CsN8Cn63Ni5QAzc', equity: '0' },
    { address: 'cKqjHi8u4n5RJJa1CxHgZbwHXS9cKC5Ekw', equity: '0' },
    { address: 'cFG8tkEage2m5qnpsd8giKe9kad6ACF3BY', equity: '0' },
    { address: 'cBgQkrwMZdQzu3QgtkN4vTbDB2Zf7F9ndm', equity: '0' },
    { address: 'c5AYPcDMUGr5JHErEo5y43SZG8JsF8YjG5', equity: '0' },
    { address: 'cALZico86XyeSaK3zTXMVtq6AUPqmrh6JV', equity: '0' },
    { address: 'cPBhhsQsNTKKkQw4DaYESjmBGFZZgiXJrK', equity: '0' },
    { address: 'cPDXYf8tLYdv8LG43RxgHbNLi1ouxDcP8p', equity: '0' },
    { address: 'cHdATqSzszEe335hM8kaNM267SH98BCpbx', equity: '0' },
    { address: 'c5fjyiG9HYrHrzJnyLsMZSkw6M5JzkZWUY', equity: '0' },
    { address: 'c6YdR5inKH4ZCWMiLS8MYYq1fGGXGE4mUw', equity: '0' },
    { address: 'cLR1q2Xobq6SLdbcGSmzx3USwuEReKyKdN', equity: '0' },
    { address: 'cERnwrsCNpy4b8hQ683zpRFPw88yXuVXES', equity: '0' },
    { address: 'cNhu1W73hSpHzwJfzGbHf1tM9KWSGTtC8U', equity: '0' },
    { address: 'cFtYf1e5Ng5QhZzHiPMvDyV3NQHxKBnLmV', equity: '0' },
    { address: 'cEo8s28oP5BLE1vEG6VRTmZbfdJD4M1Coe', equity: '0' },
    { address: 'c2pWhtuBZWGZHJVSoNJ3FYJfdjp1iyv8dr', equity: '0' },
    { address: 'cPNWUU9oB4NaxFagHDafkD2p54phRGSwqh', equity: '0' },
    { address: 'c2LMjYRGQbGAuNWBNyWrRr81WXzaZJqMdW', equity: '0' },
    { address: 'cNsdgX2hL8tpZuNV8pbqpcmmQXFYgyoHb3', equity: '0' },
    { address: 'cNtaqym4McrXt5pQZPtQCR7LyhE5pUsUCe', equity: '0' },
    { address: 'curtHB91mSGD2bK3SPXzS8vAfctvB5ZGc', equity: '0' },
    { address: 'cKcsAB6U1KSkUrUsLr1ysdK5UrfCmFribi', equity: '0' },
    { address: 'cFf3VzWCjKv5VvYmLhzRkQZPhNQn8vANLz', equity: '0' },
    { address: 'cJQtvwgB96A7fZMppeRE6tkNsykg7KQEsJ', equity: '0' },
    { address: 'c5rSRneu7iXf8r8N87raRev24kHGmkvPMT', equity: '0' },
    { address: 'cQ88bJLhefXDhHwUorVeHKQhJrm2tDqkgM', equity: '0' },
    { address: 'c4wQ1qXmKFBBGeHeiT5QsB9oKwsGYmK2eA', equity: '0' },
    { address: 'c3MCDGU8vFk6waxeeRbBUt3QaRvB6q1TAH', equity: '0' },
    { address: 'c6bVeNUiLwSW3SGz38yv6w54JXphzxY3d3', equity: '0' },
    { address: 'c4aG5yDeGo4TqR6C9r2vBaaNXmR2Ro17SV', equity: '0' },
    { address: 'cKySkYVB4MhWhKczSUmY7WhF638hPx6U8N', equity: '0' },
    { address: 'cMg3Pj5Mb8YnwQeeWmBKsPt8Zjgu4FHL9Y', equity: '0' },
    { address: 'cGqWH1HYoZmFcpRbPfrE63u9SBxxLxN4Cp', equity: '0' },
    { address: 'cFxUbicQgwjsrHQj5JzP5GabZQ5Ep8vTUi', equity: '0' },
    { address: 'cM8wVfYBZq6KtXCKAobMH9g9jLTcSfCiw5', equity: '0' },
    { address: 'c37jstTJJLuNuvERbc6MJbMkU1mPegQUoA', equity: '0' },
    { address: 'cLxoe3BFVFWJitksZZU7r7pyPbGxdV9FEw', equity: '0' },
    { address: 'c6kHiX6mRcy3KeWCeb7MYAd8pfnDhnz8V7', equity: '0' },
    { address: 'cNqpoUrBTpPvGzpFsimJRMm1uDjvDPpigj', equity: '0' },
    { address: 'cBpRE96Ff1RR3kVoN9Hky6pnAtTky8cP4s', equity: '0' },
    { address: 'cLwXBhfqd6PR2R6JdjkGc3LSwMPjsK1gKF', equity: '0' },
    { address: 'cMbTY5hZ2RXCVGPYgwjp3ybnM1EyQenDiy', equity: '0' }
  ],
  maxBeginBalance: '0',
  maxTxCount: 0,
  rate: '0',
  newDelegates: [],
  hash: '3674a6c3c9563cfe53c289b3295aa39585a5230c5a40a91b54d3a5a6dbc373ef'
}
生成区块 576cf 57. cCET2Sxt2LPDhx44wxJ9uhkpviKNrSacvE time: 407680 
这个人掉线了 c5AYPcDMUGr5JHErEo5y43SZG8JsF8YjG5 57. 407808 
这个人掉线了 cH4RweoyEU363G5p7P2D1bEe5uccLNFJgC 57. 407936 
这个人掉线了 cEo8s28oP5BLE1vEG6VRTmZbfdJD4M1Coe 57. 408064 
这个人掉线了 cGS6P65poK8GN5yhAtBj5ddDuDFh3k4YW8 57. 408192 
这个人掉线了 c4aG5yDeGo4TqR6C9r2vBaaNXmR2Ro17SV 57. 408320 
这个人掉线了 cHdATqSzszEe335hM8kaNM267SH98BCpbx 57. 408448 
这个人掉线了 c6YdR5inKH4ZCWMiLS8MYYq1fGGXGE4mUw 57. 408576 
这个人掉线了 curtHB91mSGD2bK3SPXzS8vAfctvB5ZGc 57. 408704 
这个人掉线了 c4giVDb2U9jr5WVUGg294bGwgCSKDz2xzJ 57. 408832 
这个人掉线了 c3MCDGU8vFk6waxeeRbBUt3QaRvB6q1TAH 57. 408960 
这个人掉线了 cCmcRqAdKd24ft1Nuwzc6p1Uf5R47RSAUF 57. 409088 
这个人掉线了 cD4uXeU9Aj7EpN9XLo5M5FqTMWofEjkuGT 57. 409216 
这个人掉线了 cKySkYVB4MhWhKczSUmY7WhF638hPx6U8N 57. 409344 
这个人掉线了 c4wQ1qXmKFBBGeHeiT5QsB9oKwsGYmK2eA 57. 409472 
这个人掉线了 cBpRE96Ff1RR3kVoN9Hky6pnAtTky8cP4s 57. 409600 
这个人掉线了 cKqjHi8u4n5RJJa1CxHgZbwHXS9cKC5Ekw 57. 409728 
这个人掉线了 cNQzoCNDDYY2uqBEW6fb7B6HzFjyz6oCt8 57. 409856 
这个人掉线了 cLwXBhfqd6PR2R6JdjkGc3LSwMPjsK1gKF 57. 409984 
这个人掉线了 cM8wVfYBZq6KtXCKAobMH9g9jLTcSfCiw5 57. 410112 
这个人掉线了 cFG8tkEage2m5qnpsd8giKe9kad6ACF3BY 57. 410240 
这个人掉线了 cNhu1W73hSpHzwJfzGbHf1tM9KWSGTtC8U 57. 410368 
这个人掉线了 cDhdyM63XaEsjsfrgU2CsN8Cn63Ni5QAzc 57. 410496 
这个人掉线了 cPDXYf8tLYdv8LG43RxgHbNLi1ouxDcP8p 57. 410624 
这个人掉线了 c6bVeNUiLwSW3SGz38yv6w54JXphzxY3d3 57. 410752 
这个人掉线了 cPNWUU9oB4NaxFagHDafkD2p54phRGSwqh 57. 410880 
这个人掉线了 cMg3Pj5Mb8YnwQeeWmBKsPt8Zjgu4FHL9Y 57. 411008 
这个人掉线了 c6kHiX6mRcy3KeWCeb7MYAd8pfnDhnz8V7 57. 411136 
这个人掉线了 cHMAxcAu6u3LEpfpCqJHD39unJtHCppfa7 57. 411264 
这个人掉线了 c2LMjYRGQbGAuNWBNyWrRr81WXzaZJqMdW 57. 411392 
这个人掉线了 c5QActCYGusL7wEwV8sDTZ6QcekFBjBMhv 57. 411520 
这个人掉线了 cFtYf1e5Ng5QhZzHiPMvDyV3NQHxKBnLmV 57. 411648 
这个人掉线了 cGqWH1HYoZmFcpRbPfrE63u9SBxxLxN4Cp 57. 411776 
这个人掉线了 c5rSRneu7iXf8r8N87raRev24kHGmkvPMT 57. 411904 
这个人掉线了 c37jstTJJLuNuvERbc6MJbMkU1mPegQUoA 57. 412032 
这个人掉线了 c5q6xxt1RkYYM1EXZGjwhPoU8y3K5uAkpX 57. 412160 
这个人掉线了 cERnwrsCNpy4b8hQ683zpRFPw88yXuVXES 57. 412288 
这个人掉线了 c5qUNZkdEgg62fGSWwU29yya7vVQET7xkt 57. 412416 
这个人掉线了 cBRJCW5SXiaJzDEFQhmLhCjizEBaprHj9w 57. 412544 
这个人掉线了 cALZico86XyeSaK3zTXMVtq6AUPqmrh6JV 57. 412672 
这个人掉线了 cKyVC3hXc7ffCzEjDq1RHxqwi7DWiWSWRX 57. 412800 
这个人掉线了 cPBhhsQsNTKKkQw4DaYESjmBGFZZgiXJrK 57. 412928 
这个人掉线了 cJQtvwgB96A7fZMppeRE6tkNsykg7KQEsJ 57. 413056 
这个人掉线了 cMbTY5hZ2RXCVGPYgwjp3ybnM1EyQenDiy 57. 413184 
这个人掉线了 c2pWhtuBZWGZHJVSoNJ3FYJfdjp1iyv8dr 57. 413312 
这个人掉线了 cBgQkrwMZdQzu3QgtkN4vTbDB2Zf7F9ndm 57. 413440 
这个人掉线了 cKcsAB6U1KSkUrUsLr1ysdK5UrfCmFribi 57. 413568 
这个人掉线了 cLxoe3BFVFWJitksZZU7r7pyPbGxdV9FEw 57. 413696 
这个人掉线了 cLR1q2Xobq6SLdbcGSmzx3USwuEReKyKdN 57. 413824 
这个人掉线了 cQ88bJLhefXDhHwUorVeHKQhJrm2tDqkgM 57. 413952 
这个人掉线了 cFf3VzWCjKv5VvYmLhzRkQZPhNQn8vANLz 57. 414080 
这个人掉线了 cFxUbicQgwjsrHQj5JzP5GabZQ5Ep8vTUi 57. 414208 
这个人掉线了 cNtaqym4McrXt5pQZPtQCR7LyhE5pUsUCe 57. 414336 
这个人掉线了 c5fjyiG9HYrHrzJnyLsMZSkw6M5JzkZWUY 57. 414464 
这个人掉线了 cF6DjxtfzvJjbqvwWGb2AvUcwEkk6rBFm9 57. 414592 
这个人掉线了 cNsdgX2hL8tpZuNV8pbqpcmmQXFYgyoHb3 57. 414720 
这个人掉线了 cGELZtTz3qzbcAS9svzQjesXTB46ytduwg 57. 414848 
这个人掉线了 cNqpoUrBTpPvGzpFsimJRMm1uDjvDPpigj 57. 414976 
这个人掉线了 cFEaSoF3QceWxjnLsg9FoQyLVcUzVEpkSP 57. 415104 
这个人掉线了 cGnmjV6fk5kFbTWztDtZhyr1a4Van4NPvR 57. 415232 
这个人掉线了 c5fjyiG9HYrHrzJnyLsMZSkw6M5JzkZWUY 57. 415360 
这个人掉线了 cKmsqZLYAY8xjsqSaFdUy2jUuewBpCCcf9 57. 415488 
这个人掉线了 cNsdgX2hL8tpZuNV8pbqpcmmQXFYgyoHb3 57. 415616 
这个人掉线了 cJzdd4agJhJR7psxQeH7beLeqarzeRrVWz 57. 415744 
这个人掉线了 cNqpoUrBTpPvGzpFsimJRMm1uDjvDPpigj 57. 415872 
这个人掉线了 c582jFX2DfF45B65YSKN31qk6Ft9ckVAJm 57. 416000 
这个人掉线了 cKqAK2TLS5AiGm75CAuVLUv4D38MyqTD9M 57. 416128 
这个人掉线了 c5AYPcDMUGr5JHErEo5y43SZG8JsF8YjG5 57. 416256 
这个人掉线了 cH4RweoyEU363G5p7P2D1bEe5uccLNFJgC 57. 416384 
这个人掉线了 cGS6P65poK8GN5yhAtBj5ddDuDFh3k4YW8 57. 416512 
这个人掉线了 c4aG5yDeGo4TqR6C9r2vBaaNXmR2Ro17SV 57. 416640 
这个人掉线了 cHdATqSzszEe335hM8kaNM267SH98BCpbx 57. 416768 
这个人掉线了 cDUwDnum3J5bQo78LDWcCJLAASqRP4VSan 57. 416896 
这个人掉线了 cCjrLJHLRUZci2Ak1W2BbgchJQLoQo86d7 57. 417024 
这个人掉线了 c81E6nEaLHJ25mFRTDSMar5YjmrYLsNr5v 57. 417152 
这个人掉线了 cCuaHXAe1hcEGgqz6eg8QC9UKQHZ1Cq2Qo 57. 417280 
这个人掉线了 c3MCDGU8vFk6waxeeRbBUt3QaRvB6q1TAH 57. 417408 
这个人掉线了 cCmcRqAdKd24ft1Nuwzc6p1Uf5R47RSAUF 57. 417536 
这个人掉线了 cBy33bW2b8QX3Th6mjkpHRykPGLN9ahG9p 57. 417664 
这个人掉线了 cKySkYVB4MhWhKczSUmY7WhF638hPx6U8N 57. 417792 
这个人掉线了 c4wQ1qXmKFBBGeHeiT5QsB9oKwsGYmK2eA 57. 417920 
这个人掉线了 cBpRE96Ff1RR3kVoN9Hky6pnAtTky8cP4s 57. 418048 
这个人掉线了 c7y8jqVoAmP9uHA6bYxT66KSPXz14tSahH 57. 418176 
这个人掉线了 cKqjHi8u4n5RJJa1CxHgZbwHXS9cKC5Ekw 57. 418304 
这个人掉线了 cNQzoCNDDYY2uqBEW6fb7B6HzFjyz6oCt8 57. 418432 
这个人掉线了 cM8wVfYBZq6KtXCKAobMH9g9jLTcSfCiw5 57. 418560 
这个人掉线了 cFG8tkEage2m5qnpsd8giKe9kad6ACF3BY 57. 418688 
这个人掉线了 cNhu1W73hSpHzwJfzGbHf1tM9KWSGTtC8U 57. 418816 
这个人掉线了 cLrUCNAWPyPH96bqqC3JQXZ3CtsvvXmNj1 57. 418944 
这个人掉线了 cPDXYf8tLYdv8LG43RxgHbNLi1ouxDcP8p 57. 419072 
这个人掉线了 cPNWUU9oB4NaxFagHDafkD2p54phRGSwqh 57. 419200 
这个人掉线了 c6kHiX6mRcy3KeWCeb7MYAd8pfnDhnz8V7 57. 419328 
这个人掉线了 cMyZAA4V27jEmysddCxCqXKAeN2bBvDsVU 57. 419456 
这个人掉线了 c7LefZDapLTMcazj5gJdJJE4PePHQ2qpNu 57. 419584 
这个人掉线了 cGQ5NPs1k59LxCvxECXLKNpr4TezDvhMZn 57. 419712 
这个人掉线了 c2LMjYRGQbGAuNWBNyWrRr81WXzaZJqMdW 57. 419840 
这个人掉线了 c5QActCYGusL7wEwV8sDTZ6QcekFBjBMhv 57. 419968 
这个人掉线了 cFtYf1e5Ng5QhZzHiPMvDyV3NQHxKBnLmV 57. 420096 
这个人掉线了 c5rSRneu7iXf8r8N87raRev24kHGmkvPMT 57. 420224 
这个人掉线了 cH6L4muHgCsNwfqFPEMMBJwTG6NWhVWqiv 57. 420352 
这个人掉线了 cMPVU5d8U87bqPTZsLaWiyAv5UbZwMENip 57. 420480 
这个人掉线了 cD4rsua9vmVMiPouRL7MJJcVPWKtQu8E5X 57. 420608 
这个人掉线了 c6XZmkn23mSbiVVydY8WcEJSebM9RpRq8V 57. 420736 
这个人掉线了 cMtCaC4WmjBjZYbzrGZREJ9imX479XxpsM 57. 420864 
这个人掉线了 cFtR9y1R2zvvd7DXUE5cQu4wVuHzMzKFXW 57. 420992 
这个人掉线了 cERnwrsCNpy4b8hQ683zpRFPw88yXuVXES 57. 421120 
这个人掉线了 cBRJCW5SXiaJzDEFQhmLhCjizEBaprHj9w 57. 421248 
这个人掉线了 cCTtPZA7Ry9qEnLJm6yyWGFswdFC5hiMhe 57. 421376 
这个人掉线了 c3e7TaDkuPcWC8L7GfkixXsaZDpP5Rtasg 57. 421504 
这个人掉线了 cMbTY5hZ2RXCVGPYgwjp3ybnM1EyQenDiy 57. 421632 
这个人掉线了 cBgQkrwMZdQzu3QgtkN4vTbDB2Zf7F9ndm 57. 421760 
这个人掉线了 c8Ke6FeamgemKfaAdppcUVoGfModE4CEyT 57. 421888 
这个人掉线了 cKcsAB6U1KSkUrUsLr1ysdK5UrfCmFribi 57. 422016 
这个人掉线了 cLxoe3BFVFWJitksZZU7r7pyPbGxdV9FEw 57. 422144 
生成区块 7ef4c 58. cCET2Sxt2LPDhx44wxJ9uhkpviKNrSacvE time: 422272 
这个人掉线了 cFEaSoF3QceWxjnLsg9FoQyLVcUzVEpkSP 58. 422400 
这个人掉线了 cGnmjV6fk5kFbTWztDtZhyr1a4Van4NPvR 58. 422528 
这个人掉线了 c5fjyiG9HYrHrzJnyLsMZSkw6M5JzkZWUY 58. 422656 
这个人掉线了 cKmsqZLYAY8xjsqSaFdUy2jUuewBpCCcf9 58. 422784 
这个人掉线了 cNsdgX2hL8tpZuNV8pbqpcmmQXFYgyoHb3 58. 422912 
这个人掉线了 cJzdd4agJhJR7psxQeH7beLeqarzeRrVWz 58. 423040 
这个人掉线了 cNqpoUrBTpPvGzpFsimJRMm1uDjvDPpigj 58. 423168 
这个人掉线了 c582jFX2DfF45B65YSKN31qk6Ft9ckVAJm 58. 423296 
这个人掉线了 cKqAK2TLS5AiGm75CAuVLUv4D38MyqTD9M 58. 423424 
这个人掉线了 c5AYPcDMUGr5JHErEo5y43SZG8JsF8YjG5 58. 423552 
这个人掉线了 cH4RweoyEU363G5p7P2D1bEe5uccLNFJgC 58. 423680 
这个人掉线了 cGS6P65poK8GN5yhAtBj5ddDuDFh3k4YW8 58. 423808 
这个人掉线了 c4aG5yDeGo4TqR6C9r2vBaaNXmR2Ro17SV 58. 423936 
这个人掉线了 cHdATqSzszEe335hM8kaNM267SH98BCpbx 58. 424064 
这个人掉线了 cDUwDnum3J5bQo78LDWcCJLAASqRP4VSan 58. 424192 
这个人掉线了 cCjrLJHLRUZci2Ak1W2BbgchJQLoQo86d7 58. 424320 
这个人掉线了 c81E6nEaLHJ25mFRTDSMar5YjmrYLsNr5v 58. 424448 
这个人掉线了 cCuaHXAe1hcEGgqz6eg8QC9UKQHZ1Cq2Qo 58. 424576 
这个人掉线了 c3MCDGU8vFk6waxeeRbBUt3QaRvB6q1TAH 58. 424704 
这个人掉线了 cCmcRqAdKd24ft1Nuwzc6p1Uf5R47RSAUF 58. 424832 
这个人掉线了 cBy33bW2b8QX3Th6mjkpHRykPGLN9ahG9p 58. 424960 
这个人掉线了 cKySkYVB4MhWhKczSUmY7WhF638hPx6U8N 58. 425088 
这个人掉线了 c4wQ1qXmKFBBGeHeiT5QsB9oKwsGYmK2eA 58. 425216 
这个人掉线了 cBpRE96Ff1RR3kVoN9Hky6pnAtTky8cP4s 58. 425344 
这个人掉线了 c7y8jqVoAmP9uHA6bYxT66KSPXz14tSahH 58. 425472 
这个人掉线了 cKqjHi8u4n5RJJa1CxHgZbwHXS9cKC5Ekw 58. 425600 
这个人掉线了 cNQzoCNDDYY2uqBEW6fb7B6HzFjyz6oCt8 58. 425728 
这个人掉线了 cM8wVfYBZq6KtXCKAobMH9g9jLTcSfCiw5 58. 425856 
这个人掉线了 cFG8tkEage2m5qnpsd8giKe9kad6ACF3BY 58. 425984 
这个人掉线了 cNhu1W73hSpHzwJfzGbHf1tM9KWSGTtC8U 58. 426112 
这个人掉线了 cLrUCNAWPyPH96bqqC3JQXZ3CtsvvXmNj1 58. 426240 
这个人掉线了 cPDXYf8tLYdv8LG43RxgHbNLi1ouxDcP8p 58. 426368 
这个人掉线了 cPNWUU9oB4NaxFagHDafkD2p54phRGSwqh 58. 426496 
这个人掉线了 c6kHiX6mRcy3KeWCeb7MYAd8pfnDhnz8V7 58. 426624 
这个人掉线了 cMyZAA4V27jEmysddCxCqXKAeN2bBvDsVU 58. 426752 
这个人掉线了 c7LefZDapLTMcazj5gJdJJE4PePHQ2qpNu 58. 426880 
这个人掉线了 cGQ5NPs1k59LxCvxECXLKNpr4TezDvhMZn 58. 427008 
这个人掉线了 c2LMjYRGQbGAuNWBNyWrRr81WXzaZJqMdW 58. 427136 
这个人掉线了 c5QActCYGusL7wEwV8sDTZ6QcekFBjBMhv 58. 427264 
这个人掉线了 cFtYf1e5Ng5QhZzHiPMvDyV3NQHxKBnLmV 58. 427392 
这个人掉线了 c5rSRneu7iXf8r8N87raRev24kHGmkvPMT 58. 427520 
这个人掉线了 cH6L4muHgCsNwfqFPEMMBJwTG6NWhVWqiv 58. 427648 
这个人掉线了 cMPVU5d8U87bqPTZsLaWiyAv5UbZwMENip 58. 427776 
这个人掉线了 cD4rsua9vmVMiPouRL7MJJcVPWKtQu8E5X 58. 427904 
这个人掉线了 c6XZmkn23mSbiVVydY8WcEJSebM9RpRq8V 58. 428032 
这个人掉线了 cMtCaC4WmjBjZYbzrGZREJ9imX479XxpsM 58. 428160 
这个人掉线了 cFtR9y1R2zvvd7DXUE5cQu4wVuHzMzKFXW 58. 428288 
这个人掉线了 cERnwrsCNpy4b8hQ683zpRFPw88yXuVXES 58. 428416 
这个人掉线了 cBRJCW5SXiaJzDEFQhmLhCjizEBaprHj9w 58. 428544 
这个人掉线了 cCTtPZA7Ry9qEnLJm6yyWGFswdFC5hiMhe 58. 428672 
这个人掉线了 c3e7TaDkuPcWC8L7GfkixXsaZDpP5Rtasg 58. 428800 
这个人掉线了 cMbTY5hZ2RXCVGPYgwjp3ybnM1EyQenDiy 58. 428928 
这个人掉线了 cBgQkrwMZdQzu3QgtkN4vTbDB2Zf7F9ndm 58. 429056 
这个人掉线了 c8Ke6FeamgemKfaAdppcUVoGfModE4CEyT 58. 429184 
这个人掉线了 cKcsAB6U1KSkUrUsLr1ysdK5UrfCmFribi 58. 429312 
这个人掉线了 cLxoe3BFVFWJitksZZU7r7pyPbGxdV9FEw 58. 429440 
生成区块 dc63e 59. cCET2Sxt2LPDhx44wxJ9uhkpviKNrSacvE time: 429568 
这个人掉线了 cFEaSoF3QceWxjnLsg9FoQyLVcUzVEpkSP 59. 429696 
这个人掉线了 cGnmjV6fk5kFbTWztDtZhyr1a4Van4NPvR 59. 429824 
这个人掉线了 c5fjyiG9HYrHrzJnyLsMZSkw6M5JzkZWUY 59. 429952 
这个人掉线了 cKmsqZLYAY8xjsqSaFdUy2jUuewBpCCcf9 59. 430080 
这个人掉线了 cNsdgX2hL8tpZuNV8pbqpcmmQXFYgyoHb3 59. 430208 
这个人掉线了 cJzdd4agJhJR7psxQeH7beLeqarzeRrVWz 59. 430336 
这个人掉线了 cNqpoUrBTpPvGzpFsimJRMm1uDjvDPpigj 59. 430464 
这个人掉线了 c582jFX2DfF45B65YSKN31qk6Ft9ckVAJm 59. 430592 
这个人掉线了 cKqAK2TLS5AiGm75CAuVLUv4D38MyqTD9M 59. 430720 
这个人掉线了 c5AYPcDMUGr5JHErEo5y43SZG8JsF8YjG5 59. 430848 
这个人掉线了 cH4RweoyEU363G5p7P2D1bEe5uccLNFJgC 59. 430976 
这个人掉线了 cGS6P65poK8GN5yhAtBj5ddDuDFh3k4YW8 59. 431104 
这个人掉线了 c4aG5yDeGo4TqR6C9r2vBaaNXmR2Ro17SV 59. 431232 
这个人掉线了 cHdATqSzszEe335hM8kaNM267SH98BCpbx 59. 431360 
这个人掉线了 cDUwDnum3J5bQo78LDWcCJLAASqRP4VSan 59. 431488 
这个人掉线了 cCjrLJHLRUZci2Ak1W2BbgchJQLoQo86d7 59. 431616 
这个人掉线了 c81E6nEaLHJ25mFRTDSMar5YjmrYLsNr5v 59. 431744 
这个人掉线了 cCuaHXAe1hcEGgqz6eg8QC9UKQHZ1Cq2Qo 59. 431872 
这个人掉线了 c3MCDGU8vFk6waxeeRbBUt3QaRvB6q1TAH 59. 432000 
这个人掉线了 cCmcRqAdKd24ft1Nuwzc6p1Uf5R47RSAUF 59. 432128 
这个人掉线了 cBy33bW2b8QX3Th6mjkpHRykPGLN9ahG9p 59. 432256 
这个人掉线了 cKySkYVB4MhWhKczSUmY7WhF638hPx6U8N 59. 432384 
这个人掉线了 c4wQ1qXmKFBBGeHeiT5QsB9oKwsGYmK2eA 59. 432512 
这个人掉线了 cBpRE96Ff1RR3kVoN9Hky6pnAtTky8cP4s 59. 432640 
这个人掉线了 c7y8jqVoAmP9uHA6bYxT66KSPXz14tSahH 59. 432768 
这个人掉线了 cKqjHi8u4n5RJJa1CxHgZbwHXS9cKC5Ekw 59. 432896 
这个人掉线了 cNQzoCNDDYY2uqBEW6fb7B6HzFjyz6oCt8 59. 433024 
这个人掉线了 cM8wVfYBZq6KtXCKAobMH9g9jLTcSfCiw5 59. 433152 
这个人掉线了 cFG8tkEage2m5qnpsd8giKe9kad6ACF3BY 59. 433280 
这个人掉线了 cNhu1W73hSpHzwJfzGbHf1tM9KWSGTtC8U 59. 433408 
这个人掉线了 cLrUCNAWPyPH96bqqC3JQXZ3CtsvvXmNj1 59. 433536 
这个人掉线了 cPDXYf8tLYdv8LG43RxgHbNLi1ouxDcP8p 59. 433664 
这个人掉线了 cPNWUU9oB4NaxFagHDafkD2p54phRGSwqh 59. 433792 
这个人掉线了 c6kHiX6mRcy3KeWCeb7MYAd8pfnDhnz8V7 59. 433920 
这个人掉线了 cMyZAA4V27jEmysddCxCqXKAeN2bBvDsVU 59. 434048 
这个人掉线了 c7LefZDapLTMcazj5gJdJJE4PePHQ2qpNu 59. 434176 
这个人掉线了 cGQ5NPs1k59LxCvxECXLKNpr4TezDvhMZn 59. 434304 
这个人掉线了 c2LMjYRGQbGAuNWBNyWrRr81WXzaZJqMdW 59. 434432 
这个人掉线了 c5QActCYGusL7wEwV8sDTZ6QcekFBjBMhv 59. 434560 
这个人掉线了 cFtYf1e5Ng5QhZzHiPMvDyV3NQHxKBnLmV 59. 434688 
这个人掉线了 c5rSRneu7iXf8r8N87raRev24kHGmkvPMT 59. 434816 
这个人掉线了 cH6L4muHgCsNwfqFPEMMBJwTG6NWhVWqiv 59. 434944 
这个人掉线了 cMPVU5d8U87bqPTZsLaWiyAv5UbZwMENip 59. 435072 
这个人掉线了 cD4rsua9vmVMiPouRL7MJJcVPWKtQu8E5X 59. 435200 
这个人掉线了 c6XZmkn23mSbiVVydY8WcEJSebM9RpRq8V 59. 435328 
这个人掉线了 cMtCaC4WmjBjZYbzrGZREJ9imX479XxpsM 59. 435456 
这个人掉线了 cFtR9y1R2zvvd7DXUE5cQu4wVuHzMzKFXW 59. 435584 
这个人掉线了 cERnwrsCNpy4b8hQ683zpRFPw88yXuVXES 59. 435712 
这个人掉线了 cBRJCW5SXiaJzDEFQhmLhCjizEBaprHj9w 59. 435840 
这个人掉线了 cCTtPZA7Ry9qEnLJm6yyWGFswdFC5hiMhe 59. 435968 
这个人掉线了 c3e7TaDkuPcWC8L7GfkixXsaZDpP5Rtasg 59. 436096 
这个人掉线了 cMbTY5hZ2RXCVGPYgwjp3ybnM1EyQenDiy 59. 436224 
这个人掉线了 cBgQkrwMZdQzu3QgtkN4vTbDB2Zf7F9ndm 59. 436352 
这个人掉线了 c8Ke6FeamgemKfaAdppcUVoGfModE4CEyT 59. 436480 
这个人掉线了 cKcsAB6U1KSkUrUsLr1ysdK5UrfCmFribi 59. 436608 
这个人掉线了 cLxoe3BFVFWJitksZZU7r7pyPbGxdV9FEw 59. 436736 
生成区块 381a3 60. cCET2Sxt2LPDhx44wxJ9uhkpviKNrSacvE time: 436864 
共循环3412 . 区块: 60
BLOCK[2]:生成区块 24c0a 2. c582jFX2DfF45B65YSKN31qk6Ft9ckVAJm time: 128 
BLOCK[3]:生成区块 53006 3. cKqAK2TLS5AiGm75CAuVLUv4D38MyqTD9M time: 256 
BLOCK[4]:这个人掉线了 c5AYPcDMUGr5JHErEo5y43SZG8JsF8YjG5 3. 384 
这个人掉线了 c5AYPcDMUGr5JHErEo5y43SZG8JsF8YjG5 3. 384 
生成区块 d3177 4. cH4RweoyEU363G5p7P2D1bEe5uccLNFJgC time: 512 
这个人掉线了 cGS6P65poK8GN5yhAtBj5ddDuDFh3k4YW8 4. 640 
生成区块 52437 5. c4aG5yDeGo4TqR6C9r2vBaaNXmR2Ro17SV time: 768 
生成区块 404c7 6. cHdATqSzszEe335hM8kaNM267SH98BCpbx time: 896 
生成区块 3bab9 7. cDUwDnum3J5bQo78LDWcCJLAASqRP4VSan time: 1024 
这个人掉线了 cCjrLJHLRUZci2Ak1W2BbgchJQLoQo86d7 7. 1152 
生成区块 ba663 8. c81E6nEaLHJ25mFRTDSMar5YjmrYLsNr5v time: 1280 
生成区块 36da8 9. cCuaHXAe1hcEGgqz6eg8QC9UKQHZ1Cq2Qo time: 1408 
生成区块 b6b44 10. c3MCDGU8vFk6waxeeRbBUt3QaRvB6q1TAH time: 1536 
生成区块 5f475 11. cCmcRqAdKd24ft1Nuwzc6p1Uf5R47RSAUF time: 1664 
生成区块 8f5ca 12. cBy33bW2b8QX3Th6mjkpHRykPGLN9ahG9p time: 1792 
生成区块 11b51 13. cKySkYVB4MhWhKczSUmY7WhF638hPx6U8N time: 1920 
生成区块 1c51f 14. c4wQ1qXmKFBBGeHeiT5QsB9oKwsGYmK2eA time: 2048 
生成区块 26d74 15. cBpRE96Ff1RR3kVoN9Hky6pnAtTky8cP4s time: 2176 
这个人掉线了 c7y8jqVoAmP9uHA6bYxT66KSPXz14tSahH 15. 2304 
生成区块 c9ba6 16. cKqjHi8u4n5RJJa1CxHgZbwHXS9cKC5Ekw time: 2432 
生成区块 ca38e 17. cNQzoCNDDYY2uqBEW6fb7B6HzFjyz6oCt8 time: 2560 
这个人掉线了 cM8wVfYBZq6KtXCKAobMH9g9jLTcSfCiw5 17. 2688 
这个人掉线了 cFG8tkEage2m5qnpsd8giKe9kad6ACF3BY 17. 2816 
这个人掉线了 cNhu1W73hSpHzwJfzGbHf1tM9KWSGTtC8U 17. 2944 
生成区块 55c56 18. cLrUCNAWPyPH96bqqC3JQXZ3CtsvvXmNj1 time: 3072 
生成区块 eb4cd 19. cPDXYf8tLYdv8LG43RxgHbNLi1ouxDcP8p time: 3200 
这个人掉线了 cPNWUU9oB4NaxFagHDafkD2p54phRGSwqh 19. 3328 
这个人掉线了 c6kHiX6mRcy3KeWCeb7MYAd8pfnDhnz8V7 19. 3456 
这个人掉线了 cMyZAA4V27jEmysddCxCqXKAeN2bBvDsVU 19. 3584 
生成区块 0c294 20. c7LefZDapLTMcazj5gJdJJE4PePHQ2qpNu time: 3712 
这个人掉线了 cGQ5NPs1k59LxCvxECXLKNpr4TezDvhMZn 20. 3840 
这个人掉线了 c2LMjYRGQbGAuNWBNyWrRr81WXzaZJqMdW 20. 3968 
生成区块 a4e15 21. c5QActCYGusL7wEwV8sDTZ6QcekFBjBMhv time: 4096 
生成区块 dfeee 22. cFtYf1e5Ng5QhZzHiPMvDyV3NQHxKBnLmV time: 4224 
这个人掉线了 c5rSRneu7iXf8r8N87raRev24kHGmkvPMT 22. 4352 
这个人掉线了 cH6L4muHgCsNwfqFPEMMBJwTG6NWhVWqiv 22. 4480 
这个人掉线了 cMPVU5d8U87bqPTZsLaWiyAv5UbZwMENip 22. 4608 
这个人掉线了 cD4rsua9vmVMiPouRL7MJJcVPWKtQu8E5X 22. 4736 
这个人掉线了 c6XZmkn23mSbiVVydY8WcEJSebM9RpRq8V 22. 4864 
这个人掉线了 cMtCaC4WmjBjZYbzrGZREJ9imX479XxpsM 22. 4992 
这个人掉线了 cFtR9y1R2zvvd7DXUE5cQu4wVuHzMzKFXW 22. 5120 
这个人掉线了 cERnwrsCNpy4b8hQ683zpRFPw88yXuVXES 22. 5248 
生成区块 ed306 23. cBRJCW5SXiaJzDEFQhmLhCjizEBaprHj9w time: 5376 
生成区块 14168 24. cCTtPZA7Ry9qEnLJm6yyWGFswdFC5hiMhe time: 5504 
这个人掉线了 c3e7TaDkuPcWC8L7GfkixXsaZDpP5Rtasg 24. 5632 
这个人掉线了 cMbTY5hZ2RXCVGPYgwjp3ybnM1EyQenDiy 24. 5760 
这个人掉线了 cBgQkrwMZdQzu3QgtkN4vTbDB2Zf7F9ndm 24. 5888 
生成区块 41534 25. c8Ke6FeamgemKfaAdppcUVoGfModE4CEyT time: 6016 
这个人掉线了 cKcsAB6U1KSkUrUsLr1ysdK5UrfCmFribi 25. 6144 
生成区块 bea19 26. cLxoe3BFVFWJitksZZU7r7pyPbGxdV9FEw time: 6272 
生成区块 e92e6 27. cCET2Sxt2LPDhx44wxJ9uhkpviKNrSacvE time: 6400 
这个人掉线了 cFEaSoF3QceWxjnLsg9FoQyLVcUzVEpkSP 27. 6528 
生成区块 d22ec 28. cGnmjV6fk5kFbTWztDtZhyr1a4Van4NPvR time: 6656 
生成区块 44cd9 29. c5fjyiG9HYrHrzJnyLsMZSkw6M5JzkZWUY time: 6784 
生成区块 077c8 30. cKmsqZLYAY8xjsqSaFdUy2jUuewBpCCcf9 time: 6912 
这个人掉线了 cNsdgX2hL8tpZuNV8pbqpcmmQXFYgyoHb3 30. 7040 
生成区块 46f7a 31. cJzdd4agJhJR7psxQeH7beLeqarzeRrVWz time: 7168 
这个人掉线了 cNqpoUrBTpPvGzpFsimJRMm1uDjvDPpigj 31. 7296 
生成区块 a629b 32. c582jFX2DfF45B65YSKN31qk6Ft9ckVAJm time: 7424 
生成区块 3c014 33. cKqAK2TLS5AiGm75CAuVLUv4D38MyqTD9M time: 7552 
这个人掉线了 c5AYPcDMUGr5JHErEo5y43SZG8JsF8YjG5 33. 7680 
生成区块 f2935 34. cH4RweoyEU363G5p7P2D1bEe5uccLNFJgC time: 7808 
这个人掉线了 cGS6P65poK8GN5yhAtBj5ddDuDFh3k4YW8 34. 7936 
生成区块 9d921 35. c4aG5yDeGo4TqR6C9r2vBaaNXmR2Ro17SV time: 8064 
生成区块 8345f 36. cHdATqSzszEe335hM8kaNM267SH98BCpbx time: 8192 
生成区块 4ab50 37. cDUwDnum3J5bQo78LDWcCJLAASqRP4VSan time: 8320 
这个人掉线了 cCjrLJHLRUZci2Ak1W2BbgchJQLoQo86d7 37. 8448 
生成区块 8b085 38. c81E6nEaLHJ25mFRTDSMar5YjmrYLsNr5v time: 8576 
生成区块 5dcaf 39. cCuaHXAe1hcEGgqz6eg8QC9UKQHZ1Cq2Qo time: 8704 
生成区块 c372c 40. c3MCDGU8vFk6waxeeRbBUt3QaRvB6q1TAH time: 8832 
生成区块 a6895 41. cCmcRqAdKd24ft1Nuwzc6p1Uf5R47RSAUF time: 8960 
生成区块 85c54 42. cBy33bW2b8QX3Th6mjkpHRykPGLN9ahG9p time: 9088 
生成区块 15ae5 43. cKySkYVB4MhWhKczSUmY7WhF638hPx6U8N time: 9216 
生成区块 ab2a4 44. c4wQ1qXmKFBBGeHeiT5QsB9oKwsGYmK2eA time: 9344 
生成区块 8fd56 45. cBpRE96Ff1RR3kVoN9Hky6pnAtTky8cP4s time: 9472 
这个人掉线了 c7y8jqVoAmP9uHA6bYxT66KSPXz14tSahH 45. 9600 
生成区块 8c241 46. cKqjHi8u4n5RJJa1CxHgZbwHXS9cKC5Ekw time: 9728 
生成区块 3e109 47. cNQzoCNDDYY2uqBEW6fb7B6HzFjyz6oCt8 time: 9856 
这个人掉线了 cM8wVfYBZq6KtXCKAobMH9g9jLTcSfCiw5 47. 9984 
这个人掉线了 cFG8tkEage2m5qnpsd8giKe9kad6ACF3BY 47. 10112 
这个人掉线了 cNhu1W73hSpHzwJfzGbHf1tM9KWSGTtC8U 47. 10240 
生成区块 cbdb5 48. cLrUCNAWPyPH96bqqC3JQXZ3CtsvvXmNj1 time: 10368 
生成区块 704ac 49. cPDXYf8tLYdv8LG43RxgHbNLi1ouxDcP8p time: 10496 
这个人掉线了 cPNWUU9oB4NaxFagHDafkD2p54phRGSwqh 49. 10624 
这个人掉线了 c6kHiX6mRcy3KeWCeb7MYAd8pfnDhnz8V7 49. 10752 
这个人掉线了 cMyZAA4V27jEmysddCxCqXKAeN2bBvDsVU 49. 10880 
生成区块 0b652 50. c7LefZDapLTMcazj5gJdJJE4PePHQ2qpNu time: 11008 
这个人掉线了 cGQ5NPs1k59LxCvxECXLKNpr4TezDvhMZn 50. 11136 
这个人掉线了 c2LMjYRGQbGAuNWBNyWrRr81WXzaZJqMdW 50. 11264 
生成区块 7d99f 51. c5QActCYGusL7wEwV8sDTZ6QcekFBjBMhv time: 11392 
生成区块 43327 52. cFtYf1e5Ng5QhZzHiPMvDyV3NQHxKBnLmV time: 11520 
这个人掉线了 c5rSRneu7iXf8r8N87raRev24kHGmkvPMT 52. 11648 
这个人掉线了 cH6L4muHgCsNwfqFPEMMBJwTG6NWhVWqiv 52. 11776 
这个人掉线了 cMPVU5d8U87bqPTZsLaWiyAv5UbZwMENip 52. 11904 
这个人掉线了 cD4rsua9vmVMiPouRL7MJJcVPWKtQu8E5X 52. 12032 
这个人掉线了 c6XZmkn23mSbiVVydY8WcEJSebM9RpRq8V 52. 12160 
这个人掉线了 cMtCaC4WmjBjZYbzrGZREJ9imX479XxpsM 52. 12288 
这个人掉线了 cFtR9y1R2zvvd7DXUE5cQu4wVuHzMzKFXW 52. 12416 
这个人掉线了 cERnwrsCNpy4b8hQ683zpRFPw88yXuVXES 52. 12544 
生成区块 af13b 53. cBRJCW5SXiaJzDEFQhmLhCjizEBaprHj9w time: 12672 
生成区块 d9e25 54. cCTtPZA7Ry9qEnLJm6yyWGFswdFC5hiMhe time: 12800 
这个人掉线了 c3e7TaDkuPcWC8L7GfkixXsaZDpP5Rtasg 54. 12928 
这个人掉线了 cMbTY5hZ2RXCVGPYgwjp3ybnM1EyQenDiy 54. 13056 
这个人掉线了 cBgQkrwMZdQzu3QgtkN4vTbDB2Zf7F9ndm 54. 13184 
生成区块 81d25 55. c8Ke6FeamgemKfaAdppcUVoGfModE4CEyT time: 13312 
这个人掉线了 cKcsAB6U1KSkUrUsLr1ysdK5UrfCmFribi 55. 13440 
生成区块 3b73c 56. cLxoe3BFVFWJitksZZU7r7pyPbGxdV9FEw time: 13568 
round end
{
  version: 1,
  height: 57,
  timestamp: 13696,
  generatorPublicKey: '6e8330144a8c123c017a8f5c363531868d3ce21c45b4a668cc1767c2b4695c84',
  previousBlockSignature: '3b73c08bfde8bd055c5f5077aa17bc83d47eed646531744197d6c7f2c82216e4524e7b88064c5a15b990c584cc8dd0675b8644c7e714bf5056afa91bf8dc7d03',
  roundOfflineGeneratersHashMap: { '1': '' }
}
{
  debug: 'debug',
  info: 'info',
  blockParticipation: '0',
  nextRoundDelegates: [
    { address: 'cQEA1sRwbNVzMJTD85oGKQF87bX7xTet6d', equity: '0' },
    { address: 'cD6KwXfyUCPSscZoy3HeFuM3bFp4EvDpbe', equity: '0' },
    { address: 'cMHuDEGM4CUE1wDbY2chPWjP8P1KJMWsVN', equity: '0' },
    { address: 'cNtaqym4McrXt5pQZPtQCR7LyhE5pUsUCe', equity: '0' },
    { address: 'c9JpYqYPy5ZwkP9dqP7uYsW2jUqjWK12Zy', equity: '0' },
    { address: 'c32KRhr1wZc8MKRPrEy1LBdojmAFLwpDN9', equity: '0' },
    { address: 'cNsdgX2hL8tpZuNV8pbqpcmmQXFYgyoHb3', equity: '0' },
    { address: 'cLR1q2Xobq6SLdbcGSmzx3USwuEReKyKdN', equity: '0' },
    { address: 'c6XZmkn23mSbiVVydY8WcEJSebM9RpRq8V', equity: '0' },
    { address: 'cKcsAB6U1KSkUrUsLr1ysdK5UrfCmFribi', equity: '0' },
    { address: 'cNdBX3dCDfPGyvuAbbuBmWfSfXJ5D32xK1', equity: '0' },
    { address: 'cHMAxcAu6u3LEpfpCqJHD39unJtHCppfa7', equity: '0' },
    { address: 'cGQ5NPs1k59LxCvxECXLKNpr4TezDvhMZn', equity: '0' },
    { address: 'cNhu1W73hSpHzwJfzGbHf1tM9KWSGTtC8U', equity: '0' },
    { address: 'c3z5iLu15V6dfX988fugq2vP1FRgda1DEk', equity: '0' },
    { address: 'c9Hzte1gK9ekxMaXDfAS7SH8cTZ2ZaTip4', equity: '0' },
    { address: 'c7y8jqVoAmP9uHA6bYxT66KSPXz14tSahH', equity: '0' },
    { address: 'cMyZAA4V27jEmysddCxCqXKAeN2bBvDsVU', equity: '0' },
    { address: 'cBgQkrwMZdQzu3QgtkN4vTbDB2Zf7F9ndm', equity: '0' },
    { address: 'c5AYPcDMUGr5JHErEo5y43SZG8JsF8YjG5', equity: '0' },
    { address: 'cCtpNbbApgDAuX38sJqLG2PERUsor94MHz', equity: '0' },
    { address: 'cGqWH1HYoZmFcpRbPfrE63u9SBxxLxN4Cp', equity: '0' },
    { address: 'c37jstTJJLuNuvERbc6MJbMkU1mPegQUoA', equity: '0' },
    { address: 'c2ffGmyB8nMhkemELfsjNDsdG4t1EMeomv', equity: '0' },
    { address: 'cERnwrsCNpy4b8hQ683zpRFPw88yXuVXES', equity: '0' },
    { address: 'cFG8tkEage2m5qnpsd8giKe9kad6ACF3BY', equity: '0' },
    { address: 'cM8wVfYBZq6KtXCKAobMH9g9jLTcSfCiw5', equity: '0' },
    { address: 'c6kHiX6mRcy3KeWCeb7MYAd8pfnDhnz8V7', equity: '0' },
    { address: 'c2LMjYRGQbGAuNWBNyWrRr81WXzaZJqMdW', equity: '0' },
    { address: 'c5RqaMzZGzMsmgQb533GSLWG64uKHJSJjB', equity: '0' },
    { address: 'cPBhhsQsNTKKkQw4DaYESjmBGFZZgiXJrK', equity: '0' },
    { address: 'cNqpoUrBTpPvGzpFsimJRMm1uDjvDPpigj', equity: '0' },
    { address: 'cPNWUU9oB4NaxFagHDafkD2p54phRGSwqh', equity: '0' },
    { address: 'cD4rsua9vmVMiPouRL7MJJcVPWKtQu8E5X', equity: '0' },
    { address: 'cALZico86XyeSaK3zTXMVtq6AUPqmrh6JV', equity: '0' },
    { address: 'cKyVC3hXc7ffCzEjDq1RHxqwi7DWiWSWRX', equity: '0' },
    { address: 'cLwXBhfqd6PR2R6JdjkGc3LSwMPjsK1gKF', equity: '0' },
    { address: 'cEo8s28oP5BLE1vEG6VRTmZbfdJD4M1Coe', equity: '0' },
    { address: 'cCjrLJHLRUZci2Ak1W2BbgchJQLoQo86d7', equity: '0' },
    { address: 'c3e7TaDkuPcWC8L7GfkixXsaZDpP5Rtasg', equity: '0' },
    { address: 'cMbuszd6xHhsXa4qrSNHVEe7Z8Pr3TNneP', equity: '0' },
    { address: 'c5rSRneu7iXf8r8N87raRev24kHGmkvPMT', equity: '0' },
    { address: 'cFEaSoF3QceWxjnLsg9FoQyLVcUzVEpkSP', equity: '0' },
    { address: 'cQ88bJLhefXDhHwUorVeHKQhJrm2tDqkgM', equity: '0' },
    { address: 'cLShHjVpQwRFy2pTLZ5wxDUBuULPXgNd5w', equity: '0' },
    { address: 'cHtrhRxSd6HgoFApv3Ww5T9BJSpzunrK74', equity: '0' },
    { address: 'cMtCaC4WmjBjZYbzrGZREJ9imX479XxpsM', equity: '0' },
    { address: 'c2KFmSdk8PcqcWuwDFhATW5VRJcs6xM4gn', equity: '0' },
    { address: 'c3pPiHJASHMkxFxzStA1WLnagHxHnsZcD1', equity: '0' },
    { address: 'c4q2hHccaS3qcXGMqsGcasjbvj9aJsCuuy', equity: '0' },
    { address: 'cDhdyM63XaEsjsfrgU2CsN8Cn63Ni5QAzc', equity: '0' },
    { address: 'cH6L4muHgCsNwfqFPEMMBJwTG6NWhVWqiv', equity: '0' },
    { address: 'cGS6P65poK8GN5yhAtBj5ddDuDFh3k4YW8', equity: '0' },
    { address: 'cN1r6YA2rpKwqyUQBo5eBfcbETXSYK8aWn', equity: '0' },
    { address: 'cFtR9y1R2zvvd7DXUE5cQu4wVuHzMzKFXW', equity: '0' },
    { address: 'curtHB91mSGD2bK3SPXzS8vAfctvB5ZGc', equity: '0' },
    { address: 'c5qUNZkdEgg62fGSWwU29yya7vVQET7xkt', equity: '0' }
  ],
  maxBeginBalance: '0',
  maxTxCount: 0,
  rate: '0',
  newDelegates: [],
  hash: '6f8cfe5d22b38881acb5899da65d1206f981165a535c5ce20a7eb2684303c3f8'
}
生成区块 fdb88 57. cCET2Sxt2LPDhx44wxJ9uhkpviKNrSacvE time: 13696 
这个人掉线了 c5AYPcDMUGr5JHErEo5y43SZG8JsF8YjG5 57. 13824 
这个人掉线了 cEo8s28oP5BLE1vEG6VRTmZbfdJD4M1Coe 57. 13952 
这个人掉线了 cMHuDEGM4CUE1wDbY2chPWjP8P1KJMWsVN 57. 14080 
这个人掉线了 cGS6P65poK8GN5yhAtBj5ddDuDFh3k4YW8 57. 14208 
这个人掉线了 c3z5iLu15V6dfX988fugq2vP1FRgda1DEk 57. 14336 
这个人掉线了 curtHB91mSGD2bK3SPXzS8vAfctvB5ZGc 57. 14464 
这个人掉线了 cQEA1sRwbNVzMJTD85oGKQF87bX7xTet6d 57. 14592 
这个人掉线了 cCjrLJHLRUZci2Ak1W2BbgchJQLoQo86d7 57. 14720 
这个人掉线了 c5RqaMzZGzMsmgQb533GSLWG64uKHJSJjB 57. 14848 
这个人掉线了 c32KRhr1wZc8MKRPrEy1LBdojmAFLwpDN9 57. 14976 
这个人掉线了 cNdBX3dCDfPGyvuAbbuBmWfSfXJ5D32xK1 57. 15104 
这个人掉线了 c7y8jqVoAmP9uHA6bYxT66KSPXz14tSahH 57. 15232 
这个人掉线了 c9Hzte1gK9ekxMaXDfAS7SH8cTZ2ZaTip4 57. 15360 
这个人掉线了 cLwXBhfqd6PR2R6JdjkGc3LSwMPjsK1gKF 57. 15488 
这个人掉线了 cM8wVfYBZq6KtXCKAobMH9g9jLTcSfCiw5 57. 15616 
这个人掉线了 cFG8tkEage2m5qnpsd8giKe9kad6ACF3BY 57. 15744 
这个人掉线了 cNhu1W73hSpHzwJfzGbHf1tM9KWSGTtC8U 57. 15872 
这个人掉线了 cDhdyM63XaEsjsfrgU2CsN8Cn63Ni5QAzc 57. 16000 
这个人掉线了 cCtpNbbApgDAuX38sJqLG2PERUsor94MHz 57. 16128 
这个人掉线了 cPNWUU9oB4NaxFagHDafkD2p54phRGSwqh 57. 16256 
这个人掉线了 c6kHiX6mRcy3KeWCeb7MYAd8pfnDhnz8V7 57. 16384 
这个人掉线了 cMyZAA4V27jEmysddCxCqXKAeN2bBvDsVU 57. 16512 
这个人掉线了 cHMAxcAu6u3LEpfpCqJHD39unJtHCppfa7 57. 16640 
这个人掉线了 cGQ5NPs1k59LxCvxECXLKNpr4TezDvhMZn 57. 16768 
这个人掉线了 c2LMjYRGQbGAuNWBNyWrRr81WXzaZJqMdW 57. 16896 
这个人掉线了 cN1r6YA2rpKwqyUQBo5eBfcbETXSYK8aWn 57. 17024 
这个人掉线了 cGqWH1HYoZmFcpRbPfrE63u9SBxxLxN4Cp 57. 17152 
这个人掉线了 c5rSRneu7iXf8r8N87raRev24kHGmkvPMT 57. 17280 
这个人掉线了 c2KFmSdk8PcqcWuwDFhATW5VRJcs6xM4gn 57. 17408 
这个人掉线了 c6XZmkn23mSbiVVydY8WcEJSebM9RpRq8V 57. 17536 
这个人掉线了 cD4rsua9vmVMiPouRL7MJJcVPWKtQu8E5X 57. 17664 
这个人掉线了 cH6L4muHgCsNwfqFPEMMBJwTG6NWhVWqiv 57. 17792 
这个人掉线了 cMtCaC4WmjBjZYbzrGZREJ9imX479XxpsM 57. 17920 
这个人掉线了 c37jstTJJLuNuvERbc6MJbMkU1mPegQUoA 57. 18048 
这个人掉线了 cFtR9y1R2zvvd7DXUE5cQu4wVuHzMzKFXW 57. 18176 
这个人掉线了 cERnwrsCNpy4b8hQ683zpRFPw88yXuVXES 57. 18304 
这个人掉线了 c5qUNZkdEgg62fGSWwU29yya7vVQET7xkt 57. 18432 
这个人掉线了 cALZico86XyeSaK3zTXMVtq6AUPqmrh6JV 57. 18560 
这个人掉线了 cKyVC3hXc7ffCzEjDq1RHxqwi7DWiWSWRX 57. 18688 
这个人掉线了 cPBhhsQsNTKKkQw4DaYESjmBGFZZgiXJrK 57. 18816 
这个人掉线了 c3pPiHJASHMkxFxzStA1WLnagHxHnsZcD1 57. 18944 
这个人掉线了 cD6KwXfyUCPSscZoy3HeFuM3bFp4EvDpbe 57. 19072 
这个人掉线了 c3e7TaDkuPcWC8L7GfkixXsaZDpP5Rtasg 57. 19200 
这个人掉线了 cHtrhRxSd6HgoFApv3Ww5T9BJSpzunrK74 57. 19328 
这个人掉线了 c9JpYqYPy5ZwkP9dqP7uYsW2jUqjWK12Zy 57. 19456 
这个人掉线了 cLShHjVpQwRFy2pTLZ5wxDUBuULPXgNd5w 57. 19584 
这个人掉线了 cBgQkrwMZdQzu3QgtkN4vTbDB2Zf7F9ndm 57. 19712 
这个人掉线了 cKcsAB6U1KSkUrUsLr1ysdK5UrfCmFribi 57. 19840 
这个人掉线了 cMbuszd6xHhsXa4qrSNHVEe7Z8Pr3TNneP 57. 19968 
这个人掉线了 cLR1q2Xobq6SLdbcGSmzx3USwuEReKyKdN 57. 20096 
这个人掉线了 cQ88bJLhefXDhHwUorVeHKQhJrm2tDqkgM 57. 20224 
这个人掉线了 cNtaqym4McrXt5pQZPtQCR7LyhE5pUsUCe 57. 20352 
这个人掉线了 c2ffGmyB8nMhkemELfsjNDsdG4t1EMeomv 57. 20480 
这个人掉线了 cFEaSoF3QceWxjnLsg9FoQyLVcUzVEpkSP 57. 20608 
这个人掉线了 cNsdgX2hL8tpZuNV8pbqpcmmQXFYgyoHb3 57. 20736 
这个人掉线了 c4q2hHccaS3qcXGMqsGcasjbvj9aJsCuuy 57. 20864 
这个人掉线了 cNqpoUrBTpPvGzpFsimJRMm1uDjvDPpigj 57. 20992 
这个人掉线了 cFEaSoF3QceWxjnLsg9FoQyLVcUzVEpkSP 57. 21120 
生成区块 9279a 58. cGnmjV6fk5kFbTWztDtZhyr1a4Van4NPvR time: 21248 
生成区块 5b060 59. c5fjyiG9HYrHrzJnyLsMZSkw6M5JzkZWUY time: 21376 
生成区块 c17f9 60. cKmsqZLYAY8xjsqSaFdUy2jUuewBpCCcf9 time: 21504 
这个人掉线了 cNsdgX2hL8tpZuNV8pbqpcmmQXFYgyoHb3 60. 21632 
生成区块 f665c 61. cJzdd4agJhJR7psxQeH7beLeqarzeRrVWz time: 21760 
这个人掉线了 cNqpoUrBTpPvGzpFsimJRMm1uDjvDPpigj 61. 21888 
NoFoundException [Error]: 候选名单不足
    at 从一群受托人中选出一个受托人 (D:\dev\BFChain-Core-Next\packages\block\src\atom_block\blockGeneratorCalculator.ts:209:15)
    at BlockGeneratorCalculator.calcGenerateBlockDelegateGenerator (D:\dev\BFChain-Core-Next\packages\block\src\atom_block\blockGeneratorCalculator.ts:243:34)
    at BlockGeneratorCalculator.calcGenerateBlockDelegate (D:\dev\BFChain-Core-Next\packages\block\src\atom_block\blockGeneratorCalculator.ts:32:22)
    at D:\dev\BFChain-Core-Next\packages\test\src\block\calcGenesisBlockDelegate.test.ts:1052:20 {
  detail: undefined,
  type: 'NoFoundException',
  PLATFORM: 'Nodejs',
  CHANNEL: 'UNKNOWN',
  BUSINESS: 'util',
  MODULE: 'Core',
  FILE: 'BlockGeneratorCalculator',
  CODE: '7001'
}
BLOCK[2]:生成区块 24c0a 2. c582jFX2DfF45B65YSKN31qk6Ft9ckVAJm time: 128 
BLOCK[3]:生成区块 53006 3. cKqAK2TLS5AiGm75CAuVLUv4D38MyqTD9M time: 256 
BLOCK[4]:生成区块 09705 4. c5AYPcDMUGr5JHErEo5y43SZG8JsF8YjG5 time: 384 
BLOCK[5]:生成区块 97cb5 5. cH4RweoyEU363G5p7P2D1bEe5uccLNFJgC time: 512 
BLOCK[6]:生成区块 ca3f7 6. cGS6P65poK8GN5yhAtBj5ddDuDFh3k4YW8 time: 640 
BLOCK[7]:生成区块 f6ff3 7. c4aG5yDeGo4TqR6C9r2vBaaNXmR2Ro17SV time: 768 
BLOCK[8]:生成区块 bf267 8. cHdATqSzszEe335hM8kaNM267SH98BCpbx time: 896 
BLOCK[9]:生成区块 56b4b 9. cDUwDnum3J5bQo78LDWcCJLAASqRP4VSan time: 1024 
BLOCK[10]:生成区块 d01aa 10. cCjrLJHLRUZci2Ak1W2BbgchJQLoQo86d7 time: 1152 
BLOCK[11]:生成区块 e1f2a 11. c81E6nEaLHJ25mFRTDSMar5YjmrYLsNr5v time: 1280 
BLOCK[12]:生成区块 6a37b 12. cCuaHXAe1hcEGgqz6eg8QC9UKQHZ1Cq2Qo time: 1408 
BLOCK[13]:生成区块 c7bbd 13. c3MCDGU8vFk6waxeeRbBUt3QaRvB6q1TAH time: 1536 
BLOCK[14]:生成区块 b5562 14. cCmcRqAdKd24ft1Nuwzc6p1Uf5R47RSAUF time: 1664 
BLOCK[15]:生成区块 9b803 15. cBy33bW2b8QX3Th6mjkpHRykPGLN9ahG9p time: 1792 
BLOCK[16]:生成区块 b971f 16. cKySkYVB4MhWhKczSUmY7WhF638hPx6U8N time: 1920 
BLOCK[17]:生成区块 a44a7 17. c4wQ1qXmKFBBGeHeiT5QsB9oKwsGYmK2eA time: 2048 
BLOCK[18]:生成区块 96368 18. cBpRE96Ff1RR3kVoN9Hky6pnAtTky8cP4s time: 2176 
BLOCK[19]:生成区块 e29a5 19. c7y8jqVoAmP9uHA6bYxT66KSPXz14tSahH time: 2304 
BLOCK[20]:生成区块 42214 20. cKqjHi8u4n5RJJa1CxHgZbwHXS9cKC5Ekw time: 2432 
BLOCK[21]:生成区块 90b04 21. cNQzoCNDDYY2uqBEW6fb7B6HzFjyz6oCt8 time: 2560 
BLOCK[22]:生成区块 b501a 22. cM8wVfYBZq6KtXCKAobMH9g9jLTcSfCiw5 time: 2688 
BLOCK[23]:生成区块 e71e2 23. cFG8tkEage2m5qnpsd8giKe9kad6ACF3BY time: 2816 
BLOCK[24]:生成区块 6ce7d 24. cNhu1W73hSpHzwJfzGbHf1tM9KWSGTtC8U time: 2944 
BLOCK[25]:生成区块 65437 25. cLrUCNAWPyPH96bqqC3JQXZ3CtsvvXmNj1 time: 3072 
BLOCK[26]:生成区块 70dd2 26. cPDXYf8tLYdv8LG43RxgHbNLi1ouxDcP8p time: 3200 
BLOCK[27]:生成区块 986f5 27. cPNWUU9oB4NaxFagHDafkD2p54phRGSwqh time: 3328 
BLOCK[28]:生成区块 d1c2e 28. c6kHiX6mRcy3KeWCeb7MYAd8pfnDhnz8V7 time: 3456 
BLOCK[29]:生成区块 c84d4 29. cMyZAA4V27jEmysddCxCqXKAeN2bBvDsVU time: 3584 
BLOCK[30]:生成区块 c2bc8 30. c7LefZDapLTMcazj5gJdJJE4PePHQ2qpNu time: 3712 
BLOCK[31]:生成区块 02154 31. cGQ5NPs1k59LxCvxECXLKNpr4TezDvhMZn time: 3840 
BLOCK[32]:生成区块 4daa4 32. c2LMjYRGQbGAuNWBNyWrRr81WXzaZJqMdW time: 3968 
BLOCK[33]:生成区块 a63ae 33. c5QActCYGusL7wEwV8sDTZ6QcekFBjBMhv time: 4096 
BLOCK[34]:生成区块 1f33e 34. cFtYf1e5Ng5QhZzHiPMvDyV3NQHxKBnLmV time: 4224 
BLOCK[35]:生成区块 d7b2a 35. c5rSRneu7iXf8r8N87raRev24kHGmkvPMT time: 4352 
BLOCK[36]:生成区块 81228 36. cH6L4muHgCsNwfqFPEMMBJwTG6NWhVWqiv time: 4480 
BLOCK[37]:生成区块 4305b 37. cMPVU5d8U87bqPTZsLaWiyAv5UbZwMENip time: 4608 
BLOCK[38]:生成区块 cca97 38. cD4rsua9vmVMiPouRL7MJJcVPWKtQu8E5X time: 4736 
BLOCK[39]:生成区块 909e0 39. c6XZmkn23mSbiVVydY8WcEJSebM9RpRq8V time: 4864 
BLOCK[40]:生成区块 518d8 40. cMtCaC4WmjBjZYbzrGZREJ9imX479XxpsM time: 4992 
BLOCK[41]:生成区块 ce839 41. cFtR9y1R2zvvd7DXUE5cQu4wVuHzMzKFXW time: 5120 
BLOCK[42]:生成区块 fc409 42. cERnwrsCNpy4b8hQ683zpRFPw88yXuVXES time: 5248 
BLOCK[43]:生成区块 d1b17 43. cBRJCW5SXiaJzDEFQhmLhCjizEBaprHj9w time: 5376 
BLOCK[44]:生成区块 3a83c 44. cCTtPZA7Ry9qEnLJm6yyWGFswdFC5hiMhe time: 5504 
BLOCK[45]:生成区块 076c6 45. c3e7TaDkuPcWC8L7GfkixXsaZDpP5Rtasg time: 5632 
BLOCK[46]:生成区块 2c688 46. cMbTY5hZ2RXCVGPYgwjp3ybnM1EyQenDiy time: 5760 
BLOCK[47]:生成区块 d0357 47. cBgQkrwMZdQzu3QgtkN4vTbDB2Zf7F9ndm time: 5888 
BLOCK[48]:生成区块 9898c 48. c8Ke6FeamgemKfaAdppcUVoGfModE4CEyT time: 6016 
BLOCK[49]:生成区块 01e17 49. cKcsAB6U1KSkUrUsLr1ysdK5UrfCmFribi time: 6144 
BLOCK[50]:生成区块 29e50 50. cLxoe3BFVFWJitksZZU7r7pyPbGxdV9FEw time: 6272 
BLOCK[51]:生成区块 f769f 51. cCET2Sxt2LPDhx44wxJ9uhkpviKNrSacvE time: 6400 
BLOCK[52]:生成区块 ca55e 52. cFEaSoF3QceWxjnLsg9FoQyLVcUzVEpkSP time: 6528 
BLOCK[53]:生成区块 cae96 53. cGnmjV6fk5kFbTWztDtZhyr1a4Van4NPvR time: 6656 
BLOCK[54]:生成区块 49692 54. c5fjyiG9HYrHrzJnyLsMZSkw6M5JzkZWUY time: 6784 
BLOCK[55]:生成区块 d351f 55. cKmsqZLYAY8xjsqSaFdUy2jUuewBpCCcf9 time: 6912 
BLOCK[56]:生成区块 cb3a9 56. cNsdgX2hL8tpZuNV8pbqpcmmQXFYgyoHb3 time: 7040 
round end
{
  version: 1,
  height: 57,
  timestamp: 7168,
  generatorPublicKey: '2fb7a053fd7dc28de5b8fad26a20bab7a44c7ff2dbc236c36f5a40072c5ae89e',
  previousBlockSignature: 'cb3a9b248deced0ebb5a3facd0f5ad43a46261e90c26b8a6c5731e4dbc8bc0540cd557521aaa42164eb27fe575f5d3e5f8940f11192c56d55e8db3b49a37a203',
  roundOfflineGeneratersHashMap: { '0': '' }
}
{
  debug: 'debug',
  info: 'info',
  blockParticipation: '0',
  nextRoundDelegates: [
    { address: 'cKyVC3hXc7ffCzEjDq1RHxqwi7DWiWSWRX', equity: '0' },
    { address: 'c3z5iLu15V6dfX988fugq2vP1FRgda1DEk', equity: '0' },
    { address: 'cFybQsjHqiX1DUbtZFXDPihvDeTveZQKkw', equity: '0' },
    { address: 'cNqpoUrBTpPvGzpFsimJRMm1uDjvDPpigj', equity: '0' },
    { address: 'cEo8s28oP5BLE1vEG6VRTmZbfdJD4M1Coe', equity: '0' },
    { address: 'c6YdR5inKH4ZCWMiLS8MYYq1fGGXGE4mUw', equity: '0' },
    { address: 'c9Hzte1gK9ekxMaXDfAS7SH8cTZ2ZaTip4', equity: '0' },
    { address: 'cBsvWnbQtMhGvzj3BDpFpr3A4EZiPXXrRQ', equity: '0' },
    { address: 'cP3KZJfNBYLxVjR6Mi3CG8LAEgt97N8t55', equity: '0' },
    { address: 'cAkwj6utxuRKErXYHYnisXGJjqsQVdsuqA', equity: '0' },
    { address: 'c4giVDb2U9jr5WVUGg294bGwgCSKDz2xzJ', equity: '0' },
    { address: 'cPBhhsQsNTKKkQw4DaYESjmBGFZZgiXJrK', equity: '0' },
    { address: 'cQEA1sRwbNVzMJTD85oGKQF87bX7xTet6d', equity: '0' },
    { address: 'cLShHjVpQwRFy2pTLZ5wxDUBuULPXgNd5w', equity: '0' },
    { address: 'c2ffGmyB8nMhkemELfsjNDsdG4t1EMeomv', equity: '0' },
    { address: 'c2pWhtuBZWGZHJVSoNJ3FYJfdjp1iyv8dr', equity: '0' },
    { address: 'cF6DjxtfzvJjbqvwWGb2AvUcwEkk6rBFm9', equity: '0' },
    { address: 'cNdBX3dCDfPGyvuAbbuBmWfSfXJ5D32xK1', equity: '0' },
    { address: 'cFf3VzWCjKv5VvYmLhzRkQZPhNQn8vANLz', equity: '0' },
    { address: 'cDhdyM63XaEsjsfrgU2CsN8Cn63Ni5QAzc', equity: '0' },
    { address: 'cN1r6YA2rpKwqyUQBo5eBfcbETXSYK8aWn', equity: '0' },
    { address: 'c37jstTJJLuNuvERbc6MJbMkU1mPegQUoA', equity: '0' },
    { address: 'cGqWH1HYoZmFcpRbPfrE63u9SBxxLxN4Cp', equity: '0' },
    { address: 'cFxUbicQgwjsrHQj5JzP5GabZQ5Ep8vTUi', equity: '0' },
    { address: 'curtHB91mSGD2bK3SPXzS8vAfctvB5ZGc', equity: '0' },
    { address: 'cALZico86XyeSaK3zTXMVtq6AUPqmrh6JV', equity: '0' },
    { address: 'cMHuDEGM4CUE1wDbY2chPWjP8P1KJMWsVN', equity: '0' },
    { address: 'cGELZtTz3qzbcAS9svzQjesXTB46ytduwg', equity: '0' },
    { address: 'cQ88bJLhefXDhHwUorVeHKQhJrm2tDqkgM', equity: '0' },
    { address: 'cBX5XCMHodUGz6xHPKkS5jeb7kt1rrgqwb', equity: '0' },
    { address: 'cJXJ15YBxQ4zFU7vSUbeRwxgTmQncJy1CJ', equity: '0' },
    { address: 'c9JpYqYPy5ZwkP9dqP7uYsW2jUqjWK12Zy', equity: '0' },
    { address: 'cLR1q2Xobq6SLdbcGSmzx3USwuEReKyKdN', equity: '0' },
    { address: 'cPZUAVCxZSwrodndzmCsVcP38BskQRF1ny', equity: '0' },
    { address: 'cDGZW6UisKZtt61rFmdMGZufCqtbWP9sLe', equity: '0' },
    { address: 'c8PLVcgfgeMreGxVQxi8r42W4ZDukEB3M3', equity: '0' },
    { address: 'c3pPiHJASHMkxFxzStA1WLnagHxHnsZcD1', equity: '0' },
    { address: 'cHMAxcAu6u3LEpfpCqJHD39unJtHCppfa7', equity: '0' },
    { address: 'cHtrhRxSd6HgoFApv3Ww5T9BJSpzunrK74', equity: '0' },
    { address: 'cKgAdasSHc1T6zUXPnmYEEtjeX7qKi11xb', equity: '0' },
    { address: 'cLwXBhfqd6PR2R6JdjkGc3LSwMPjsK1gKF', equity: '0' },
    { address: 'cCtpNbbApgDAuX38sJqLG2PERUsor94MHz', equity: '0' },
    { address: 'cFyn4v8T5ckT28MW17iUvvuK4Uk7nrpdZj', equity: '0' },
    { address: 'c5RqaMzZGzMsmgQb533GSLWG64uKHJSJjB', equity: '0' },
    { address: 'cD4uXeU9Aj7EpN9XLo5M5FqTMWofEjkuGT', equity: '0' },
    { address: 'c32KRhr1wZc8MKRPrEy1LBdojmAFLwpDN9', equity: '0' },
    { address: 'cEo4bdeV2XJ3kUKp9EeTGGAC6rTejSg1Ny', equity: '0' },
    { address: 'cMbuszd6xHhsXa4qrSNHVEe7Z8Pr3TNneP', equity: '0' },
    { address: 'c6bVeNUiLwSW3SGz38yv6w54JXphzxY3d3', equity: '0' },
    { address: 'c5qUNZkdEgg62fGSWwU29yya7vVQET7xkt', equity: '0' },
    { address: 'c4q2hHccaS3qcXGMqsGcasjbvj9aJsCuuy', equity: '0' },
    { address: 'c5q6xxt1RkYYM1EXZGjwhPoU8y3K5uAkpX', equity: '0' },
    { address: 'cD6KwXfyUCPSscZoy3HeFuM3bFp4EvDpbe', equity: '0' },
    { address: 'cJQtvwgB96A7fZMppeRE6tkNsykg7KQEsJ', equity: '0' },
    { address: 'c2KFmSdk8PcqcWuwDFhATW5VRJcs6xM4gn', equity: '0' },
    { address: 'c7ij2QbLpRFSuZGB9bD7zPf8WYHg82ZY53', equity: '0' },
    { address: 'cMg3Pj5Mb8YnwQeeWmBKsPt8Zjgu4FHL9Y', equity: '0' }
  ],
  maxBeginBalance: '0',
  maxTxCount: 0,
  rate: '0',
  newDelegates: [],
  hash: '0fc79073e31dd7fe5590d70e4d233bb72917988135e9bc100bd8ea89e21259ed'
}
BLOCK[57]:生成区块 039f5 57. cJzdd4agJhJR7psxQeH7beLeqarzeRrVWz time: 7168 
BLOCK[58]:这个人掉线了 cP3KZJfNBYLxVjR6Mi3CG8LAEgt97N8t55 57. 7296 
这个人掉线了 cP3KZJfNBYLxVjR6Mi3CG8LAEgt97N8t55 57. 7296 
这个人掉线了 cEo8s28oP5BLE1vEG6VRTmZbfdJD4M1Coe 57. 7424 
这个人掉线了 cMHuDEGM4CUE1wDbY2chPWjP8P1KJMWsVN 57. 7552 
这个人掉线了 c7ij2QbLpRFSuZGB9bD7zPf8WYHg82ZY53 57. 7680 
这个人掉线了 c6YdR5inKH4ZCWMiLS8MYYq1fGGXGE4mUw 57. 7808 
这个人掉线了 c3z5iLu15V6dfX988fugq2vP1FRgda1DEk 57. 7936 
这个人掉线了 curtHB91mSGD2bK3SPXzS8vAfctvB5ZGc 57. 8064 
这个人掉线了 cQEA1sRwbNVzMJTD85oGKQF87bX7xTet6d 57. 8192 
这个人掉线了 c5RqaMzZGzMsmgQb533GSLWG64uKHJSJjB 57. 8320 
这个人掉线了 cEo4bdeV2XJ3kUKp9EeTGGAC6rTejSg1Ny 57. 8448 
这个人掉线了 c4giVDb2U9jr5WVUGg294bGwgCSKDz2xzJ 57. 8576 
这个人掉线了 cD4uXeU9Aj7EpN9XLo5M5FqTMWofEjkuGT 57. 8704 
这个人掉线了 c32KRhr1wZc8MKRPrEy1LBdojmAFLwpDN9 57. 8832 
这个人掉线了 cNdBX3dCDfPGyvuAbbuBmWfSfXJ5D32xK1 57. 8960 
这个人掉线了 c8PLVcgfgeMreGxVQxi8r42W4ZDukEB3M3 57. 9088 
这个人掉线了 c9Hzte1gK9ekxMaXDfAS7SH8cTZ2ZaTip4 57. 9216 
这个人掉线了 cLwXBhfqd6PR2R6JdjkGc3LSwMPjsK1gKF 57. 9344 
这个人掉线了 cDhdyM63XaEsjsfrgU2CsN8Cn63Ni5QAzc 57. 9472 
这个人掉线了 cCtpNbbApgDAuX38sJqLG2PERUsor94MHz 57. 9600 
这个人掉线了 c6bVeNUiLwSW3SGz38yv6w54JXphzxY3d3 57. 9728 
这个人掉线了 cMg3Pj5Mb8YnwQeeWmBKsPt8Zjgu4FHL9Y 57. 9856 
这个人掉线了 cHMAxcAu6u3LEpfpCqJHD39unJtHCppfa7 57. 9984 
这个人掉线了 cN1r6YA2rpKwqyUQBo5eBfcbETXSYK8aWn 57. 10112 
这个人掉线了 cJXJ15YBxQ4zFU7vSUbeRwxgTmQncJy1CJ 57. 10240 
这个人掉线了 cGqWH1HYoZmFcpRbPfrE63u9SBxxLxN4Cp 57. 10368 
这个人掉线了 c2KFmSdk8PcqcWuwDFhATW5VRJcs6xM4gn 57. 10496 
这个人掉线了 cFyn4v8T5ckT28MW17iUvvuK4Uk7nrpdZj 57. 10624 
这个人掉线了 c37jstTJJLuNuvERbc6MJbMkU1mPegQUoA 57. 10752 
这个人掉线了 c5q6xxt1RkYYM1EXZGjwhPoU8y3K5uAkpX 57. 10880 
这个人掉线了 c5qUNZkdEgg62fGSWwU29yya7vVQET7xkt 57. 11008 
这个人掉线了 cKgAdasSHc1T6zUXPnmYEEtjeX7qKi11xb 57. 11136 
这个人掉线了 cALZico86XyeSaK3zTXMVtq6AUPqmrh6JV 57. 11264 
生成区块 bfb9e 58. cKyVC3hXc7ffCzEjDq1RHxqwi7DWiWSWRX time: 11392 
这个人掉线了 cPBhhsQsNTKKkQw4DaYESjmBGFZZgiXJrK 58. 11520 
这个人掉线了 c3pPiHJASHMkxFxzStA1WLnagHxHnsZcD1 58. 11648 
这个人掉线了 cD6KwXfyUCPSscZoy3HeFuM3bFp4EvDpbe 58. 11776 
这个人掉线了 cJQtvwgB96A7fZMppeRE6tkNsykg7KQEsJ 58. 11904 
这个人掉线了 cHtrhRxSd6HgoFApv3Ww5T9BJSpzunrK74 58. 12032 
生成区块 f1354 59. c9JpYqYPy5ZwkP9dqP7uYsW2jUqjWK12Zy time: 12160 
这个人掉线了 cLShHjVpQwRFy2pTLZ5wxDUBuULPXgNd5w 59. 12288 
这个人掉线了 c2pWhtuBZWGZHJVSoNJ3FYJfdjp1iyv8dr 59. 12416 
这个人掉线了 cDGZW6UisKZtt61rFmdMGZufCqtbWP9sLe 59. 12544 
生成区块 61a47 60. cBX5XCMHodUGz6xHPKkS5jeb7kt1rrgqwb time: 12672 
这个人掉线了 cMbuszd6xHhsXa4qrSNHVEe7Z8Pr3TNneP 60. 12800 
这个人掉线了 cBsvWnbQtMhGvzj3BDpFpr3A4EZiPXXrRQ 60. 12928 
这个人掉线了 cLR1q2Xobq6SLdbcGSmzx3USwuEReKyKdN 60. 13056 
这个人掉线了 cQ88bJLhefXDhHwUorVeHKQhJrm2tDqkgM 60. 13184 
这个人掉线了 cFf3VzWCjKv5VvYmLhzRkQZPhNQn8vANLz 60. 13312 
这个人掉线了 cFxUbicQgwjsrHQj5JzP5GabZQ5Ep8vTUi 60. 13440 
这个人掉线了 c2ffGmyB8nMhkemELfsjNDsdG4t1EMeomv 60. 13568 
这个人掉线了 cPZUAVCxZSwrodndzmCsVcP38BskQRF1ny 60. 13696 
这个人掉线了 cF6DjxtfzvJjbqvwWGb2AvUcwEkk6rBFm9 60. 13824 
这个人掉线了 cFybQsjHqiX1DUbtZFXDPihvDeTveZQKkw 60. 13952 
这个人掉线了 c4q2hHccaS3qcXGMqsGcasjbvj9aJsCuuy 60. 14080 
这个人掉线了 cGELZtTz3qzbcAS9svzQjesXTB46ytduwg 60. 14208 
生成区块 99b2e 61. cNqpoUrBTpPvGzpFsimJRMm1uDjvDPpigj time: 14336 
这个人掉线了 cAkwj6utxuRKErXYHYnisXGJjqsQVdsuqA 61. 14464 
生成区块 71f8b 62. cNqpoUrBTpPvGzpFsimJRMm1uDjvDPpigj time: 14592 
NoFoundException [Error]: 候选名单不足
    at 从一群受托人中选出一个受托人 (D:\dev\BFChain-Core-Next\packages\block\src\atom_block\blockGeneratorCalculator.ts:209:15)
    at BlockGeneratorCalculator.calcGenerateBlockDelegateGenerator (D:\dev\BFChain-Core-Next\packages\block\src\atom_block\blockGeneratorCalculator.ts:243:34)
    at BlockGeneratorCalculator.calcGenerateBlockDelegate (D:\dev\BFChain-Core-Next\packages\block\src\atom_block\blockGeneratorCalculator.ts:32:22)
    at D:\dev\BFChain-Core-Next\packages\test\src\block\calcGenesisBlockDelegate.test.ts:1052:20 {
  detail: undefined,
  type: 'NoFoundException',
  PLATFORM: 'Nodejs',
  CHANNEL: 'UNKNOWN',
  BUSINESS: 'util',
  MODULE: 'Core',
  FILE: 'BlockGeneratorCalculator',
  CODE: '7001'
}
BLOCK[2]:生成区块 24c0a 2. c582jFX2DfF45B65YSKN31qk6Ft9ckVAJm time: 128 
BLOCK[3]:生成区块 53006 3. cKqAK2TLS5AiGm75CAuVLUv4D38MyqTD9M time: 256 
BLOCK[4]:生成区块 09705 4. c5AYPcDMUGr5JHErEo5y43SZG8JsF8YjG5 time: 384 
BLOCK[5]:生成区块 97cb5 5. cH4RweoyEU363G5p7P2D1bEe5uccLNFJgC time: 512 
BLOCK[6]:生成区块 ca3f7 6. cGS6P65poK8GN5yhAtBj5ddDuDFh3k4YW8 time: 640 
BLOCK[7]:生成区块 f6ff3 7. c4aG5yDeGo4TqR6C9r2vBaaNXmR2Ro17SV time: 768 
BLOCK[8]:生成区块 bf267 8. cHdATqSzszEe335hM8kaNM267SH98BCpbx time: 896 
BLOCK[9]:生成区块 56b4b 9. cDUwDnum3J5bQo78LDWcCJLAASqRP4VSan time: 1024 
BLOCK[10]:生成区块 d01aa 10. cCjrLJHLRUZci2Ak1W2BbgchJQLoQo86d7 time: 1152 
BLOCK[11]:生成区块 e1f2a 11. c81E6nEaLHJ25mFRTDSMar5YjmrYLsNr5v time: 1280 
BLOCK[12]:生成区块 6a37b 12. cCuaHXAe1hcEGgqz6eg8QC9UKQHZ1Cq2Qo time: 1408 
BLOCK[13]:生成区块 c7bbd 13. c3MCDGU8vFk6waxeeRbBUt3QaRvB6q1TAH time: 1536 
BLOCK[14]:生成区块 b5562 14. cCmcRqAdKd24ft1Nuwzc6p1Uf5R47RSAUF time: 1664 
BLOCK[15]:生成区块 9b803 15. cBy33bW2b8QX3Th6mjkpHRykPGLN9ahG9p time: 1792 
BLOCK[16]:生成区块 b971f 16. cKySkYVB4MhWhKczSUmY7WhF638hPx6U8N time: 1920 
BLOCK[17]:生成区块 a44a7 17. c4wQ1qXmKFBBGeHeiT5QsB9oKwsGYmK2eA time: 2048 
BLOCK[18]:生成区块 96368 18. cBpRE96Ff1RR3kVoN9Hky6pnAtTky8cP4s time: 2176 
BLOCK[19]:生成区块 e29a5 19. c7y8jqVoAmP9uHA6bYxT66KSPXz14tSahH time: 2304 
BLOCK[20]:生成区块 42214 20. cKqjHi8u4n5RJJa1CxHgZbwHXS9cKC5Ekw time: 2432 
BLOCK[21]:生成区块 90b04 21. cNQzoCNDDYY2uqBEW6fb7B6HzFjyz6oCt8 time: 2560 
BLOCK[22]:生成区块 b501a 22. cM8wVfYBZq6KtXCKAobMH9g9jLTcSfCiw5 time: 2688 
BLOCK[23]:生成区块 e71e2 23. cFG8tkEage2m5qnpsd8giKe9kad6ACF3BY time: 2816 
BLOCK[24]:生成区块 6ce7d 24. cNhu1W73hSpHzwJfzGbHf1tM9KWSGTtC8U time: 2944 
BLOCK[25]:生成区块 65437 25. cLrUCNAWPyPH96bqqC3JQXZ3CtsvvXmNj1 time: 3072 
BLOCK[26]:生成区块 70dd2 26. cPDXYf8tLYdv8LG43RxgHbNLi1ouxDcP8p time: 3200 
BLOCK[27]:生成区块 986f5 27. cPNWUU9oB4NaxFagHDafkD2p54phRGSwqh time: 3328 
BLOCK[28]:生成区块 d1c2e 28. c6kHiX6mRcy3KeWCeb7MYAd8pfnDhnz8V7 time: 3456 
BLOCK[29]:生成区块 c84d4 29. cMyZAA4V27jEmysddCxCqXKAeN2bBvDsVU time: 3584 
BLOCK[30]:生成区块 c2bc8 30. c7LefZDapLTMcazj5gJdJJE4PePHQ2qpNu time: 3712 
生成区块 24c0a 2. c582jFX2DfF45B65YSKN31qk6Ft9ckVAJm time: 128 
生成区块 53006 3. cKqAK2TLS5AiGm75CAuVLUv4D38MyqTD9M time: 256 
生成区块 09705 4. c5AYPcDMUGr5JHErEo5y43SZG8JsF8YjG5 time: 384 
生成区块 97cb5 5. cH4RweoyEU363G5p7P2D1bEe5uccLNFJgC time: 512 
生成区块 ca3f7 6. cGS6P65poK8GN5yhAtBj5ddDuDFh3k4YW8 time: 640 
生成区块 f6ff3 7. c4aG5yDeGo4TqR6C9r2vBaaNXmR2Ro17SV time: 768 
生成区块 bf267 8. cHdATqSzszEe335hM8kaNM267SH98BCpbx time: 896 
生成区块 56b4b 9. cDUwDnum3J5bQo78LDWcCJLAASqRP4VSan time: 1024 
生成区块 d01aa 10. cCjrLJHLRUZci2Ak1W2BbgchJQLoQo86d7 time: 1152 
生成区块 e1f2a 11. c81E6nEaLHJ25mFRTDSMar5YjmrYLsNr5v time: 1280 
生成区块 6a37b 12. cCuaHXAe1hcEGgqz6eg8QC9UKQHZ1Cq2Qo time: 1408 
生成区块 c7bbd 13. c3MCDGU8vFk6waxeeRbBUt3QaRvB6q1TAH time: 1536 
生成区块 b5562 14. cCmcRqAdKd24ft1Nuwzc6p1Uf5R47RSAUF time: 1664 
生成区块 9b803 15. cBy33bW2b8QX3Th6mjkpHRykPGLN9ahG9p time: 1792 
生成区块 b971f 16. cKySkYVB4MhWhKczSUmY7WhF638hPx6U8N time: 1920 
生成区块 a44a7 17. c4wQ1qXmKFBBGeHeiT5QsB9oKwsGYmK2eA time: 2048 
生成区块 96368 18. cBpRE96Ff1RR3kVoN9Hky6pnAtTky8cP4s time: 2176 
生成区块 e29a5 19. c7y8jqVoAmP9uHA6bYxT66KSPXz14tSahH time: 2304 
生成区块 42214 20. cKqjHi8u4n5RJJa1CxHgZbwHXS9cKC5Ekw time: 2432 
生成区块 90b04 21. cNQzoCNDDYY2uqBEW6fb7B6HzFjyz6oCt8 time: 2560 
生成区块 b501a 22. cM8wVfYBZq6KtXCKAobMH9g9jLTcSfCiw5 time: 2688 
生成区块 e71e2 23. cFG8tkEage2m5qnpsd8giKe9kad6ACF3BY time: 2816 
生成区块 6ce7d 24. cNhu1W73hSpHzwJfzGbHf1tM9KWSGTtC8U time: 2944 
生成区块 65437 25. cLrUCNAWPyPH96bqqC3JQXZ3CtsvvXmNj1 time: 3072 
生成区块 70dd2 26. cPDXYf8tLYdv8LG43RxgHbNLi1ouxDcP8p time: 3200 
生成区块 986f5 27. cPNWUU9oB4NaxFagHDafkD2p54phRGSwqh time: 3328 
生成区块 d1c2e 28. c6kHiX6mRcy3KeWCeb7MYAd8pfnDhnz8V7 time: 3456 
生成区块 c84d4 29. cMyZAA4V27jEmysddCxCqXKAeN2bBvDsVU time: 3584 
生成区块 c2bc8 30. c7LefZDapLTMcazj5gJdJJE4PePHQ2qpNu time: 3712 
生成区块 02154 31. cGQ5NPs1k59LxCvxECXLKNpr4TezDvhMZn time: 3840 
生成区块 4daa4 32. c2LMjYRGQbGAuNWBNyWrRr81WXzaZJqMdW time: 3968 
生成区块 a63ae 33. c5QActCYGusL7wEwV8sDTZ6QcekFBjBMhv time: 4096 
生成区块 1f33e 34. cFtYf1e5Ng5QhZzHiPMvDyV3NQHxKBnLmV time: 4224 
生成区块 d7b2a 35. c5rSRneu7iXf8r8N87raRev24kHGmkvPMT time: 4352 
生成区块 81228 36. cH6L4muHgCsNwfqFPEMMBJwTG6NWhVWqiv time: 4480 
生成区块 4305b 37. cMPVU5d8U87bqPTZsLaWiyAv5UbZwMENip time: 4608 
生成区块 cca97 38. cD4rsua9vmVMiPouRL7MJJcVPWKtQu8E5X time: 4736 
生成区块 909e0 39. c6XZmkn23mSbiVVydY8WcEJSebM9RpRq8V time: 4864 
生成区块 518d8 40. cMtCaC4WmjBjZYbzrGZREJ9imX479XxpsM time: 4992 
生成区块 ce839 41. cFtR9y1R2zvvd7DXUE5cQu4wVuHzMzKFXW time: 5120 
生成区块 fc409 42. cERnwrsCNpy4b8hQ683zpRFPw88yXuVXES time: 5248 
生成区块 d1b17 43. cBRJCW5SXiaJzDEFQhmLhCjizEBaprHj9w time: 5376 
生成区块 3a83c 44. cCTtPZA7Ry9qEnLJm6yyWGFswdFC5hiMhe time: 5504 
生成区块 076c6 45. c3e7TaDkuPcWC8L7GfkixXsaZDpP5Rtasg time: 5632 
生成区块 2c688 46. cMbTY5hZ2RXCVGPYgwjp3ybnM1EyQenDiy time: 5760 
生成区块 d0357 47. cBgQkrwMZdQzu3QgtkN4vTbDB2Zf7F9ndm time: 5888 
生成区块 9898c 48. c8Ke6FeamgemKfaAdppcUVoGfModE4CEyT time: 6016 
生成区块 01e17 49. cKcsAB6U1KSkUrUsLr1ysdK5UrfCmFribi time: 6144 
生成区块 29e50 50. cLxoe3BFVFWJitksZZU7r7pyPbGxdV9FEw time: 6272 
生成区块 f769f 51. cCET2Sxt2LPDhx44wxJ9uhkpviKNrSacvE time: 6400 
生成区块 ca55e 52. cFEaSoF3QceWxjnLsg9FoQyLVcUzVEpkSP time: 6528 
生成区块 cae96 53. cGnmjV6fk5kFbTWztDtZhyr1a4Van4NPvR time: 6656 
生成区块 49692 54. c5fjyiG9HYrHrzJnyLsMZSkw6M5JzkZWUY time: 6784 
生成区块 d351f 55. cKmsqZLYAY8xjsqSaFdUy2jUuewBpCCcf9 time: 6912 
生成区块 cb3a9 56. cNsdgX2hL8tpZuNV8pbqpcmmQXFYgyoHb3 time: 7040 
生成区块 c6fbe 57. cJzdd4agJhJR7psxQeH7beLeqarzeRrVWz time: 7168 
生成区块 dd62a 58. cP3KZJfNBYLxVjR6Mi3CG8LAEgt97N8t55 time: 7296 
生成区块 35b4a 59. cEo8s28oP5BLE1vEG6VRTmZbfdJD4M1Coe time: 7424 
生成区块 072ef 60. cMHuDEGM4CUE1wDbY2chPWjP8P1KJMWsVN time: 7552 
生成区块 27379 61. c7ij2QbLpRFSuZGB9bD7zPf8WYHg82ZY53 time: 7680 
生成区块 3e150 62. c6YdR5inKH4ZCWMiLS8MYYq1fGGXGE4mUw time: 7808 
生成区块 235f2 63. c3z5iLu15V6dfX988fugq2vP1FRgda1DEk time: 7936 
生成区块 20841 64. curtHB91mSGD2bK3SPXzS8vAfctvB5ZGc time: 8064 
生成区块 f69e8 65. cQEA1sRwbNVzMJTD85oGKQF87bX7xTet6d time: 8192 
生成区块 d7f62 66. c5RqaMzZGzMsmgQb533GSLWG64uKHJSJjB time: 8320 
生成区块 42eb5 67. cEo4bdeV2XJ3kUKp9EeTGGAC6rTejSg1Ny time: 8448 
生成区块 64065 68. c4giVDb2U9jr5WVUGg294bGwgCSKDz2xzJ time: 8576 
生成区块 45251 69. cD4uXeU9Aj7EpN9XLo5M5FqTMWofEjkuGT time: 8704 
生成区块 39950 70. c32KRhr1wZc8MKRPrEy1LBdojmAFLwpDN9 time: 8832 
生成区块 75ada 71. cNdBX3dCDfPGyvuAbbuBmWfSfXJ5D32xK1 time: 8960 
生成区块 ba399 72. c8PLVcgfgeMreGxVQxi8r42W4ZDukEB3M3 time: 9088 
生成区块 7f3fc 73. c9Hzte1gK9ekxMaXDfAS7SH8cTZ2ZaTip4 time: 9216 
这个人掉线了 cLwXBhfqd6PR2R6JdjkGc3LSwMPjsK1gKF 73. 9344 
生成区块 7687d 74. cDhdyM63XaEsjsfrgU2CsN8Cn63Ni5QAzc time: 9472 
生成区块 ffc3b 75. cCtpNbbApgDAuX38sJqLG2PERUsor94MHz time: 9600 
生成区块 22b27 76. c6bVeNUiLwSW3SGz38yv6w54JXphzxY3d3 time: 9728 
生成区块 29468 77. cMg3Pj5Mb8YnwQeeWmBKsPt8Zjgu4FHL9Y time: 9856 
生成区块 66ef6 78. cHMAxcAu6u3LEpfpCqJHD39unJtHCppfa7 time: 9984 
生成区块 36a77 79. cN1r6YA2rpKwqyUQBo5eBfcbETXSYK8aWn time: 10112 
生成区块 abfa3 80. cJXJ15YBxQ4zFU7vSUbeRwxgTmQncJy1CJ time: 10240 
生成区块 11068 81. cGqWH1HYoZmFcpRbPfrE63u9SBxxLxN4Cp time: 10368 
生成区块 fb621 82. c2KFmSdk8PcqcWuwDFhATW5VRJcs6xM4gn time: 10496 
生成区块 7a0af 83. cFyn4v8T5ckT28MW17iUvvuK4Uk7nrpdZj time: 10624 
生成区块 8ccbf 84. c37jstTJJLuNuvERbc6MJbMkU1mPegQUoA time: 10752 
生成区块 436af 85. c5q6xxt1RkYYM1EXZGjwhPoU8y3K5uAkpX time: 10880 
生成区块 15bf8 86. c5qUNZkdEgg62fGSWwU29yya7vVQET7xkt time: 11008 
生成区块 0e200 87. cKgAdasSHc1T6zUXPnmYEEtjeX7qKi11xb time: 11136 
生成区块 b8dc8 88. cALZico86XyeSaK3zTXMVtq6AUPqmrh6JV time: 11264 
生成区块 090fc 89. cKyVC3hXc7ffCzEjDq1RHxqwi7DWiWSWRX time: 11392 
生成区块 866cb 90. cPBhhsQsNTKKkQw4DaYESjmBGFZZgiXJrK time: 11520 
生成区块 b79d8 91. c3pPiHJASHMkxFxzStA1WLnagHxHnsZcD1 time: 11648 
生成区块 2a8aa 92. cD6KwXfyUCPSscZoy3HeFuM3bFp4EvDpbe time: 11776 
生成区块 201e7 93. cJQtvwgB96A7fZMppeRE6tkNsykg7KQEsJ time: 11904 
生成区块 c7f66 94. cHtrhRxSd6HgoFApv3Ww5T9BJSpzunrK74 time: 12032 
生成区块 eec72 95. c9JpYqYPy5ZwkP9dqP7uYsW2jUqjWK12Zy time: 12160 
生成区块 00910 96. cLShHjVpQwRFy2pTLZ5wxDUBuULPXgNd5w time: 12288 
生成区块 0de60 97. c2pWhtuBZWGZHJVSoNJ3FYJfdjp1iyv8dr time: 12416 
生成区块 5c4c8 98. cDGZW6UisKZtt61rFmdMGZufCqtbWP9sLe time: 12544 
生成区块 7889b 99. cBX5XCMHodUGz6xHPKkS5jeb7kt1rrgqwb time: 12672 
生成区块 e9010 100. cMbuszd6xHhsXa4qrSNHVEe7Z8Pr3TNneP time: 12800 
生成区块 ecd8c 101. cBsvWnbQtMhGvzj3BDpFpr3A4EZiPXXrRQ time: 12928 
这个人掉线了 cLR1q2Xobq6SLdbcGSmzx3USwuEReKyKdN 101. 13056 
生成区块 787e3 102. cQ88bJLhefXDhHwUorVeHKQhJrm2tDqkgM time: 13184 
生成区块 4d0dc 103. cFf3VzWCjKv5VvYmLhzRkQZPhNQn8vANLz time: 13312 
生成区块 040a9 104. cFxUbicQgwjsrHQj5JzP5GabZQ5Ep8vTUi time: 13440 
生成区块 a5713 105. cNtaqym4McrXt5pQZPtQCR7LyhE5pUsUCe time: 13568 
生成区块 6208f 106. c2ffGmyB8nMhkemELfsjNDsdG4t1EMeomv time: 13696 
生成区块 308fb 107. cPZUAVCxZSwrodndzmCsVcP38BskQRF1ny time: 13824 
生成区块 f3600 108. cF6DjxtfzvJjbqvwWGb2AvUcwEkk6rBFm9 time: 13952 
生成区块 d6c6e 109. cFybQsjHqiX1DUbtZFXDPihvDeTveZQKkw time: 14080 
生成区块 a45d9 110. c4q2hHccaS3qcXGMqsGcasjbvj9aJsCuuy time: 14208 
生成区块 29820 111. cGELZtTz3qzbcAS9svzQjesXTB46ytduwg time: 14336 
生成区块 cab01 112. cAkwj6utxuRKErXYHYnisXGJjqsQVdsuqA time: 14464 
生成区块 80628 113. c582jFX2DfF45B65YSKN31qk6Ft9ckVAJm time: 14592 
生成区块 fd37c 114. cKqAK2TLS5AiGm75CAuVLUv4D38MyqTD9M time: 14720 
生成区块 e857f 115. c582jFX2DfF45B65YSKN31qk6Ft9ckVAJm time: 14848 
生成区块 aff41 116. cKqAK2TLS5AiGm75CAuVLUv4D38MyqTD9M time: 14976 
生成区块 5234b 117. c5AYPcDMUGr5JHErEo5y43SZG8JsF8YjG5 time: 15104 
生成区块 e92e9 118. cH4RweoyEU363G5p7P2D1bEe5uccLNFJgC time: 15232 
生成区块 b0ebf 119. cGS6P65poK8GN5yhAtBj5ddDuDFh3k4YW8 time: 15360 
生成区块 c43c8 120. c4aG5yDeGo4TqR6C9r2vBaaNXmR2Ro17SV time: 15488 
生成区块 6fa8d 121. cHdATqSzszEe335hM8kaNM267SH98BCpbx time: 15616 
生成区块 1d8b4 122. cDUwDnum3J5bQo78LDWcCJLAASqRP4VSan time: 15744 
生成区块 e5305 123. cCjrLJHLRUZci2Ak1W2BbgchJQLoQo86d7 time: 15872 
生成区块 757c0 124. c81E6nEaLHJ25mFRTDSMar5YjmrYLsNr5v time: 16000 
生成区块 c0add 125. cCuaHXAe1hcEGgqz6eg8QC9UKQHZ1Cq2Qo time: 16128 
生成区块 a0deb 126. c3MCDGU8vFk6waxeeRbBUt3QaRvB6q1TAH time: 16256 
BLOCK[2]:生成区块 24c0a 2. c582jFX2DfF45B65YSKN31qk6Ft9ckVAJm time: 128 
BLOCK[3]:生成区块 53006 3. cKqAK2TLS5AiGm75CAuVLUv4D38MyqTD9M time: 256 
BLOCK[2]:生成区块 24c0a 2. c582jFX2DfF45B65YSKN31qk6Ft9ckVAJm time: 128 
BLOCK[3]:生成区块 53006 3. cKqAK2TLS5AiGm75CAuVLUv4D38MyqTD9M time: 256 
BLOCK[4]:生成区块 09705 4. c5AYPcDMUGr5JHErEo5y43SZG8JsF8YjG5 time: 384 
BLOCK[2]:生成区块 24c0a 2. c582jFX2DfF45B65YSKN31qk6Ft9ckVAJm time: 128 
BLOCK[3]:生成区块 53006 3. cKqAK2TLS5AiGm75CAuVLUv4D38MyqTD9M time: 256 
BLOCK[4]:生成区块 09705 4. c5AYPcDMUGr5JHErEo5y43SZG8JsF8YjG5 time: 384 
BLOCK[2]:生成区块 24c0a 2. c582jFX2DfF45B65YSKN31qk6Ft9ckVAJm time: 128 
BLOCK[3]:生成区块 53006 3. cKqAK2TLS5AiGm75CAuVLUv4D38MyqTD9M time: 256 
BLOCK[2]:生成区块 24c0a 2. c582jFX2DfF45B65YSKN31qk6Ft9ckVAJm time: 128 
BLOCK[3]:生成区块 53006 3. cKqAK2TLS5AiGm75CAuVLUv4D38MyqTD9M time: 256 
生成区块 24c0a 2. c582jFX2DfF45B65YSKN31qk6Ft9ckVAJm time: 128 
生成区块 53006 3. cKqAK2TLS5AiGm75CAuVLUv4D38MyqTD9M time: 256 
生成区块 09705 4. c5AYPcDMUGr5JHErEo5y43SZG8JsF8YjG5 time: 384 
生成区块 97cb5 5. cH4RweoyEU363G5p7P2D1bEe5uccLNFJgC time: 512 
生成区块 ca3f7 6. cGS6P65poK8GN5yhAtBj5ddDuDFh3k4YW8 time: 640 
生成区块 f6ff3 7. c4aG5yDeGo4TqR6C9r2vBaaNXmR2Ro17SV time: 768 
生成区块 bf267 8. cHdATqSzszEe335hM8kaNM267SH98BCpbx time: 896 
生成区块 56b4b 9. cDUwDnum3J5bQo78LDWcCJLAASqRP4VSan time: 1024 
生成区块 d01aa 10. cCjrLJHLRUZci2Ak1W2BbgchJQLoQo86d7 time: 1152 
生成区块 e1f2a 11. c81E6nEaLHJ25mFRTDSMar5YjmrYLsNr5v time: 1280 
生成区块 6a37b 12. cCuaHXAe1hcEGgqz6eg8QC9UKQHZ1Cq2Qo time: 1408 
生成区块 c7bbd 13. c3MCDGU8vFk6waxeeRbBUt3QaRvB6q1TAH time: 1536 
生成区块 b5562 14. cCmcRqAdKd24ft1Nuwzc6p1Uf5R47RSAUF time: 1664 
生成区块 9b803 15. cBy33bW2b8QX3Th6mjkpHRykPGLN9ahG9p time: 1792 
生成区块 b971f 16. cKySkYVB4MhWhKczSUmY7WhF638hPx6U8N time: 1920 
生成区块 a44a7 17. c4wQ1qXmKFBBGeHeiT5QsB9oKwsGYmK2eA time: 2048 
生成区块 96368 18. cBpRE96Ff1RR3kVoN9Hky6pnAtTky8cP4s time: 2176 
生成区块 e29a5 19. c7y8jqVoAmP9uHA6bYxT66KSPXz14tSahH time: 2304 
生成区块 42214 20. cKqjHi8u4n5RJJa1CxHgZbwHXS9cKC5Ekw time: 2432 
生成区块 90b04 21. cNQzoCNDDYY2uqBEW6fb7B6HzFjyz6oCt8 time: 2560 
生成区块 b501a 22. cM8wVfYBZq6KtXCKAobMH9g9jLTcSfCiw5 time: 2688 
生成区块 e71e2 23. cFG8tkEage2m5qnpsd8giKe9kad6ACF3BY time: 2816 
生成区块 6ce7d 24. cNhu1W73hSpHzwJfzGbHf1tM9KWSGTtC8U time: 2944 
生成区块 65437 25. cLrUCNAWPyPH96bqqC3JQXZ3CtsvvXmNj1 time: 3072 
生成区块 70dd2 26. cPDXYf8tLYdv8LG43RxgHbNLi1ouxDcP8p time: 3200 
生成区块 986f5 27. cPNWUU9oB4NaxFagHDafkD2p54phRGSwqh time: 3328 
生成区块 d1c2e 28. c6kHiX6mRcy3KeWCeb7MYAd8pfnDhnz8V7 time: 3456 
生成区块 c84d4 29. cMyZAA4V27jEmysddCxCqXKAeN2bBvDsVU time: 3584 
生成区块 c2bc8 30. c7LefZDapLTMcazj5gJdJJE4PePHQ2qpNu time: 3712 
生成区块 02154 31. cGQ5NPs1k59LxCvxECXLKNpr4TezDvhMZn time: 3840 
生成区块 4daa4 32. c2LMjYRGQbGAuNWBNyWrRr81WXzaZJqMdW time: 3968 
生成区块 a63ae 33. c5QActCYGusL7wEwV8sDTZ6QcekFBjBMhv time: 4096 
生成区块 1f33e 34. cFtYf1e5Ng5QhZzHiPMvDyV3NQHxKBnLmV time: 4224 
生成区块 d7b2a 35. c5rSRneu7iXf8r8N87raRev24kHGmkvPMT time: 4352 
生成区块 81228 36. cH6L4muHgCsNwfqFPEMMBJwTG6NWhVWqiv time: 4480 
生成区块 4305b 37. cMPVU5d8U87bqPTZsLaWiyAv5UbZwMENip time: 4608 
生成区块 cca97 38. cD4rsua9vmVMiPouRL7MJJcVPWKtQu8E5X time: 4736 
生成区块 909e0 39. c6XZmkn23mSbiVVydY8WcEJSebM9RpRq8V time: 4864 
生成区块 518d8 40. cMtCaC4WmjBjZYbzrGZREJ9imX479XxpsM time: 4992 
生成区块 ce839 41. cFtR9y1R2zvvd7DXUE5cQu4wVuHzMzKFXW time: 5120 
生成区块 fc409 42. cERnwrsCNpy4b8hQ683zpRFPw88yXuVXES time: 5248 
生成区块 d1b17 43. cBRJCW5SXiaJzDEFQhmLhCjizEBaprHj9w time: 5376 
生成区块 3a83c 44. cCTtPZA7Ry9qEnLJm6yyWGFswdFC5hiMhe time: 5504 
生成区块 076c6 45. c3e7TaDkuPcWC8L7GfkixXsaZDpP5Rtasg time: 5632 
生成区块 2c688 46. cMbTY5hZ2RXCVGPYgwjp3ybnM1EyQenDiy time: 5760 
生成区块 d0357 47. cBgQkrwMZdQzu3QgtkN4vTbDB2Zf7F9ndm time: 5888 
生成区块 9898c 48. c8Ke6FeamgemKfaAdppcUVoGfModE4CEyT time: 6016 
生成区块 01e17 49. cKcsAB6U1KSkUrUsLr1ysdK5UrfCmFribi time: 6144 
生成区块 29e50 50. cLxoe3BFVFWJitksZZU7r7pyPbGxdV9FEw time: 6272 
生成区块 f769f 51. cCET2Sxt2LPDhx44wxJ9uhkpviKNrSacvE time: 6400 
生成区块 ca55e 52. cFEaSoF3QceWxjnLsg9FoQyLVcUzVEpkSP time: 6528 
生成区块 cae96 53. cGnmjV6fk5kFbTWztDtZhyr1a4Van4NPvR time: 6656 
生成区块 49692 54. c5fjyiG9HYrHrzJnyLsMZSkw6M5JzkZWUY time: 6784 
生成区块 24c0a 2. c582jFX2DfF45B65YSKN31qk6Ft9ckVAJm time: 128 
生成区块 53006 3. cKqAK2TLS5AiGm75CAuVLUv4D38MyqTD9M time: 256 
生成区块 09705 4. c5AYPcDMUGr5JHErEo5y43SZG8JsF8YjG5 time: 384 
生成区块 97cb5 5. cH4RweoyEU363G5p7P2D1bEe5uccLNFJgC time: 512 
生成区块 ca3f7 6. cGS6P65poK8GN5yhAtBj5ddDuDFh3k4YW8 time: 640 
生成区块 f6ff3 7. c4aG5yDeGo4TqR6C9r2vBaaNXmR2Ro17SV time: 768 
生成区块 bf267 8. cHdATqSzszEe335hM8kaNM267SH98BCpbx time: 896 
生成区块 56b4b 9. cDUwDnum3J5bQo78LDWcCJLAASqRP4VSan time: 1024 
生成区块 d01aa 10. cCjrLJHLRUZci2Ak1W2BbgchJQLoQo86d7 time: 1152 
生成区块 e1f2a 11. c81E6nEaLHJ25mFRTDSMar5YjmrYLsNr5v time: 1280 
生成区块 6a37b 12. cCuaHXAe1hcEGgqz6eg8QC9UKQHZ1Cq2Qo time: 1408 
生成区块 c7bbd 13. c3MCDGU8vFk6waxeeRbBUt3QaRvB6q1TAH time: 1536 
生成区块 b5562 14. cCmcRqAdKd24ft1Nuwzc6p1Uf5R47RSAUF time: 1664 
生成区块 9b803 15. cBy33bW2b8QX3Th6mjkpHRykPGLN9ahG9p time: 1792 
生成区块 b971f 16. cKySkYVB4MhWhKczSUmY7WhF638hPx6U8N time: 1920 
生成区块 a44a7 17. c4wQ1qXmKFBBGeHeiT5QsB9oKwsGYmK2eA time: 2048 
生成区块 96368 18. cBpRE96Ff1RR3kVoN9Hky6pnAtTky8cP4s time: 2176 
生成区块 e29a5 19. c7y8jqVoAmP9uHA6bYxT66KSPXz14tSahH time: 2304 
生成区块 42214 20. cKqjHi8u4n5RJJa1CxHgZbwHXS9cKC5Ekw time: 2432 
生成区块 90b04 21. cNQzoCNDDYY2uqBEW6fb7B6HzFjyz6oCt8 time: 2560 
生成区块 b501a 22. cM8wVfYBZq6KtXCKAobMH9g9jLTcSfCiw5 time: 2688 
生成区块 e71e2 23. cFG8tkEage2m5qnpsd8giKe9kad6ACF3BY time: 2816 
生成区块 6ce7d 24. cNhu1W73hSpHzwJfzGbHf1tM9KWSGTtC8U time: 2944 
生成区块 65437 25. cLrUCNAWPyPH96bqqC3JQXZ3CtsvvXmNj1 time: 3072 
生成区块 70dd2 26. cPDXYf8tLYdv8LG43RxgHbNLi1ouxDcP8p time: 3200 
生成区块 986f5 27. cPNWUU9oB4NaxFagHDafkD2p54phRGSwqh time: 3328 
生成区块 d1c2e 28. c6kHiX6mRcy3KeWCeb7MYAd8pfnDhnz8V7 time: 3456 
生成区块 c84d4 29. cMyZAA4V27jEmysddCxCqXKAeN2bBvDsVU time: 3584 
生成区块 c2bc8 30. c7LefZDapLTMcazj5gJdJJE4PePHQ2qpNu time: 3712 
生成区块 02154 31. cGQ5NPs1k59LxCvxECXLKNpr4TezDvhMZn time: 3840 
生成区块 4daa4 32. c2LMjYRGQbGAuNWBNyWrRr81WXzaZJqMdW time: 3968 
生成区块 a63ae 33. c5QActCYGusL7wEwV8sDTZ6QcekFBjBMhv time: 4096 
生成区块 1f33e 34. cFtYf1e5Ng5QhZzHiPMvDyV3NQHxKBnLmV time: 4224 
生成区块 d7b2a 35. c5rSRneu7iXf8r8N87raRev24kHGmkvPMT time: 4352 
生成区块 81228 36. cH6L4muHgCsNwfqFPEMMBJwTG6NWhVWqiv time: 4480 
生成区块 4305b 37. cMPVU5d8U87bqPTZsLaWiyAv5UbZwMENip time: 4608 
生成区块 cca97 38. cD4rsua9vmVMiPouRL7MJJcVPWKtQu8E5X time: 4736 
生成区块 909e0 39. c6XZmkn23mSbiVVydY8WcEJSebM9RpRq8V time: 4864 
生成区块 518d8 40. cMtCaC4WmjBjZYbzrGZREJ9imX479XxpsM time: 4992 
生成区块 ce839 41. cFtR9y1R2zvvd7DXUE5cQu4wVuHzMzKFXW time: 5120 
生成区块 fc409 42. cERnwrsCNpy4b8hQ683zpRFPw88yXuVXES time: 5248 
生成区块 d1b17 43. cBRJCW5SXiaJzDEFQhmLhCjizEBaprHj9w time: 5376 
生成区块 3a83c 44. cCTtPZA7Ry9qEnLJm6yyWGFswdFC5hiMhe time: 5504 
生成区块 076c6 45. c3e7TaDkuPcWC8L7GfkixXsaZDpP5Rtasg time: 5632 
生成区块 2c688 46. cMbTY5hZ2RXCVGPYgwjp3ybnM1EyQenDiy time: 5760 
生成区块 d0357 47. cBgQkrwMZdQzu3QgtkN4vTbDB2Zf7F9ndm time: 5888 
生成区块 9898c 48. c8Ke6FeamgemKfaAdppcUVoGfModE4CEyT time: 6016 
生成区块 01e17 49. cKcsAB6U1KSkUrUsLr1ysdK5UrfCmFribi time: 6144 
生成区块 29e50 50. cLxoe3BFVFWJitksZZU7r7pyPbGxdV9FEw time: 6272 
生成区块 f769f 51. cCET2Sxt2LPDhx44wxJ9uhkpviKNrSacvE time: 6400 
生成区块 ca55e 52. cFEaSoF3QceWxjnLsg9FoQyLVcUzVEpkSP time: 6528 
生成区块 cae96 53. cGnmjV6fk5kFbTWztDtZhyr1a4Van4NPvR time: 6656 
生成区块 49692 54. c5fjyiG9HYrHrzJnyLsMZSkw6M5JzkZWUY time: 6784 
生成区块 d351f 55. cKmsqZLYAY8xjsqSaFdUy2jUuewBpCCcf9 time: 6912 
生成区块 cb3a9 56. cNsdgX2hL8tpZuNV8pbqpcmmQXFYgyoHb3 time: 7040 
生成区块 c6fbe 57. cJzdd4agJhJR7psxQeH7beLeqarzeRrVWz time: 7168 
生成区块 dd62a 58. cP3KZJfNBYLxVjR6Mi3CG8LAEgt97N8t55 time: 7296 
生成区块 35b4a 59. cEo8s28oP5BLE1vEG6VRTmZbfdJD4M1Coe time: 7424 
生成区块 072ef 60. cMHuDEGM4CUE1wDbY2chPWjP8P1KJMWsVN time: 7552 
生成区块 27379 61. c7ij2QbLpRFSuZGB9bD7zPf8WYHg82ZY53 time: 7680 
生成区块 3e150 62. c6YdR5inKH4ZCWMiLS8MYYq1fGGXGE4mUw time: 7808 
生成区块 235f2 63. c3z5iLu15V6dfX988fugq2vP1FRgda1DEk time: 7936 
生成区块 20841 64. curtHB91mSGD2bK3SPXzS8vAfctvB5ZGc time: 8064 
生成区块 f69e8 65. cQEA1sRwbNVzMJTD85oGKQF87bX7xTet6d time: 8192 
生成区块 d7f62 66. c5RqaMzZGzMsmgQb533GSLWG64uKHJSJjB time: 8320 
生成区块 42eb5 67. cEo4bdeV2XJ3kUKp9EeTGGAC6rTejSg1Ny time: 8448 
生成区块 64065 68. c4giVDb2U9jr5WVUGg294bGwgCSKDz2xzJ time: 8576 
生成区块 45251 69. cD4uXeU9Aj7EpN9XLo5M5FqTMWofEjkuGT time: 8704 
生成区块 39950 70. c32KRhr1wZc8MKRPrEy1LBdojmAFLwpDN9 time: 8832 
生成区块 75ada 71. cNdBX3dCDfPGyvuAbbuBmWfSfXJ5D32xK1 time: 8960 
生成区块 ba399 72. c8PLVcgfgeMreGxVQxi8r42W4ZDukEB3M3 time: 9088 
生成区块 7f3fc 73. c9Hzte1gK9ekxMaXDfAS7SH8cTZ2ZaTip4 time: 9216 
这个人掉线了 cLwXBhfqd6PR2R6JdjkGc3LSwMPjsK1gKF 73. 9344 
生成区块 7687d 74. cDhdyM63XaEsjsfrgU2CsN8Cn63Ni5QAzc time: 9472 
生成区块 ffc3b 75. cCtpNbbApgDAuX38sJqLG2PERUsor94MHz time: 9600 
生成区块 22b27 76. c6bVeNUiLwSW3SGz38yv6w54JXphzxY3d3 time: 9728 
生成区块 29468 77. cMg3Pj5Mb8YnwQeeWmBKsPt8Zjgu4FHL9Y time: 9856 
生成区块 66ef6 78. cHMAxcAu6u3LEpfpCqJHD39unJtHCppfa7 time: 9984 
生成区块 36a77 79. cN1r6YA2rpKwqyUQBo5eBfcbETXSYK8aWn time: 10112 
生成区块 abfa3 80. cJXJ15YBxQ4zFU7vSUbeRwxgTmQncJy1CJ time: 10240 
生成区块 11068 81. cGqWH1HYoZmFcpRbPfrE63u9SBxxLxN4Cp time: 10368 
生成区块 fb621 82. c2KFmSdk8PcqcWuwDFhATW5VRJcs6xM4gn time: 10496 
生成区块 7a0af 83. cFyn4v8T5ckT28MW17iUvvuK4Uk7nrpdZj time: 10624 
生成区块 8ccbf 84. c37jstTJJLuNuvERbc6MJbMkU1mPegQUoA time: 10752 
生成区块 436af 85. c5q6xxt1RkYYM1EXZGjwhPoU8y3K5uAkpX time: 10880 
生成区块 15bf8 86. c5qUNZkdEgg62fGSWwU29yya7vVQET7xkt time: 11008 
生成区块 0e200 87. cKgAdasSHc1T6zUXPnmYEEtjeX7qKi11xb time: 11136 
生成区块 b8dc8 88. cALZico86XyeSaK3zTXMVtq6AUPqmrh6JV time: 11264 
生成区块 090fc 89. cKyVC3hXc7ffCzEjDq1RHxqwi7DWiWSWRX time: 11392 
生成区块 866cb 90. cPBhhsQsNTKKkQw4DaYESjmBGFZZgiXJrK time: 11520 
生成区块 b79d8 91. c3pPiHJASHMkxFxzStA1WLnagHxHnsZcD1 time: 11648 
生成区块 2a8aa 92. cD6KwXfyUCPSscZoy3HeFuM3bFp4EvDpbe time: 11776 
生成区块 201e7 93. cJQtvwgB96A7fZMppeRE6tkNsykg7KQEsJ time: 11904 
生成区块 c7f66 94. cHtrhRxSd6HgoFApv3Ww5T9BJSpzunrK74 time: 12032 
生成区块 eec72 95. c9JpYqYPy5ZwkP9dqP7uYsW2jUqjWK12Zy time: 12160 
生成区块 00910 96. cLShHjVpQwRFy2pTLZ5wxDUBuULPXgNd5w time: 12288 
生成区块 0de60 97. c2pWhtuBZWGZHJVSoNJ3FYJfdjp1iyv8dr time: 12416 
生成区块 5c4c8 98. cDGZW6UisKZtt61rFmdMGZufCqtbWP9sLe time: 12544 
生成区块 7889b 99. cBX5XCMHodUGz6xHPKkS5jeb7kt1rrgqwb time: 12672 
生成区块 e9010 100. cMbuszd6xHhsXa4qrSNHVEe7Z8Pr3TNneP time: 12800 
生成区块 ecd8c 101. cBsvWnbQtMhGvzj3BDpFpr3A4EZiPXXrRQ time: 12928 
这个人掉线了 cLR1q2Xobq6SLdbcGSmzx3USwuEReKyKdN 101. 13056 
生成区块 787e3 102. cQ88bJLhefXDhHwUorVeHKQhJrm2tDqkgM time: 13184 
生成区块 4d0dc 103. cFf3VzWCjKv5VvYmLhzRkQZPhNQn8vANLz time: 13312 
生成区块 040a9 104. cFxUbicQgwjsrHQj5JzP5GabZQ5Ep8vTUi time: 13440 
生成区块 a5713 105. cNtaqym4McrXt5pQZPtQCR7LyhE5pUsUCe time: 13568 
生成区块 6208f 106. c2ffGmyB8nMhkemELfsjNDsdG4t1EMeomv time: 13696 
生成区块 308fb 107. cPZUAVCxZSwrodndzmCsVcP38BskQRF1ny time: 13824 
生成区块 f3600 108. cF6DjxtfzvJjbqvwWGb2AvUcwEkk6rBFm9 time: 13952 
生成区块 d6c6e 109. cFybQsjHqiX1DUbtZFXDPihvDeTveZQKkw time: 14080 
生成区块 a45d9 110. c4q2hHccaS3qcXGMqsGcasjbvj9aJsCuuy time: 14208 
生成区块 29820 111. cGELZtTz3qzbcAS9svzQjesXTB46ytduwg time: 14336 
生成区块 cab01 112. cAkwj6utxuRKErXYHYnisXGJjqsQVdsuqA time: 14464 
生成区块 80628 113. c582jFX2DfF45B65YSKN31qk6Ft9ckVAJm time: 14592 
生成区块 fd37c 114. cKqAK2TLS5AiGm75CAuVLUv4D38MyqTD9M time: 14720 
生成区块 e857f 115. c582jFX2DfF45B65YSKN31qk6Ft9ckVAJm time: 14848 
生成区块 aff41 116. cKqAK2TLS5AiGm75CAuVLUv4D38MyqTD9M time: 14976 
生成区块 5234b 117. c5AYPcDMUGr5JHErEo5y43SZG8JsF8YjG5 time: 15104 
生成区块 e92e9 118. cH4RweoyEU363G5p7P2D1bEe5uccLNFJgC time: 15232 
生成区块 b0ebf 119. cGS6P65poK8GN5yhAtBj5ddDuDFh3k4YW8 time: 15360 
生成区块 c43c8 120. c4aG5yDeGo4TqR6C9r2vBaaNXmR2Ro17SV time: 15488 
生成区块 6fa8d 121. cHdATqSzszEe335hM8kaNM267SH98BCpbx time: 15616 
生成区块 1d8b4 122. cDUwDnum3J5bQo78LDWcCJLAASqRP4VSan time: 15744 
生成区块 e5305 123. cCjrLJHLRUZci2Ak1W2BbgchJQLoQo86d7 time: 15872 
生成区块 757c0 124. c81E6nEaLHJ25mFRTDSMar5YjmrYLsNr5v time: 16000 
生成区块 c0add 125. cCuaHXAe1hcEGgqz6eg8QC9UKQHZ1Cq2Qo time: 16128 
生成区块 a0deb 126. c3MCDGU8vFk6waxeeRbBUt3QaRvB6q1TAH time: 16256 
生成区块 ebf24 127. cCmcRqAdKd24ft1Nuwzc6p1Uf5R47RSAUF time: 16384 
生成区块 ac571 128. cBy33bW2b8QX3Th6mjkpHRykPGLN9ahG9p time: 16512 
生成区块 94c2c 129. cKySkYVB4MhWhKczSUmY7WhF638hPx6U8N time: 16640 
生成区块 1fe6e 130. c4wQ1qXmKFBBGeHeiT5QsB9oKwsGYmK2eA time: 16768 
生成区块 c65cf 131. cBpRE96Ff1RR3kVoN9Hky6pnAtTky8cP4s time: 16896 
生成区块 70b00 132. c7y8jqVoAmP9uHA6bYxT66KSPXz14tSahH time: 17024 
生成区块 bea5a 133. cKqjHi8u4n5RJJa1CxHgZbwHXS9cKC5Ekw time: 17152 
生成区块 4e994 134. cNQzoCNDDYY2uqBEW6fb7B6HzFjyz6oCt8 time: 17280 
生成区块 1b224 135. cM8wVfYBZq6KtXCKAobMH9g9jLTcSfCiw5 time: 17408 
生成区块 6f190 136. cFG8tkEage2m5qnpsd8giKe9kad6ACF3BY time: 17536 
生成区块 ccf31 137. cNhu1W73hSpHzwJfzGbHf1tM9KWSGTtC8U time: 17664 
生成区块 f7411 138. cLrUCNAWPyPH96bqqC3JQXZ3CtsvvXmNj1 time: 17792 
生成区块 6b122 139. cPDXYf8tLYdv8LG43RxgHbNLi1ouxDcP8p time: 17920 
生成区块 5cd51 140. cPNWUU9oB4NaxFagHDafkD2p54phRGSwqh time: 18048 
生成区块 dc719 141. c6kHiX6mRcy3KeWCeb7MYAd8pfnDhnz8V7 time: 18176 
生成区块 54288 142. cMyZAA4V27jEmysddCxCqXKAeN2bBvDsVU time: 18304 
生成区块 05af7 143. c7LefZDapLTMcazj5gJdJJE4PePHQ2qpNu time: 18432 
生成区块 c7209 144. cGQ5NPs1k59LxCvxECXLKNpr4TezDvhMZn time: 18560 
生成区块 f13f1 145. c2LMjYRGQbGAuNWBNyWrRr81WXzaZJqMdW time: 18688 
生成区块 15cb2 146. c5QActCYGusL7wEwV8sDTZ6QcekFBjBMhv time: 18816 
生成区块 1e97f 147. cFtYf1e5Ng5QhZzHiPMvDyV3NQHxKBnLmV time: 18944 
生成区块 34ed4 148. c5rSRneu7iXf8r8N87raRev24kHGmkvPMT time: 19072 
生成区块 f3ea4 149. cH6L4muHgCsNwfqFPEMMBJwTG6NWhVWqiv time: 19200 
生成区块 a26f7 150. cMPVU5d8U87bqPTZsLaWiyAv5UbZwMENip time: 19328 
生成区块 b3d59 151. cD4rsua9vmVMiPouRL7MJJcVPWKtQu8E5X time: 19456 
生成区块 0969c 152. c6XZmkn23mSbiVVydY8WcEJSebM9RpRq8V time: 19584 
生成区块 bde20 153. cMtCaC4WmjBjZYbzrGZREJ9imX479XxpsM time: 19712 
生成区块 a19a3 154. cFtR9y1R2zvvd7DXUE5cQu4wVuHzMzKFXW time: 19840 
生成区块 b74d7 155. cERnwrsCNpy4b8hQ683zpRFPw88yXuVXES time: 19968 
生成区块 957a4 156. cBRJCW5SXiaJzDEFQhmLhCjizEBaprHj9w time: 20096 
生成区块 5b313 157. cCTtPZA7Ry9qEnLJm6yyWGFswdFC5hiMhe time: 20224 
生成区块 f4c51 158. c3e7TaDkuPcWC8L7GfkixXsaZDpP5Rtasg time: 20352 
生成区块 dfa2b 159. cMbTY5hZ2RXCVGPYgwjp3ybnM1EyQenDiy time: 20480 
生成区块 5c940 160. cBgQkrwMZdQzu3QgtkN4vTbDB2Zf7F9ndm time: 20608 
生成区块 228fe 161. c8Ke6FeamgemKfaAdppcUVoGfModE4CEyT time: 20736 
生成区块 f7a6a 162. cKcsAB6U1KSkUrUsLr1ysdK5UrfCmFribi time: 20864 
生成区块 339b0 163. cLxoe3BFVFWJitksZZU7r7pyPbGxdV9FEw time: 20992 
生成区块 6f7e1 164. cCET2Sxt2LPDhx44wxJ9uhkpviKNrSacvE time: 21120 
生成区块 ae95d 165. cFEaSoF3QceWxjnLsg9FoQyLVcUzVEpkSP time: 21248 
生成区块 2fa80 166. cGnmjV6fk5kFbTWztDtZhyr1a4Van4NPvR time: 21376 
生成区块 e3a70 167. c5fjyiG9HYrHrzJnyLsMZSkw6M5JzkZWUY time: 21504 
生成区块 1c73f 168. cKmsqZLYAY8xjsqSaFdUy2jUuewBpCCcf9 time: 21632 
生成区块 e443e 169. cNsdgX2hL8tpZuNV8pbqpcmmQXFYgyoHb3 time: 21760 
生成区块 2bb6c 170. cJzdd4agJhJR7psxQeH7beLeqarzeRrVWz time: 21888 
生成区块 cc508 171. cNqpoUrBTpPvGzpFsimJRMm1uDjvDPpigj time: 22016 
生成区块 17055 172. cP3KZJfNBYLxVjR6Mi3CG8LAEgt97N8t55 time: 22144 
生成区块 3e7d2 173. cEo8s28oP5BLE1vEG6VRTmZbfdJD4M1Coe time: 22272 
生成区块 52070 174. cMHuDEGM4CUE1wDbY2chPWjP8P1KJMWsVN time: 22400 
生成区块 5dd86 175. c7ij2QbLpRFSuZGB9bD7zPf8WYHg82ZY53 time: 22528 
生成区块 66fa5 176. c6YdR5inKH4ZCWMiLS8MYYq1fGGXGE4mUw time: 22656 
生成区块 8fae8 177. c3z5iLu15V6dfX988fugq2vP1FRgda1DEk time: 22784 
生成区块 af6dc 178. curtHB91mSGD2bK3SPXzS8vAfctvB5ZGc time: 22912 
生成区块 27f02 179. cQEA1sRwbNVzMJTD85oGKQF87bX7xTet6d time: 23040 
生成区块 fef78 180. c5RqaMzZGzMsmgQb533GSLWG64uKHJSJjB time: 23168 
生成区块 43cef 181. cEo4bdeV2XJ3kUKp9EeTGGAC6rTejSg1Ny time: 23296 
生成区块 8258f 182. c4giVDb2U9jr5WVUGg294bGwgCSKDz2xzJ time: 23424 
生成区块 bb9be 183. cD4uXeU9Aj7EpN9XLo5M5FqTMWofEjkuGT time: 23552 
生成区块 a4b29 184. c32KRhr1wZc8MKRPrEy1LBdojmAFLwpDN9 time: 23680 
生成区块 ddaae 185. cNdBX3dCDfPGyvuAbbuBmWfSfXJ5D32xK1 time: 23808 
生成区块 6e6f4 186. c8PLVcgfgeMreGxVQxi8r42W4ZDukEB3M3 time: 23936 
生成区块 a7466 187. c9Hzte1gK9ekxMaXDfAS7SH8cTZ2ZaTip4 time: 24064 
这个人掉线了 cLwXBhfqd6PR2R6JdjkGc3LSwMPjsK1gKF 187. 24192 
生成区块 a7a0f 188. cDhdyM63XaEsjsfrgU2CsN8Cn63Ni5QAzc time: 24320 
生成区块 6a20b 189. cCtpNbbApgDAuX38sJqLG2PERUsor94MHz time: 24448 
生成区块 1ddc3 190. c6bVeNUiLwSW3SGz38yv6w54JXphzxY3d3 time: 24576 
生成区块 eab2b 191. cMg3Pj5Mb8YnwQeeWmBKsPt8Zjgu4FHL9Y time: 24704 
生成区块 311a3 192. cHMAxcAu6u3LEpfpCqJHD39unJtHCppfa7 time: 24832 
生成区块 cfc85 193. cN1r6YA2rpKwqyUQBo5eBfcbETXSYK8aWn time: 24960 
生成区块 fb9c6 194. cJXJ15YBxQ4zFU7vSUbeRwxgTmQncJy1CJ time: 25088 
生成区块 51605 195. cGqWH1HYoZmFcpRbPfrE63u9SBxxLxN4Cp time: 25216 
生成区块 8059f 196. c2KFmSdk8PcqcWuwDFhATW5VRJcs6xM4gn time: 25344 
生成区块 3253a 197. cFyn4v8T5ckT28MW17iUvvuK4Uk7nrpdZj time: 25472 
生成区块 94545 198. c37jstTJJLuNuvERbc6MJbMkU1mPegQUoA time: 25600 
生成区块 3cbe4 199. c5q6xxt1RkYYM1EXZGjwhPoU8y3K5uAkpX time: 25728 
生成区块 a4c52 200. c5qUNZkdEgg62fGSWwU29yya7vVQET7xkt time: 25856 
生成区块 fc4f9 201. cKgAdasSHc1T6zUXPnmYEEtjeX7qKi11xb time: 25984 
生成区块 80de3 202. cALZico86XyeSaK3zTXMVtq6AUPqmrh6JV time: 26112 
生成区块 f3214 203. cKyVC3hXc7ffCzEjDq1RHxqwi7DWiWSWRX time: 26240 
生成区块 134a8 204. cPBhhsQsNTKKkQw4DaYESjmBGFZZgiXJrK time: 26368 
生成区块 8e781 205. c3pPiHJASHMkxFxzStA1WLnagHxHnsZcD1 time: 26496 
生成区块 3143f 206. cD6KwXfyUCPSscZoy3HeFuM3bFp4EvDpbe time: 26624 
生成区块 3e1f6 207. cJQtvwgB96A7fZMppeRE6tkNsykg7KQEsJ time: 26752 
生成区块 fc4ab 208. cHtrhRxSd6HgoFApv3Ww5T9BJSpzunrK74 time: 26880 
生成区块 2bbad 209. c9JpYqYPy5ZwkP9dqP7uYsW2jUqjWK12Zy time: 27008 
生成区块 16719 210. cLShHjVpQwRFy2pTLZ5wxDUBuULPXgNd5w time: 27136 
生成区块 24c0a 2. c582jFX2DfF45B65YSKN31qk6Ft9ckVAJm time: 128 
生成区块 53006 3. cKqAK2TLS5AiGm75CAuVLUv4D38MyqTD9M time: 256 
生成区块 09705 4. c5AYPcDMUGr5JHErEo5y43SZG8JsF8YjG5 time: 384 
生成区块 97cb5 5. cH4RweoyEU363G5p7P2D1bEe5uccLNFJgC time: 512 
生成区块 ca3f7 6. cGS6P65poK8GN5yhAtBj5ddDuDFh3k4YW8 time: 640 
生成区块 f6ff3 7. c4aG5yDeGo4TqR6C9r2vBaaNXmR2Ro17SV time: 768 
生成区块 bf267 8. cHdATqSzszEe335hM8kaNM267SH98BCpbx time: 896 
生成区块 56b4b 9. cDUwDnum3J5bQo78LDWcCJLAASqRP4VSan time: 1024 
生成区块 d01aa 10. cCjrLJHLRUZci2Ak1W2BbgchJQLoQo86d7 time: 1152 
生成区块 e1f2a 11. c81E6nEaLHJ25mFRTDSMar5YjmrYLsNr5v time: 1280 
生成区块 6a37b 12. cCuaHXAe1hcEGgqz6eg8QC9UKQHZ1Cq2Qo time: 1408 
生成区块 c7bbd 13. c3MCDGU8vFk6waxeeRbBUt3QaRvB6q1TAH time: 1536 
生成区块 b5562 14. cCmcRqAdKd24ft1Nuwzc6p1Uf5R47RSAUF time: 1664 
生成区块 9b803 15. cBy33bW2b8QX3Th6mjkpHRykPGLN9ahG9p time: 1792 
生成区块 b971f 16. cKySkYVB4MhWhKczSUmY7WhF638hPx6U8N time: 1920 
生成区块 a44a7 17. c4wQ1qXmKFBBGeHeiT5QsB9oKwsGYmK2eA time: 2048 
生成区块 96368 18. cBpRE96Ff1RR3kVoN9Hky6pnAtTky8cP4s time: 2176 
生成区块 e29a5 19. c7y8jqVoAmP9uHA6bYxT66KSPXz14tSahH time: 2304 
生成区块 42214 20. cKqjHi8u4n5RJJa1CxHgZbwHXS9cKC5Ekw time: 2432 
生成区块 90b04 21. cNQzoCNDDYY2uqBEW6fb7B6HzFjyz6oCt8 time: 2560 
生成区块 b501a 22. cM8wVfYBZq6KtXCKAobMH9g9jLTcSfCiw5 time: 2688 
生成区块 e71e2 23. cFG8tkEage2m5qnpsd8giKe9kad6ACF3BY time: 2816 
生成区块 6ce7d 24. cNhu1W73hSpHzwJfzGbHf1tM9KWSGTtC8U time: 2944 
生成区块 65437 25. cLrUCNAWPyPH96bqqC3JQXZ3CtsvvXmNj1 time: 3072 
生成区块 70dd2 26. cPDXYf8tLYdv8LG43RxgHbNLi1ouxDcP8p time: 3200 
生成区块 986f5 27. cPNWUU9oB4NaxFagHDafkD2p54phRGSwqh time: 3328 
生成区块 d1c2e 28. c6kHiX6mRcy3KeWCeb7MYAd8pfnDhnz8V7 time: 3456 
生成区块 c84d4 29. cMyZAA4V27jEmysddCxCqXKAeN2bBvDsVU time: 3584 
生成区块 c2bc8 30. c7LefZDapLTMcazj5gJdJJE4PePHQ2qpNu time: 3712 
生成区块 02154 31. cGQ5NPs1k59LxCvxECXLKNpr4TezDvhMZn time: 3840 
生成区块 4daa4 32. c2LMjYRGQbGAuNWBNyWrRr81WXzaZJqMdW time: 3968 
生成区块 a63ae 33. c5QActCYGusL7wEwV8sDTZ6QcekFBjBMhv time: 4096 
生成区块 1f33e 34. cFtYf1e5Ng5QhZzHiPMvDyV3NQHxKBnLmV time: 4224 
生成区块 d7b2a 35. c5rSRneu7iXf8r8N87raRev24kHGmkvPMT time: 4352 
生成区块 81228 36. cH6L4muHgCsNwfqFPEMMBJwTG6NWhVWqiv time: 4480 
生成区块 4305b 37. cMPVU5d8U87bqPTZsLaWiyAv5UbZwMENip time: 4608 
生成区块 cca97 38. cD4rsua9vmVMiPouRL7MJJcVPWKtQu8E5X time: 4736 
生成区块 909e0 39. c6XZmkn23mSbiVVydY8WcEJSebM9RpRq8V time: 4864 
生成区块 518d8 40. cMtCaC4WmjBjZYbzrGZREJ9imX479XxpsM time: 4992 
生成区块 ce839 41. cFtR9y1R2zvvd7DXUE5cQu4wVuHzMzKFXW time: 5120 
生成区块 fc409 42. cERnwrsCNpy4b8hQ683zpRFPw88yXuVXES time: 5248 
生成区块 d1b17 43. cBRJCW5SXiaJzDEFQhmLhCjizEBaprHj9w time: 5376 
生成区块 3a83c 44. cCTtPZA7Ry9qEnLJm6yyWGFswdFC5hiMhe time: 5504 
生成区块 076c6 45. c3e7TaDkuPcWC8L7GfkixXsaZDpP5Rtasg time: 5632 
生成区块 2c688 46. cMbTY5hZ2RXCVGPYgwjp3ybnM1EyQenDiy time: 5760 
生成区块 d0357 47. cBgQkrwMZdQzu3QgtkN4vTbDB2Zf7F9ndm time: 5888 
生成区块 9898c 48. c8Ke6FeamgemKfaAdppcUVoGfModE4CEyT time: 6016 
生成区块 01e17 49. cKcsAB6U1KSkUrUsLr1ysdK5UrfCmFribi time: 6144 
生成区块 29e50 50. cLxoe3BFVFWJitksZZU7r7pyPbGxdV9FEw time: 6272 
生成区块 f769f 51. cCET2Sxt2LPDhx44wxJ9uhkpviKNrSacvE time: 6400 
生成区块 ca55e 52. cFEaSoF3QceWxjnLsg9FoQyLVcUzVEpkSP time: 6528 
生成区块 cae96 53. cGnmjV6fk5kFbTWztDtZhyr1a4Van4NPvR time: 6656 
生成区块 49692 54. c5fjyiG9HYrHrzJnyLsMZSkw6M5JzkZWUY time: 6784 
生成区块 d351f 55. cKmsqZLYAY8xjsqSaFdUy2jUuewBpCCcf9 time: 6912 
生成区块 cb3a9 56. cNsdgX2hL8tpZuNV8pbqpcmmQXFYgyoHb3 time: 7040 
生成区块 c6fbe 57. cJzdd4agJhJR7psxQeH7beLeqarzeRrVWz time: 7168 
生成区块 dd62a 58. cP3KZJfNBYLxVjR6Mi3CG8LAEgt97N8t55 time: 7296 
生成区块 35b4a 59. cEo8s28oP5BLE1vEG6VRTmZbfdJD4M1Coe time: 7424 
生成区块 072ef 60. cMHuDEGM4CUE1wDbY2chPWjP8P1KJMWsVN time: 7552 
生成区块 27379 61. c7ij2QbLpRFSuZGB9bD7zPf8WYHg82ZY53 time: 7680 
生成区块 3e150 62. c6YdR5inKH4ZCWMiLS8MYYq1fGGXGE4mUw time: 7808 
生成区块 235f2 63. c3z5iLu15V6dfX988fugq2vP1FRgda1DEk time: 7936 
生成区块 20841 64. curtHB91mSGD2bK3SPXzS8vAfctvB5ZGc time: 8064 
生成区块 f69e8 65. cQEA1sRwbNVzMJTD85oGKQF87bX7xTet6d time: 8192 
生成区块 d7f62 66. c5RqaMzZGzMsmgQb533GSLWG64uKHJSJjB time: 8320 
生成区块 42eb5 67. cEo4bdeV2XJ3kUKp9EeTGGAC6rTejSg1Ny time: 8448 
生成区块 64065 68. c4giVDb2U9jr5WVUGg294bGwgCSKDz2xzJ time: 8576 
生成区块 45251 69. cD4uXeU9Aj7EpN9XLo5M5FqTMWofEjkuGT time: 8704 
生成区块 39950 70. c32KRhr1wZc8MKRPrEy1LBdojmAFLwpDN9 time: 8832 
生成区块 75ada 71. cNdBX3dCDfPGyvuAbbuBmWfSfXJ5D32xK1 time: 8960 
生成区块 ba399 72. c8PLVcgfgeMreGxVQxi8r42W4ZDukEB3M3 time: 9088 
生成区块 7f3fc 73. c9Hzte1gK9ekxMaXDfAS7SH8cTZ2ZaTip4 time: 9216 
这个人掉线了 cLwXBhfqd6PR2R6JdjkGc3LSwMPjsK1gKF 73. 9344 
生成区块 7687d 74. cDhdyM63XaEsjsfrgU2CsN8Cn63Ni5QAzc time: 9472 
生成区块 ffc3b 75. cCtpNbbApgDAuX38sJqLG2PERUsor94MHz time: 9600 
生成区块 22b27 76. c6bVeNUiLwSW3SGz38yv6w54JXphzxY3d3 time: 9728 
生成区块 29468 77. cMg3Pj5Mb8YnwQeeWmBKsPt8Zjgu4FHL9Y time: 9856 
生成区块 66ef6 78. cHMAxcAu6u3LEpfpCqJHD39unJtHCppfa7 time: 9984 
生成区块 36a77 79. cN1r6YA2rpKwqyUQBo5eBfcbETXSYK8aWn time: 10112 
生成区块 abfa3 80. cJXJ15YBxQ4zFU7vSUbeRwxgTmQncJy1CJ time: 10240 
生成区块 11068 81. cGqWH1HYoZmFcpRbPfrE63u9SBxxLxN4Cp time: 10368 
生成区块 fb621 82. c2KFmSdk8PcqcWuwDFhATW5VRJcs6xM4gn time: 10496 
生成区块 7a0af 83. cFyn4v8T5ckT28MW17iUvvuK4Uk7nrpdZj time: 10624 
生成区块 8ccbf 84. c37jstTJJLuNuvERbc6MJbMkU1mPegQUoA time: 10752 
生成区块 436af 85. c5q6xxt1RkYYM1EXZGjwhPoU8y3K5uAkpX time: 10880 
生成区块 15bf8 86. c5qUNZkdEgg62fGSWwU29yya7vVQET7xkt time: 11008 
生成区块 0e200 87. cKgAdasSHc1T6zUXPnmYEEtjeX7qKi11xb time: 11136 
生成区块 b8dc8 88. cALZico86XyeSaK3zTXMVtq6AUPqmrh6JV time: 11264 
生成区块 090fc 89. cKyVC3hXc7ffCzEjDq1RHxqwi7DWiWSWRX time: 11392 
生成区块 866cb 90. cPBhhsQsNTKKkQw4DaYESjmBGFZZgiXJrK time: 11520 
生成区块 b79d8 91. c3pPiHJASHMkxFxzStA1WLnagHxHnsZcD1 time: 11648 
生成区块 2a8aa 92. cD6KwXfyUCPSscZoy3HeFuM3bFp4EvDpbe time: 11776 
生成区块 201e7 93. cJQtvwgB96A7fZMppeRE6tkNsykg7KQEsJ time: 11904 
生成区块 c7f66 94. cHtrhRxSd6HgoFApv3Ww5T9BJSpzunrK74 time: 12032 
生成区块 eec72 95. c9JpYqYPy5ZwkP9dqP7uYsW2jUqjWK12Zy time: 12160 
生成区块 00910 96. cLShHjVpQwRFy2pTLZ5wxDUBuULPXgNd5w time: 12288 
生成区块 0de60 97. c2pWhtuBZWGZHJVSoNJ3FYJfdjp1iyv8dr time: 12416 
生成区块 5c4c8 98. cDGZW6UisKZtt61rFmdMGZufCqtbWP9sLe time: 12544 
生成区块 7889b 99. cBX5XCMHodUGz6xHPKkS5jeb7kt1rrgqwb time: 12672 
生成区块 e9010 100. cMbuszd6xHhsXa4qrSNHVEe7Z8Pr3TNneP time: 12800 
生成区块 ecd8c 101. cBsvWnbQtMhGvzj3BDpFpr3A4EZiPXXrRQ time: 12928 
这个人掉线了 cLR1q2Xobq6SLdbcGSmzx3USwuEReKyKdN 101. 13056 
生成区块 787e3 102. cQ88bJLhefXDhHwUorVeHKQhJrm2tDqkgM time: 13184 
生成区块 4d0dc 103. cFf3VzWCjKv5VvYmLhzRkQZPhNQn8vANLz time: 13312 
生成区块 040a9 104. cFxUbicQgwjsrHQj5JzP5GabZQ5Ep8vTUi time: 13440 
生成区块 a5713 105. cNtaqym4McrXt5pQZPtQCR7LyhE5pUsUCe time: 13568 
生成区块 6208f 106. c2ffGmyB8nMhkemELfsjNDsdG4t1EMeomv time: 13696 
生成区块 308fb 107. cPZUAVCxZSwrodndzmCsVcP38BskQRF1ny time: 13824 
生成区块 f3600 108. cF6DjxtfzvJjbqvwWGb2AvUcwEkk6rBFm9 time: 13952 
生成区块 d6c6e 109. cFybQsjHqiX1DUbtZFXDPihvDeTveZQKkw time: 14080 
生成区块 a45d9 110. c4q2hHccaS3qcXGMqsGcasjbvj9aJsCuuy time: 14208 
生成区块 29820 111. cGELZtTz3qzbcAS9svzQjesXTB46ytduwg time: 14336 
生成区块 cab01 112. cAkwj6utxuRKErXYHYnisXGJjqsQVdsuqA time: 14464 
生成区块 80628 113. c582jFX2DfF45B65YSKN31qk6Ft9ckVAJm time: 14592 
生成区块 fd37c 114. cKqAK2TLS5AiGm75CAuVLUv4D38MyqTD9M time: 14720 
生成区块 e857f 115. c582jFX2DfF45B65YSKN31qk6Ft9ckVAJm time: 14848 
生成区块 aff41 116. cKqAK2TLS5AiGm75CAuVLUv4D38MyqTD9M time: 14976 
生成区块 5234b 117. c5AYPcDMUGr5JHErEo5y43SZG8JsF8YjG5 time: 15104 
生成区块 e92e9 118. cH4RweoyEU363G5p7P2D1bEe5uccLNFJgC time: 15232 
生成区块 b0ebf 119. cGS6P65poK8GN5yhAtBj5ddDuDFh3k4YW8 time: 15360 
生成区块 c43c8 120. c4aG5yDeGo4TqR6C9r2vBaaNXmR2Ro17SV time: 15488 
生成区块 6fa8d 121. cHdATqSzszEe335hM8kaNM267SH98BCpbx time: 15616 
生成区块 1d8b4 122. cDUwDnum3J5bQo78LDWcCJLAASqRP4VSan time: 15744 
生成区块 e5305 123. cCjrLJHLRUZci2Ak1W2BbgchJQLoQo86d7 time: 15872 
生成区块 757c0 124. c81E6nEaLHJ25mFRTDSMar5YjmrYLsNr5v time: 16000 
生成区块 c0add 125. cCuaHXAe1hcEGgqz6eg8QC9UKQHZ1Cq2Qo time: 16128 
生成区块 a0deb 126. c3MCDGU8vFk6waxeeRbBUt3QaRvB6q1TAH time: 16256 
生成区块 ebf24 127. cCmcRqAdKd24ft1Nuwzc6p1Uf5R47RSAUF time: 16384 
生成区块 ac571 128. cBy33bW2b8QX3Th6mjkpHRykPGLN9ahG9p time: 16512 
生成区块 94c2c 129. cKySkYVB4MhWhKczSUmY7WhF638hPx6U8N time: 16640 
生成区块 1fe6e 130. c4wQ1qXmKFBBGeHeiT5QsB9oKwsGYmK2eA time: 16768 
生成区块 c65cf 131. cBpRE96Ff1RR3kVoN9Hky6pnAtTky8cP4s time: 16896 
生成区块 70b00 132. c7y8jqVoAmP9uHA6bYxT66KSPXz14tSahH time: 17024 
生成区块 bea5a 133. cKqjHi8u4n5RJJa1CxHgZbwHXS9cKC5Ekw time: 17152 
生成区块 4e994 134. cNQzoCNDDYY2uqBEW6fb7B6HzFjyz6oCt8 time: 17280 
生成区块 1b224 135. cM8wVfYBZq6KtXCKAobMH9g9jLTcSfCiw5 time: 17408 
生成区块 6f190 136. cFG8tkEage2m5qnpsd8giKe9kad6ACF3BY time: 17536 
生成区块 ccf31 137. cNhu1W73hSpHzwJfzGbHf1tM9KWSGTtC8U time: 17664 
生成区块 f7411 138. cLrUCNAWPyPH96bqqC3JQXZ3CtsvvXmNj1 time: 17792 
生成区块 6b122 139. cPDXYf8tLYdv8LG43RxgHbNLi1ouxDcP8p time: 17920 
生成区块 5cd51 140. cPNWUU9oB4NaxFagHDafkD2p54phRGSwqh time: 18048 
生成区块 dc719 141. c6kHiX6mRcy3KeWCeb7MYAd8pfnDhnz8V7 time: 18176 
生成区块 54288 142. cMyZAA4V27jEmysddCxCqXKAeN2bBvDsVU time: 18304 
生成区块 05af7 143. c7LefZDapLTMcazj5gJdJJE4PePHQ2qpNu time: 18432 
生成区块 c7209 144. cGQ5NPs1k59LxCvxECXLKNpr4TezDvhMZn time: 18560 
生成区块 f13f1 145. c2LMjYRGQbGAuNWBNyWrRr81WXzaZJqMdW time: 18688 
生成区块 15cb2 146. c5QActCYGusL7wEwV8sDTZ6QcekFBjBMhv time: 18816 
生成区块 1e97f 147. cFtYf1e5Ng5QhZzHiPMvDyV3NQHxKBnLmV time: 18944 
生成区块 34ed4 148. c5rSRneu7iXf8r8N87raRev24kHGmkvPMT time: 19072 
生成区块 f3ea4 149. cH6L4muHgCsNwfqFPEMMBJwTG6NWhVWqiv time: 19200 
生成区块 a26f7 150. cMPVU5d8U87bqPTZsLaWiyAv5UbZwMENip time: 19328 
生成区块 b3d59 151. cD4rsua9vmVMiPouRL7MJJcVPWKtQu8E5X time: 19456 
生成区块 0969c 152. c6XZmkn23mSbiVVydY8WcEJSebM9RpRq8V time: 19584 
生成区块 bde20 153. cMtCaC4WmjBjZYbzrGZREJ9imX479XxpsM time: 19712 
生成区块 a19a3 154. cFtR9y1R2zvvd7DXUE5cQu4wVuHzMzKFXW time: 19840 
生成区块 b74d7 155. cERnwrsCNpy4b8hQ683zpRFPw88yXuVXES time: 19968 
生成区块 957a4 156. cBRJCW5SXiaJzDEFQhmLhCjizEBaprHj9w time: 20096 
生成区块 5b313 157. cCTtPZA7Ry9qEnLJm6yyWGFswdFC5hiMhe time: 20224 
生成区块 f4c51 158. c3e7TaDkuPcWC8L7GfkixXsaZDpP5Rtasg time: 20352 
生成区块 dfa2b 159. cMbTY5hZ2RXCVGPYgwjp3ybnM1EyQenDiy time: 20480 
生成区块 5c940 160. cBgQkrwMZdQzu3QgtkN4vTbDB2Zf7F9ndm time: 20608 
生成区块 228fe 161. c8Ke6FeamgemKfaAdppcUVoGfModE4CEyT time: 20736 
生成区块 f7a6a 162. cKcsAB6U1KSkUrUsLr1ysdK5UrfCmFribi time: 20864 
生成区块 339b0 163. cLxoe3BFVFWJitksZZU7r7pyPbGxdV9FEw time: 20992 
生成区块 6f7e1 164. cCET2Sxt2LPDhx44wxJ9uhkpviKNrSacvE time: 21120 
生成区块 ae95d 165. cFEaSoF3QceWxjnLsg9FoQyLVcUzVEpkSP time: 21248 
生成区块 2fa80 166. cGnmjV6fk5kFbTWztDtZhyr1a4Van4NPvR time: 21376 
生成区块 e3a70 167. c5fjyiG9HYrHrzJnyLsMZSkw6M5JzkZWUY time: 21504 
生成区块 1c73f 168. cKmsqZLYAY8xjsqSaFdUy2jUuewBpCCcf9 time: 21632 
生成区块 e443e 169. cNsdgX2hL8tpZuNV8pbqpcmmQXFYgyoHb3 time: 21760 
生成区块 2bb6c 170. cJzdd4agJhJR7psxQeH7beLeqarzeRrVWz time: 21888 
生成区块 cc508 171. cNqpoUrBTpPvGzpFsimJRMm1uDjvDPpigj time: 22016 
生成区块 17055 172. cP3KZJfNBYLxVjR6Mi3CG8LAEgt97N8t55 time: 22144 
生成区块 3e7d2 173. cEo8s28oP5BLE1vEG6VRTmZbfdJD4M1Coe time: 22272 
生成区块 52070 174. cMHuDEGM4CUE1wDbY2chPWjP8P1KJMWsVN time: 22400 
生成区块 5dd86 175. c7ij2QbLpRFSuZGB9bD7zPf8WYHg82ZY53 time: 22528 
生成区块 66fa5 176. c6YdR5inKH4ZCWMiLS8MYYq1fGGXGE4mUw time: 22656 
生成区块 8fae8 177. c3z5iLu15V6dfX988fugq2vP1FRgda1DEk time: 22784 
生成区块 af6dc 178. curtHB91mSGD2bK3SPXzS8vAfctvB5ZGc time: 22912 
生成区块 27f02 179. cQEA1sRwbNVzMJTD85oGKQF87bX7xTet6d time: 23040 
生成区块 fef78 180. c5RqaMzZGzMsmgQb533GSLWG64uKHJSJjB time: 23168 
生成区块 43cef 181. cEo4bdeV2XJ3kUKp9EeTGGAC6rTejSg1Ny time: 23296 
生成区块 8258f 182. c4giVDb2U9jr5WVUGg294bGwgCSKDz2xzJ time: 23424 
生成区块 bb9be 183. cD4uXeU9Aj7EpN9XLo5M5FqTMWofEjkuGT time: 23552 
生成区块 a4b29 184. c32KRhr1wZc8MKRPrEy1LBdojmAFLwpDN9 time: 23680 
生成区块 ddaae 185. cNdBX3dCDfPGyvuAbbuBmWfSfXJ5D32xK1 time: 23808 
生成区块 6e6f4 186. c8PLVcgfgeMreGxVQxi8r42W4ZDukEB3M3 time: 23936 
生成区块 a7466 187. c9Hzte1gK9ekxMaXDfAS7SH8cTZ2ZaTip4 time: 24064 
这个人掉线了 cLwXBhfqd6PR2R6JdjkGc3LSwMPjsK1gKF 187. 24192 
生成区块 a7a0f 188. cDhdyM63XaEsjsfrgU2CsN8Cn63Ni5QAzc time: 24320 
生成区块 6a20b 189. cCtpNbbApgDAuX38sJqLG2PERUsor94MHz time: 24448 
生成区块 1ddc3 190. c6bVeNUiLwSW3SGz38yv6w54JXphzxY3d3 time: 24576 
生成区块 eab2b 191. cMg3Pj5Mb8YnwQeeWmBKsPt8Zjgu4FHL9Y time: 24704 
生成区块 311a3 192. cHMAxcAu6u3LEpfpCqJHD39unJtHCppfa7 time: 24832 
生成区块 cfc85 193. cN1r6YA2rpKwqyUQBo5eBfcbETXSYK8aWn time: 24960 
生成区块 fb9c6 194. cJXJ15YBxQ4zFU7vSUbeRwxgTmQncJy1CJ time: 25088 
生成区块 51605 195. cGqWH1HYoZmFcpRbPfrE63u9SBxxLxN4Cp time: 25216 
生成区块 8059f 196. c2KFmSdk8PcqcWuwDFhATW5VRJcs6xM4gn time: 25344 
生成区块 3253a 197. cFyn4v8T5ckT28MW17iUvvuK4Uk7nrpdZj time: 25472 
生成区块 94545 198. c37jstTJJLuNuvERbc6MJbMkU1mPegQUoA time: 25600 
生成区块 3cbe4 199. c5q6xxt1RkYYM1EXZGjwhPoU8y3K5uAkpX time: 25728 
生成区块 a4c52 200. c5qUNZkdEgg62fGSWwU29yya7vVQET7xkt time: 25856 
生成区块 fc4f9 201. cKgAdasSHc1T6zUXPnmYEEtjeX7qKi11xb time: 25984 
生成区块 80de3 202. cALZico86XyeSaK3zTXMVtq6AUPqmrh6JV time: 26112 
生成区块 f3214 203. cKyVC3hXc7ffCzEjDq1RHxqwi7DWiWSWRX time: 26240 
生成区块 134a8 204. cPBhhsQsNTKKkQw4DaYESjmBGFZZgiXJrK time: 26368 
生成区块 8e781 205. c3pPiHJASHMkxFxzStA1WLnagHxHnsZcD1 time: 26496 
生成区块 3143f 206. cD6KwXfyUCPSscZoy3HeFuM3bFp4EvDpbe time: 26624 
生成区块 3e1f6 207. cJQtvwgB96A7fZMppeRE6tkNsykg7KQEsJ time: 26752 
生成区块 fc4ab 208. cHtrhRxSd6HgoFApv3Ww5T9BJSpzunrK74 time: 26880 
生成区块 2bbad 209. c9JpYqYPy5ZwkP9dqP7uYsW2jUqjWK12Zy time: 27008 
生成区块 16719 210. cLShHjVpQwRFy2pTLZ5wxDUBuULPXgNd5w time: 27136 
生成区块 2d466 211. c2pWhtuBZWGZHJVSoNJ3FYJfdjp1iyv8dr time: 27264 
生成区块 4e3e2 212. cDGZW6UisKZtt61rFmdMGZufCqtbWP9sLe time: 27392 
生成区块 e65a0 213. cBX5XCMHodUGz6xHPKkS5jeb7kt1rrgqwb time: 27520 
生成区块 f971b 214. cMbuszd6xHhsXa4qrSNHVEe7Z8Pr3TNneP time: 27648 
生成区块 90b88 215. cBsvWnbQtMhGvzj3BDpFpr3A4EZiPXXrRQ time: 27776 
这个人掉线了 cLR1q2Xobq6SLdbcGSmzx3USwuEReKyKdN 215. 27904 
生成区块 21799 216. cQ88bJLhefXDhHwUorVeHKQhJrm2tDqkgM time: 28032 
生成区块 48df7 217. cFf3VzWCjKv5VvYmLhzRkQZPhNQn8vANLz time: 28160 
生成区块 7b36b 218. cFxUbicQgwjsrHQj5JzP5GabZQ5Ep8vTUi time: 28288 
生成区块 b5669 219. cNtaqym4McrXt5pQZPtQCR7LyhE5pUsUCe time: 28416 
生成区块 55695 220. c2ffGmyB8nMhkemELfsjNDsdG4t1EMeomv time: 28544 
生成区块 6371b 221. cPZUAVCxZSwrodndzmCsVcP38BskQRF1ny time: 28672 
生成区块 348a6 222. cF6DjxtfzvJjbqvwWGb2AvUcwEkk6rBFm9 time: 28800 
生成区块 85187 223. cFybQsjHqiX1DUbtZFXDPihvDeTveZQKkw time: 28928 
生成区块 e8fab 224. c4q2hHccaS3qcXGMqsGcasjbvj9aJsCuuy time: 29056 
生成区块 1301f 225. cGELZtTz3qzbcAS9svzQjesXTB46ytduwg time: 29184 
生成区块 ac8a8 226. cAkwj6utxuRKErXYHYnisXGJjqsQVdsuqA time: 29312 
生成区块 08189 227. c582jFX2DfF45B65YSKN31qk6Ft9ckVAJm time: 29440 
生成区块 bd606 228. cKqAK2TLS5AiGm75CAuVLUv4D38MyqTD9M time: 29568 
生成区块 77f3f 229. c582jFX2DfF45B65YSKN31qk6Ft9ckVAJm time: 29696 
生成区块 ddeac 230. cKqAK2TLS5AiGm75CAuVLUv4D38MyqTD9M time: 29824 
生成区块 1221c 231. c5AYPcDMUGr5JHErEo5y43SZG8JsF8YjG5 time: 29952 
生成区块 ef6a2 232. cH4RweoyEU363G5p7P2D1bEe5uccLNFJgC time: 30080 
生成区块 34403 233. cGS6P65poK8GN5yhAtBj5ddDuDFh3k4YW8 time: 30208 
生成区块 edd67 234. c4aG5yDeGo4TqR6C9r2vBaaNXmR2Ro17SV time: 30336 
生成区块 e8128 235. cHdATqSzszEe335hM8kaNM267SH98BCpbx time: 30464 
生成区块 9df3d 236. cDUwDnum3J5bQo78LDWcCJLAASqRP4VSan time: 30592 
生成区块 8697b 237. cCjrLJHLRUZci2Ak1W2BbgchJQLoQo86d7 time: 30720 
生成区块 f4996 238. c81E6nEaLHJ25mFRTDSMar5YjmrYLsNr5v time: 30848 
生成区块 4368c 239. cCuaHXAe1hcEGgqz6eg8QC9UKQHZ1Cq2Qo time: 30976 
生成区块 3c45a 240. c3MCDGU8vFk6waxeeRbBUt3QaRvB6q1TAH time: 31104 
生成区块 30e30 241. cCmcRqAdKd24ft1Nuwzc6p1Uf5R47RSAUF time: 31232 
生成区块 56f28 242. cBy33bW2b8QX3Th6mjkpHRykPGLN9ahG9p time: 31360 
生成区块 c7ad4 243. cKySkYVB4MhWhKczSUmY7WhF638hPx6U8N time: 31488 
生成区块 2ac9c 244. c4wQ1qXmKFBBGeHeiT5QsB9oKwsGYmK2eA time: 31616 
生成区块 a2b50 245. cBpRE96Ff1RR3kVoN9Hky6pnAtTky8cP4s time: 31744 
生成区块 9737e 246. c7y8jqVoAmP9uHA6bYxT66KSPXz14tSahH time: 31872 
生成区块 bee9a 247. cKqjHi8u4n5RJJa1CxHgZbwHXS9cKC5Ekw time: 32000 
生成区块 7956e 248. cNQzoCNDDYY2uqBEW6fb7B6HzFjyz6oCt8 time: 32128 
生成区块 31d2b 249. cM8wVfYBZq6KtXCKAobMH9g9jLTcSfCiw5 time: 32256 
生成区块 57744 250. cFG8tkEage2m5qnpsd8giKe9kad6ACF3BY time: 32384 
生成区块 3b1f8 251. cNhu1W73hSpHzwJfzGbHf1tM9KWSGTtC8U time: 32512 
生成区块 5b74c 252. cLrUCNAWPyPH96bqqC3JQXZ3CtsvvXmNj1 time: 32640 
生成区块 740cb 253. cPDXYf8tLYdv8LG43RxgHbNLi1ouxDcP8p time: 32768 
生成区块 98b04 254. cPNWUU9oB4NaxFagHDafkD2p54phRGSwqh time: 32896 
生成区块 e62a4 255. c6kHiX6mRcy3KeWCeb7MYAd8pfnDhnz8V7 time: 33024 
生成区块 27ad2 256. cMyZAA4V27jEmysddCxCqXKAeN2bBvDsVU time: 33152 
生成区块 3054b 257. c7LefZDapLTMcazj5gJdJJE4PePHQ2qpNu time: 33280 
生成区块 078a0 258. cGQ5NPs1k59LxCvxECXLKNpr4TezDvhMZn time: 33408 
生成区块 daf71 259. c2LMjYRGQbGAuNWBNyWrRr81WXzaZJqMdW time: 33536 
生成区块 bfe2d 260. c5QActCYGusL7wEwV8sDTZ6QcekFBjBMhv time: 33664 
生成区块 f7811 261. cFtYf1e5Ng5QhZzHiPMvDyV3NQHxKBnLmV time: 33792 
生成区块 84eae 262. c5rSRneu7iXf8r8N87raRev24kHGmkvPMT time: 33920 
生成区块 78039 263. cH6L4muHgCsNwfqFPEMMBJwTG6NWhVWqiv time: 34048 
生成区块 5cce7 264. cMPVU5d8U87bqPTZsLaWiyAv5UbZwMENip time: 34176 
生成区块 84e8f 265. cD4rsua9vmVMiPouRL7MJJcVPWKtQu8E5X time: 34304 
生成区块 0c6c2 266. c6XZmkn23mSbiVVydY8WcEJSebM9RpRq8V time: 34432 
生成区块 920cc 267. cMtCaC4WmjBjZYbzrGZREJ9imX479XxpsM time: 34560 
生成区块 34460 268. cFtR9y1R2zvvd7DXUE5cQu4wVuHzMzKFXW time: 34688 
生成区块 6805d 269. cERnwrsCNpy4b8hQ683zpRFPw88yXuVXES time: 34816 
生成区块 66069 270. cBRJCW5SXiaJzDEFQhmLhCjizEBaprHj9w time: 34944 
生成区块 b8a02 271. cCTtPZA7Ry9qEnLJm6yyWGFswdFC5hiMhe time: 35072 
生成区块 cf790 272. c3e7TaDkuPcWC8L7GfkixXsaZDpP5Rtasg time: 35200 
生成区块 154c7 273. cMbTY5hZ2RXCVGPYgwjp3ybnM1EyQenDiy time: 35328 
生成区块 0bd49 274. cBgQkrwMZdQzu3QgtkN4vTbDB2Zf7F9ndm time: 35456 
生成区块 b9373 275. c8Ke6FeamgemKfaAdppcUVoGfModE4CEyT time: 35584 
生成区块 562bc 276. cKcsAB6U1KSkUrUsLr1ysdK5UrfCmFribi time: 35712 
生成区块 ff23a 277. cLxoe3BFVFWJitksZZU7r7pyPbGxdV9FEw time: 35840 
生成区块 da44d 278. cCET2Sxt2LPDhx44wxJ9uhkpviKNrSacvE time: 35968 
生成区块 e13d8 279. cFEaSoF3QceWxjnLsg9FoQyLVcUzVEpkSP time: 36096 
生成区块 a1dd4 280. cGnmjV6fk5kFbTWztDtZhyr1a4Van4NPvR time: 36224 
生成区块 81966 281. c5fjyiG9HYrHrzJnyLsMZSkw6M5JzkZWUY time: 36352 
生成区块 25b5f 282. cKmsqZLYAY8xjsqSaFdUy2jUuewBpCCcf9 time: 36480 
生成区块 a1b3e 283. cNsdgX2hL8tpZuNV8pbqpcmmQXFYgyoHb3 time: 36608 
生成区块 282ef 284. cJzdd4agJhJR7psxQeH7beLeqarzeRrVWz time: 36736 
生成区块 c1024 285. cNqpoUrBTpPvGzpFsimJRMm1uDjvDPpigj time: 36864 
生成区块 279b0 286. cP3KZJfNBYLxVjR6Mi3CG8LAEgt97N8t55 time: 36992 
生成区块 2e0a7 287. cEo8s28oP5BLE1vEG6VRTmZbfdJD4M1Coe time: 37120 
生成区块 54a40 288. cMHuDEGM4CUE1wDbY2chPWjP8P1KJMWsVN time: 37248 
生成区块 0bdb4 289. c7ij2QbLpRFSuZGB9bD7zPf8WYHg82ZY53 time: 37376 
生成区块 08ea5 290. c6YdR5inKH4ZCWMiLS8MYYq1fGGXGE4mUw time: 37504 
生成区块 2d1c0 291. c3z5iLu15V6dfX988fugq2vP1FRgda1DEk time: 37632 
生成区块 19052 292. curtHB91mSGD2bK3SPXzS8vAfctvB5ZGc time: 37760 
生成区块 7b347 293. cQEA1sRwbNVzMJTD85oGKQF87bX7xTet6d time: 37888 
生成区块 90bf8 294. c5RqaMzZGzMsmgQb533GSLWG64uKHJSJjB time: 38016 
生成区块 c3457 295. cEo4bdeV2XJ3kUKp9EeTGGAC6rTejSg1Ny time: 38144 
生成区块 5e4d2 296. c4giVDb2U9jr5WVUGg294bGwgCSKDz2xzJ time: 38272 
生成区块 0bf9f 297. cD4uXeU9Aj7EpN9XLo5M5FqTMWofEjkuGT time: 38400 
生成区块 0250f 298. c32KRhr1wZc8MKRPrEy1LBdojmAFLwpDN9 time: 38528 
生成区块 93018 299. cNdBX3dCDfPGyvuAbbuBmWfSfXJ5D32xK1 time: 38656 
生成区块 07dfe 300. c8PLVcgfgeMreGxVQxi8r42W4ZDukEB3M3 time: 38784 
生成区块 479bb 301. c9Hzte1gK9ekxMaXDfAS7SH8cTZ2ZaTip4 time: 38912 
这个人掉线了 cLwXBhfqd6PR2R6JdjkGc3LSwMPjsK1gKF 301. 39040 
生成区块 ba219 302. cDhdyM63XaEsjsfrgU2CsN8Cn63Ni5QAzc time: 39168 
生成区块 ae9db 303. cCtpNbbApgDAuX38sJqLG2PERUsor94MHz time: 39296 
生成区块 a56bf 304. c6bVeNUiLwSW3SGz38yv6w54JXphzxY3d3 time: 39424 
生成区块 efb42 305. cMg3Pj5Mb8YnwQeeWmBKsPt8Zjgu4FHL9Y time: 39552 
生成区块 ca83b 306. cHMAxcAu6u3LEpfpCqJHD39unJtHCppfa7 time: 39680 
生成区块 9c3ef 307. cN1r6YA2rpKwqyUQBo5eBfcbETXSYK8aWn time: 39808 
生成区块 9296e 308. cJXJ15YBxQ4zFU7vSUbeRwxgTmQncJy1CJ time: 39936 
生成区块 92a6a 309. cGqWH1HYoZmFcpRbPfrE63u9SBxxLxN4Cp time: 40064 
生成区块 ed9e0 310. c2KFmSdk8PcqcWuwDFhATW5VRJcs6xM4gn time: 40192 
生成区块 683e6 311. cFyn4v8T5ckT28MW17iUvvuK4Uk7nrpdZj time: 40320 
生成区块 0b036 312. c37jstTJJLuNuvERbc6MJbMkU1mPegQUoA time: 40448 
生成区块 e2f7a 313. c5q6xxt1RkYYM1EXZGjwhPoU8y3K5uAkpX time: 40576 
生成区块 d531d 314. c5qUNZkdEgg62fGSWwU29yya7vVQET7xkt time: 40704 
生成区块 0b434 315. cKgAdasSHc1T6zUXPnmYEEtjeX7qKi11xb time: 40832 
生成区块 8cae3 316. cALZico86XyeSaK3zTXMVtq6AUPqmrh6JV time: 40960 
生成区块 86658 317. cKyVC3hXc7ffCzEjDq1RHxqwi7DWiWSWRX time: 41088 
生成区块 16791 318. cPBhhsQsNTKKkQw4DaYESjmBGFZZgiXJrK time: 41216 
生成区块 e2b49 319. c3pPiHJASHMkxFxzStA1WLnagHxHnsZcD1 time: 41344 
生成区块 433e4 320. cD6KwXfyUCPSscZoy3HeFuM3bFp4EvDpbe time: 41472 
生成区块 5c0fa 321. cJQtvwgB96A7fZMppeRE6tkNsykg7KQEsJ time: 41600 
生成区块 23aef 322. cHtrhRxSd6HgoFApv3Ww5T9BJSpzunrK74 time: 41728 
生成区块 b2bd3 323. c9JpYqYPy5ZwkP9dqP7uYsW2jUqjWK12Zy time: 41856 
生成区块 3c7e2 324. cLShHjVpQwRFy2pTLZ5wxDUBuULPXgNd5w time: 41984 
生成区块 02b4d 325. c2pWhtuBZWGZHJVSoNJ3FYJfdjp1iyv8dr time: 42112 
生成区块 48bc3 326. cDGZW6UisKZtt61rFmdMGZufCqtbWP9sLe time: 42240 
生成区块 2ccd3 327. cBX5XCMHodUGz6xHPKkS5jeb7kt1rrgqwb time: 42368 
生成区块 13229 328. cMbuszd6xHhsXa4qrSNHVEe7Z8Pr3TNneP time: 42496 
生成区块 d271d 329. cBsvWnbQtMhGvzj3BDpFpr3A4EZiPXXrRQ time: 42624 
这个人掉线了 cLR1q2Xobq6SLdbcGSmzx3USwuEReKyKdN 329. 42752 
生成区块 621d3 330. cQ88bJLhefXDhHwUorVeHKQhJrm2tDqkgM time: 42880 
生成区块 664cf 331. cFf3VzWCjKv5VvYmLhzRkQZPhNQn8vANLz time: 43008 
生成区块 53589 332. cFxUbicQgwjsrHQj5JzP5GabZQ5Ep8vTUi time: 43136 
生成区块 1bfa8 333. cNtaqym4McrXt5pQZPtQCR7LyhE5pUsUCe time: 43264 
生成区块 e4d4e 334. c2ffGmyB8nMhkemELfsjNDsdG4t1EMeomv time: 43392 
生成区块 6217e 335. cPZUAVCxZSwrodndzmCsVcP38BskQRF1ny time: 43520 
生成区块 65d7f 336. cF6DjxtfzvJjbqvwWGb2AvUcwEkk6rBFm9 time: 43648 
生成区块 9a7a9 337. cFybQsjHqiX1DUbtZFXDPihvDeTveZQKkw time: 43776 
生成区块 74b56 338. c4q2hHccaS3qcXGMqsGcasjbvj9aJsCuuy time: 43904 
生成区块 1bd7e 339. cGELZtTz3qzbcAS9svzQjesXTB46ytduwg time: 44032 
生成区块 ab6b8 340. cAkwj6utxuRKErXYHYnisXGJjqsQVdsuqA time: 44160 
生成区块 e4d03 341. c582jFX2DfF45B65YSKN31qk6Ft9ckVAJm time: 44288 
生成区块 2cf34 342. cKqAK2TLS5AiGm75CAuVLUv4D38MyqTD9M time: 44416 
生成区块 53848 343. c582jFX2DfF45B65YSKN31qk6Ft9ckVAJm time: 44544 
生成区块 d908a 344. cKqAK2TLS5AiGm75CAuVLUv4D38MyqTD9M time: 44672 
生成区块 deeb3 345. c5AYPcDMUGr5JHErEo5y43SZG8JsF8YjG5 time: 44800 
生成区块 d40f4 346. cH4RweoyEU363G5p7P2D1bEe5uccLNFJgC time: 44928 
生成区块 a355e 347. cGS6P65poK8GN5yhAtBj5ddDuDFh3k4YW8 time: 45056 
生成区块 8376b 348. c4aG5yDeGo4TqR6C9r2vBaaNXmR2Ro17SV time: 45184 
生成区块 9e0bc 349. cHdATqSzszEe335hM8kaNM267SH98BCpbx time: 45312 
生成区块 c11ff 350. cDUwDnum3J5bQo78LDWcCJLAASqRP4VSan time: 45440 
生成区块 03653 351. cCjrLJHLRUZci2Ak1W2BbgchJQLoQo86d7 time: 45568 
生成区块 1b88d 352. c81E6nEaLHJ25mFRTDSMar5YjmrYLsNr5v time: 45696 
生成区块 5fd46 353. cCuaHXAe1hcEGgqz6eg8QC9UKQHZ1Cq2Qo time: 45824 
生成区块 4ecac 354. c3MCDGU8vFk6waxeeRbBUt3QaRvB6q1TAH time: 45952 
生成区块 87737 355. cCmcRqAdKd24ft1Nuwzc6p1Uf5R47RSAUF time: 46080 
生成区块 60479 356. cBy33bW2b8QX3Th6mjkpHRykPGLN9ahG9p time: 46208 
生成区块 c2719 357. cKySkYVB4MhWhKczSUmY7WhF638hPx6U8N time: 46336 
生成区块 85695 358. c4wQ1qXmKFBBGeHeiT5QsB9oKwsGYmK2eA time: 46464 
生成区块 33eb5 359. cBpRE96Ff1RR3kVoN9Hky6pnAtTky8cP4s time: 46592 
生成区块 589a3 360. c7y8jqVoAmP9uHA6bYxT66KSPXz14tSahH time: 46720 
生成区块 7d340 361. cKqjHi8u4n5RJJa1CxHgZbwHXS9cKC5Ekw time: 46848 
生成区块 0a376 362. cNQzoCNDDYY2uqBEW6fb7B6HzFjyz6oCt8 time: 46976 
生成区块 6ed35 363. cM8wVfYBZq6KtXCKAobMH9g9jLTcSfCiw5 time: 47104 
生成区块 b7aa0 364. cFG8tkEage2m5qnpsd8giKe9kad6ACF3BY time: 47232 
生成区块 bb8e7 365. cNhu1W73hSpHzwJfzGbHf1tM9KWSGTtC8U time: 47360 
生成区块 7990c 366. cLrUCNAWPyPH96bqqC3JQXZ3CtsvvXmNj1 time: 47488 
生成区块 1bc31 367. cPDXYf8tLYdv8LG43RxgHbNLi1ouxDcP8p time: 47616 
生成区块 0004e 368. cPNWUU9oB4NaxFagHDafkD2p54phRGSwqh time: 47744 
生成区块 299be 369. c6kHiX6mRcy3KeWCeb7MYAd8pfnDhnz8V7 time: 47872 
生成区块 a890e 370. cMyZAA4V27jEmysddCxCqXKAeN2bBvDsVU time: 48000 
生成区块 41453 371. c7LefZDapLTMcazj5gJdJJE4PePHQ2qpNu time: 48128 
生成区块 04c59 372. cGQ5NPs1k59LxCvxECXLKNpr4TezDvhMZn time: 48256 
生成区块 71352 373. c2LMjYRGQbGAuNWBNyWrRr81WXzaZJqMdW time: 48384 
生成区块 13dad 374. c5QActCYGusL7wEwV8sDTZ6QcekFBjBMhv time: 48512 
生成区块 77aa7 375. cFtYf1e5Ng5QhZzHiPMvDyV3NQHxKBnLmV time: 48640 
生成区块 16f89 376. c5rSRneu7iXf8r8N87raRev24kHGmkvPMT time: 48768 
生成区块 d32a6 377. cH6L4muHgCsNwfqFPEMMBJwTG6NWhVWqiv time: 48896 
生成区块 350ec 378. cMPVU5d8U87bqPTZsLaWiyAv5UbZwMENip time: 49024 
生成区块 bcdd8 379. cD4rsua9vmVMiPouRL7MJJcVPWKtQu8E5X time: 49152 
生成区块 3c4e7 380. c6XZmkn23mSbiVVydY8WcEJSebM9RpRq8V time: 49280 
生成区块 4bd27 381. cMtCaC4WmjBjZYbzrGZREJ9imX479XxpsM time: 49408 
生成区块 62d5c 382. cFtR9y1R2zvvd7DXUE5cQu4wVuHzMzKFXW time: 49536 
生成区块 db0d2 383. cERnwrsCNpy4b8hQ683zpRFPw88yXuVXES time: 49664 
生成区块 6268f 384. cBRJCW5SXiaJzDEFQhmLhCjizEBaprHj9w time: 49792 
生成区块 40ee3 385. cCTtPZA7Ry9qEnLJm6yyWGFswdFC5hiMhe time: 49920 
生成区块 66bec 386. c3e7TaDkuPcWC8L7GfkixXsaZDpP5Rtasg time: 50048 
生成区块 9937d 387. cMbTY5hZ2RXCVGPYgwjp3ybnM1EyQenDiy time: 50176 
生成区块 613f6 388. cBgQkrwMZdQzu3QgtkN4vTbDB2Zf7F9ndm time: 50304 
生成区块 d3908 389. c8Ke6FeamgemKfaAdppcUVoGfModE4CEyT time: 50432 
生成区块 4c009 390. cKcsAB6U1KSkUrUsLr1ysdK5UrfCmFribi time: 50560 
生成区块 056f4 391. cLxoe3BFVFWJitksZZU7r7pyPbGxdV9FEw time: 50688 
生成区块 140b5 392. cCET2Sxt2LPDhx44wxJ9uhkpviKNrSacvE time: 50816 
生成区块 d3b60 393. cFEaSoF3QceWxjnLsg9FoQyLVcUzVEpkSP time: 50944 
生成区块 f2007 394. cGnmjV6fk5kFbTWztDtZhyr1a4Van4NPvR time: 51072 
生成区块 e7200 395. c5fjyiG9HYrHrzJnyLsMZSkw6M5JzkZWUY time: 51200 
生成区块 0c36f 396. cKmsqZLYAY8xjsqSaFdUy2jUuewBpCCcf9 time: 51328 
生成区块 122cb 397. cNsdgX2hL8tpZuNV8pbqpcmmQXFYgyoHb3 time: 51456 
生成区块 05c40 398. cJzdd4agJhJR7psxQeH7beLeqarzeRrVWz time: 51584 
生成区块 ad624 399. cNqpoUrBTpPvGzpFsimJRMm1uDjvDPpigj time: 51712 
生成区块 9860f 400. cP3KZJfNBYLxVjR6Mi3CG8LAEgt97N8t55 time: 51840 
生成区块 49c4e 401. cEo8s28oP5BLE1vEG6VRTmZbfdJD4M1Coe time: 51968 
生成区块 49ea5 402. cMHuDEGM4CUE1wDbY2chPWjP8P1KJMWsVN time: 52096 
生成区块 060aa 403. c7ij2QbLpRFSuZGB9bD7zPf8WYHg82ZY53 time: 52224 
生成区块 c81c1 404. c6YdR5inKH4ZCWMiLS8MYYq1fGGXGE4mUw time: 52352 
生成区块 107ed 405. c3z5iLu15V6dfX988fugq2vP1FRgda1DEk time: 52480 
生成区块 56b27 406. curtHB91mSGD2bK3SPXzS8vAfctvB5ZGc time: 52608 
生成区块 75f48 407. cQEA1sRwbNVzMJTD85oGKQF87bX7xTet6d time: 52736 
生成区块 c19a6 408. c5RqaMzZGzMsmgQb533GSLWG64uKHJSJjB time: 52864 
生成区块 f8607 409. cEo4bdeV2XJ3kUKp9EeTGGAC6rTejSg1Ny time: 52992 
生成区块 369f0 410. c4giVDb2U9jr5WVUGg294bGwgCSKDz2xzJ time: 53120 
生成区块 86f04 411. cD4uXeU9Aj7EpN9XLo5M5FqTMWofEjkuGT time: 53248 
生成区块 be54a 412. c32KRhr1wZc8MKRPrEy1LBdojmAFLwpDN9 time: 53376 
生成区块 56756 413. cNdBX3dCDfPGyvuAbbuBmWfSfXJ5D32xK1 time: 53504 
生成区块 ae6b4 414. c8PLVcgfgeMreGxVQxi8r42W4ZDukEB3M3 time: 53632 
生成区块 cfab3 415. c9Hzte1gK9ekxMaXDfAS7SH8cTZ2ZaTip4 time: 53760 
这个人掉线了 cLwXBhfqd6PR2R6JdjkGc3LSwMPjsK1gKF 415. 53888 
生成区块 b8a6f 416. cDhdyM63XaEsjsfrgU2CsN8Cn63Ni5QAzc time: 54016 
生成区块 921a8 417. cCtpNbbApgDAuX38sJqLG2PERUsor94MHz time: 54144 
生成区块 127e1 418. c6bVeNUiLwSW3SGz38yv6w54JXphzxY3d3 time: 54272 
生成区块 3ff61 419. cMg3Pj5Mb8YnwQeeWmBKsPt8Zjgu4FHL9Y time: 54400 
生成区块 b2ff1 420. cHMAxcAu6u3LEpfpCqJHD39unJtHCppfa7 time: 54528 
生成区块 f1d63 421. cN1r6YA2rpKwqyUQBo5eBfcbETXSYK8aWn time: 54656 
生成区块 1bbf1 422. cJXJ15YBxQ4zFU7vSUbeRwxgTmQncJy1CJ time: 54784 
生成区块 745fb 423. cGqWH1HYoZmFcpRbPfrE63u9SBxxLxN4Cp time: 54912 
生成区块 e310e 424. c2KFmSdk8PcqcWuwDFhATW5VRJcs6xM4gn time: 55040 
生成区块 81317 425. cFyn4v8T5ckT28MW17iUvvuK4Uk7nrpdZj time: 55168 
生成区块 337e8 426. c37jstTJJLuNuvERbc6MJbMkU1mPegQUoA time: 55296 
生成区块 2eb64 427. c5q6xxt1RkYYM1EXZGjwhPoU8y3K5uAkpX time: 55424 
生成区块 cb664 428. c5qUNZkdEgg62fGSWwU29yya7vVQET7xkt time: 55552 
生成区块 c3963 429. cKgAdasSHc1T6zUXPnmYEEtjeX7qKi11xb time: 55680 
生成区块 ec127 430. cALZico86XyeSaK3zTXMVtq6AUPqmrh6JV time: 55808 
生成区块 e793d 431. cKyVC3hXc7ffCzEjDq1RHxqwi7DWiWSWRX time: 55936 
生成区块 48c15 432. cPBhhsQsNTKKkQw4DaYESjmBGFZZgiXJrK time: 56064 
生成区块 12fc1 433. c3pPiHJASHMkxFxzStA1WLnagHxHnsZcD1 time: 56192 
生成区块 aed86 434. cD6KwXfyUCPSscZoy3HeFuM3bFp4EvDpbe time: 56320 
生成区块 63227 435. cJQtvwgB96A7fZMppeRE6tkNsykg7KQEsJ time: 56448 
生成区块 67ed5 436. cHtrhRxSd6HgoFApv3Ww5T9BJSpzunrK74 time: 56576 
生成区块 7f31c 437. c9JpYqYPy5ZwkP9dqP7uYsW2jUqjWK12Zy time: 56704 
生成区块 6a557 438. cLShHjVpQwRFy2pTLZ5wxDUBuULPXgNd5w time: 56832 
生成区块 6614f 439. c2pWhtuBZWGZHJVSoNJ3FYJfdjp1iyv8dr time: 56960 
生成区块 b31fa 440. cDGZW6UisKZtt61rFmdMGZufCqtbWP9sLe time: 57088 
生成区块 984a3 441. cBX5XCMHodUGz6xHPKkS5jeb7kt1rrgqwb time: 57216 
生成区块 0d848 442. cMbuszd6xHhsXa4qrSNHVEe7Z8Pr3TNneP time: 57344 
生成区块 ccb5e 443. cBsvWnbQtMhGvzj3BDpFpr3A4EZiPXXrRQ time: 57472 
这个人掉线了 cLR1q2Xobq6SLdbcGSmzx3USwuEReKyKdN 443. 57600 
生成区块 940f5 444. cQ88bJLhefXDhHwUorVeHKQhJrm2tDqkgM time: 57728 
生成区块 9118f 445. cFf3VzWCjKv5VvYmLhzRkQZPhNQn8vANLz time: 57856 
生成区块 019c1 446. cFxUbicQgwjsrHQj5JzP5GabZQ5Ep8vTUi time: 57984 
生成区块 7cc52 447. cNtaqym4McrXt5pQZPtQCR7LyhE5pUsUCe time: 58112 
生成区块 bfe80 448. c2ffGmyB8nMhkemELfsjNDsdG4t1EMeomv time: 58240 
生成区块 a72d8 449. cPZUAVCxZSwrodndzmCsVcP38BskQRF1ny time: 58368 
生成区块 6e8b7 450. cF6DjxtfzvJjbqvwWGb2AvUcwEkk6rBFm9 time: 58496 
生成区块 64c74 451. cFybQsjHqiX1DUbtZFXDPihvDeTveZQKkw time: 58624 
生成区块 21902 452. c4q2hHccaS3qcXGMqsGcasjbvj9aJsCuuy time: 58752 
生成区块 b4036 453. cGELZtTz3qzbcAS9svzQjesXTB46ytduwg time: 58880 
生成区块 aaf21 454. cAkwj6utxuRKErXYHYnisXGJjqsQVdsuqA time: 59008 
生成区块 3582e 455. c582jFX2DfF45B65YSKN31qk6Ft9ckVAJm time: 59136 
生成区块 43fdc 456. cKqAK2TLS5AiGm75CAuVLUv4D38MyqTD9M time: 59264 
生成区块 29f38 457. c582jFX2DfF45B65YSKN31qk6Ft9ckVAJm time: 59392 
生成区块 c922b 458. cKqAK2TLS5AiGm75CAuVLUv4D38MyqTD9M time: 59520 
生成区块 71e83 459. c5AYPcDMUGr5JHErEo5y43SZG8JsF8YjG5 time: 59648 
生成区块 6a980 460. cH4RweoyEU363G5p7P2D1bEe5uccLNFJgC time: 59776 
生成区块 21017 461. cGS6P65poK8GN5yhAtBj5ddDuDFh3k4YW8 time: 59904 
生成区块 3cac3 462. c4aG5yDeGo4TqR6C9r2vBaaNXmR2Ro17SV time: 60032 
生成区块 3def5 463. cHdATqSzszEe335hM8kaNM267SH98BCpbx time: 60160 
生成区块 1769b 464. cDUwDnum3J5bQo78LDWcCJLAASqRP4VSan time: 60288 
生成区块 296c7 465. cCjrLJHLRUZci2Ak1W2BbgchJQLoQo86d7 time: 60416 
生成区块 fca0e 466. c81E6nEaLHJ25mFRTDSMar5YjmrYLsNr5v time: 60544 
生成区块 e0876 467. cCuaHXAe1hcEGgqz6eg8QC9UKQHZ1Cq2Qo time: 60672 
生成区块 97101 468. c3MCDGU8vFk6waxeeRbBUt3QaRvB6q1TAH time: 60800 
生成区块 15331 469. cCmcRqAdKd24ft1Nuwzc6p1Uf5R47RSAUF time: 60928 
生成区块 1e7ad 470. cBy33bW2b8QX3Th6mjkpHRykPGLN9ahG9p time: 61056 
生成区块 46f05 471. cKySkYVB4MhWhKczSUmY7WhF638hPx6U8N time: 61184 
生成区块 f30c3 472. c4wQ1qXmKFBBGeHeiT5QsB9oKwsGYmK2eA time: 61312 
生成区块 f376c 473. cBpRE96Ff1RR3kVoN9Hky6pnAtTky8cP4s time: 61440 
生成区块 7f07e 474. c7y8jqVoAmP9uHA6bYxT66KSPXz14tSahH time: 61568 
生成区块 24128 475. cKqjHi8u4n5RJJa1CxHgZbwHXS9cKC5Ekw time: 61696 
生成区块 4da71 476. cNQzoCNDDYY2uqBEW6fb7B6HzFjyz6oCt8 time: 61824 
生成区块 bf5e6 477. cM8wVfYBZq6KtXCKAobMH9g9jLTcSfCiw5 time: 61952 
生成区块 b3b92 478. cFG8tkEage2m5qnpsd8giKe9kad6ACF3BY time: 62080 
生成区块 aa6ae 479. cNhu1W73hSpHzwJfzGbHf1tM9KWSGTtC8U time: 62208 
生成区块 413db 480. cLrUCNAWPyPH96bqqC3JQXZ3CtsvvXmNj1 time: 62336 
生成区块 dcd47 481. cPDXYf8tLYdv8LG43RxgHbNLi1ouxDcP8p time: 62464 
生成区块 e543f 482. cPNWUU9oB4NaxFagHDafkD2p54phRGSwqh time: 62592 
生成区块 2cebf 483. c6kHiX6mRcy3KeWCeb7MYAd8pfnDhnz8V7 time: 62720 
生成区块 5ef93 484. cMyZAA4V27jEmysddCxCqXKAeN2bBvDsVU time: 62848 
生成区块 a5e38 485. c7LefZDapLTMcazj5gJdJJE4PePHQ2qpNu time: 62976 
生成区块 afca8 486. cGQ5NPs1k59LxCvxECXLKNpr4TezDvhMZn time: 63104 
生成区块 2f8f7 487. c2LMjYRGQbGAuNWBNyWrRr81WXzaZJqMdW time: 63232 
生成区块 b3d5d 488. c5QActCYGusL7wEwV8sDTZ6QcekFBjBMhv time: 63360 
生成区块 8d58b 489. cFtYf1e5Ng5QhZzHiPMvDyV3NQHxKBnLmV time: 63488 
生成区块 7d3f3 490. c5rSRneu7iXf8r8N87raRev24kHGmkvPMT time: 63616 
生成区块 b4b82 491. cH6L4muHgCsNwfqFPEMMBJwTG6NWhVWqiv time: 63744 
生成区块 9b9f0 492. cMPVU5d8U87bqPTZsLaWiyAv5UbZwMENip time: 63872 
生成区块 e2986 493. cD4rsua9vmVMiPouRL7MJJcVPWKtQu8E5X time: 64000 
生成区块 e85c3 494. c6XZmkn23mSbiVVydY8WcEJSebM9RpRq8V time: 64128 
生成区块 3a170 495. cMtCaC4WmjBjZYbzrGZREJ9imX479XxpsM time: 64256 
生成区块 6906d 496. cFtR9y1R2zvvd7DXUE5cQu4wVuHzMzKFXW time: 64384 
生成区块 151cb 497. cERnwrsCNpy4b8hQ683zpRFPw88yXuVXES time: 64512 
生成区块 6af99 498. cBRJCW5SXiaJzDEFQhmLhCjizEBaprHj9w time: 64640 
生成区块 37918 499. cCTtPZA7Ry9qEnLJm6yyWGFswdFC5hiMhe time: 64768 
生成区块 28765 500. c3e7TaDkuPcWC8L7GfkixXsaZDpP5Rtasg time: 64896 
生成区块 bf2bb 501. cMbTY5hZ2RXCVGPYgwjp3ybnM1EyQenDiy time: 65024 
生成区块 0ce02 502. cBgQkrwMZdQzu3QgtkN4vTbDB2Zf7F9ndm time: 65152 
生成区块 d21f0 503. c8Ke6FeamgemKfaAdppcUVoGfModE4CEyT time: 65280 
生成区块 694db 504. cKcsAB6U1KSkUrUsLr1ysdK5UrfCmFribi time: 65408 
生成区块 8632f 505. cLxoe3BFVFWJitksZZU7r7pyPbGxdV9FEw time: 65536 
生成区块 e3e94 506. cCET2Sxt2LPDhx44wxJ9uhkpviKNrSacvE time: 65664 
生成区块 06add 507. cFEaSoF3QceWxjnLsg9FoQyLVcUzVEpkSP time: 65792 
生成区块 b6a63 508. cGnmjV6fk5kFbTWztDtZhyr1a4Van4NPvR time: 65920 
生成区块 43b0f 509. c5fjyiG9HYrHrzJnyLsMZSkw6M5JzkZWUY time: 66048 
生成区块 63da5 510. cKmsqZLYAY8xjsqSaFdUy2jUuewBpCCcf9 time: 66176 
生成区块 af078 511. cNsdgX2hL8tpZuNV8pbqpcmmQXFYgyoHb3 time: 66304 
生成区块 53220 512. cJzdd4agJhJR7psxQeH7beLeqarzeRrVWz time: 66432 
生成区块 6529e 513. cNqpoUrBTpPvGzpFsimJRMm1uDjvDPpigj time: 66560 
生成区块 5b931 514. cP3KZJfNBYLxVjR6Mi3CG8LAEgt97N8t55 time: 66688 
生成区块 316b3 515. cEo8s28oP5BLE1vEG6VRTmZbfdJD4M1Coe time: 66816 
生成区块 ba962 516. cMHuDEGM4CUE1wDbY2chPWjP8P1KJMWsVN time: 66944 
生成区块 8b8e8 517. c7ij2QbLpRFSuZGB9bD7zPf8WYHg82ZY53 time: 67072 
生成区块 c8ba8 518. c6YdR5inKH4ZCWMiLS8MYYq1fGGXGE4mUw time: 67200 
生成区块 5aef3 519. c3z5iLu15V6dfX988fugq2vP1FRgda1DEk time: 67328 
生成区块 5f3bb 520. curtHB91mSGD2bK3SPXzS8vAfctvB5ZGc time: 67456 
生成区块 6315e 521. cQEA1sRwbNVzMJTD85oGKQF87bX7xTet6d time: 67584 
生成区块 7cfb6 522. c5RqaMzZGzMsmgQb533GSLWG64uKHJSJjB time: 67712 
生成区块 2197b 523. cEo4bdeV2XJ3kUKp9EeTGGAC6rTejSg1Ny time: 67840 
生成区块 fb0d0 524. c4giVDb2U9jr5WVUGg294bGwgCSKDz2xzJ time: 67968 
生成区块 3a3c7 525. cD4uXeU9Aj7EpN9XLo5M5FqTMWofEjkuGT time: 68096 
生成区块 93665 526. c32KRhr1wZc8MKRPrEy1LBdojmAFLwpDN9 time: 68224 
生成区块 6a707 527. cNdBX3dCDfPGyvuAbbuBmWfSfXJ5D32xK1 time: 68352 
生成区块 7436a 528. c8PLVcgfgeMreGxVQxi8r42W4ZDukEB3M3 time: 68480 
生成区块 e01ff 529. c9Hzte1gK9ekxMaXDfAS7SH8cTZ2ZaTip4 time: 68608 
这个人掉线了 cLwXBhfqd6PR2R6JdjkGc3LSwMPjsK1gKF 529. 68736 
生成区块 bc7a1 530. cDhdyM63XaEsjsfrgU2CsN8Cn63Ni5QAzc time: 68864 
生成区块 aefb4 531. cCtpNbbApgDAuX38sJqLG2PERUsor94MHz time: 68992 
生成区块 e4712 532. c6bVeNUiLwSW3SGz38yv6w54JXphzxY3d3 time: 69120 
生成区块 a5ff3 533. cMg3Pj5Mb8YnwQeeWmBKsPt8Zjgu4FHL9Y time: 69248 
生成区块 8a623 534. cHMAxcAu6u3LEpfpCqJHD39unJtHCppfa7 time: 69376 
生成区块 4d43f 535. cN1r6YA2rpKwqyUQBo5eBfcbETXSYK8aWn time: 69504 
生成区块 ebb6f 536. cJXJ15YBxQ4zFU7vSUbeRwxgTmQncJy1CJ time: 69632 
生成区块 631cb 537. cGqWH1HYoZmFcpRbPfrE63u9SBxxLxN4Cp time: 69760 
生成区块 464d6 538. c2KFmSdk8PcqcWuwDFhATW5VRJcs6xM4gn time: 69888 
生成区块 82920 539. cFyn4v8T5ckT28MW17iUvvuK4Uk7nrpdZj time: 70016 
生成区块 20362 540. c37jstTJJLuNuvERbc6MJbMkU1mPegQUoA time: 70144 
生成区块 aff9d 541. c5q6xxt1RkYYM1EXZGjwhPoU8y3K5uAkpX time: 70272 
生成区块 71d57 542. c5qUNZkdEgg62fGSWwU29yya7vVQET7xkt time: 70400 
生成区块 10e05 543. cKgAdasSHc1T6zUXPnmYEEtjeX7qKi11xb time: 70528 
生成区块 5ace8 544. cALZico86XyeSaK3zTXMVtq6AUPqmrh6JV time: 70656 
生成区块 065ea 545. cKyVC3hXc7ffCzEjDq1RHxqwi7DWiWSWRX time: 70784 
生成区块 632e3 546. cPBhhsQsNTKKkQw4DaYESjmBGFZZgiXJrK time: 70912 
生成区块 407d6 547. c3pPiHJASHMkxFxzStA1WLnagHxHnsZcD1 time: 71040 
生成区块 7b9ab 548. cD6KwXfyUCPSscZoy3HeFuM3bFp4EvDpbe time: 71168 
生成区块 138e7 549. cJQtvwgB96A7fZMppeRE6tkNsykg7KQEsJ time: 71296 
生成区块 5d313 550. cHtrhRxSd6HgoFApv3Ww5T9BJSpzunrK74 time: 71424 
生成区块 d4227 551. c9JpYqYPy5ZwkP9dqP7uYsW2jUqjWK12Zy time: 71552 
生成区块 c6f8b 552. cLShHjVpQwRFy2pTLZ5wxDUBuULPXgNd5w time: 71680 
生成区块 6b498 553. c2pWhtuBZWGZHJVSoNJ3FYJfdjp1iyv8dr time: 71808 
生成区块 c0715 554. cDGZW6UisKZtt61rFmdMGZufCqtbWP9sLe time: 71936 
生成区块 5551d 555. cBX5XCMHodUGz6xHPKkS5jeb7kt1rrgqwb time: 72064 
生成区块 7fbfa 556. cMbuszd6xHhsXa4qrSNHVEe7Z8Pr3TNneP time: 72192 
生成区块 1015b 557. cBsvWnbQtMhGvzj3BDpFpr3A4EZiPXXrRQ time: 72320 
这个人掉线了 cLR1q2Xobq6SLdbcGSmzx3USwuEReKyKdN 557. 72448 
生成区块 6cc02 558. cQ88bJLhefXDhHwUorVeHKQhJrm2tDqkgM time: 72576 
生成区块 17165 559. cFf3VzWCjKv5VvYmLhzRkQZPhNQn8vANLz time: 72704 
生成区块 6462e 560. cFxUbicQgwjsrHQj5JzP5GabZQ5Ep8vTUi time: 72832 
生成区块 06b2b 561. cNtaqym4McrXt5pQZPtQCR7LyhE5pUsUCe time: 72960 
生成区块 6c80f 562. c2ffGmyB8nMhkemELfsjNDsdG4t1EMeomv time: 73088 
生成区块 69762 563. cPZUAVCxZSwrodndzmCsVcP38BskQRF1ny time: 73216 
生成区块 e7d43 564. cF6DjxtfzvJjbqvwWGb2AvUcwEkk6rBFm9 time: 73344 
生成区块 b2217 565. cFybQsjHqiX1DUbtZFXDPihvDeTveZQKkw time: 73472 
生成区块 7b4aa 566. c4q2hHccaS3qcXGMqsGcasjbvj9aJsCuuy time: 73600 
生成区块 c1d6a 567. cGELZtTz3qzbcAS9svzQjesXTB46ytduwg time: 73728 
生成区块 6238a 568. cAkwj6utxuRKErXYHYnisXGJjqsQVdsuqA time: 73856 
生成区块 69ca5 569. c582jFX2DfF45B65YSKN31qk6Ft9ckVAJm time: 73984 
生成区块 d94b6 570. cKqAK2TLS5AiGm75CAuVLUv4D38MyqTD9M time: 74112 
共循环579 . 区块: 570
生成区块 24c0a 2. c582jFX2DfF45B65YSKN31qk6Ft9ckVAJm time: 128 
生成区块 53006 3. cKqAK2TLS5AiGm75CAuVLUv4D38MyqTD9M time: 256 
生成区块 09705 4. c5AYPcDMUGr5JHErEo5y43SZG8JsF8YjG5 time: 384 
生成区块 97cb5 5. cH4RweoyEU363G5p7P2D1bEe5uccLNFJgC time: 512 
生成区块 ca3f7 6. cGS6P65poK8GN5yhAtBj5ddDuDFh3k4YW8 time: 640 
生成区块 f6ff3 7. c4aG5yDeGo4TqR6C9r2vBaaNXmR2Ro17SV time: 768 
生成区块 bf267 8. cHdATqSzszEe335hM8kaNM267SH98BCpbx time: 896 
生成区块 56b4b 9. cDUwDnum3J5bQo78LDWcCJLAASqRP4VSan time: 1024 
生成区块 d01aa 10. cCjrLJHLRUZci2Ak1W2BbgchJQLoQo86d7 time: 1152 
生成区块 e1f2a 11. c81E6nEaLHJ25mFRTDSMar5YjmrYLsNr5v time: 1280 
生成区块 6a37b 12. cCuaHXAe1hcEGgqz6eg8QC9UKQHZ1Cq2Qo time: 1408 
生成区块 c7bbd 13. c3MCDGU8vFk6waxeeRbBUt3QaRvB6q1TAH time: 1536 
生成区块 b5562 14. cCmcRqAdKd24ft1Nuwzc6p1Uf5R47RSAUF time: 1664 
生成区块 9b803 15. cBy33bW2b8QX3Th6mjkpHRykPGLN9ahG9p time: 1792 
生成区块 b971f 16. cKySkYVB4MhWhKczSUmY7WhF638hPx6U8N time: 1920 
生成区块 a44a7 17. c4wQ1qXmKFBBGeHeiT5QsB9oKwsGYmK2eA time: 2048 
生成区块 96368 18. cBpRE96Ff1RR3kVoN9Hky6pnAtTky8cP4s time: 2176 
生成区块 e29a5 19. c7y8jqVoAmP9uHA6bYxT66KSPXz14tSahH time: 2304 
生成区块 42214 20. cKqjHi8u4n5RJJa1CxHgZbwHXS9cKC5Ekw time: 2432 
生成区块 90b04 21. cNQzoCNDDYY2uqBEW6fb7B6HzFjyz6oCt8 time: 2560 
生成区块 b501a 22. cM8wVfYBZq6KtXCKAobMH9g9jLTcSfCiw5 time: 2688 
生成区块 e71e2 23. cFG8tkEage2m5qnpsd8giKe9kad6ACF3BY time: 2816 
生成区块 6ce7d 24. cNhu1W73hSpHzwJfzGbHf1tM9KWSGTtC8U time: 2944 
生成区块 65437 25. cLrUCNAWPyPH96bqqC3JQXZ3CtsvvXmNj1 time: 3072 
生成区块 70dd2 26. cPDXYf8tLYdv8LG43RxgHbNLi1ouxDcP8p time: 3200 
生成区块 986f5 27. cPNWUU9oB4NaxFagHDafkD2p54phRGSwqh time: 3328 
生成区块 d1c2e 28. c6kHiX6mRcy3KeWCeb7MYAd8pfnDhnz8V7 time: 3456 
生成区块 c84d4 29. cMyZAA4V27jEmysddCxCqXKAeN2bBvDsVU time: 3584 
生成区块 c2bc8 30. c7LefZDapLTMcazj5gJdJJE4PePHQ2qpNu time: 3712 
生成区块 02154 31. cGQ5NPs1k59LxCvxECXLKNpr4TezDvhMZn time: 3840 
生成区块 4daa4 32. c2LMjYRGQbGAuNWBNyWrRr81WXzaZJqMdW time: 3968 
生成区块 a63ae 33. c5QActCYGusL7wEwV8sDTZ6QcekFBjBMhv time: 4096 
生成区块 1f33e 34. cFtYf1e5Ng5QhZzHiPMvDyV3NQHxKBnLmV time: 4224 
生成区块 d7b2a 35. c5rSRneu7iXf8r8N87raRev24kHGmkvPMT time: 4352 
生成区块 81228 36. cH6L4muHgCsNwfqFPEMMBJwTG6NWhVWqiv time: 4480 
生成区块 4305b 37. cMPVU5d8U87bqPTZsLaWiyAv5UbZwMENip time: 4608 
生成区块 cca97 38. cD4rsua9vmVMiPouRL7MJJcVPWKtQu8E5X time: 4736 
生成区块 909e0 39. c6XZmkn23mSbiVVydY8WcEJSebM9RpRq8V time: 4864 
生成区块 518d8 40. cMtCaC4WmjBjZYbzrGZREJ9imX479XxpsM time: 4992 
生成区块 ce839 41. cFtR9y1R2zvvd7DXUE5cQu4wVuHzMzKFXW time: 5120 
生成区块 fc409 42. cERnwrsCNpy4b8hQ683zpRFPw88yXuVXES time: 5248 
生成区块 d1b17 43. cBRJCW5SXiaJzDEFQhmLhCjizEBaprHj9w time: 5376 
生成区块 3a83c 44. cCTtPZA7Ry9qEnLJm6yyWGFswdFC5hiMhe time: 5504 
生成区块 076c6 45. c3e7TaDkuPcWC8L7GfkixXsaZDpP5Rtasg time: 5632 
生成区块 2c688 46. cMbTY5hZ2RXCVGPYgwjp3ybnM1EyQenDiy time: 5760 
生成区块 d0357 47. cBgQkrwMZdQzu3QgtkN4vTbDB2Zf7F9ndm time: 5888 
生成区块 9898c 48. c8Ke6FeamgemKfaAdppcUVoGfModE4CEyT time: 6016 
生成区块 01e17 49. cKcsAB6U1KSkUrUsLr1ysdK5UrfCmFribi time: 6144 
生成区块 29e50 50. cLxoe3BFVFWJitksZZU7r7pyPbGxdV9FEw time: 6272 
生成区块 f769f 51. cCET2Sxt2LPDhx44wxJ9uhkpviKNrSacvE time: 6400 
生成区块 ca55e 52. cFEaSoF3QceWxjnLsg9FoQyLVcUzVEpkSP time: 6528 
生成区块 cae96 53. cGnmjV6fk5kFbTWztDtZhyr1a4Van4NPvR time: 6656 
生成区块 49692 54. c5fjyiG9HYrHrzJnyLsMZSkw6M5JzkZWUY time: 6784 
生成区块 d351f 55. cKmsqZLYAY8xjsqSaFdUy2jUuewBpCCcf9 time: 6912 
生成区块 cb3a9 56. cNsdgX2hL8tpZuNV8pbqpcmmQXFYgyoHb3 time: 7040 
生成区块 c6fbe 57. cJzdd4agJhJR7psxQeH7beLeqarzeRrVWz time: 7168 
生成区块 dd62a 58. cP3KZJfNBYLxVjR6Mi3CG8LAEgt97N8t55 time: 7296 
生成区块 35b4a 59. cEo8s28oP5BLE1vEG6VRTmZbfdJD4M1Coe time: 7424 
生成区块 072ef 60. cMHuDEGM4CUE1wDbY2chPWjP8P1KJMWsVN time: 7552 
生成区块 27379 61. c7ij2QbLpRFSuZGB9bD7zPf8WYHg82ZY53 time: 7680 
生成区块 3e150 62. c6YdR5inKH4ZCWMiLS8MYYq1fGGXGE4mUw time: 7808 
生成区块 235f2 63. c3z5iLu15V6dfX988fugq2vP1FRgda1DEk time: 7936 
生成区块 20841 64. curtHB91mSGD2bK3SPXzS8vAfctvB5ZGc time: 8064 
生成区块 f69e8 65. cQEA1sRwbNVzMJTD85oGKQF87bX7xTet6d time: 8192 
生成区块 d7f62 66. c5RqaMzZGzMsmgQb533GSLWG64uKHJSJjB time: 8320 
生成区块 42eb5 67. cEo4bdeV2XJ3kUKp9EeTGGAC6rTejSg1Ny time: 8448 
生成区块 64065 68. c4giVDb2U9jr5WVUGg294bGwgCSKDz2xzJ time: 8576 
生成区块 45251 69. cD4uXeU9Aj7EpN9XLo5M5FqTMWofEjkuGT time: 8704 
生成区块 39950 70. c32KRhr1wZc8MKRPrEy1LBdojmAFLwpDN9 time: 8832 
生成区块 75ada 71. cNdBX3dCDfPGyvuAbbuBmWfSfXJ5D32xK1 time: 8960 
生成区块 ba399 72. c8PLVcgfgeMreGxVQxi8r42W4ZDukEB3M3 time: 9088 
生成区块 7f3fc 73. c9Hzte1gK9ekxMaXDfAS7SH8cTZ2ZaTip4 time: 9216 
生成区块 3bea7 74. cLwXBhfqd6PR2R6JdjkGc3LSwMPjsK1gKF time: 9344 
生成区块 af114 75. cDhdyM63XaEsjsfrgU2CsN8Cn63Ni5QAzc time: 9472 
生成区块 c1eeb 76. cCtpNbbApgDAuX38sJqLG2PERUsor94MHz time: 9600 
生成区块 7016e 77. c6bVeNUiLwSW3SGz38yv6w54JXphzxY3d3 time: 9728 
生成区块 0d76e 78. cMg3Pj5Mb8YnwQeeWmBKsPt8Zjgu4FHL9Y time: 9856 
生成区块 db776 79. cHMAxcAu6u3LEpfpCqJHD39unJtHCppfa7 time: 9984 
生成区块 d03a2 80. cN1r6YA2rpKwqyUQBo5eBfcbETXSYK8aWn time: 10112 
生成区块 611d3 81. cJXJ15YBxQ4zFU7vSUbeRwxgTmQncJy1CJ time: 10240 
生成区块 d8bc0 82. cGqWH1HYoZmFcpRbPfrE63u9SBxxLxN4Cp time: 10368 
生成区块 18c7b 83. c2KFmSdk8PcqcWuwDFhATW5VRJcs6xM4gn time: 10496 
生成区块 8f376 84. cFyn4v8T5ckT28MW17iUvvuK4Uk7nrpdZj time: 10624 
生成区块 bb105 85. c37jstTJJLuNuvERbc6MJbMkU1mPegQUoA time: 10752 
生成区块 fa24c 86. c5q6xxt1RkYYM1EXZGjwhPoU8y3K5uAkpX time: 10880 
生成区块 bec10 87. c5qUNZkdEgg62fGSWwU29yya7vVQET7xkt time: 11008 
生成区块 d4979 88. cKgAdasSHc1T6zUXPnmYEEtjeX7qKi11xb time: 11136 
生成区块 114e9 89. cALZico86XyeSaK3zTXMVtq6AUPqmrh6JV time: 11264 
生成区块 0b7eb 90. cKyVC3hXc7ffCzEjDq1RHxqwi7DWiWSWRX time: 11392 
生成区块 68b7a 91. cPBhhsQsNTKKkQw4DaYESjmBGFZZgiXJrK time: 11520 
生成区块 0b168 92. c3pPiHJASHMkxFxzStA1WLnagHxHnsZcD1 time: 11648 
生成区块 b41a9 93. cD6KwXfyUCPSscZoy3HeFuM3bFp4EvDpbe time: 11776 
生成区块 bed69 94. cJQtvwgB96A7fZMppeRE6tkNsykg7KQEsJ time: 11904 
生成区块 8476e 95. cHtrhRxSd6HgoFApv3Ww5T9BJSpzunrK74 time: 12032 
生成区块 e2ddf 96. c9JpYqYPy5ZwkP9dqP7uYsW2jUqjWK12Zy time: 12160 
生成区块 2a6c0 97. cLShHjVpQwRFy2pTLZ5wxDUBuULPXgNd5w time: 12288 
生成区块 fec56 98. c2pWhtuBZWGZHJVSoNJ3FYJfdjp1iyv8dr time: 12416 
生成区块 1f1f6 99. cDGZW6UisKZtt61rFmdMGZufCqtbWP9sLe time: 12544 
生成区块 3b2ae 100. cBX5XCMHodUGz6xHPKkS5jeb7kt1rrgqwb time: 12672 
生成区块 58784 101. cMbuszd6xHhsXa4qrSNHVEe7Z8Pr3TNneP time: 12800 
生成区块 8b83a 102. cBsvWnbQtMhGvzj3BDpFpr3A4EZiPXXrRQ time: 12928 
生成区块 63c57 103. cLR1q2Xobq6SLdbcGSmzx3USwuEReKyKdN time: 13056 
生成区块 1bef4 104. cQ88bJLhefXDhHwUorVeHKQhJrm2tDqkgM time: 13184 
生成区块 0cb25 105. cFf3VzWCjKv5VvYmLhzRkQZPhNQn8vANLz time: 13312 
生成区块 c73dd 106. cFxUbicQgwjsrHQj5JzP5GabZQ5Ep8vTUi time: 13440 
生成区块 8c221 107. cNtaqym4McrXt5pQZPtQCR7LyhE5pUsUCe time: 13568 
生成区块 9ca6a 108. c2ffGmyB8nMhkemELfsjNDsdG4t1EMeomv time: 13696 
生成区块 0a3e5 109. cPZUAVCxZSwrodndzmCsVcP38BskQRF1ny time: 13824 
生成区块 36213 110. cF6DjxtfzvJjbqvwWGb2AvUcwEkk6rBFm9 time: 13952 
生成区块 e8b5c 111. cFybQsjHqiX1DUbtZFXDPihvDeTveZQKkw time: 14080 
生成区块 b19f6 112. c4q2hHccaS3qcXGMqsGcasjbvj9aJsCuuy time: 14208 
生成区块 9a42c 113. cGELZtTz3qzbcAS9svzQjesXTB46ytduwg time: 14336 
生成区块 79c7b 114. cAkwj6utxuRKErXYHYnisXGJjqsQVdsuqA time: 14464 
生成区块 7895a 115. c582jFX2DfF45B65YSKN31qk6Ft9ckVAJm time: 14592 
生成区块 c3766 116. cKqAK2TLS5AiGm75CAuVLUv4D38MyqTD9M time: 14720 
生成区块 9a0db 117. c5AYPcDMUGr5JHErEo5y43SZG8JsF8YjG5 time: 14848 
生成区块 d6811 118. cH4RweoyEU363G5p7P2D1bEe5uccLNFJgC time: 14976 
生成区块 cb352 119. cGS6P65poK8GN5yhAtBj5ddDuDFh3k4YW8 time: 15104 
生成区块 adce3 120. c4aG5yDeGo4TqR6C9r2vBaaNXmR2Ro17SV time: 15232 
生成区块 dae37 121. cHdATqSzszEe335hM8kaNM267SH98BCpbx time: 15360 
生成区块 05597 122. cDUwDnum3J5bQo78LDWcCJLAASqRP4VSan time: 15488 
生成区块 5dfda 123. cCjrLJHLRUZci2Ak1W2BbgchJQLoQo86d7 time: 15616 
生成区块 50100 124. c81E6nEaLHJ25mFRTDSMar5YjmrYLsNr5v time: 15744 
生成区块 527f0 125. cCuaHXAe1hcEGgqz6eg8QC9UKQHZ1Cq2Qo time: 15872 
生成区块 30e0c 126. c3MCDGU8vFk6waxeeRbBUt3QaRvB6q1TAH time: 16000 
生成区块 9fe9d 127. cCmcRqAdKd24ft1Nuwzc6p1Uf5R47RSAUF time: 16128 
生成区块 9893b 128. cBy33bW2b8QX3Th6mjkpHRykPGLN9ahG9p time: 16256 
生成区块 d39b1 129. cKySkYVB4MhWhKczSUmY7WhF638hPx6U8N time: 16384 
生成区块 af3fd 130. c4wQ1qXmKFBBGeHeiT5QsB9oKwsGYmK2eA time: 16512 
生成区块 3b931 131. cBpRE96Ff1RR3kVoN9Hky6pnAtTky8cP4s time: 16640 
生成区块 d81d1 132. c7y8jqVoAmP9uHA6bYxT66KSPXz14tSahH time: 16768 
生成区块 19bdb 133. cKqjHi8u4n5RJJa1CxHgZbwHXS9cKC5Ekw time: 16896 
生成区块 33754 134. cNQzoCNDDYY2uqBEW6fb7B6HzFjyz6oCt8 time: 17024 
生成区块 036d4 135. cM8wVfYBZq6KtXCKAobMH9g9jLTcSfCiw5 time: 17152 
生成区块 67dbd 136. cFG8tkEage2m5qnpsd8giKe9kad6ACF3BY time: 17280 
生成区块 db47f 137. cNhu1W73hSpHzwJfzGbHf1tM9KWSGTtC8U time: 17408 
生成区块 894f4 138. cLrUCNAWPyPH96bqqC3JQXZ3CtsvvXmNj1 time: 17536 
生成区块 6ad4c 139. cPDXYf8tLYdv8LG43RxgHbNLi1ouxDcP8p time: 17664 
生成区块 ce515 140. cPNWUU9oB4NaxFagHDafkD2p54phRGSwqh time: 17792 
生成区块 7b98a 141. c6kHiX6mRcy3KeWCeb7MYAd8pfnDhnz8V7 time: 17920 
生成区块 54c06 142. cMyZAA4V27jEmysddCxCqXKAeN2bBvDsVU time: 18048 
生成区块 0fb59 143. c7LefZDapLTMcazj5gJdJJE4PePHQ2qpNu time: 18176 
生成区块 7e775 144. cGQ5NPs1k59LxCvxECXLKNpr4TezDvhMZn time: 18304 
生成区块 d5394 145. c2LMjYRGQbGAuNWBNyWrRr81WXzaZJqMdW time: 18432 
生成区块 6b91a 146. c5QActCYGusL7wEwV8sDTZ6QcekFBjBMhv time: 18560 
生成区块 f2030 147. cFtYf1e5Ng5QhZzHiPMvDyV3NQHxKBnLmV time: 18688 
生成区块 cbfde 148. c5rSRneu7iXf8r8N87raRev24kHGmkvPMT time: 18816 
生成区块 ffb77 149. cH6L4muHgCsNwfqFPEMMBJwTG6NWhVWqiv time: 18944 
生成区块 d5837 150. cMPVU5d8U87bqPTZsLaWiyAv5UbZwMENip time: 19072 
生成区块 754c1 151. cD4rsua9vmVMiPouRL7MJJcVPWKtQu8E5X time: 19200 
生成区块 0b1db 152. c6XZmkn23mSbiVVydY8WcEJSebM9RpRq8V time: 19328 
生成区块 c3294 153. cMtCaC4WmjBjZYbzrGZREJ9imX479XxpsM time: 19456 
生成区块 a2e19 154. cFtR9y1R2zvvd7DXUE5cQu4wVuHzMzKFXW time: 19584 
生成区块 0d4bb 155. cERnwrsCNpy4b8hQ683zpRFPw88yXuVXES time: 19712 
生成区块 f2c00 156. cBRJCW5SXiaJzDEFQhmLhCjizEBaprHj9w time: 19840 
生成区块 2448d 157. cCTtPZA7Ry9qEnLJm6yyWGFswdFC5hiMhe time: 19968 
生成区块 ec532 158. c3e7TaDkuPcWC8L7GfkixXsaZDpP5Rtasg time: 20096 
生成区块 15857 159. cMbTY5hZ2RXCVGPYgwjp3ybnM1EyQenDiy time: 20224 
生成区块 d0797 160. cBgQkrwMZdQzu3QgtkN4vTbDB2Zf7F9ndm time: 20352 
生成区块 7109f 161. c8Ke6FeamgemKfaAdppcUVoGfModE4CEyT time: 20480 
生成区块 7c11e 162. cKcsAB6U1KSkUrUsLr1ysdK5UrfCmFribi time: 20608 
生成区块 45c59 163. cLxoe3BFVFWJitksZZU7r7pyPbGxdV9FEw time: 20736 
生成区块 43636 164. cCET2Sxt2LPDhx44wxJ9uhkpviKNrSacvE time: 20864 
生成区块 a6e86 165. cFEaSoF3QceWxjnLsg9FoQyLVcUzVEpkSP time: 20992 
生成区块 44513 166. cGnmjV6fk5kFbTWztDtZhyr1a4Van4NPvR time: 21120 
生成区块 c7680 167. c5fjyiG9HYrHrzJnyLsMZSkw6M5JzkZWUY time: 21248 
生成区块 4420b 168. cKmsqZLYAY8xjsqSaFdUy2jUuewBpCCcf9 time: 21376 
生成区块 d5766 169. cNsdgX2hL8tpZuNV8pbqpcmmQXFYgyoHb3 time: 21504 
生成区块 61f74 170. cJzdd4agJhJR7psxQeH7beLeqarzeRrVWz time: 21632 
生成区块 b7a4a 171. cNqpoUrBTpPvGzpFsimJRMm1uDjvDPpigj time: 21760 
生成区块 884ae 172. cP3KZJfNBYLxVjR6Mi3CG8LAEgt97N8t55 time: 21888 
生成区块 90ee3 173. cEo8s28oP5BLE1vEG6VRTmZbfdJD4M1Coe time: 22016 
生成区块 b5521 174. cMHuDEGM4CUE1wDbY2chPWjP8P1KJMWsVN time: 22144 
生成区块 9a1ad 175. c7ij2QbLpRFSuZGB9bD7zPf8WYHg82ZY53 time: 22272 
生成区块 42d50 176. c6YdR5inKH4ZCWMiLS8MYYq1fGGXGE4mUw time: 22400 
生成区块 5d821 177. c3z5iLu15V6dfX988fugq2vP1FRgda1DEk time: 22528 
生成区块 61951 178. curtHB91mSGD2bK3SPXzS8vAfctvB5ZGc time: 22656 
生成区块 7773a 179. cQEA1sRwbNVzMJTD85oGKQF87bX7xTet6d time: 22784 
生成区块 ef3af 180. c5RqaMzZGzMsmgQb533GSLWG64uKHJSJjB time: 22912 
生成区块 227a8 181. cEo4bdeV2XJ3kUKp9EeTGGAC6rTejSg1Ny time: 23040 
生成区块 39df0 182. c4giVDb2U9jr5WVUGg294bGwgCSKDz2xzJ time: 23168 
生成区块 1f495 183. cD4uXeU9Aj7EpN9XLo5M5FqTMWofEjkuGT time: 23296 
生成区块 a2284 184. c32KRhr1wZc8MKRPrEy1LBdojmAFLwpDN9 time: 23424 
生成区块 ec06d 185. cNdBX3dCDfPGyvuAbbuBmWfSfXJ5D32xK1 time: 23552 
生成区块 6e350 186. c8PLVcgfgeMreGxVQxi8r42W4ZDukEB3M3 time: 23680 
生成区块 e7380 187. c9Hzte1gK9ekxMaXDfAS7SH8cTZ2ZaTip4 time: 23808 
生成区块 95803 188. cLwXBhfqd6PR2R6JdjkGc3LSwMPjsK1gKF time: 23936 
生成区块 35915 189. cDhdyM63XaEsjsfrgU2CsN8Cn63Ni5QAzc time: 24064 
生成区块 217ad 190. cCtpNbbApgDAuX38sJqLG2PERUsor94MHz time: 24192 
生成区块 7f01d 191. c6bVeNUiLwSW3SGz38yv6w54JXphzxY3d3 time: 24320 
生成区块 d60f3 192. cMg3Pj5Mb8YnwQeeWmBKsPt8Zjgu4FHL9Y time: 24448 
生成区块 308c5 193. cHMAxcAu6u3LEpfpCqJHD39unJtHCppfa7 time: 24576 
生成区块 58685 194. cN1r6YA2rpKwqyUQBo5eBfcbETXSYK8aWn time: 24704 
生成区块 3d7a7 195. cJXJ15YBxQ4zFU7vSUbeRwxgTmQncJy1CJ time: 24832 
生成区块 764f5 196. cGqWH1HYoZmFcpRbPfrE63u9SBxxLxN4Cp time: 24960 
生成区块 b71e7 197. c2KFmSdk8PcqcWuwDFhATW5VRJcs6xM4gn time: 25088 
生成区块 cb72f 198. cFyn4v8T5ckT28MW17iUvvuK4Uk7nrpdZj time: 25216 
生成区块 409bb 199. c37jstTJJLuNuvERbc6MJbMkU1mPegQUoA time: 25344 
生成区块 070e8 200. c5q6xxt1RkYYM1EXZGjwhPoU8y3K5uAkpX time: 25472 
生成区块 d520e 201. c5qUNZkdEgg62fGSWwU29yya7vVQET7xkt time: 25600 
生成区块 291ed 202. cKgAdasSHc1T6zUXPnmYEEtjeX7qKi11xb time: 25728 
生成区块 b6d87 203. cALZico86XyeSaK3zTXMVtq6AUPqmrh6JV time: 25856 
生成区块 e4a30 204. cKyVC3hXc7ffCzEjDq1RHxqwi7DWiWSWRX time: 25984 
生成区块 d4469 205. cPBhhsQsNTKKkQw4DaYESjmBGFZZgiXJrK time: 26112 
生成区块 ff3dd 206. c3pPiHJASHMkxFxzStA1WLnagHxHnsZcD1 time: 26240 
生成区块 ef7fe 207. cD6KwXfyUCPSscZoy3HeFuM3bFp4EvDpbe time: 26368 
生成区块 11cda 208. cJQtvwgB96A7fZMppeRE6tkNsykg7KQEsJ time: 26496 
生成区块 7fbc0 209. cHtrhRxSd6HgoFApv3Ww5T9BJSpzunrK74 time: 26624 
生成区块 0d247 210. c9JpYqYPy5ZwkP9dqP7uYsW2jUqjWK12Zy time: 26752 
生成区块 5c84c 211. cLShHjVpQwRFy2pTLZ5wxDUBuULPXgNd5w time: 26880 
生成区块 d5035 212. c2pWhtuBZWGZHJVSoNJ3FYJfdjp1iyv8dr time: 27008 
生成区块 b09a7 213. cDGZW6UisKZtt61rFmdMGZufCqtbWP9sLe time: 27136 
生成区块 af183 214. cBX5XCMHodUGz6xHPKkS5jeb7kt1rrgqwb time: 27264 
生成区块 ffa7b 215. cMbuszd6xHhsXa4qrSNHVEe7Z8Pr3TNneP time: 27392 
生成区块 11d45 216. cBsvWnbQtMhGvzj3BDpFpr3A4EZiPXXrRQ time: 27520 
生成区块 9950e 217. cLR1q2Xobq6SLdbcGSmzx3USwuEReKyKdN time: 27648 
生成区块 69bee 218. cQ88bJLhefXDhHwUorVeHKQhJrm2tDqkgM time: 27776 
生成区块 d98a3 219. cFf3VzWCjKv5VvYmLhzRkQZPhNQn8vANLz time: 27904 
生成区块 2fb6f 220. cFxUbicQgwjsrHQj5JzP5GabZQ5Ep8vTUi time: 28032 
生成区块 cd1ff 221. cNtaqym4McrXt5pQZPtQCR7LyhE5pUsUCe time: 28160 
生成区块 5ce9e 222. c2ffGmyB8nMhkemELfsjNDsdG4t1EMeomv time: 28288 
生成区块 7da86 223. cPZUAVCxZSwrodndzmCsVcP38BskQRF1ny time: 28416 
生成区块 20469 224. cF6DjxtfzvJjbqvwWGb2AvUcwEkk6rBFm9 time: 28544 
生成区块 56d2b 225. cFybQsjHqiX1DUbtZFXDPihvDeTveZQKkw time: 28672 
生成区块 43798 226. c4q2hHccaS3qcXGMqsGcasjbvj9aJsCuuy time: 28800 
生成区块 c0729 227. cGELZtTz3qzbcAS9svzQjesXTB46ytduwg time: 28928 
生成区块 fb360 228. cAkwj6utxuRKErXYHYnisXGJjqsQVdsuqA time: 29056 
生成区块 927a0 229. c582jFX2DfF45B65YSKN31qk6Ft9ckVAJm time: 29184 
生成区块 23f99 230. cKqAK2TLS5AiGm75CAuVLUv4D38MyqTD9M time: 29312 
生成区块 2e438 231. c5AYPcDMUGr5JHErEo5y43SZG8JsF8YjG5 time: 29440 
生成区块 e909d 232. cH4RweoyEU363G5p7P2D1bEe5uccLNFJgC time: 29568 
生成区块 c040f 233. cGS6P65poK8GN5yhAtBj5ddDuDFh3k4YW8 time: 29696 
生成区块 6da05 234. c4aG5yDeGo4TqR6C9r2vBaaNXmR2Ro17SV time: 29824 
生成区块 95ee7 235. cHdATqSzszEe335hM8kaNM267SH98BCpbx time: 29952 
生成区块 5b406 236. cDUwDnum3J5bQo78LDWcCJLAASqRP4VSan time: 30080 
生成区块 27934 237. cCjrLJHLRUZci2Ak1W2BbgchJQLoQo86d7 time: 30208 
生成区块 75be3 238. c81E6nEaLHJ25mFRTDSMar5YjmrYLsNr5v time: 30336 
生成区块 d0412 239. cCuaHXAe1hcEGgqz6eg8QC9UKQHZ1Cq2Qo time: 30464 
生成区块 f81d7 240. c3MCDGU8vFk6waxeeRbBUt3QaRvB6q1TAH time: 30592 
生成区块 eecbd 241. cCmcRqAdKd24ft1Nuwzc6p1Uf5R47RSAUF time: 30720 
生成区块 37105 242. cBy33bW2b8QX3Th6mjkpHRykPGLN9ahG9p time: 30848 
生成区块 fd309 243. cKySkYVB4MhWhKczSUmY7WhF638hPx6U8N time: 30976 
生成区块 b69cf 244. c4wQ1qXmKFBBGeHeiT5QsB9oKwsGYmK2eA time: 31104 
生成区块 027bf 245. cBpRE96Ff1RR3kVoN9Hky6pnAtTky8cP4s time: 31232 
生成区块 77190 246. c7y8jqVoAmP9uHA6bYxT66KSPXz14tSahH time: 31360 
生成区块 90945 247. cKqjHi8u4n5RJJa1CxHgZbwHXS9cKC5Ekw time: 31488 
生成区块 2da60 248. cNQzoCNDDYY2uqBEW6fb7B6HzFjyz6oCt8 time: 31616 
生成区块 d0b9f 249. cM8wVfYBZq6KtXCKAobMH9g9jLTcSfCiw5 time: 31744 
生成区块 fd472 250. cFG8tkEage2m5qnpsd8giKe9kad6ACF3BY time: 31872 
生成区块 66b11 251. cNhu1W73hSpHzwJfzGbHf1tM9KWSGTtC8U time: 32000 
生成区块 2523d 252. cLrUCNAWPyPH96bqqC3JQXZ3CtsvvXmNj1 time: 32128 
生成区块 f83fb 253. cPDXYf8tLYdv8LG43RxgHbNLi1ouxDcP8p time: 32256 
生成区块 3f0b3 254. cPNWUU9oB4NaxFagHDafkD2p54phRGSwqh time: 32384 
生成区块 3e9e2 255. c6kHiX6mRcy3KeWCeb7MYAd8pfnDhnz8V7 time: 32512 
生成区块 f48db 256. cMyZAA4V27jEmysddCxCqXKAeN2bBvDsVU time: 32640 
生成区块 894b1 257. c7LefZDapLTMcazj5gJdJJE4PePHQ2qpNu time: 32768 
生成区块 d2767 258. cGQ5NPs1k59LxCvxECXLKNpr4TezDvhMZn time: 32896 
生成区块 78bc9 259. c2LMjYRGQbGAuNWBNyWrRr81WXzaZJqMdW time: 33024 
生成区块 0f230 260. c5QActCYGusL7wEwV8sDTZ6QcekFBjBMhv time: 33152 
生成区块 2e8f8 261. cFtYf1e5Ng5QhZzHiPMvDyV3NQHxKBnLmV time: 33280 
生成区块 73de7 262. c5rSRneu7iXf8r8N87raRev24kHGmkvPMT time: 33408 
生成区块 26289 263. cH6L4muHgCsNwfqFPEMMBJwTG6NWhVWqiv time: 33536 
生成区块 e7fe4 264. cMPVU5d8U87bqPTZsLaWiyAv5UbZwMENip time: 33664 
生成区块 b72da 265. cD4rsua9vmVMiPouRL7MJJcVPWKtQu8E5X time: 33792 
生成区块 5ba1d 266. c6XZmkn23mSbiVVydY8WcEJSebM9RpRq8V time: 33920 
生成区块 3068e 267. cMtCaC4WmjBjZYbzrGZREJ9imX479XxpsM time: 34048 
生成区块 6d995 268. cFtR9y1R2zvvd7DXUE5cQu4wVuHzMzKFXW time: 34176 
生成区块 02d70 269. cERnwrsCNpy4b8hQ683zpRFPw88yXuVXES time: 34304 
生成区块 b4df8 270. cBRJCW5SXiaJzDEFQhmLhCjizEBaprHj9w time: 34432 
生成区块 978cc 271. cCTtPZA7Ry9qEnLJm6yyWGFswdFC5hiMhe time: 34560 
生成区块 33747 272. c3e7TaDkuPcWC8L7GfkixXsaZDpP5Rtasg time: 34688 
生成区块 6180d 273. cMbTY5hZ2RXCVGPYgwjp3ybnM1EyQenDiy time: 34816 
生成区块 4f87a 274. cBgQkrwMZdQzu3QgtkN4vTbDB2Zf7F9ndm time: 34944 
生成区块 c0a5b 275. c8Ke6FeamgemKfaAdppcUVoGfModE4CEyT time: 35072 
生成区块 95d1a 276. cKcsAB6U1KSkUrUsLr1ysdK5UrfCmFribi time: 35200 
生成区块 2328c 277. cLxoe3BFVFWJitksZZU7r7pyPbGxdV9FEw time: 35328 
生成区块 4045f 278. cCET2Sxt2LPDhx44wxJ9uhkpviKNrSacvE time: 35456 
生成区块 5931b 279. cFEaSoF3QceWxjnLsg9FoQyLVcUzVEpkSP time: 35584 
生成区块 d53bd 280. cGnmjV6fk5kFbTWztDtZhyr1a4Van4NPvR time: 35712 
生成区块 59bc0 281. c5fjyiG9HYrHrzJnyLsMZSkw6M5JzkZWUY time: 35840 
生成区块 7f048 282. cKmsqZLYAY8xjsqSaFdUy2jUuewBpCCcf9 time: 35968 
生成区块 f9162 283. cNsdgX2hL8tpZuNV8pbqpcmmQXFYgyoHb3 time: 36096 
生成区块 3ac31 284. cJzdd4agJhJR7psxQeH7beLeqarzeRrVWz time: 36224 
生成区块 74971 285. cNqpoUrBTpPvGzpFsimJRMm1uDjvDPpigj time: 36352 
生成区块 20731 286. cP3KZJfNBYLxVjR6Mi3CG8LAEgt97N8t55 time: 36480 
生成区块 f8f4a 287. cEo8s28oP5BLE1vEG6VRTmZbfdJD4M1Coe time: 36608 
生成区块 e9093 288. cMHuDEGM4CUE1wDbY2chPWjP8P1KJMWsVN time: 36736 
生成区块 330db 289. c7ij2QbLpRFSuZGB9bD7zPf8WYHg82ZY53 time: 36864 
生成区块 235ed 290. c6YdR5inKH4ZCWMiLS8MYYq1fGGXGE4mUw time: 36992 
生成区块 27fa8 291. c3z5iLu15V6dfX988fugq2vP1FRgda1DEk time: 37120 
生成区块 b20b9 292. curtHB91mSGD2bK3SPXzS8vAfctvB5ZGc time: 37248 
生成区块 ecc69 293. cQEA1sRwbNVzMJTD85oGKQF87bX7xTet6d time: 37376 
生成区块 0a228 294. c5RqaMzZGzMsmgQb533GSLWG64uKHJSJjB time: 37504 
生成区块 137b2 295. cEo4bdeV2XJ3kUKp9EeTGGAC6rTejSg1Ny time: 37632 
生成区块 062f4 296. c4giVDb2U9jr5WVUGg294bGwgCSKDz2xzJ time: 37760 
生成区块 b3abc 297. cD4uXeU9Aj7EpN9XLo5M5FqTMWofEjkuGT time: 37888 
生成区块 18623 298. c32KRhr1wZc8MKRPrEy1LBdojmAFLwpDN9 time: 38016 
生成区块 370e0 299. cNdBX3dCDfPGyvuAbbuBmWfSfXJ5D32xK1 time: 38144 
生成区块 5db8f 300. c8PLVcgfgeMreGxVQxi8r42W4ZDukEB3M3 time: 38272 
生成区块 35ae0 301. c9Hzte1gK9ekxMaXDfAS7SH8cTZ2ZaTip4 time: 38400 
生成区块 2f06d 302. cLwXBhfqd6PR2R6JdjkGc3LSwMPjsK1gKF time: 38528 
生成区块 3a2a0 303. cDhdyM63XaEsjsfrgU2CsN8Cn63Ni5QAzc time: 38656 
生成区块 8da65 304. cCtpNbbApgDAuX38sJqLG2PERUsor94MHz time: 38784 
生成区块 f31ff 305. c6bVeNUiLwSW3SGz38yv6w54JXphzxY3d3 time: 38912 
生成区块 6f87e 306. cMg3Pj5Mb8YnwQeeWmBKsPt8Zjgu4FHL9Y time: 39040 
生成区块 9f258 307. cHMAxcAu6u3LEpfpCqJHD39unJtHCppfa7 time: 39168 
生成区块 05fc1 308. cN1r6YA2rpKwqyUQBo5eBfcbETXSYK8aWn time: 39296 
生成区块 b3c75 309. cJXJ15YBxQ4zFU7vSUbeRwxgTmQncJy1CJ time: 39424 
生成区块 520e3 310. cGqWH1HYoZmFcpRbPfrE63u9SBxxLxN4Cp time: 39552 
生成区块 896ec 311. c2KFmSdk8PcqcWuwDFhATW5VRJcs6xM4gn time: 39680 
生成区块 aad15 312. cFyn4v8T5ckT28MW17iUvvuK4Uk7nrpdZj time: 39808 
生成区块 da034 313. c37jstTJJLuNuvERbc6MJbMkU1mPegQUoA time: 39936 
生成区块 b6223 314. c5q6xxt1RkYYM1EXZGjwhPoU8y3K5uAkpX time: 40064 
生成区块 56199 315. c5qUNZkdEgg62fGSWwU29yya7vVQET7xkt time: 40192 
生成区块 0b107 316. cKgAdasSHc1T6zUXPnmYEEtjeX7qKi11xb time: 40320 
生成区块 ccdd8 317. cALZico86XyeSaK3zTXMVtq6AUPqmrh6JV time: 40448 
生成区块 2ed45 318. cKyVC3hXc7ffCzEjDq1RHxqwi7DWiWSWRX time: 40576 
生成区块 a8c74 319. cPBhhsQsNTKKkQw4DaYESjmBGFZZgiXJrK time: 40704 
生成区块 af85e 320. c3pPiHJASHMkxFxzStA1WLnagHxHnsZcD1 time: 40832 
生成区块 8162c 321. cD6KwXfyUCPSscZoy3HeFuM3bFp4EvDpbe time: 40960 
生成区块 44805 322. cJQtvwgB96A7fZMppeRE6tkNsykg7KQEsJ time: 41088 
生成区块 701eb 323. cHtrhRxSd6HgoFApv3Ww5T9BJSpzunrK74 time: 41216 
生成区块 1571e 324. c9JpYqYPy5ZwkP9dqP7uYsW2jUqjWK12Zy time: 41344 
生成区块 9eb1a 325. cLShHjVpQwRFy2pTLZ5wxDUBuULPXgNd5w time: 41472 
生成区块 2113a 326. c2pWhtuBZWGZHJVSoNJ3FYJfdjp1iyv8dr time: 41600 
生成区块 21f28 327. cDGZW6UisKZtt61rFmdMGZufCqtbWP9sLe time: 41728 
生成区块 4ccbf 328. cBX5XCMHodUGz6xHPKkS5jeb7kt1rrgqwb time: 41856 
生成区块 996e3 329. cMbuszd6xHhsXa4qrSNHVEe7Z8Pr3TNneP time: 41984 
生成区块 628ae 330. cBsvWnbQtMhGvzj3BDpFpr3A4EZiPXXrRQ time: 42112 
生成区块 e0e7b 331. cLR1q2Xobq6SLdbcGSmzx3USwuEReKyKdN time: 42240 
生成区块 1645a 332. cQ88bJLhefXDhHwUorVeHKQhJrm2tDqkgM time: 42368 
生成区块 3dc3e 333. cFf3VzWCjKv5VvYmLhzRkQZPhNQn8vANLz time: 42496 
生成区块 389d8 334. cFxUbicQgwjsrHQj5JzP5GabZQ5Ep8vTUi time: 42624 
生成区块 17427 335. cNtaqym4McrXt5pQZPtQCR7LyhE5pUsUCe time: 42752 
生成区块 ed3ca 336. c2ffGmyB8nMhkemELfsjNDsdG4t1EMeomv time: 42880 
生成区块 de46e 337. cPZUAVCxZSwrodndzmCsVcP38BskQRF1ny time: 43008 
生成区块 06cb7 338. cF6DjxtfzvJjbqvwWGb2AvUcwEkk6rBFm9 time: 43136 
生成区块 9f942 339. cFybQsjHqiX1DUbtZFXDPihvDeTveZQKkw time: 43264 
生成区块 9f56b 340. c4q2hHccaS3qcXGMqsGcasjbvj9aJsCuuy time: 43392 
生成区块 b4b1b 341. cGELZtTz3qzbcAS9svzQjesXTB46ytduwg time: 43520 
生成区块 083fe 342. cAkwj6utxuRKErXYHYnisXGJjqsQVdsuqA time: 43648 
生成区块 4aa5c 343. c582jFX2DfF45B65YSKN31qk6Ft9ckVAJm time: 43776 
生成区块 44b61 344. cKqAK2TLS5AiGm75CAuVLUv4D38MyqTD9M time: 43904 
生成区块 8f0ed 345. c5AYPcDMUGr5JHErEo5y43SZG8JsF8YjG5 time: 44032 
生成区块 cfb98 346. cH4RweoyEU363G5p7P2D1bEe5uccLNFJgC time: 44160 
生成区块 6bdc1 347. cGS6P65poK8GN5yhAtBj5ddDuDFh3k4YW8 time: 44288 
生成区块 39912 348. c4aG5yDeGo4TqR6C9r2vBaaNXmR2Ro17SV time: 44416 
生成区块 3da87 349. cHdATqSzszEe335hM8kaNM267SH98BCpbx time: 44544 
生成区块 a4c06 350. cDUwDnum3J5bQo78LDWcCJLAASqRP4VSan time: 44672 
生成区块 553b8 351. cCjrLJHLRUZci2Ak1W2BbgchJQLoQo86d7 time: 44800 
生成区块 0e49d 352. c81E6nEaLHJ25mFRTDSMar5YjmrYLsNr5v time: 44928 
生成区块 00438 353. cCuaHXAe1hcEGgqz6eg8QC9UKQHZ1Cq2Qo time: 45056 
生成区块 f9fd9 354. c3MCDGU8vFk6waxeeRbBUt3QaRvB6q1TAH time: 45184 
生成区块 d384a 355. cCmcRqAdKd24ft1Nuwzc6p1Uf5R47RSAUF time: 45312 
生成区块 36727 356. cBy33bW2b8QX3Th6mjkpHRykPGLN9ahG9p time: 45440 
生成区块 5fdd3 357. cKySkYVB4MhWhKczSUmY7WhF638hPx6U8N time: 45568 
生成区块 16314 358. c4wQ1qXmKFBBGeHeiT5QsB9oKwsGYmK2eA time: 45696 
生成区块 9c340 359. cBpRE96Ff1RR3kVoN9Hky6pnAtTky8cP4s time: 45824 
生成区块 af79f 360. c7y8jqVoAmP9uHA6bYxT66KSPXz14tSahH time: 45952 
生成区块 cbd90 361. cKqjHi8u4n5RJJa1CxHgZbwHXS9cKC5Ekw time: 46080 
生成区块 943d3 362. cNQzoCNDDYY2uqBEW6fb7B6HzFjyz6oCt8 time: 46208 
生成区块 b77ea 363. cM8wVfYBZq6KtXCKAobMH9g9jLTcSfCiw5 time: 46336 
生成区块 7e97f 364. cFG8tkEage2m5qnpsd8giKe9kad6ACF3BY time: 46464 
生成区块 854b4 365. cNhu1W73hSpHzwJfzGbHf1tM9KWSGTtC8U time: 46592 
生成区块 c7035 366. cLrUCNAWPyPH96bqqC3JQXZ3CtsvvXmNj1 time: 46720 
生成区块 ba4a3 367. cPDXYf8tLYdv8LG43RxgHbNLi1ouxDcP8p time: 46848 
生成区块 c0de2 368. cPNWUU9oB4NaxFagHDafkD2p54phRGSwqh time: 46976 
生成区块 20a82 369. c6kHiX6mRcy3KeWCeb7MYAd8pfnDhnz8V7 time: 47104 
生成区块 a4d95 370. cMyZAA4V27jEmysddCxCqXKAeN2bBvDsVU time: 47232 
生成区块 c3661 371. c7LefZDapLTMcazj5gJdJJE4PePHQ2qpNu time: 47360 
生成区块 3633f 372. cGQ5NPs1k59LxCvxECXLKNpr4TezDvhMZn time: 47488 
生成区块 6e39a 373. c2LMjYRGQbGAuNWBNyWrRr81WXzaZJqMdW time: 47616 
生成区块 fdd55 374. c5QActCYGusL7wEwV8sDTZ6QcekFBjBMhv time: 47744 
生成区块 eaec8 375. cFtYf1e5Ng5QhZzHiPMvDyV3NQHxKBnLmV time: 47872 
生成区块 cb29d 376. c5rSRneu7iXf8r8N87raRev24kHGmkvPMT time: 48000 
生成区块 9cdd3 377. cH6L4muHgCsNwfqFPEMMBJwTG6NWhVWqiv time: 48128 
生成区块 765a7 378. cMPVU5d8U87bqPTZsLaWiyAv5UbZwMENip time: 48256 
生成区块 76142 379. cD4rsua9vmVMiPouRL7MJJcVPWKtQu8E5X time: 48384 
生成区块 e2379 380. c6XZmkn23mSbiVVydY8WcEJSebM9RpRq8V time: 48512 
生成区块 5288a 381. cMtCaC4WmjBjZYbzrGZREJ9imX479XxpsM time: 48640 
生成区块 e217e 382. cFtR9y1R2zvvd7DXUE5cQu4wVuHzMzKFXW time: 48768 
生成区块 58923 383. cERnwrsCNpy4b8hQ683zpRFPw88yXuVXES time: 48896 
生成区块 d7d30 384. cBRJCW5SXiaJzDEFQhmLhCjizEBaprHj9w time: 49024 
生成区块 54f4a 385. cCTtPZA7Ry9qEnLJm6yyWGFswdFC5hiMhe time: 49152 
生成区块 de2e7 386. c3e7TaDkuPcWC8L7GfkixXsaZDpP5Rtasg time: 49280 
生成区块 104ab 387. cMbTY5hZ2RXCVGPYgwjp3ybnM1EyQenDiy time: 49408 
生成区块 07bd3 388. cBgQkrwMZdQzu3QgtkN4vTbDB2Zf7F9ndm time: 49536 
生成区块 697af 389. c8Ke6FeamgemKfaAdppcUVoGfModE4CEyT time: 49664 
生成区块 41ca9 390. cKcsAB6U1KSkUrUsLr1ysdK5UrfCmFribi time: 49792 
生成区块 530a6 391. cLxoe3BFVFWJitksZZU7r7pyPbGxdV9FEw time: 49920 
生成区块 fb865 392. cCET2Sxt2LPDhx44wxJ9uhkpviKNrSacvE time: 50048 
生成区块 2a1af 393. cFEaSoF3QceWxjnLsg9FoQyLVcUzVEpkSP time: 50176 
生成区块 fdd95 394. cGnmjV6fk5kFbTWztDtZhyr1a4Van4NPvR time: 50304 
生成区块 9b1ea 395. c5fjyiG9HYrHrzJnyLsMZSkw6M5JzkZWUY time: 50432 
生成区块 05091 396. cKmsqZLYAY8xjsqSaFdUy2jUuewBpCCcf9 time: 50560 
生成区块 12abf 397. cNsdgX2hL8tpZuNV8pbqpcmmQXFYgyoHb3 time: 50688 
生成区块 f7ace 398. cJzdd4agJhJR7psxQeH7beLeqarzeRrVWz time: 50816 
生成区块 0bf92 399. cNqpoUrBTpPvGzpFsimJRMm1uDjvDPpigj time: 50944 
生成区块 dfa34 400. cP3KZJfNBYLxVjR6Mi3CG8LAEgt97N8t55 time: 51072 
生成区块 ab860 401. cEo8s28oP5BLE1vEG6VRTmZbfdJD4M1Coe time: 51200 
生成区块 e01f6 402. cMHuDEGM4CUE1wDbY2chPWjP8P1KJMWsVN time: 51328 
生成区块 fd642 403. c7ij2QbLpRFSuZGB9bD7zPf8WYHg82ZY53 time: 51456 
生成区块 05123 404. c6YdR5inKH4ZCWMiLS8MYYq1fGGXGE4mUw time: 51584 
生成区块 0105c 405. c3z5iLu15V6dfX988fugq2vP1FRgda1DEk time: 51712 
生成区块 f52f0 406. curtHB91mSGD2bK3SPXzS8vAfctvB5ZGc time: 51840 
生成区块 62d23 407. cQEA1sRwbNVzMJTD85oGKQF87bX7xTet6d time: 51968 
生成区块 4718b 408. c5RqaMzZGzMsmgQb533GSLWG64uKHJSJjB time: 52096 
生成区块 ed48f 409. cEo4bdeV2XJ3kUKp9EeTGGAC6rTejSg1Ny time: 52224 
生成区块 40d01 410. c4giVDb2U9jr5WVUGg294bGwgCSKDz2xzJ time: 52352 
生成区块 7ba68 411. cD4uXeU9Aj7EpN9XLo5M5FqTMWofEjkuGT time: 52480 
生成区块 00a9a 412. c32KRhr1wZc8MKRPrEy1LBdojmAFLwpDN9 time: 52608 
生成区块 82173 413. cNdBX3dCDfPGyvuAbbuBmWfSfXJ5D32xK1 time: 52736 
生成区块 a0ef1 414. c8PLVcgfgeMreGxVQxi8r42W4ZDukEB3M3 time: 52864 
生成区块 bb2e3 415. c9Hzte1gK9ekxMaXDfAS7SH8cTZ2ZaTip4 time: 52992 
生成区块 cfd10 416. cLwXBhfqd6PR2R6JdjkGc3LSwMPjsK1gKF time: 53120 
生成区块 765c9 417. cDhdyM63XaEsjsfrgU2CsN8Cn63Ni5QAzc time: 53248 
生成区块 acd2e 418. cCtpNbbApgDAuX38sJqLG2PERUsor94MHz time: 53376 
生成区块 6417c 419. c6bVeNUiLwSW3SGz38yv6w54JXphzxY3d3 time: 53504 
生成区块 db7fd 420. cMg3Pj5Mb8YnwQeeWmBKsPt8Zjgu4FHL9Y time: 53632 
生成区块 af550 421. cHMAxcAu6u3LEpfpCqJHD39unJtHCppfa7 time: 53760 
生成区块 3a720 422. cN1r6YA2rpKwqyUQBo5eBfcbETXSYK8aWn time: 53888 
生成区块 f3289 423. cJXJ15YBxQ4zFU7vSUbeRwxgTmQncJy1CJ time: 54016 
生成区块 3dd9d 424. cGqWH1HYoZmFcpRbPfrE63u9SBxxLxN4Cp time: 54144 
生成区块 0e8c8 425. c2KFmSdk8PcqcWuwDFhATW5VRJcs6xM4gn time: 54272 
生成区块 66383 426. cFyn4v8T5ckT28MW17iUvvuK4Uk7nrpdZj time: 54400 
生成区块 d9079 427. c37jstTJJLuNuvERbc6MJbMkU1mPegQUoA time: 54528 
生成区块 251a9 428. c5q6xxt1RkYYM1EXZGjwhPoU8y3K5uAkpX time: 54656 
生成区块 cd81d 429. c5qUNZkdEgg62fGSWwU29yya7vVQET7xkt time: 54784 
生成区块 cfe8a 430. cKgAdasSHc1T6zUXPnmYEEtjeX7qKi11xb time: 54912 
生成区块 6f729 431. cALZico86XyeSaK3zTXMVtq6AUPqmrh6JV time: 55040 
生成区块 60515 432. cKyVC3hXc7ffCzEjDq1RHxqwi7DWiWSWRX time: 55168 
生成区块 23d9e 433. cPBhhsQsNTKKkQw4DaYESjmBGFZZgiXJrK time: 55296 
生成区块 176ed 434. c3pPiHJASHMkxFxzStA1WLnagHxHnsZcD1 time: 55424 
生成区块 94af3 435. cD6KwXfyUCPSscZoy3HeFuM3bFp4EvDpbe time: 55552 
生成区块 41e39 436. cJQtvwgB96A7fZMppeRE6tkNsykg7KQEsJ time: 55680 
生成区块 3e7de 437. cHtrhRxSd6HgoFApv3Ww5T9BJSpzunrK74 time: 55808 
生成区块 839de 438. c9JpYqYPy5ZwkP9dqP7uYsW2jUqjWK12Zy time: 55936 
生成区块 f229f 439. cLShHjVpQwRFy2pTLZ5wxDUBuULPXgNd5w time: 56064 
生成区块 7c055 440. c2pWhtuBZWGZHJVSoNJ3FYJfdjp1iyv8dr time: 56192 
生成区块 a3312 441. cDGZW6UisKZtt61rFmdMGZufCqtbWP9sLe time: 56320 
生成区块 d62a4 442. cBX5XCMHodUGz6xHPKkS5jeb7kt1rrgqwb time: 56448 
生成区块 23552 443. cMbuszd6xHhsXa4qrSNHVEe7Z8Pr3TNneP time: 56576 
生成区块 5eadd 444. cBsvWnbQtMhGvzj3BDpFpr3A4EZiPXXrRQ time: 56704 
生成区块 783fc 445. cLR1q2Xobq6SLdbcGSmzx3USwuEReKyKdN time: 56832 
生成区块 8c66c 446. cQ88bJLhefXDhHwUorVeHKQhJrm2tDqkgM time: 56960 
生成区块 d42fe 447. cFf3VzWCjKv5VvYmLhzRkQZPhNQn8vANLz time: 57088 
生成区块 d7145 448. cFxUbicQgwjsrHQj5JzP5GabZQ5Ep8vTUi time: 57216 
生成区块 1ce2f 449. cNtaqym4McrXt5pQZPtQCR7LyhE5pUsUCe time: 57344 
生成区块 6cb82 450. c2ffGmyB8nMhkemELfsjNDsdG4t1EMeomv time: 57472 
生成区块 3324b 451. cPZUAVCxZSwrodndzmCsVcP38BskQRF1ny time: 57600 
生成区块 469e3 452. cF6DjxtfzvJjbqvwWGb2AvUcwEkk6rBFm9 time: 57728 
生成区块 60222 453. cFybQsjHqiX1DUbtZFXDPihvDeTveZQKkw time: 57856 
生成区块 e036a 454. c4q2hHccaS3qcXGMqsGcasjbvj9aJsCuuy time: 57984 
生成区块 789b1 455. cGELZtTz3qzbcAS9svzQjesXTB46ytduwg time: 58112 
生成区块 08af6 456. cAkwj6utxuRKErXYHYnisXGJjqsQVdsuqA time: 58240 
生成区块 22437 457. c582jFX2DfF45B65YSKN31qk6Ft9ckVAJm time: 58368 
生成区块 a129b 458. cKqAK2TLS5AiGm75CAuVLUv4D38MyqTD9M time: 58496 
生成区块 0e9de 459. c5AYPcDMUGr5JHErEo5y43SZG8JsF8YjG5 time: 58624 
生成区块 b0a9c 460. cH4RweoyEU363G5p7P2D1bEe5uccLNFJgC time: 58752 
生成区块 c803e 461. cGS6P65poK8GN5yhAtBj5ddDuDFh3k4YW8 time: 58880 
生成区块 0eca5 462. c4aG5yDeGo4TqR6C9r2vBaaNXmR2Ro17SV time: 59008 
生成区块 689d4 463. cHdATqSzszEe335hM8kaNM267SH98BCpbx time: 59136 
生成区块 bc202 464. cDUwDnum3J5bQo78LDWcCJLAASqRP4VSan time: 59264 
生成区块 d692b 465. cCjrLJHLRUZci2Ak1W2BbgchJQLoQo86d7 time: 59392 
生成区块 cf09b 466. c81E6nEaLHJ25mFRTDSMar5YjmrYLsNr5v time: 59520 
生成区块 a1ac2 467. cCuaHXAe1hcEGgqz6eg8QC9UKQHZ1Cq2Qo time: 59648 
生成区块 547d2 468. c3MCDGU8vFk6waxeeRbBUt3QaRvB6q1TAH time: 59776 
生成区块 4de22 469. cCmcRqAdKd24ft1Nuwzc6p1Uf5R47RSAUF time: 59904 
生成区块 e9dce 470. cBy33bW2b8QX3Th6mjkpHRykPGLN9ahG9p time: 60032 
生成区块 2184e 471. cKySkYVB4MhWhKczSUmY7WhF638hPx6U8N time: 60160 
生成区块 5cd6b 472. c4wQ1qXmKFBBGeHeiT5QsB9oKwsGYmK2eA time: 60288 
生成区块 6294d 473. cBpRE96Ff1RR3kVoN9Hky6pnAtTky8cP4s time: 60416 
生成区块 020d3 474. c7y8jqVoAmP9uHA6bYxT66KSPXz14tSahH time: 60544 
生成区块 aa36f 475. cKqjHi8u4n5RJJa1CxHgZbwHXS9cKC5Ekw time: 60672 
生成区块 3f816 476. cNQzoCNDDYY2uqBEW6fb7B6HzFjyz6oCt8 time: 60800 
生成区块 6886e 477. cM8wVfYBZq6KtXCKAobMH9g9jLTcSfCiw5 time: 60928 
生成区块 6ab45 478. cFG8tkEage2m5qnpsd8giKe9kad6ACF3BY time: 61056 
生成区块 313a2 479. cNhu1W73hSpHzwJfzGbHf1tM9KWSGTtC8U time: 61184 
生成区块 22e38 480. cLrUCNAWPyPH96bqqC3JQXZ3CtsvvXmNj1 time: 61312 
生成区块 e49a2 481. cPDXYf8tLYdv8LG43RxgHbNLi1ouxDcP8p time: 61440 
生成区块 e15d1 482. cPNWUU9oB4NaxFagHDafkD2p54phRGSwqh time: 61568 
生成区块 e86a6 483. c6kHiX6mRcy3KeWCeb7MYAd8pfnDhnz8V7 time: 61696 
生成区块 44b00 484. cMyZAA4V27jEmysddCxCqXKAeN2bBvDsVU time: 61824 
生成区块 432eb 485. c7LefZDapLTMcazj5gJdJJE4PePHQ2qpNu time: 61952 
生成区块 0f07d 486. cGQ5NPs1k59LxCvxECXLKNpr4TezDvhMZn time: 62080 
生成区块 cec72 487. c2LMjYRGQbGAuNWBNyWrRr81WXzaZJqMdW time: 62208 
生成区块 9218b 488. c5QActCYGusL7wEwV8sDTZ6QcekFBjBMhv time: 62336 
生成区块 cc42f 489. cFtYf1e5Ng5QhZzHiPMvDyV3NQHxKBnLmV time: 62464 
生成区块 792e3 490. c5rSRneu7iXf8r8N87raRev24kHGmkvPMT time: 62592 
生成区块 cf13f 491. cH6L4muHgCsNwfqFPEMMBJwTG6NWhVWqiv time: 62720 
生成区块 3d080 492. cMPVU5d8U87bqPTZsLaWiyAv5UbZwMENip time: 62848 
生成区块 ecec0 493. cD4rsua9vmVMiPouRL7MJJcVPWKtQu8E5X time: 62976 
生成区块 bf8a4 494. c6XZmkn23mSbiVVydY8WcEJSebM9RpRq8V time: 63104 
生成区块 5fbd4 495. cMtCaC4WmjBjZYbzrGZREJ9imX479XxpsM time: 63232 
生成区块 8af29 496. cFtR9y1R2zvvd7DXUE5cQu4wVuHzMzKFXW time: 63360 
生成区块 2ffaa 497. cERnwrsCNpy4b8hQ683zpRFPw88yXuVXES time: 63488 
生成区块 90040 498. cBRJCW5SXiaJzDEFQhmLhCjizEBaprHj9w time: 63616 
生成区块 5de48 499. cCTtPZA7Ry9qEnLJm6yyWGFswdFC5hiMhe time: 63744 
生成区块 b454c 500. c3e7TaDkuPcWC8L7GfkixXsaZDpP5Rtasg time: 63872 
生成区块 00616 501. cMbTY5hZ2RXCVGPYgwjp3ybnM1EyQenDiy time: 64000 
生成区块 e1c82 502. cBgQkrwMZdQzu3QgtkN4vTbDB2Zf7F9ndm time: 64128 
生成区块 db7d3 503. c8Ke6FeamgemKfaAdppcUVoGfModE4CEyT time: 64256 
生成区块 c503a 504. cKcsAB6U1KSkUrUsLr1ysdK5UrfCmFribi time: 64384 
生成区块 505ff 505. cLxoe3BFVFWJitksZZU7r7pyPbGxdV9FEw time: 64512 
生成区块 17781 506. cCET2Sxt2LPDhx44wxJ9uhkpviKNrSacvE time: 64640 
生成区块 09bae 507. cFEaSoF3QceWxjnLsg9FoQyLVcUzVEpkSP time: 64768 
生成区块 d171d 508. cGnmjV6fk5kFbTWztDtZhyr1a4Van4NPvR time: 64896 
生成区块 8c470 509. c5fjyiG9HYrHrzJnyLsMZSkw6M5JzkZWUY time: 65024 
生成区块 68f17 510. cKmsqZLYAY8xjsqSaFdUy2jUuewBpCCcf9 time: 65152 
生成区块 b0009 511. cNsdgX2hL8tpZuNV8pbqpcmmQXFYgyoHb3 time: 65280 
生成区块 6052a 512. cJzdd4agJhJR7psxQeH7beLeqarzeRrVWz time: 65408 
生成区块 0fdbf 513. cNqpoUrBTpPvGzpFsimJRMm1uDjvDPpigj time: 65536 
生成区块 3983b 514. cP3KZJfNBYLxVjR6Mi3CG8LAEgt97N8t55 time: 65664 
生成区块 33225 515. cEo8s28oP5BLE1vEG6VRTmZbfdJD4M1Coe time: 65792 
生成区块 d729c 516. cMHuDEGM4CUE1wDbY2chPWjP8P1KJMWsVN time: 65920 
生成区块 5dce0 517. c7ij2QbLpRFSuZGB9bD7zPf8WYHg82ZY53 time: 66048 
生成区块 6ce60 518. c6YdR5inKH4ZCWMiLS8MYYq1fGGXGE4mUw time: 66176 
生成区块 074ed 519. c3z5iLu15V6dfX988fugq2vP1FRgda1DEk time: 66304 
生成区块 48239 520. curtHB91mSGD2bK3SPXzS8vAfctvB5ZGc time: 66432 
生成区块 3a592 521. cQEA1sRwbNVzMJTD85oGKQF87bX7xTet6d time: 66560 
生成区块 91174 522. c5RqaMzZGzMsmgQb533GSLWG64uKHJSJjB time: 66688 
生成区块 84ead 523. cEo4bdeV2XJ3kUKp9EeTGGAC6rTejSg1Ny time: 66816 
生成区块 09ecb 524. c4giVDb2U9jr5WVUGg294bGwgCSKDz2xzJ time: 66944 
生成区块 8f0fc 525. cD4uXeU9Aj7EpN9XLo5M5FqTMWofEjkuGT time: 67072 
生成区块 3cd75 526. c32KRhr1wZc8MKRPrEy1LBdojmAFLwpDN9 time: 67200 
生成区块 f4a99 527. cNdBX3dCDfPGyvuAbbuBmWfSfXJ5D32xK1 time: 67328 
生成区块 ad867 528. c8PLVcgfgeMreGxVQxi8r42W4ZDukEB3M3 time: 67456 
生成区块 070e3 529. c9Hzte1gK9ekxMaXDfAS7SH8cTZ2ZaTip4 time: 67584 
生成区块 59b0a 530. cLwXBhfqd6PR2R6JdjkGc3LSwMPjsK1gKF time: 67712 
生成区块 557b9 531. cDhdyM63XaEsjsfrgU2CsN8Cn63Ni5QAzc time: 67840 
生成区块 9d4aa 532. cCtpNbbApgDAuX38sJqLG2PERUsor94MHz time: 67968 
生成区块 4505a 533. c6bVeNUiLwSW3SGz38yv6w54JXphzxY3d3 time: 68096 
生成区块 8d4b7 534. cMg3Pj5Mb8YnwQeeWmBKsPt8Zjgu4FHL9Y time: 68224 
生成区块 f9d21 535. cHMAxcAu6u3LEpfpCqJHD39unJtHCppfa7 time: 68352 
生成区块 2e454 536. cN1r6YA2rpKwqyUQBo5eBfcbETXSYK8aWn time: 68480 
生成区块 de390 537. cJXJ15YBxQ4zFU7vSUbeRwxgTmQncJy1CJ time: 68608 
生成区块 10dff 538. cGqWH1HYoZmFcpRbPfrE63u9SBxxLxN4Cp time: 68736 
生成区块 dc808 539. c2KFmSdk8PcqcWuwDFhATW5VRJcs6xM4gn time: 68864 
生成区块 4b251 540. cFyn4v8T5ckT28MW17iUvvuK4Uk7nrpdZj time: 68992 
生成区块 bc68f 541. c37jstTJJLuNuvERbc6MJbMkU1mPegQUoA time: 69120 
生成区块 19246 542. c5q6xxt1RkYYM1EXZGjwhPoU8y3K5uAkpX time: 69248 
生成区块 f45fd 543. c5qUNZkdEgg62fGSWwU29yya7vVQET7xkt time: 69376 
生成区块 1b953 544. cKgAdasSHc1T6zUXPnmYEEtjeX7qKi11xb time: 69504 
生成区块 65e80 545. cALZico86XyeSaK3zTXMVtq6AUPqmrh6JV time: 69632 
生成区块 abd5e 546. cKyVC3hXc7ffCzEjDq1RHxqwi7DWiWSWRX time: 69760 
生成区块 86a9a 547. cPBhhsQsNTKKkQw4DaYESjmBGFZZgiXJrK time: 69888 
生成区块 a4c23 548. c3pPiHJASHMkxFxzStA1WLnagHxHnsZcD1 time: 70016 
生成区块 e4e2d 549. cD6KwXfyUCPSscZoy3HeFuM3bFp4EvDpbe time: 70144 
生成区块 ccf99 550. cJQtvwgB96A7fZMppeRE6tkNsykg7KQEsJ time: 70272 
生成区块 0be04 551. cHtrhRxSd6HgoFApv3Ww5T9BJSpzunrK74 time: 70400 
生成区块 2e879 552. c9JpYqYPy5ZwkP9dqP7uYsW2jUqjWK12Zy time: 70528 
生成区块 15c1a 553. cLShHjVpQwRFy2pTLZ5wxDUBuULPXgNd5w time: 70656 
生成区块 13b99 554. c2pWhtuBZWGZHJVSoNJ3FYJfdjp1iyv8dr time: 70784 
生成区块 12d62 555. cDGZW6UisKZtt61rFmdMGZufCqtbWP9sLe time: 70912 
生成区块 0ccd0 556. cBX5XCMHodUGz6xHPKkS5jeb7kt1rrgqwb time: 71040 
生成区块 15602 557. cMbuszd6xHhsXa4qrSNHVEe7Z8Pr3TNneP time: 71168 
生成区块 2a141 558. cBsvWnbQtMhGvzj3BDpFpr3A4EZiPXXrRQ time: 71296 
生成区块 9a6da 559. cLR1q2Xobq6SLdbcGSmzx3USwuEReKyKdN time: 71424 
生成区块 9bbb3 560. cQ88bJLhefXDhHwUorVeHKQhJrm2tDqkgM time: 71552 
生成区块 c2f02 561. cFf3VzWCjKv5VvYmLhzRkQZPhNQn8vANLz time: 71680 
生成区块 58414 562. cFxUbicQgwjsrHQj5JzP5GabZQ5Ep8vTUi time: 71808 
生成区块 12b6e 563. cNtaqym4McrXt5pQZPtQCR7LyhE5pUsUCe time: 71936 
生成区块 9682d 564. c2ffGmyB8nMhkemELfsjNDsdG4t1EMeomv time: 72064 
生成区块 18ee7 565. cPZUAVCxZSwrodndzmCsVcP38BskQRF1ny time: 72192 
生成区块 c6bc2 566. cF6DjxtfzvJjbqvwWGb2AvUcwEkk6rBFm9 time: 72320 
生成区块 76dfb 567. cFybQsjHqiX1DUbtZFXDPihvDeTveZQKkw time: 72448 
生成区块 31be3 568. c4q2hHccaS3qcXGMqsGcasjbvj9aJsCuuy time: 72576 
生成区块 e6507 569. cGELZtTz3qzbcAS9svzQjesXTB46ytduwg time: 72704 
生成区块 a5fd9 570. cAkwj6utxuRKErXYHYnisXGJjqsQVdsuqA time: 72832 
共循环569 . 区块: 570
生成区块 4de22 469. cCmcRqAdKd24ft1Nuwzc6p1Uf5R47RSAUF time: 59904 
生成区块 e9dce 470. cBy33bW2b8QX3Th6mjkpHRykPGLN9ahG9p time: 60032 
生成区块 2184e 471. cKySkYVB4MhWhKczSUmY7WhF638hPx6U8N time: 60160 
生成区块 5cd6b 472. c4wQ1qXmKFBBGeHeiT5QsB9oKwsGYmK2eA time: 60288 
生成区块 6294d 473. cBpRE96Ff1RR3kVoN9Hky6pnAtTky8cP4s time: 60416 
生成区块 020d3 474. c7y8jqVoAmP9uHA6bYxT66KSPXz14tSahH time: 60544 
生成区块 aa36f 475. cKqjHi8u4n5RJJa1CxHgZbwHXS9cKC5Ekw time: 60672 
生成区块 3f816 476. cNQzoCNDDYY2uqBEW6fb7B6HzFjyz6oCt8 time: 60800 
生成区块 6886e 477. cM8wVfYBZq6KtXCKAobMH9g9jLTcSfCiw5 time: 60928 
生成区块 6ab45 478. cFG8tkEage2m5qnpsd8giKe9kad6ACF3BY time: 61056 
生成区块 313a2 479. cNhu1W73hSpHzwJfzGbHf1tM9KWSGTtC8U time: 61184 
生成区块 22e38 480. cLrUCNAWPyPH96bqqC3JQXZ3CtsvvXmNj1 time: 61312 
生成区块 e49a2 481. cPDXYf8tLYdv8LG43RxgHbNLi1ouxDcP8p time: 61440 
生成区块 e15d1 482. cPNWUU9oB4NaxFagHDafkD2p54phRGSwqh time: 61568 
生成区块 e86a6 483. c6kHiX6mRcy3KeWCeb7MYAd8pfnDhnz8V7 time: 61696 
生成区块 44b00 484. cMyZAA4V27jEmysddCxCqXKAeN2bBvDsVU time: 61824 
生成区块 432eb 485. c7LefZDapLTMcazj5gJdJJE4PePHQ2qpNu time: 61952 
生成区块 0f07d 486. cGQ5NPs1k59LxCvxECXLKNpr4TezDvhMZn time: 62080 
生成区块 cec72 487. c2LMjYRGQbGAuNWBNyWrRr81WXzaZJqMdW time: 62208 
生成区块 9218b 488. c5QActCYGusL7wEwV8sDTZ6QcekFBjBMhv time: 62336 
生成区块 cc42f 489. cFtYf1e5Ng5QhZzHiPMvDyV3NQHxKBnLmV time: 62464 
生成区块 792e3 490. c5rSRneu7iXf8r8N87raRev24kHGmkvPMT time: 62592 
生成区块 cf13f 491. cH6L4muHgCsNwfqFPEMMBJwTG6NWhVWqiv time: 62720 
生成区块 3d080 492. cMPVU5d8U87bqPTZsLaWiyAv5UbZwMENip time: 62848 
生成区块 ecec0 493. cD4rsua9vmVMiPouRL7MJJcVPWKtQu8E5X time: 62976 
生成区块 bf8a4 494. c6XZmkn23mSbiVVydY8WcEJSebM9RpRq8V time: 63104 
生成区块 5fbd4 495. cMtCaC4WmjBjZYbzrGZREJ9imX479XxpsM time: 63232 
生成区块 8af29 496. cFtR9y1R2zvvd7DXUE5cQu4wVuHzMzKFXW time: 63360 
生成区块 2ffaa 497. cERnwrsCNpy4b8hQ683zpRFPw88yXuVXES time: 63488 
生成区块 90040 498. cBRJCW5SXiaJzDEFQhmLhCjizEBaprHj9w time: 63616 
生成区块 5de48 499. cCTtPZA7Ry9qEnLJm6yyWGFswdFC5hiMhe time: 63744 
生成区块 b454c 500. c3e7TaDkuPcWC8L7GfkixXsaZDpP5Rtasg time: 63872 
生成区块 00616 501. cMbTY5hZ2RXCVGPYgwjp3ybnM1EyQenDiy time: 64000 
生成区块 e1c82 502. cBgQkrwMZdQzu3QgtkN4vTbDB2Zf7F9ndm time: 64128 
生成区块 db7d3 503. c8Ke6FeamgemKfaAdppcUVoGfModE4CEyT time: 64256 
生成区块 c503a 504. cKcsAB6U1KSkUrUsLr1ysdK5UrfCmFribi time: 64384 
生成区块 505ff 505. cLxoe3BFVFWJitksZZU7r7pyPbGxdV9FEw time: 64512 
生成区块 17781 506. cCET2Sxt2LPDhx44wxJ9uhkpviKNrSacvE time: 64640 
生成区块 09bae 507. cFEaSoF3QceWxjnLsg9FoQyLVcUzVEpkSP time: 64768 
生成区块 d171d 508. cGnmjV6fk5kFbTWztDtZhyr1a4Van4NPvR time: 64896 
生成区块 8c470 509. c5fjyiG9HYrHrzJnyLsMZSkw6M5JzkZWUY time: 65024 
生成区块 68f17 510. cKmsqZLYAY8xjsqSaFdUy2jUuewBpCCcf9 time: 65152 
生成区块 b0009 511. cNsdgX2hL8tpZuNV8pbqpcmmQXFYgyoHb3 time: 65280 
生成区块 6052a 512. cJzdd4agJhJR7psxQeH7beLeqarzeRrVWz time: 65408 
NoFoundException [Error]: 候选名单不足65632
    at 从一群受托人中选出一个受托人 (D:\dev\BFChain-Core-Next\packages\block\src\atom_block\blockGeneratorCalculator.ts:215:15)
    at BlockGeneratorCalculator.calcGenerateBlockDelegateGenerator (D:\dev\BFChain-Core-Next\packages\block\src\atom_block\blockGeneratorCalculator.ts:249:34)
    at BlockGeneratorCalculator.calcGenerateBlockDelegate (D:\dev\BFChain-Core-Next\packages\block\src\atom_block\blockGeneratorCalculator.ts:32:22)
    at D:\dev\BFChain-Core-Next\packages\test\src\block\calcGenesisBlockDelegate.test.ts:1061:20 {
  detail: undefined,
  type: 'NoFoundException',
  PLATFORM: 'Nodejs',
  CHANNEL: 'UNKNOWN',
  BUSINESS: 'util',
  MODULE: 'Core',
  FILE: 'BlockGeneratorCalculator',
  CODE: '7001'
}
生成区块 c7f71 6001. c9Hzte1gK9ekxMaXDfAS7SH8cTZ2ZaTip4 time: 60000 
共循环1 . 区块: 6001
生成区块 a5cc4 2. cKySkYVB4MhWhKczSUmY7WhF638hPx6U8N time: 60000 
生成区块 cb96e 3. c4wQ1qXmKFBBGeHeiT5QsB9oKwsGYmK2eA time: 60010 
生成区块 587cd 4. cBpRE96Ff1RR3kVoN9Hky6pnAtTky8cP4s time: 60020 
生成区块 58403 5. c7y8jqVoAmP9uHA6bYxT66KSPXz14tSahH time: 60030 
生成区块 b18e6 6. cKqjHi8u4n5RJJa1CxHgZbwHXS9cKC5Ekw time: 60040 
生成区块 e19a6 7. cNQzoCNDDYY2uqBEW6fb7B6HzFjyz6oCt8 time: 60050 
生成区块 01103 8. cM8wVfYBZq6KtXCKAobMH9g9jLTcSfCiw5 time: 60060 
生成区块 e96dc 9. cFG8tkEage2m5qnpsd8giKe9kad6ACF3BY time: 60070 
生成区块 27819 10. cNhu1W73hSpHzwJfzGbHf1tM9KWSGTtC8U time: 60080 
生成区块 9d814 11. cLrUCNAWPyPH96bqqC3JQXZ3CtsvvXmNj1 time: 60090 
生成区块 6625e 12. cPDXYf8tLYdv8LG43RxgHbNLi1ouxDcP8p time: 60100 
生成区块 2ca42 13. cPNWUU9oB4NaxFagHDafkD2p54phRGSwqh time: 60110 
生成区块 08756 14. c6kHiX6mRcy3KeWCeb7MYAd8pfnDhnz8V7 time: 60120 
生成区块 1638b 15. cMyZAA4V27jEmysddCxCqXKAeN2bBvDsVU time: 60130 
生成区块 c8073 16. c7LefZDapLTMcazj5gJdJJE4PePHQ2qpNu time: 60140 
生成区块 513e6 17. cGQ5NPs1k59LxCvxECXLKNpr4TezDvhMZn time: 60150 
生成区块 2b465 18. c2LMjYRGQbGAuNWBNyWrRr81WXzaZJqMdW time: 60160 
生成区块 3eb21 19. c5QActCYGusL7wEwV8sDTZ6QcekFBjBMhv time: 60170 
生成区块 0f75e 20. cFtYf1e5Ng5QhZzHiPMvDyV3NQHxKBnLmV time: 60180 
生成区块 2fcfe 21. c5rSRneu7iXf8r8N87raRev24kHGmkvPMT time: 60190 
生成区块 223a4 22. cH6L4muHgCsNwfqFPEMMBJwTG6NWhVWqiv time: 60200 
生成区块 e25b1 23. cMPVU5d8U87bqPTZsLaWiyAv5UbZwMENip time: 60210 
生成区块 868a4 24. cD4rsua9vmVMiPouRL7MJJcVPWKtQu8E5X time: 60220 
生成区块 e92e0 25. c6XZmkn23mSbiVVydY8WcEJSebM9RpRq8V time: 60230 
生成区块 f9c4a 26. cMtCaC4WmjBjZYbzrGZREJ9imX479XxpsM time: 60240 
生成区块 77794 27. cFtR9y1R2zvvd7DXUE5cQu4wVuHzMzKFXW time: 60250 
生成区块 c0a4f 28. cERnwrsCNpy4b8hQ683zpRFPw88yXuVXES time: 60260 
生成区块 181ad 29. cBRJCW5SXiaJzDEFQhmLhCjizEBaprHj9w time: 60270 
生成区块 d4f1b 30. cCTtPZA7Ry9qEnLJm6yyWGFswdFC5hiMhe time: 60280 
生成区块 2bfd8 31. c3e7TaDkuPcWC8L7GfkixXsaZDpP5Rtasg time: 60290 
生成区块 7df0c 32. cMbTY5hZ2RXCVGPYgwjp3ybnM1EyQenDiy time: 60300 
生成区块 c84ad 33. cBgQkrwMZdQzu3QgtkN4vTbDB2Zf7F9ndm time: 60310 
生成区块 08364 34. c8Ke6FeamgemKfaAdppcUVoGfModE4CEyT time: 60320 
生成区块 e80bf 35. cKcsAB6U1KSkUrUsLr1ysdK5UrfCmFribi time: 60330 
生成区块 28bed 36. cLxoe3BFVFWJitksZZU7r7pyPbGxdV9FEw time: 60340 
生成区块 36a63 37. cCET2Sxt2LPDhx44wxJ9uhkpviKNrSacvE time: 60350 
生成区块 9d536 38. cFEaSoF3QceWxjnLsg9FoQyLVcUzVEpkSP time: 60360 
生成区块 fc30b 39. cGnmjV6fk5kFbTWztDtZhyr1a4Van4NPvR time: 60370 
生成区块 ccea5 40. c5fjyiG9HYrHrzJnyLsMZSkw6M5JzkZWUY time: 60380 
生成区块 c72bf 41. cKmsqZLYAY8xjsqSaFdUy2jUuewBpCCcf9 time: 60390 
生成区块 22866 42. cNsdgX2hL8tpZuNV8pbqpcmmQXFYgyoHb3 time: 60400 
生成区块 d2f95 43. cJzdd4agJhJR7psxQeH7beLeqarzeRrVWz time: 60410 
生成区块 491d3 44. cNqpoUrBTpPvGzpFsimJRMm1uDjvDPpigj time: 60420 
生成区块 a7c55 45. c582jFX2DfF45B65YSKN31qk6Ft9ckVAJm time: 60430 
生成区块 42524 46. cKqAK2TLS5AiGm75CAuVLUv4D38MyqTD9M time: 60440 
生成区块 ac079 47. c5AYPcDMUGr5JHErEo5y43SZG8JsF8YjG5 time: 60450 
生成区块 88072 48. cH4RweoyEU363G5p7P2D1bEe5uccLNFJgC time: 60460 
生成区块 7fc54 49. cGS6P65poK8GN5yhAtBj5ddDuDFh3k4YW8 time: 60470 
生成区块 8a50f 50. c4aG5yDeGo4TqR6C9r2vBaaNXmR2Ro17SV time: 60480 
生成区块 d6251 51. cHdATqSzszEe335hM8kaNM267SH98BCpbx time: 60490 
生成区块 ca71d 52. cDUwDnum3J5bQo78LDWcCJLAASqRP4VSan time: 60500 
生成区块 24618 53. cCjrLJHLRUZci2Ak1W2BbgchJQLoQo86d7 time: 60510 
生成区块 c4eab 54. c81E6nEaLHJ25mFRTDSMar5YjmrYLsNr5v time: 60520 
生成区块 7d3de 55. cCuaHXAe1hcEGgqz6eg8QC9UKQHZ1Cq2Qo time: 60530 
生成区块 16d76 56. c3MCDGU8vFk6waxeeRbBUt3QaRvB6q1TAH time: 60540 
生成区块 c15af 57. cCmcRqAdKd24ft1Nuwzc6p1Uf5R47RSAUF time: 60550 
生成区块 ac1ab 58. cP3KZJfNBYLxVjR6Mi3CG8LAEgt97N8t55 time: 60560 
生成区块 cb280 59. cEo8s28oP5BLE1vEG6VRTmZbfdJD4M1Coe time: 60570 
生成区块 1e5aa 60. cMHuDEGM4CUE1wDbY2chPWjP8P1KJMWsVN time: 60580 
生成区块 b3de8 61. c7ij2QbLpRFSuZGB9bD7zPf8WYHg82ZY53 time: 60590 
生成区块 09fab 62. c6YdR5inKH4ZCWMiLS8MYYq1fGGXGE4mUw time: 60600 
生成区块 001ce 63. c3z5iLu15V6dfX988fugq2vP1FRgda1DEk time: 60610 
生成区块 d8546 64. curtHB91mSGD2bK3SPXzS8vAfctvB5ZGc time: 60620 
生成区块 f8372 65. cQEA1sRwbNVzMJTD85oGKQF87bX7xTet6d time: 60630 
生成区块 58b71 66. c5RqaMzZGzMsmgQb533GSLWG64uKHJSJjB time: 60640 
生成区块 0b245 67. cEo4bdeV2XJ3kUKp9EeTGGAC6rTejSg1Ny time: 60650 
生成区块 48b77 68. c4giVDb2U9jr5WVUGg294bGwgCSKDz2xzJ time: 60660 
生成区块 9126d 69. cD4uXeU9Aj7EpN9XLo5M5FqTMWofEjkuGT time: 60670 
生成区块 1aee4 70. c32KRhr1wZc8MKRPrEy1LBdojmAFLwpDN9 time: 60680 
生成区块 abf20 71. cNdBX3dCDfPGyvuAbbuBmWfSfXJ5D32xK1 time: 60690 
生成区块 a3e8a 72. c8PLVcgfgeMreGxVQxi8r42W4ZDukEB3M3 time: 60700 
生成区块 3f7ee 73. c9Hzte1gK9ekxMaXDfAS7SH8cTZ2ZaTip4 time: 60710 
生成区块 35d96 74. cLwXBhfqd6PR2R6JdjkGc3LSwMPjsK1gKF time: 60720 
生成区块 3376d 75. cDhdyM63XaEsjsfrgU2CsN8Cn63Ni5QAzc time: 60730 
生成区块 29125 76. cCtpNbbApgDAuX38sJqLG2PERUsor94MHz time: 60740 
生成区块 265d0 77. c6bVeNUiLwSW3SGz38yv6w54JXphzxY3d3 time: 60750 
生成区块 fd5e1 78. cMg3Pj5Mb8YnwQeeWmBKsPt8Zjgu4FHL9Y time: 60760 
生成区块 f1e9f 79. cHMAxcAu6u3LEpfpCqJHD39unJtHCppfa7 time: 60770 
生成区块 2804d 80. cN1r6YA2rpKwqyUQBo5eBfcbETXSYK8aWn time: 60780 
生成区块 df21b 81. cJXJ15YBxQ4zFU7vSUbeRwxgTmQncJy1CJ time: 60790 
生成区块 dd0a9 82. cGqWH1HYoZmFcpRbPfrE63u9SBxxLxN4Cp time: 60800 
生成区块 f0278 83. c2KFmSdk8PcqcWuwDFhATW5VRJcs6xM4gn time: 60810 
生成区块 6e3b7 84. cFyn4v8T5ckT28MW17iUvvuK4Uk7nrpdZj time: 60820 
生成区块 7441d 85. c37jstTJJLuNuvERbc6MJbMkU1mPegQUoA time: 60830 
生成区块 c0c0e 86. c5q6xxt1RkYYM1EXZGjwhPoU8y3K5uAkpX time: 60840 
生成区块 e6ce3 87. c5qUNZkdEgg62fGSWwU29yya7vVQET7xkt time: 60850 
生成区块 12b00 88. cKgAdasSHc1T6zUXPnmYEEtjeX7qKi11xb time: 60860 
生成区块 bbb48 89. cALZico86XyeSaK3zTXMVtq6AUPqmrh6JV time: 60870 
生成区块 1566f 90. cKyVC3hXc7ffCzEjDq1RHxqwi7DWiWSWRX time: 60880 
生成区块 b4305 91. cPBhhsQsNTKKkQw4DaYESjmBGFZZgiXJrK time: 60890 
生成区块 3db27 92. c3pPiHJASHMkxFxzStA1WLnagHxHnsZcD1 time: 60900 
生成区块 65106 93. cD6KwXfyUCPSscZoy3HeFuM3bFp4EvDpbe time: 60910 
生成区块 46a1a 94. cJQtvwgB96A7fZMppeRE6tkNsykg7KQEsJ time: 60920 
生成区块 54b14 95. cHtrhRxSd6HgoFApv3Ww5T9BJSpzunrK74 time: 60930 
生成区块 801fd 96. c9JpYqYPy5ZwkP9dqP7uYsW2jUqjWK12Zy time: 60940 
生成区块 4092d 97. cLShHjVpQwRFy2pTLZ5wxDUBuULPXgNd5w time: 60950 
生成区块 972a0 98. c2pWhtuBZWGZHJVSoNJ3FYJfdjp1iyv8dr time: 60960 
生成区块 6faeb 99. cDGZW6UisKZtt61rFmdMGZufCqtbWP9sLe time: 60970 
生成区块 2168e 100. cBX5XCMHodUGz6xHPKkS5jeb7kt1rrgqwb time: 60980 
生成区块 40479 101. cMbuszd6xHhsXa4qrSNHVEe7Z8Pr3TNneP time: 60990 
生成区块 5a974 102. cBsvWnbQtMhGvzj3BDpFpr3A4EZiPXXrRQ time: 61000 
生成区块 677a4 103. cLR1q2Xobq6SLdbcGSmzx3USwuEReKyKdN time: 61010 
生成区块 d1a6e 104. cQ88bJLhefXDhHwUorVeHKQhJrm2tDqkgM time: 61020 
生成区块 42342 105. cFf3VzWCjKv5VvYmLhzRkQZPhNQn8vANLz time: 61030 
生成区块 437a5 106. cFxUbicQgwjsrHQj5JzP5GabZQ5Ep8vTUi time: 61040 
生成区块 c3f55 107. cNtaqym4McrXt5pQZPtQCR7LyhE5pUsUCe time: 61050 
生成区块 c85b4 108. c2ffGmyB8nMhkemELfsjNDsdG4t1EMeomv time: 61060 
生成区块 3ebb9 109. cPZUAVCxZSwrodndzmCsVcP38BskQRF1ny time: 61070 
生成区块 41e07 110. cF6DjxtfzvJjbqvwWGb2AvUcwEkk6rBFm9 time: 61080 
生成区块 1a859 111. cFybQsjHqiX1DUbtZFXDPihvDeTveZQKkw time: 61090 
生成区块 568eb 112. c4q2hHccaS3qcXGMqsGcasjbvj9aJsCuuy time: 61100 
生成区块 bcb06 113. cGELZtTz3qzbcAS9svzQjesXTB46ytduwg time: 61110 
生成区块 b79d4 114. cAkwj6utxuRKErXYHYnisXGJjqsQVdsuqA time: 61120 
生成区块 cff33 115. c582jFX2DfF45B65YSKN31qk6Ft9ckVAJm time: 61130 
生成区块 5a014 116. cKqAK2TLS5AiGm75CAuVLUv4D38MyqTD9M time: 61140 
生成区块 b0eae 117. c5AYPcDMUGr5JHErEo5y43SZG8JsF8YjG5 time: 61150 
生成区块 63e3e 118. cH4RweoyEU363G5p7P2D1bEe5uccLNFJgC time: 61160 
生成区块 139df 119. cGS6P65poK8GN5yhAtBj5ddDuDFh3k4YW8 time: 61170 
生成区块 70096 120. c4aG5yDeGo4TqR6C9r2vBaaNXmR2Ro17SV time: 61180 
生成区块 6b204 121. cHdATqSzszEe335hM8kaNM267SH98BCpbx time: 61190 
生成区块 96351 122. cDUwDnum3J5bQo78LDWcCJLAASqRP4VSan time: 61200 
生成区块 da960 123. cCjrLJHLRUZci2Ak1W2BbgchJQLoQo86d7 time: 61210 
生成区块 b4455 124. c81E6nEaLHJ25mFRTDSMar5YjmrYLsNr5v time: 61220 
生成区块 ad0ab 125. cCuaHXAe1hcEGgqz6eg8QC9UKQHZ1Cq2Qo time: 61230 
生成区块 7c6bb 126. c3MCDGU8vFk6waxeeRbBUt3QaRvB6q1TAH time: 61240 
生成区块 1c18f 127. cCmcRqAdKd24ft1Nuwzc6p1Uf5R47RSAUF time: 61250 
生成区块 ec49f 128. cBy33bW2b8QX3Th6mjkpHRykPGLN9ahG9p time: 61260 
生成区块 2cf40 129. cKySkYVB4MhWhKczSUmY7WhF638hPx6U8N time: 61270 
生成区块 f5c67 130. c4wQ1qXmKFBBGeHeiT5QsB9oKwsGYmK2eA time: 61280 
生成区块 86084 131. cBpRE96Ff1RR3kVoN9Hky6pnAtTky8cP4s time: 61290 
生成区块 d8290 132. c7y8jqVoAmP9uHA6bYxT66KSPXz14tSahH time: 61300 
生成区块 a1af5 133. cKqjHi8u4n5RJJa1CxHgZbwHXS9cKC5Ekw time: 61310 
生成区块 8194d 134. cNQzoCNDDYY2uqBEW6fb7B6HzFjyz6oCt8 time: 61320 
生成区块 763cd 135. cM8wVfYBZq6KtXCKAobMH9g9jLTcSfCiw5 time: 61330 
生成区块 4d9d6 136. cFG8tkEage2m5qnpsd8giKe9kad6ACF3BY time: 61340 
生成区块 4f493 137. cNhu1W73hSpHzwJfzGbHf1tM9KWSGTtC8U time: 61350 
生成区块 52d8e 138. cLrUCNAWPyPH96bqqC3JQXZ3CtsvvXmNj1 time: 61360 
生成区块 4bfeb 139. cPDXYf8tLYdv8LG43RxgHbNLi1ouxDcP8p time: 61370 
生成区块 0ce5e 140. cPNWUU9oB4NaxFagHDafkD2p54phRGSwqh time: 61380 
生成区块 861ea 141. c6kHiX6mRcy3KeWCeb7MYAd8pfnDhnz8V7 time: 61390 
生成区块 ad5fb 142. cMyZAA4V27jEmysddCxCqXKAeN2bBvDsVU time: 61400 
生成区块 596c6 143. c7LefZDapLTMcazj5gJdJJE4PePHQ2qpNu time: 61410 
生成区块 2d2fe 144. cGQ5NPs1k59LxCvxECXLKNpr4TezDvhMZn time: 61420 
生成区块 75099 145. c2LMjYRGQbGAuNWBNyWrRr81WXzaZJqMdW time: 61430 
生成区块 2a7af 146. c5QActCYGusL7wEwV8sDTZ6QcekFBjBMhv time: 61440 
生成区块 f312e 147. cFtYf1e5Ng5QhZzHiPMvDyV3NQHxKBnLmV time: 61450 
生成区块 1c499 148. c5rSRneu7iXf8r8N87raRev24kHGmkvPMT time: 61460 
生成区块 d5cef 149. cH6L4muHgCsNwfqFPEMMBJwTG6NWhVWqiv time: 61470 
生成区块 3cb00 150. cMPVU5d8U87bqPTZsLaWiyAv5UbZwMENip time: 61480 
生成区块 5c37b 151. cD4rsua9vmVMiPouRL7MJJcVPWKtQu8E5X time: 61490 
生成区块 64573 152. c6XZmkn23mSbiVVydY8WcEJSebM9RpRq8V time: 61500 
生成区块 eda3f 153. cMtCaC4WmjBjZYbzrGZREJ9imX479XxpsM time: 61510 
生成区块 33916 154. cFtR9y1R2zvvd7DXUE5cQu4wVuHzMzKFXW time: 61520 
生成区块 f9a62 155. cERnwrsCNpy4b8hQ683zpRFPw88yXuVXES time: 61530 
生成区块 26203 156. cBRJCW5SXiaJzDEFQhmLhCjizEBaprHj9w time: 61540 
生成区块 8ee36 157. cCTtPZA7Ry9qEnLJm6yyWGFswdFC5hiMhe time: 61550 
生成区块 fd605 158. c3e7TaDkuPcWC8L7GfkixXsaZDpP5Rtasg time: 61560 
生成区块 ba637 159. cMbTY5hZ2RXCVGPYgwjp3ybnM1EyQenDiy time: 61570 
生成区块 ed917 160. cBgQkrwMZdQzu3QgtkN4vTbDB2Zf7F9ndm time: 61580 
生成区块 20c29 161. c8Ke6FeamgemKfaAdppcUVoGfModE4CEyT time: 61590 
生成区块 ca826 162. cKcsAB6U1KSkUrUsLr1ysdK5UrfCmFribi time: 61600 
生成区块 46e86 163. cLxoe3BFVFWJitksZZU7r7pyPbGxdV9FEw time: 61610 
生成区块 da15a 164. cCET2Sxt2LPDhx44wxJ9uhkpviKNrSacvE time: 61620 
生成区块 82713 165. cFEaSoF3QceWxjnLsg9FoQyLVcUzVEpkSP time: 61630 
生成区块 d4cca 166. cGnmjV6fk5kFbTWztDtZhyr1a4Van4NPvR time: 61640 
生成区块 b9cc3 167. c5fjyiG9HYrHrzJnyLsMZSkw6M5JzkZWUY time: 61650 
生成区块 dc210 168. cKmsqZLYAY8xjsqSaFdUy2jUuewBpCCcf9 time: 61660 
生成区块 f618e 169. cNsdgX2hL8tpZuNV8pbqpcmmQXFYgyoHb3 time: 61670 
生成区块 4862d 170. cJzdd4agJhJR7psxQeH7beLeqarzeRrVWz time: 61680 
生成区块 6caa8 171. cNqpoUrBTpPvGzpFsimJRMm1uDjvDPpigj time: 61690 
生成区块 86d21 172. cP3KZJfNBYLxVjR6Mi3CG8LAEgt97N8t55 time: 61700 
生成区块 6b885 173. cEo8s28oP5BLE1vEG6VRTmZbfdJD4M1Coe time: 61710 
生成区块 e7d62 174. cMHuDEGM4CUE1wDbY2chPWjP8P1KJMWsVN time: 61720 
生成区块 56ec6 175. c7ij2QbLpRFSuZGB9bD7zPf8WYHg82ZY53 time: 61730 
生成区块 a3d00 176. c6YdR5inKH4ZCWMiLS8MYYq1fGGXGE4mUw time: 61740 
生成区块 4994a 177. c3z5iLu15V6dfX988fugq2vP1FRgda1DEk time: 61750 
生成区块 e50e4 178. curtHB91mSGD2bK3SPXzS8vAfctvB5ZGc time: 61760 
生成区块 d411d 179. cQEA1sRwbNVzMJTD85oGKQF87bX7xTet6d time: 61770 
生成区块 fdc01 180. c5RqaMzZGzMsmgQb533GSLWG64uKHJSJjB time: 61780 
生成区块 0b1db 181. cEo4bdeV2XJ3kUKp9EeTGGAC6rTejSg1Ny time: 61790 
生成区块 1c244 182. c4giVDb2U9jr5WVUGg294bGwgCSKDz2xzJ time: 61800 
生成区块 cb08c 183. cD4uXeU9Aj7EpN9XLo5M5FqTMWofEjkuGT time: 61810 
生成区块 43873 184. c32KRhr1wZc8MKRPrEy1LBdojmAFLwpDN9 time: 61820 
生成区块 617be 185. cNdBX3dCDfPGyvuAbbuBmWfSfXJ5D32xK1 time: 61830 
生成区块 72d75 186. c8PLVcgfgeMreGxVQxi8r42W4ZDukEB3M3 time: 61840 
生成区块 c22ff 187. c9Hzte1gK9ekxMaXDfAS7SH8cTZ2ZaTip4 time: 61850 
生成区块 2b8f0 188. cLwXBhfqd6PR2R6JdjkGc3LSwMPjsK1gKF time: 61860 
生成区块 e1b90 189. cDhdyM63XaEsjsfrgU2CsN8Cn63Ni5QAzc time: 61870 
生成区块 ca55f 190. cCtpNbbApgDAuX38sJqLG2PERUsor94MHz time: 61880 
生成区块 752e4 191. c6bVeNUiLwSW3SGz38yv6w54JXphzxY3d3 time: 61890 
生成区块 b8e62 192. cMg3Pj5Mb8YnwQeeWmBKsPt8Zjgu4FHL9Y time: 61900 
生成区块 426f8 193. cHMAxcAu6u3LEpfpCqJHD39unJtHCppfa7 time: 61910 
生成区块 9a339 194. cN1r6YA2rpKwqyUQBo5eBfcbETXSYK8aWn time: 61920 
生成区块 43715 195. cJXJ15YBxQ4zFU7vSUbeRwxgTmQncJy1CJ time: 61930 
生成区块 1e5aa 196. cGqWH1HYoZmFcpRbPfrE63u9SBxxLxN4Cp time: 61940 
生成区块 9f261 197. c2KFmSdk8PcqcWuwDFhATW5VRJcs6xM4gn time: 61950 
生成区块 a18c9 198. cFyn4v8T5ckT28MW17iUvvuK4Uk7nrpdZj time: 61960 
生成区块 97026 2. cHdATqSzszEe335hM8kaNM267SH98BCpbx time: 75310 
NoFoundException [Error]: 候选名单不足75316
    at 从一群受托人中选出一个受托人 (D:\dev\BFChain-Core-Next\packages\block\src\atom_block\blockGeneratorCalculator.ts:215:15)
    at BlockGeneratorCalculator.calcGenerateBlockDelegateGenerator (D:\dev\BFChain-Core-Next\packages\block\src\atom_block\blockGeneratorCalculator.ts:249:34)
    at BlockGeneratorCalculator.calcGenerateBlockDelegate (D:\dev\BFChain-Core-Next\packages\block\src\atom_block\blockGeneratorCalculator.ts:32:22)
    at D:\dev\BFChain-Core-Next\packages\test\src\block\calcGenesisBlockDelegate.test.ts:1061:20 {
  detail: undefined,
  type: 'NoFoundException',
  PLATFORM: 'Nodejs',
  CHANNEL: 'UNKNOWN',
  BUSINESS: 'util',
  MODULE: 'Core',
  FILE: 'BlockGeneratorCalculator',
  CODE: '7001'
}
生成区块 e8961 2. cKySkYVB4MhWhKczSUmY7WhF638hPx6U8N time: 75390 
NoFoundException [Error]: 候选名单不足75390
    at 从一群受托人中选出一个受托人 (D:\dev\BFChain-Core-Next\packages\block\src\atom_block\blockGeneratorCalculator.ts:220:15)
    at BlockGeneratorCalculator.calcGenerateBlockDelegateGenerator (D:\dev\BFChain-Core-Next\packages\block\src\atom_block\blockGeneratorCalculator.ts:254:34)
    at BlockGeneratorCalculator.calcGenerateBlockDelegate (D:\dev\BFChain-Core-Next\packages\block\src\atom_block\blockGeneratorCalculator.ts:37:22)
    at D:\dev\BFChain-Core-Next\packages\test\src\block\calcGenesisBlockDelegate.test.ts:1061:20 {
  detail: undefined,
  type: 'NoFoundException',
  PLATFORM: 'Nodejs',
  CHANNEL: 'UNKNOWN',
  BUSINESS: 'util',
  MODULE: 'Core',
  FILE: 'BlockGeneratorCalculator',
  CODE: '7001'
}
生成区块 dc443 2. c4wQ1qXmKFBBGeHeiT5QsB9oKwsGYmK2eA time: 75400 
NoFoundException [Error]: 候选名单不足75400
    at 从一群受托人中选出一个受托人 (D:\dev\BFChain-Core-Next\packages\block\src\atom_block\blockGeneratorCalculator.ts:220:15)
    at BlockGeneratorCalculator.calcGenerateBlockDelegateGenerator (D:\dev\BFChain-Core-Next\packages\block\src\atom_block\blockGeneratorCalculator.ts:254:34)
    at BlockGeneratorCalculator.calcGenerateBlockDelegate (D:\dev\BFChain-Core-Next\packages\block\src\atom_block\blockGeneratorCalculator.ts:37:22)
    at D:\dev\BFChain-Core-Next\packages\test\src\block\calcGenesisBlockDelegate.test.ts:1061:20 {
  detail: undefined,
  type: 'NoFoundException',
  PLATFORM: 'Nodejs',
  CHANNEL: 'UNKNOWN',
  BUSINESS: 'util',
  MODULE: 'Core',
  FILE: 'BlockGeneratorCalculator',
  CODE: '7001'
}
生成区块 5bdc9 2. cLrUCNAWPyPH96bqqC3JQXZ3CtsvvXmNj1 time: 75480 
NoFoundException [Error]: 候选名单不足75480
    at 从一群受托人中选出一个受托人 (D:\dev\BFChain-Core-Next\packages\block\src\atom_block\blockGeneratorCalculator.ts:226:15)
    at BlockGeneratorCalculator.calcGenerateBlockDelegateGenerator (D:\dev\BFChain-Core-Next\packages\block\src\atom_block\blockGeneratorCalculator.ts:260:34)
    at BlockGeneratorCalculator.calcGenerateBlockDelegate (D:\dev\BFChain-Core-Next\packages\block\src\atom_block\blockGeneratorCalculator.ts:43:22)
    at D:\dev\BFChain-Core-Next\packages\test\src\block\calcGenesisBlockDelegate.test.ts:1061:20 {
  detail: undefined,
  type: 'NoFoundException',
  PLATFORM: 'Nodejs',
  CHANNEL: 'UNKNOWN',
  BUSINESS: 'util',
  MODULE: 'Core',
  FILE: 'BlockGeneratorCalculator',
  CODE: '7001'
}
生成区块 bbacc 2. c6kHiX6mRcy3KeWCeb7MYAd8pfnDhnz8V7 time: 75510 
NoFoundException [Error]: 候选名单不足75510
    at 从一群受托人中选出一个受托人 (D:\dev\BFChain-Core-Next\packages\block\src\atom_block\blockGeneratorCalculator.ts:226:15)
    at BlockGeneratorCalculator.calcGenerateBlockDelegateGenerator (D:\dev\BFChain-Core-Next\packages\block\src\atom_block\blockGeneratorCalculator.ts:260:34)
    at BlockGeneratorCalculator.calcGenerateBlockDelegate (D:\dev\BFChain-Core-Next\packages\block\src\atom_block\blockGeneratorCalculator.ts:43:22)
    at D:\dev\BFChain-Core-Next\packages\test\src\block\calcGenesisBlockDelegate.test.ts:1061:20 {
  detail: undefined,
  type: 'NoFoundException',
  PLATFORM: 'Nodejs',
  CHANNEL: 'UNKNOWN',
  BUSINESS: 'util',
  MODULE: 'Core',
  FILE: 'BlockGeneratorCalculator',
  CODE: '7001'
}
生成区块 992a5 2. cMyZAA4V27jEmysddCxCqXKAeN2bBvDsVU time: 75520 
NoFoundException [Error]: 候选名单不足75520
    at 从一群受托人中选出一个受托人 (D:\dev\BFChain-Core-Next\packages\block\src\atom_block\blockGeneratorCalculator.ts:226:15)
    at BlockGeneratorCalculator.calcGenerateBlockDelegateGenerator (D:\dev\BFChain-Core-Next\packages\block\src\atom_block\blockGeneratorCalculator.ts:260:34)
    at BlockGeneratorCalculator.calcGenerateBlockDelegate (D:\dev\BFChain-Core-Next\packages\block\src\atom_block\blockGeneratorCalculator.ts:43:22)
    at D:\dev\BFChain-Core-Next\packages\test\src\block\calcGenesisBlockDelegate.test.ts:1061:20 {
  detail: undefined,
  type: 'NoFoundException',
  PLATFORM: 'Nodejs',
  CHANNEL: 'UNKNOWN',
  BUSINESS: 'util',
  MODULE: 'Core',
  FILE: 'BlockGeneratorCalculator',
  CODE: '7001'
}
生成区块 70ed7 2. cGQ5NPs1k59LxCvxECXLKNpr4TezDvhMZn time: 75540 
NoFoundException [Error]: 候选名单不足75541
    at 从一群受托人中选出一个受托人 (D:\dev\BFChain-Core-Next\packages\block\src\atom_block\blockGeneratorCalculator.ts:226:15)
    at BlockGeneratorCalculator.calcGenerateBlockDelegateGenerator (D:\dev\BFChain-Core-Next\packages\block\src\atom_block\blockGeneratorCalculator.ts:260:34)
    at BlockGeneratorCalculator.calcGenerateBlockDelegate (D:\dev\BFChain-Core-Next\packages\block\src\atom_block\blockGeneratorCalculator.ts:43:22)
    at D:\dev\BFChain-Core-Next\packages\test\src\block\calcGenesisBlockDelegate.test.ts:1061:20 {
  detail: undefined,
  type: 'NoFoundException',
  PLATFORM: 'Nodejs',
  CHANNEL: 'UNKNOWN',
  BUSINESS: 'util',
  MODULE: 'Core',
  FILE: 'BlockGeneratorCalculator',
  CODE: '7001'
}
生成区块 a5cc4 2. cKySkYVB4MhWhKczSUmY7WhF638hPx6U8N time: 60000 
生成区块 cb96e 3. c4wQ1qXmKFBBGeHeiT5QsB9oKwsGYmK2eA time: 60010 
生成区块 587cd 4. cBpRE96Ff1RR3kVoN9Hky6pnAtTky8cP4s time: 60020 
生成区块 58403 5. c7y8jqVoAmP9uHA6bYxT66KSPXz14tSahH time: 60030 
生成区块 b18e6 6. cKqjHi8u4n5RJJa1CxHgZbwHXS9cKC5Ekw time: 60040 
生成区块 e19a6 7. cNQzoCNDDYY2uqBEW6fb7B6HzFjyz6oCt8 time: 60050 
生成区块 01103 8. cM8wVfYBZq6KtXCKAobMH9g9jLTcSfCiw5 time: 60060 
生成区块 e96dc 9. cFG8tkEage2m5qnpsd8giKe9kad6ACF3BY time: 60070 
生成区块 27819 10. cNhu1W73hSpHzwJfzGbHf1tM9KWSGTtC8U time: 60080 
生成区块 9d814 11. cLrUCNAWPyPH96bqqC3JQXZ3CtsvvXmNj1 time: 60090 
生成区块 6625e 12. cPDXYf8tLYdv8LG43RxgHbNLi1ouxDcP8p time: 60100 
生成区块 2ca42 13. cPNWUU9oB4NaxFagHDafkD2p54phRGSwqh time: 60110 
生成区块 08756 14. c6kHiX6mRcy3KeWCeb7MYAd8pfnDhnz8V7 time: 60120 
生成区块 1638b 15. cMyZAA4V27jEmysddCxCqXKAeN2bBvDsVU time: 60130 
生成区块 c8073 16. c7LefZDapLTMcazj5gJdJJE4PePHQ2qpNu time: 60140 
生成区块 513e6 17. cGQ5NPs1k59LxCvxECXLKNpr4TezDvhMZn time: 60150 
生成区块 2b465 18. c2LMjYRGQbGAuNWBNyWrRr81WXzaZJqMdW time: 60160 
生成区块 3eb21 19. c5QActCYGusL7wEwV8sDTZ6QcekFBjBMhv time: 60170 
生成区块 0f75e 20. cFtYf1e5Ng5QhZzHiPMvDyV3NQHxKBnLmV time: 60180 
生成区块 2fcfe 21. c5rSRneu7iXf8r8N87raRev24kHGmkvPMT time: 60190 
生成区块 223a4 22. cH6L4muHgCsNwfqFPEMMBJwTG6NWhVWqiv time: 60200 
生成区块 e25b1 23. cMPVU5d8U87bqPTZsLaWiyAv5UbZwMENip time: 60210 
生成区块 868a4 24. cD4rsua9vmVMiPouRL7MJJcVPWKtQu8E5X time: 60220 
生成区块 e92e0 25. c6XZmkn23mSbiVVydY8WcEJSebM9RpRq8V time: 60230 
生成区块 f9c4a 26. cMtCaC4WmjBjZYbzrGZREJ9imX479XxpsM time: 60240 
生成区块 77794 27. cFtR9y1R2zvvd7DXUE5cQu4wVuHzMzKFXW time: 60250 
生成区块 c0a4f 28. cERnwrsCNpy4b8hQ683zpRFPw88yXuVXES time: 60260 
生成区块 181ad 29. cBRJCW5SXiaJzDEFQhmLhCjizEBaprHj9w time: 60270 
生成区块 d4f1b 30. cCTtPZA7Ry9qEnLJm6yyWGFswdFC5hiMhe time: 60280 
生成区块 2bfd8 31. c3e7TaDkuPcWC8L7GfkixXsaZDpP5Rtasg time: 60290 
生成区块 7df0c 32. cMbTY5hZ2RXCVGPYgwjp3ybnM1EyQenDiy time: 60300 
生成区块 c84ad 33. cBgQkrwMZdQzu3QgtkN4vTbDB2Zf7F9ndm time: 60310 
生成区块 08364 34. c8Ke6FeamgemKfaAdppcUVoGfModE4CEyT time: 60320 
生成区块 e80bf 35. cKcsAB6U1KSkUrUsLr1ysdK5UrfCmFribi time: 60330 
生成区块 28bed 36. cLxoe3BFVFWJitksZZU7r7pyPbGxdV9FEw time: 60340 
生成区块 a5cc4 2. cKySkYVB4MhWhKczSUmY7WhF638hPx6U8N time: 60000 
生成区块 cb96e 3. c4wQ1qXmKFBBGeHeiT5QsB9oKwsGYmK2eA time: 60010 
生成区块 587cd 4. cBpRE96Ff1RR3kVoN9Hky6pnAtTky8cP4s time: 60020 
生成区块 58403 5. c7y8jqVoAmP9uHA6bYxT66KSPXz14tSahH time: 60030 
生成区块 b18e6 6. cKqjHi8u4n5RJJa1CxHgZbwHXS9cKC5Ekw time: 60040 
生成区块 e19a6 7. cNQzoCNDDYY2uqBEW6fb7B6HzFjyz6oCt8 time: 60050 
生成区块 01103 8. cM8wVfYBZq6KtXCKAobMH9g9jLTcSfCiw5 time: 60060 
生成区块 e96dc 9. cFG8tkEage2m5qnpsd8giKe9kad6ACF3BY time: 60070 
生成区块 27819 10. cNhu1W73hSpHzwJfzGbHf1tM9KWSGTtC8U time: 60080 
生成区块 9d814 11. cLrUCNAWPyPH96bqqC3JQXZ3CtsvvXmNj1 time: 60090 
生成区块 6625e 12. cPDXYf8tLYdv8LG43RxgHbNLi1ouxDcP8p time: 60100 
生成区块 2ca42 13. cPNWUU9oB4NaxFagHDafkD2p54phRGSwqh time: 60110 
生成区块 08756 14. c6kHiX6mRcy3KeWCeb7MYAd8pfnDhnz8V7 time: 60120 
生成区块 1638b 15. cMyZAA4V27jEmysddCxCqXKAeN2bBvDsVU time: 60130 
生成区块 c8073 16. c7LefZDapLTMcazj5gJdJJE4PePHQ2qpNu time: 60140 
生成区块 513e6 17. cGQ5NPs1k59LxCvxECXLKNpr4TezDvhMZn time: 60150 
生成区块 2b465 18. c2LMjYRGQbGAuNWBNyWrRr81WXzaZJqMdW time: 60160 
生成区块 3eb21 19. c5QActCYGusL7wEwV8sDTZ6QcekFBjBMhv time: 60170 
生成区块 0f75e 20. cFtYf1e5Ng5QhZzHiPMvDyV3NQHxKBnLmV time: 60180 
生成区块 2fcfe 21. c5rSRneu7iXf8r8N87raRev24kHGmkvPMT time: 60190 
生成区块 223a4 22. cH6L4muHgCsNwfqFPEMMBJwTG6NWhVWqiv time: 60200 
生成区块 e25b1 23. cMPVU5d8U87bqPTZsLaWiyAv5UbZwMENip time: 60210 
生成区块 868a4 24. cD4rsua9vmVMiPouRL7MJJcVPWKtQu8E5X time: 60220 
生成区块 e92e0 25. c6XZmkn23mSbiVVydY8WcEJSebM9RpRq8V time: 60230 
生成区块 f9c4a 26. cMtCaC4WmjBjZYbzrGZREJ9imX479XxpsM time: 60240 
生成区块 77794 27. cFtR9y1R2zvvd7DXUE5cQu4wVuHzMzKFXW time: 60250 
生成区块 c0a4f 28. cERnwrsCNpy4b8hQ683zpRFPw88yXuVXES time: 60260 
生成区块 181ad 29. cBRJCW5SXiaJzDEFQhmLhCjizEBaprHj9w time: 60270 
生成区块 0f58a 2. cFEaSoF3QceWxjnLsg9FoQyLVcUzVEpkSP time: 90000 
生成区块 0e178 3. cGnmjV6fk5kFbTWztDtZhyr1a4Van4NPvR time: 90010 
生成区块 d1a41 4. c5fjyiG9HYrHrzJnyLsMZSkw6M5JzkZWUY time: 90020 
生成区块 8e478 5. cKmsqZLYAY8xjsqSaFdUy2jUuewBpCCcf9 time: 90030 
生成区块 d1c26 6. cNsdgX2hL8tpZuNV8pbqpcmmQXFYgyoHb3 time: 90040 
生成区块 0c186 7. cJzdd4agJhJR7psxQeH7beLeqarzeRrVWz time: 90050 
生成区块 5e99e 8. cNqpoUrBTpPvGzpFsimJRMm1uDjvDPpigj time: 90060 
生成区块 e5dd0 9. c582jFX2DfF45B65YSKN31qk6Ft9ckVAJm time: 90070 
生成区块 8c459 10. cKqAK2TLS5AiGm75CAuVLUv4D38MyqTD9M time: 90080 
生成区块 17d53 11. c5AYPcDMUGr5JHErEo5y43SZG8JsF8YjG5 time: 90090 
生成区块 12568 12. cH4RweoyEU363G5p7P2D1bEe5uccLNFJgC time: 90100 
生成区块 714fe 13. cGS6P65poK8GN5yhAtBj5ddDuDFh3k4YW8 time: 90110 
生成区块 205ce 14. c4aG5yDeGo4TqR6C9r2vBaaNXmR2Ro17SV time: 90120 
生成区块 c43fd 15. cHdATqSzszEe335hM8kaNM267SH98BCpbx time: 90130 
生成区块 a76b0 16. cDUwDnum3J5bQo78LDWcCJLAASqRP4VSan time: 90140 
生成区块 3c0d3 17. cCjrLJHLRUZci2Ak1W2BbgchJQLoQo86d7 time: 90150 
生成区块 48048 18. c81E6nEaLHJ25mFRTDSMar5YjmrYLsNr5v time: 90160 
生成区块 c3930 19. cCuaHXAe1hcEGgqz6eg8QC9UKQHZ1Cq2Qo time: 90170 
生成区块 eab60 20. c3MCDGU8vFk6waxeeRbBUt3QaRvB6q1TAH time: 90180 
生成区块 7acb7 21. cCmcRqAdKd24ft1Nuwzc6p1Uf5R47RSAUF time: 90190 
生成区块 66910 22. cBy33bW2b8QX3Th6mjkpHRykPGLN9ahG9p time: 90200 
生成区块 57705 23. cKySkYVB4MhWhKczSUmY7WhF638hPx6U8N time: 90210 
生成区块 c642f 24. c4wQ1qXmKFBBGeHeiT5QsB9oKwsGYmK2eA time: 90220 
生成区块 5c0ad 25. cBpRE96Ff1RR3kVoN9Hky6pnAtTky8cP4s time: 90230 
生成区块 7bc72 26. c7y8jqVoAmP9uHA6bYxT66KSPXz14tSahH time: 90240 
生成区块 8304d 27. cKqjHi8u4n5RJJa1CxHgZbwHXS9cKC5Ekw time: 90250 
生成区块 3b6d0 28. cNQzoCNDDYY2uqBEW6fb7B6HzFjyz6oCt8 time: 90260 
生成区块 6ec09 29. cM8wVfYBZq6KtXCKAobMH9g9jLTcSfCiw5 time: 90270 
生成区块 d8f0d 30. cFG8tkEage2m5qnpsd8giKe9kad6ACF3BY time: 90280 
生成区块 855f0 31. cNhu1W73hSpHzwJfzGbHf1tM9KWSGTtC8U time: 90290 
生成区块 5baef 32. cLrUCNAWPyPH96bqqC3JQXZ3CtsvvXmNj1 time: 90300 
生成区块 55f8f 33. cPDXYf8tLYdv8LG43RxgHbNLi1ouxDcP8p time: 90310 
生成区块 b4f7e 34. cPNWUU9oB4NaxFagHDafkD2p54phRGSwqh time: 90320 
生成区块 9cc98 35. c6kHiX6mRcy3KeWCeb7MYAd8pfnDhnz8V7 time: 90330 
生成区块 99022 36. cMyZAA4V27jEmysddCxCqXKAeN2bBvDsVU time: 90340 
生成区块 bb7b9 37. c7LefZDapLTMcazj5gJdJJE4PePHQ2qpNu time: 90350 
生成区块 d310d 38. cGQ5NPs1k59LxCvxECXLKNpr4TezDvhMZn time: 90360 
生成区块 e6a9a 39. c2LMjYRGQbGAuNWBNyWrRr81WXzaZJqMdW time: 90370 
生成区块 823ff 40. c5QActCYGusL7wEwV8sDTZ6QcekFBjBMhv time: 90380 
生成区块 a7458 41. cFtYf1e5Ng5QhZzHiPMvDyV3NQHxKBnLmV time: 90390 
生成区块 85a6c 42. c5rSRneu7iXf8r8N87raRev24kHGmkvPMT time: 90400 
生成区块 f5287 43. cH6L4muHgCsNwfqFPEMMBJwTG6NWhVWqiv time: 90410 
生成区块 5e5c4 44. cMPVU5d8U87bqPTZsLaWiyAv5UbZwMENip time: 90420 
生成区块 59ca0 45. cD4rsua9vmVMiPouRL7MJJcVPWKtQu8E5X time: 90430 
生成区块 6cdeb 46. c6XZmkn23mSbiVVydY8WcEJSebM9RpRq8V time: 90440 
生成区块 0f58a 2. cFEaSoF3QceWxjnLsg9FoQyLVcUzVEpkSP time: 90000 
生成区块 0e178 3. cGnmjV6fk5kFbTWztDtZhyr1a4Van4NPvR time: 90010 
生成区块 d1a41 4. c5fjyiG9HYrHrzJnyLsMZSkw6M5JzkZWUY time: 90020 
生成区块 8e478 5. cKmsqZLYAY8xjsqSaFdUy2jUuewBpCCcf9 time: 90030 
生成区块 d1c26 6. cNsdgX2hL8tpZuNV8pbqpcmmQXFYgyoHb3 time: 90040 
生成区块 0c186 7. cJzdd4agJhJR7psxQeH7beLeqarzeRrVWz time: 90050 
生成区块 5e99e 8. cNqpoUrBTpPvGzpFsimJRMm1uDjvDPpigj time: 90060 
生成区块 e5dd0 9. c582jFX2DfF45B65YSKN31qk6Ft9ckVAJm time: 90070 
生成区块 8c459 10. cKqAK2TLS5AiGm75CAuVLUv4D38MyqTD9M time: 90080 
生成区块 17d53 11. c5AYPcDMUGr5JHErEo5y43SZG8JsF8YjG5 time: 90090 
生成区块 12568 12. cH4RweoyEU363G5p7P2D1bEe5uccLNFJgC time: 90100 
生成区块 714fe 13. cGS6P65poK8GN5yhAtBj5ddDuDFh3k4YW8 time: 90110 
生成区块 205ce 14. c4aG5yDeGo4TqR6C9r2vBaaNXmR2Ro17SV time: 90120 
生成区块 c43fd 15. cHdATqSzszEe335hM8kaNM267SH98BCpbx time: 90130 
生成区块 a76b0 16. cDUwDnum3J5bQo78LDWcCJLAASqRP4VSan time: 90140 
生成区块 3c0d3 17. cCjrLJHLRUZci2Ak1W2BbgchJQLoQo86d7 time: 90150 
生成区块 48048 18. c81E6nEaLHJ25mFRTDSMar5YjmrYLsNr5v time: 90160 
生成区块 c3930 19. cCuaHXAe1hcEGgqz6eg8QC9UKQHZ1Cq2Qo time: 90170 
生成区块 eab60 20. c3MCDGU8vFk6waxeeRbBUt3QaRvB6q1TAH time: 90180 
生成区块 7acb7 21. cCmcRqAdKd24ft1Nuwzc6p1Uf5R47RSAUF time: 90190 
生成区块 66910 22. cBy33bW2b8QX3Th6mjkpHRykPGLN9ahG9p time: 90200 
生成区块 57705 23. cKySkYVB4MhWhKczSUmY7WhF638hPx6U8N time: 90210 
生成区块 c642f 24. c4wQ1qXmKFBBGeHeiT5QsB9oKwsGYmK2eA time: 90220 
生成区块 5c0ad 25. cBpRE96Ff1RR3kVoN9Hky6pnAtTky8cP4s time: 90230 
生成区块 7bc72 26. c7y8jqVoAmP9uHA6bYxT66KSPXz14tSahH time: 90240 
生成区块 8304d 27. cKqjHi8u4n5RJJa1CxHgZbwHXS9cKC5Ekw time: 90250 
生成区块 3b6d0 28. cNQzoCNDDYY2uqBEW6fb7B6HzFjyz6oCt8 time: 90260 
生成区块 6ec09 29. cM8wVfYBZq6KtXCKAobMH9g9jLTcSfCiw5 time: 90270 
生成区块 d8f0d 30. cFG8tkEage2m5qnpsd8giKe9kad6ACF3BY time: 90280 
生成区块 855f0 31. cNhu1W73hSpHzwJfzGbHf1tM9KWSGTtC8U time: 90290 
生成区块 5baef 32. cLrUCNAWPyPH96bqqC3JQXZ3CtsvvXmNj1 time: 90300 
生成区块 55f8f 33. cPDXYf8tLYdv8LG43RxgHbNLi1ouxDcP8p time: 90310 
生成区块 b4f7e 34. cPNWUU9oB4NaxFagHDafkD2p54phRGSwqh time: 90320 
生成区块 9cc98 35. c6kHiX6mRcy3KeWCeb7MYAd8pfnDhnz8V7 time: 90330 
生成区块 99022 36. cMyZAA4V27jEmysddCxCqXKAeN2bBvDsVU time: 90340 
生成区块 bb7b9 37. c7LefZDapLTMcazj5gJdJJE4PePHQ2qpNu time: 90350 
生成区块 d310d 38. cGQ5NPs1k59LxCvxECXLKNpr4TezDvhMZn time: 90360 
生成区块 e6a9a 39. c2LMjYRGQbGAuNWBNyWrRr81WXzaZJqMdW time: 90370 
生成区块 823ff 40. c5QActCYGusL7wEwV8sDTZ6QcekFBjBMhv time: 90380 
生成区块 a7458 41. cFtYf1e5Ng5QhZzHiPMvDyV3NQHxKBnLmV time: 90390 
生成区块 85a6c 42. c5rSRneu7iXf8r8N87raRev24kHGmkvPMT time: 90400 
生成区块 f5287 43. cH6L4muHgCsNwfqFPEMMBJwTG6NWhVWqiv time: 90410 
生成区块 5e5c4 44. cMPVU5d8U87bqPTZsLaWiyAv5UbZwMENip time: 90420 
生成区块 59ca0 45. cD4rsua9vmVMiPouRL7MJJcVPWKtQu8E5X time: 90430 
生成区块 6cdeb 46. c6XZmkn23mSbiVVydY8WcEJSebM9RpRq8V time: 90440 
生成区块 f2c06 47. cMtCaC4WmjBjZYbzrGZREJ9imX479XxpsM time: 90450 
生成区块 cb913 48. cFtR9y1R2zvvd7DXUE5cQu4wVuHzMzKFXW time: 90460 
生成区块 6d7f4 49. cERnwrsCNpy4b8hQ683zpRFPw88yXuVXES time: 90470 
生成区块 70fd6 50. cBRJCW5SXiaJzDEFQhmLhCjizEBaprHj9w time: 90480 
生成区块 9e19c 51. cCTtPZA7Ry9qEnLJm6yyWGFswdFC5hiMhe time: 90490 
生成区块 2c6df 52. c3e7TaDkuPcWC8L7GfkixXsaZDpP5Rtasg time: 90500 
生成区块 19a94 53. cMbTY5hZ2RXCVGPYgwjp3ybnM1EyQenDiy time: 90510 
生成区块 f5162 54. cBgQkrwMZdQzu3QgtkN4vTbDB2Zf7F9ndm time: 90520 
生成区块 e70d9 55. c8Ke6FeamgemKfaAdppcUVoGfModE4CEyT time: 90530 
生成区块 82837 56. cKcsAB6U1KSkUrUsLr1ysdK5UrfCmFribi time: 90540 
生成区块 25598 57. cLxoe3BFVFWJitksZZU7r7pyPbGxdV9FEw time: 90550 
生成区块 f1f87 58. cP3KZJfNBYLxVjR6Mi3CG8LAEgt97N8t55 time: 90560 
生成区块 74470 59. cEo8s28oP5BLE1vEG6VRTmZbfdJD4M1Coe time: 90570 
生成区块 d7e72 60. cMHuDEGM4CUE1wDbY2chPWjP8P1KJMWsVN time: 90580 
生成区块 fad70 61. c7ij2QbLpRFSuZGB9bD7zPf8WYHg82ZY53 time: 90590 
生成区块 5b825 62. c6YdR5inKH4ZCWMiLS8MYYq1fGGXGE4mUw time: 90600 
生成区块 8bde2 63. c3z5iLu15V6dfX988fugq2vP1FRgda1DEk time: 90610 
生成区块 4d2a1 64. curtHB91mSGD2bK3SPXzS8vAfctvB5ZGc time: 90620 
生成区块 74ba5 65. cQEA1sRwbNVzMJTD85oGKQF87bX7xTet6d time: 90630 
生成区块 e31ac 66. c5RqaMzZGzMsmgQb533GSLWG64uKHJSJjB time: 90640 
生成区块 7b30a 67. cEo4bdeV2XJ3kUKp9EeTGGAC6rTejSg1Ny time: 90650 
生成区块 06cb7 68. c4giVDb2U9jr5WVUGg294bGwgCSKDz2xzJ time: 90660 
生成区块 56635 69. cD4uXeU9Aj7EpN9XLo5M5FqTMWofEjkuGT time: 90670 
生成区块 461fd 70. c32KRhr1wZc8MKRPrEy1LBdojmAFLwpDN9 time: 90680 
生成区块 65557 71. cNdBX3dCDfPGyvuAbbuBmWfSfXJ5D32xK1 time: 90690 
生成区块 53b2f 72. c8PLVcgfgeMreGxVQxi8r42W4ZDukEB3M3 time: 90700 
生成区块 7d632 73. c9Hzte1gK9ekxMaXDfAS7SH8cTZ2ZaTip4 time: 90710 
生成区块 1363d 74. cLwXBhfqd6PR2R6JdjkGc3LSwMPjsK1gKF time: 90720 
生成区块 fffe3 75. cDhdyM63XaEsjsfrgU2CsN8Cn63Ni5QAzc time: 90730 
生成区块 49d4e 76. cCtpNbbApgDAuX38sJqLG2PERUsor94MHz time: 90740 
生成区块 453df 77. c6bVeNUiLwSW3SGz38yv6w54JXphzxY3d3 time: 90750 
生成区块 8fe93 78. cMg3Pj5Mb8YnwQeeWmBKsPt8Zjgu4FHL9Y time: 90760 
生成区块 2e9f9 79. cHMAxcAu6u3LEpfpCqJHD39unJtHCppfa7 time: 90770 
生成区块 2e91f 80. cN1r6YA2rpKwqyUQBo5eBfcbETXSYK8aWn time: 90780 
生成区块 28e83 81. cJXJ15YBxQ4zFU7vSUbeRwxgTmQncJy1CJ time: 90790 
生成区块 457a1 82. cGqWH1HYoZmFcpRbPfrE63u9SBxxLxN4Cp time: 90800 
生成区块 9a5e2 83. c2KFmSdk8PcqcWuwDFhATW5VRJcs6xM4gn time: 90810 
生成区块 2da52 84. cFyn4v8T5ckT28MW17iUvvuK4Uk7nrpdZj time: 90820 
生成区块 66cfe 85. c37jstTJJLuNuvERbc6MJbMkU1mPegQUoA time: 90830 
生成区块 b5644 86. c5q6xxt1RkYYM1EXZGjwhPoU8y3K5uAkpX time: 90840 
生成区块 34f77 87. c5qUNZkdEgg62fGSWwU29yya7vVQET7xkt time: 90850 
生成区块 f6d72 88. cKgAdasSHc1T6zUXPnmYEEtjeX7qKi11xb time: 90860 
生成区块 4c6aa 89. cALZico86XyeSaK3zTXMVtq6AUPqmrh6JV time: 90870 
生成区块 94ca4 90. cKyVC3hXc7ffCzEjDq1RHxqwi7DWiWSWRX time: 90880 
生成区块 d73bc 91. cPBhhsQsNTKKkQw4DaYESjmBGFZZgiXJrK time: 90890 
生成区块 b15c1 92. c3pPiHJASHMkxFxzStA1WLnagHxHnsZcD1 time: 90900 
生成区块 0e807 93. cD6KwXfyUCPSscZoy3HeFuM3bFp4EvDpbe time: 90910 
生成区块 f5aab 94. cJQtvwgB96A7fZMppeRE6tkNsykg7KQEsJ time: 90920 
生成区块 6d638 95. cHtrhRxSd6HgoFApv3Ww5T9BJSpzunrK74 time: 90930 
生成区块 03204 96. c9JpYqYPy5ZwkP9dqP7uYsW2jUqjWK12Zy time: 90940 
生成区块 7f9f6 97. cLShHjVpQwRFy2pTLZ5wxDUBuULPXgNd5w time: 90950 
生成区块 0f58a 2. cFEaSoF3QceWxjnLsg9FoQyLVcUzVEpkSP time: 90000 
生成区块 0e178 3. cGnmjV6fk5kFbTWztDtZhyr1a4Van4NPvR time: 90010 
生成区块 d1a41 4. c5fjyiG9HYrHrzJnyLsMZSkw6M5JzkZWUY time: 90020 
生成区块 8e478 5. cKmsqZLYAY8xjsqSaFdUy2jUuewBpCCcf9 time: 90030 
生成区块 d1c26 6. cNsdgX2hL8tpZuNV8pbqpcmmQXFYgyoHb3 time: 90040 
生成区块 0c186 7. cJzdd4agJhJR7psxQeH7beLeqarzeRrVWz time: 90050 
生成区块 5e99e 8. cNqpoUrBTpPvGzpFsimJRMm1uDjvDPpigj time: 90060 
生成区块 e5dd0 9. c582jFX2DfF45B65YSKN31qk6Ft9ckVAJm time: 90070 
生成区块 8c459 10. cKqAK2TLS5AiGm75CAuVLUv4D38MyqTD9M time: 90080 
生成区块 17d53 11. c5AYPcDMUGr5JHErEo5y43SZG8JsF8YjG5 time: 90090 
生成区块 12568 12. cH4RweoyEU363G5p7P2D1bEe5uccLNFJgC time: 90100 
生成区块 714fe 13. cGS6P65poK8GN5yhAtBj5ddDuDFh3k4YW8 time: 90110 
生成区块 205ce 14. c4aG5yDeGo4TqR6C9r2vBaaNXmR2Ro17SV time: 90120 
生成区块 c43fd 15. cHdATqSzszEe335hM8kaNM267SH98BCpbx time: 90130 
生成区块 a76b0 16. cDUwDnum3J5bQo78LDWcCJLAASqRP4VSan time: 90140 
生成区块 3c0d3 17. cCjrLJHLRUZci2Ak1W2BbgchJQLoQo86d7 time: 90150 
生成区块 48048 18. c81E6nEaLHJ25mFRTDSMar5YjmrYLsNr5v time: 90160 
生成区块 c3930 19. cCuaHXAe1hcEGgqz6eg8QC9UKQHZ1Cq2Qo time: 90170 
生成区块 eab60 20. c3MCDGU8vFk6waxeeRbBUt3QaRvB6q1TAH time: 90180 
生成区块 7acb7 21. cCmcRqAdKd24ft1Nuwzc6p1Uf5R47RSAUF time: 90190 
生成区块 66910 22. cBy33bW2b8QX3Th6mjkpHRykPGLN9ahG9p time: 90200 
生成区块 57705 23. cKySkYVB4MhWhKczSUmY7WhF638hPx6U8N time: 90210 
生成区块 c642f 24. c4wQ1qXmKFBBGeHeiT5QsB9oKwsGYmK2eA time: 90220 
生成区块 5c0ad 25. cBpRE96Ff1RR3kVoN9Hky6pnAtTky8cP4s time: 90230 
生成区块 7bc72 26. c7y8jqVoAmP9uHA6bYxT66KSPXz14tSahH time: 90240 
生成区块 8304d 27. cKqjHi8u4n5RJJa1CxHgZbwHXS9cKC5Ekw time: 90250 
生成区块 3b6d0 28. cNQzoCNDDYY2uqBEW6fb7B6HzFjyz6oCt8 time: 90260 
生成区块 6ec09 29. cM8wVfYBZq6KtXCKAobMH9g9jLTcSfCiw5 time: 90270 
生成区块 d8f0d 30. cFG8tkEage2m5qnpsd8giKe9kad6ACF3BY time: 90280 
生成区块 855f0 31. cNhu1W73hSpHzwJfzGbHf1tM9KWSGTtC8U time: 90290 
生成区块 5baef 32. cLrUCNAWPyPH96bqqC3JQXZ3CtsvvXmNj1 time: 90300 
生成区块 55f8f 33. cPDXYf8tLYdv8LG43RxgHbNLi1ouxDcP8p time: 90310 
生成区块 b4f7e 34. cPNWUU9oB4NaxFagHDafkD2p54phRGSwqh time: 90320 
生成区块 9cc98 35. c6kHiX6mRcy3KeWCeb7MYAd8pfnDhnz8V7 time: 90330 
生成区块 99022 36. cMyZAA4V27jEmysddCxCqXKAeN2bBvDsVU time: 90340 
生成区块 bb7b9 37. c7LefZDapLTMcazj5gJdJJE4PePHQ2qpNu time: 90350 
生成区块 d310d 38. cGQ5NPs1k59LxCvxECXLKNpr4TezDvhMZn time: 90360 
生成区块 e6a9a 39. c2LMjYRGQbGAuNWBNyWrRr81WXzaZJqMdW time: 90370 
生成区块 823ff 40. c5QActCYGusL7wEwV8sDTZ6QcekFBjBMhv time: 90380 
生成区块 a7458 41. cFtYf1e5Ng5QhZzHiPMvDyV3NQHxKBnLmV time: 90390 
生成区块 85a6c 42. c5rSRneu7iXf8r8N87raRev24kHGmkvPMT time: 90400 
生成区块 f5287 43. cH6L4muHgCsNwfqFPEMMBJwTG6NWhVWqiv time: 90410 
生成区块 5e5c4 44. cMPVU5d8U87bqPTZsLaWiyAv5UbZwMENip time: 90420 
生成区块 59ca0 45. cD4rsua9vmVMiPouRL7MJJcVPWKtQu8E5X time: 90430 
生成区块 6cdeb 46. c6XZmkn23mSbiVVydY8WcEJSebM9RpRq8V time: 90440 
生成区块 f2c06 47. cMtCaC4WmjBjZYbzrGZREJ9imX479XxpsM time: 90450 
生成区块 cb913 48. cFtR9y1R2zvvd7DXUE5cQu4wVuHzMzKFXW time: 90460 
生成区块 6d7f4 49. cERnwrsCNpy4b8hQ683zpRFPw88yXuVXES time: 90470 
生成区块 70fd6 50. cBRJCW5SXiaJzDEFQhmLhCjizEBaprHj9w time: 90480 
生成区块 9e19c 51. cCTtPZA7Ry9qEnLJm6yyWGFswdFC5hiMhe time: 90490 
生成区块 2c6df 52. c3e7TaDkuPcWC8L7GfkixXsaZDpP5Rtasg time: 90500 
生成区块 19a94 53. cMbTY5hZ2RXCVGPYgwjp3ybnM1EyQenDiy time: 90510 
生成区块 f5162 54. cBgQkrwMZdQzu3QgtkN4vTbDB2Zf7F9ndm time: 90520 
生成区块 e70d9 55. c8Ke6FeamgemKfaAdppcUVoGfModE4CEyT time: 90530 
生成区块 82837 56. cKcsAB6U1KSkUrUsLr1ysdK5UrfCmFribi time: 90540 
生成区块 25598 57. cLxoe3BFVFWJitksZZU7r7pyPbGxdV9FEw time: 90550 
生成区块 f1f87 58. cP3KZJfNBYLxVjR6Mi3CG8LAEgt97N8t55 time: 90560 
生成区块 74470 59. cEo8s28oP5BLE1vEG6VRTmZbfdJD4M1Coe time: 90570 
生成区块 d7e72 60. cMHuDEGM4CUE1wDbY2chPWjP8P1KJMWsVN time: 90580 
生成区块 fad70 61. c7ij2QbLpRFSuZGB9bD7zPf8WYHg82ZY53 time: 90590 
生成区块 5b825 62. c6YdR5inKH4ZCWMiLS8MYYq1fGGXGE4mUw time: 90600 
生成区块 8bde2 63. c3z5iLu15V6dfX988fugq2vP1FRgda1DEk time: 90610 
生成区块 4d2a1 64. curtHB91mSGD2bK3SPXzS8vAfctvB5ZGc time: 90620 
生成区块 74ba5 65. cQEA1sRwbNVzMJTD85oGKQF87bX7xTet6d time: 90630 
生成区块 e31ac 66. c5RqaMzZGzMsmgQb533GSLWG64uKHJSJjB time: 90640 
生成区块 7b30a 67. cEo4bdeV2XJ3kUKp9EeTGGAC6rTejSg1Ny time: 90650 
生成区块 06cb7 68. c4giVDb2U9jr5WVUGg294bGwgCSKDz2xzJ time: 90660 
生成区块 56635 69. cD4uXeU9Aj7EpN9XLo5M5FqTMWofEjkuGT time: 90670 
生成区块 461fd 70. c32KRhr1wZc8MKRPrEy1LBdojmAFLwpDN9 time: 90680 
生成区块 65557 71. cNdBX3dCDfPGyvuAbbuBmWfSfXJ5D32xK1 time: 90690 
生成区块 53b2f 72. c8PLVcgfgeMreGxVQxi8r42W4ZDukEB3M3 time: 90700 
生成区块 7d632 73. c9Hzte1gK9ekxMaXDfAS7SH8cTZ2ZaTip4 time: 90710 
生成区块 1363d 74. cLwXBhfqd6PR2R6JdjkGc3LSwMPjsK1gKF time: 90720 
生成区块 fffe3 75. cDhdyM63XaEsjsfrgU2CsN8Cn63Ni5QAzc time: 90730 
生成区块 49d4e 76. cCtpNbbApgDAuX38sJqLG2PERUsor94MHz time: 90740 
生成区块 453df 77. c6bVeNUiLwSW3SGz38yv6w54JXphzxY3d3 time: 90750 
生成区块 8fe93 78. cMg3Pj5Mb8YnwQeeWmBKsPt8Zjgu4FHL9Y time: 90760 
生成区块 2e9f9 79. cHMAxcAu6u3LEpfpCqJHD39unJtHCppfa7 time: 90770 
生成区块 2e91f 80. cN1r6YA2rpKwqyUQBo5eBfcbETXSYK8aWn time: 90780 
生成区块 28e83 81. cJXJ15YBxQ4zFU7vSUbeRwxgTmQncJy1CJ time: 90790 
生成区块 457a1 82. cGqWH1HYoZmFcpRbPfrE63u9SBxxLxN4Cp time: 90800 
生成区块 9a5e2 83. c2KFmSdk8PcqcWuwDFhATW5VRJcs6xM4gn time: 90810 
生成区块 2da52 84. cFyn4v8T5ckT28MW17iUvvuK4Uk7nrpdZj time: 90820 
生成区块 66cfe 85. c37jstTJJLuNuvERbc6MJbMkU1mPegQUoA time: 90830 
生成区块 b5644 86. c5q6xxt1RkYYM1EXZGjwhPoU8y3K5uAkpX time: 90840 
生成区块 34f77 87. c5qUNZkdEgg62fGSWwU29yya7vVQET7xkt time: 90850 
生成区块 f6d72 88. cKgAdasSHc1T6zUXPnmYEEtjeX7qKi11xb time: 90860 
生成区块 4c6aa 89. cALZico86XyeSaK3zTXMVtq6AUPqmrh6JV time: 90870 
生成区块 94ca4 90. cKyVC3hXc7ffCzEjDq1RHxqwi7DWiWSWRX time: 90880 
生成区块 d73bc 91. cPBhhsQsNTKKkQw4DaYESjmBGFZZgiXJrK time: 90890 
生成区块 b15c1 92. c3pPiHJASHMkxFxzStA1WLnagHxHnsZcD1 time: 90900 
生成区块 0e807 93. cD6KwXfyUCPSscZoy3HeFuM3bFp4EvDpbe time: 90910 
生成区块 f5aab 94. cJQtvwgB96A7fZMppeRE6tkNsykg7KQEsJ time: 90920 
生成区块 6d638 95. cHtrhRxSd6HgoFApv3Ww5T9BJSpzunrK74 time: 90930 
生成区块 03204 96. c9JpYqYPy5ZwkP9dqP7uYsW2jUqjWK12Zy time: 90940 
生成区块 7f9f6 97. cLShHjVpQwRFy2pTLZ5wxDUBuULPXgNd5w time: 90950 
生成区块 62a57 98. c2pWhtuBZWGZHJVSoNJ3FYJfdjp1iyv8dr time: 90960 
生成区块 a2de8 99. cDGZW6UisKZtt61rFmdMGZufCqtbWP9sLe time: 90970 
生成区块 dd857 100. cBX5XCMHodUGz6xHPKkS5jeb7kt1rrgqwb time: 90980 
生成区块 c297e 101. cMbuszd6xHhsXa4qrSNHVEe7Z8Pr3TNneP time: 90990 
生成区块 24626 102. cBsvWnbQtMhGvzj3BDpFpr3A4EZiPXXrRQ time: 91000 
生成区块 e9b0e 103. cLR1q2Xobq6SLdbcGSmzx3USwuEReKyKdN time: 91010 
生成区块 744bb 104. cQ88bJLhefXDhHwUorVeHKQhJrm2tDqkgM time: 91020 
生成区块 b6fef 105. cFf3VzWCjKv5VvYmLhzRkQZPhNQn8vANLz time: 91030 
生成区块 e77c6 106. cFxUbicQgwjsrHQj5JzP5GabZQ5Ep8vTUi time: 91040 
生成区块 c921e 107. cNtaqym4McrXt5pQZPtQCR7LyhE5pUsUCe time: 91050 
生成区块 799b6 108. c2ffGmyB8nMhkemELfsjNDsdG4t1EMeomv time: 91060 
生成区块 7757a 109. cPZUAVCxZSwrodndzmCsVcP38BskQRF1ny time: 91070 
生成区块 13af7 110. cF6DjxtfzvJjbqvwWGb2AvUcwEkk6rBFm9 time: 91080 
生成区块 2be0f 111. cFybQsjHqiX1DUbtZFXDPihvDeTveZQKkw time: 91090 
生成区块 51940 112. c4q2hHccaS3qcXGMqsGcasjbvj9aJsCuuy time: 91100 
生成区块 93855 113. cGELZtTz3qzbcAS9svzQjesXTB46ytduwg time: 91110 
生成区块 a4741 114. cAkwj6utxuRKErXYHYnisXGJjqsQVdsuqA time: 91120 
生成区块 7809a 115. c582jFX2DfF45B65YSKN31qk6Ft9ckVAJm time: 91130 
生成区块 b2adc 116. cKqAK2TLS5AiGm75CAuVLUv4D38MyqTD9M time: 91140 
生成区块 57ed7 117. c5AYPcDMUGr5JHErEo5y43SZG8JsF8YjG5 time: 91150 
生成区块 e7b28 118. cH4RweoyEU363G5p7P2D1bEe5uccLNFJgC time: 91160 
生成区块 833be 119. cGS6P65poK8GN5yhAtBj5ddDuDFh3k4YW8 time: 91170 
生成区块 51110 120. c4aG5yDeGo4TqR6C9r2vBaaNXmR2Ro17SV time: 91180 
生成区块 be53f 121. cHdATqSzszEe335hM8kaNM267SH98BCpbx time: 91190 
生成区块 e6a89 122. cDUwDnum3J5bQo78LDWcCJLAASqRP4VSan time: 91200 
生成区块 f6920 123. cCjrLJHLRUZci2Ak1W2BbgchJQLoQo86d7 time: 91210 
生成区块 5c9c0 124. c81E6nEaLHJ25mFRTDSMar5YjmrYLsNr5v time: 91220 
生成区块 5ff8e 125. cCuaHXAe1hcEGgqz6eg8QC9UKQHZ1Cq2Qo time: 91230 
生成区块 77699 126. c3MCDGU8vFk6waxeeRbBUt3QaRvB6q1TAH time: 91240 
生成区块 35172 127. cCmcRqAdKd24ft1Nuwzc6p1Uf5R47RSAUF time: 91250 
生成区块 f4e39 128. cBy33bW2b8QX3Th6mjkpHRykPGLN9ahG9p time: 91260 
生成区块 97833 129. cKySkYVB4MhWhKczSUmY7WhF638hPx6U8N time: 91270 
生成区块 9391a 130. c4wQ1qXmKFBBGeHeiT5QsB9oKwsGYmK2eA time: 91280 
生成区块 099d9 131. cBpRE96Ff1RR3kVoN9Hky6pnAtTky8cP4s time: 91290 
生成区块 9c62d 132. c7y8jqVoAmP9uHA6bYxT66KSPXz14tSahH time: 91300 
生成区块 23da8 133. cKqjHi8u4n5RJJa1CxHgZbwHXS9cKC5Ekw time: 91310 
生成区块 1489a 134. cNQzoCNDDYY2uqBEW6fb7B6HzFjyz6oCt8 time: 91320 
生成区块 054a1 135. cM8wVfYBZq6KtXCKAobMH9g9jLTcSfCiw5 time: 91330 
生成区块 385bd 136. cFG8tkEage2m5qnpsd8giKe9kad6ACF3BY time: 91340 
生成区块 d909a 137. cNhu1W73hSpHzwJfzGbHf1tM9KWSGTtC8U time: 91350 
生成区块 a3f84 138. cLrUCNAWPyPH96bqqC3JQXZ3CtsvvXmNj1 time: 91360 
生成区块 2a0ba 139. cPDXYf8tLYdv8LG43RxgHbNLi1ouxDcP8p time: 91370 
生成区块 10e40 140. cPNWUU9oB4NaxFagHDafkD2p54phRGSwqh time: 91380 
生成区块 704d1 141. c6kHiX6mRcy3KeWCeb7MYAd8pfnDhnz8V7 time: 91390 
生成区块 5dd8e 142. cMyZAA4V27jEmysddCxCqXKAeN2bBvDsVU time: 91400 
生成区块 83b2b 143. c7LefZDapLTMcazj5gJdJJE4PePHQ2qpNu time: 91410 
生成区块 709ea 144. cGQ5NPs1k59LxCvxECXLKNpr4TezDvhMZn time: 91420 
生成区块 e02c8 145. c2LMjYRGQbGAuNWBNyWrRr81WXzaZJqMdW time: 91430 
生成区块 1d084 146. c5QActCYGusL7wEwV8sDTZ6QcekFBjBMhv time: 91440 
生成区块 cec57 147. cFtYf1e5Ng5QhZzHiPMvDyV3NQHxKBnLmV time: 91450 
生成区块 1081a 148. c5rSRneu7iXf8r8N87raRev24kHGmkvPMT time: 91460 
生成区块 7404d 149. cH6L4muHgCsNwfqFPEMMBJwTG6NWhVWqiv time: 91470 
生成区块 568bd 150. cMPVU5d8U87bqPTZsLaWiyAv5UbZwMENip time: 91480 
生成区块 fccd0 151. cD4rsua9vmVMiPouRL7MJJcVPWKtQu8E5X time: 91490 
生成区块 06c20 152. c6XZmkn23mSbiVVydY8WcEJSebM9RpRq8V time: 91500 
生成区块 11f5f 153. cMtCaC4WmjBjZYbzrGZREJ9imX479XxpsM time: 91510 
生成区块 887b2 154. cFtR9y1R2zvvd7DXUE5cQu4wVuHzMzKFXW time: 91520 
生成区块 bbf8b 155. cERnwrsCNpy4b8hQ683zpRFPw88yXuVXES time: 91530 
生成区块 5e923 156. cBRJCW5SXiaJzDEFQhmLhCjizEBaprHj9w time: 91540 
生成区块 7d5f0 157. cCTtPZA7Ry9qEnLJm6yyWGFswdFC5hiMhe time: 91550 
生成区块 85f45 158. c3e7TaDkuPcWC8L7GfkixXsaZDpP5Rtasg time: 91560 
生成区块 a7278 159. cMbTY5hZ2RXCVGPYgwjp3ybnM1EyQenDiy time: 91570 
生成区块 048b4 160. cBgQkrwMZdQzu3QgtkN4vTbDB2Zf7F9ndm time: 91580 
生成区块 08f97 161. c8Ke6FeamgemKfaAdppcUVoGfModE4CEyT time: 91590 
生成区块 ceba8 162. cKcsAB6U1KSkUrUsLr1ysdK5UrfCmFribi time: 91600 
生成区块 094b7 163. cLxoe3BFVFWJitksZZU7r7pyPbGxdV9FEw time: 91610 
生成区块 f9cb4 164. cCET2Sxt2LPDhx44wxJ9uhkpviKNrSacvE time: 91620 
生成区块 09631 165. cFEaSoF3QceWxjnLsg9FoQyLVcUzVEpkSP time: 91630 
生成区块 16c20 166. cGnmjV6fk5kFbTWztDtZhyr1a4Van4NPvR time: 91640 
生成区块 08853 167. c5fjyiG9HYrHrzJnyLsMZSkw6M5JzkZWUY time: 91650 
生成区块 a0a57 168. cKmsqZLYAY8xjsqSaFdUy2jUuewBpCCcf9 time: 91660 
生成区块 6cb5c 169. cNsdgX2hL8tpZuNV8pbqpcmmQXFYgyoHb3 time: 91670 
生成区块 bf0f6 170. cJzdd4agJhJR7psxQeH7beLeqarzeRrVWz time: 91680 
生成区块 5a98d 171. cNqpoUrBTpPvGzpFsimJRMm1uDjvDPpigj time: 91690 
生成区块 a261f 172. cP3KZJfNBYLxVjR6Mi3CG8LAEgt97N8t55 time: 91700 
生成区块 7f148 173. cEo8s28oP5BLE1vEG6VRTmZbfdJD4M1Coe time: 91710 
生成区块 fe36a 174. cMHuDEGM4CUE1wDbY2chPWjP8P1KJMWsVN time: 91720 
生成区块 6dce9 175. c7ij2QbLpRFSuZGB9bD7zPf8WYHg82ZY53 time: 91730 
生成区块 193ff 176. c6YdR5inKH4ZCWMiLS8MYYq1fGGXGE4mUw time: 91740 
生成区块 e6bdc 177. c3z5iLu15V6dfX988fugq2vP1FRgda1DEk time: 91750 
生成区块 38010 178. curtHB91mSGD2bK3SPXzS8vAfctvB5ZGc time: 91760 
生成区块 1571e 179. cQEA1sRwbNVzMJTD85oGKQF87bX7xTet6d time: 91770 
生成区块 cbf01 180. c5RqaMzZGzMsmgQb533GSLWG64uKHJSJjB time: 91780 
生成区块 e0b68 181. cEo4bdeV2XJ3kUKp9EeTGGAC6rTejSg1Ny time: 91790 
生成区块 db4c5 182. c4giVDb2U9jr5WVUGg294bGwgCSKDz2xzJ time: 91800 
生成区块 9d25a 183. cD4uXeU9Aj7EpN9XLo5M5FqTMWofEjkuGT time: 91810 
生成区块 f4740 184. c32KRhr1wZc8MKRPrEy1LBdojmAFLwpDN9 time: 91820 
生成区块 a6fb1 185. cNdBX3dCDfPGyvuAbbuBmWfSfXJ5D32xK1 time: 91830 
生成区块 dc69e 186. c8PLVcgfgeMreGxVQxi8r42W4ZDukEB3M3 time: 91840 
生成区块 f2005 187. c9Hzte1gK9ekxMaXDfAS7SH8cTZ2ZaTip4 time: 91850 
生成区块 2066a 188. cLwXBhfqd6PR2R6JdjkGc3LSwMPjsK1gKF time: 91860 
生成区块 8ff72 189. cDhdyM63XaEsjsfrgU2CsN8Cn63Ni5QAzc time: 91870 
生成区块 e0624 190. cCtpNbbApgDAuX38sJqLG2PERUsor94MHz time: 91880 
生成区块 efb98 191. c6bVeNUiLwSW3SGz38yv6w54JXphzxY3d3 time: 91890 
生成区块 1d7f2 192. cMg3Pj5Mb8YnwQeeWmBKsPt8Zjgu4FHL9Y time: 91900 
生成区块 df21b 193. cHMAxcAu6u3LEpfpCqJHD39unJtHCppfa7 time: 91910 
生成区块 aa69d 194. cN1r6YA2rpKwqyUQBo5eBfcbETXSYK8aWn time: 91920 
生成区块 84b87 195. cJXJ15YBxQ4zFU7vSUbeRwxgTmQncJy1CJ time: 91930 
生成区块 6e03b 196. cGqWH1HYoZmFcpRbPfrE63u9SBxxLxN4Cp time: 91940 
生成区块 508ee 197. c2KFmSdk8PcqcWuwDFhATW5VRJcs6xM4gn time: 91950 
生成区块 18b1d 198. cFyn4v8T5ckT28MW17iUvvuK4Uk7nrpdZj time: 91960 
生成区块 dc3ed 199. c37jstTJJLuNuvERbc6MJbMkU1mPegQUoA time: 91970 
生成区块 79e3e 200. c5q6xxt1RkYYM1EXZGjwhPoU8y3K5uAkpX time: 91980 
生成区块 e172d 201. c5qUNZkdEgg62fGSWwU29yya7vVQET7xkt time: 91990 
生成区块 2dcd5 202. cKgAdasSHc1T6zUXPnmYEEtjeX7qKi11xb time: 92000 
生成区块 84096 203. cALZico86XyeSaK3zTXMVtq6AUPqmrh6JV time: 92010 
生成区块 2ff3a 204. cKyVC3hXc7ffCzEjDq1RHxqwi7DWiWSWRX time: 92020 
生成区块 60934 205. cPBhhsQsNTKKkQw4DaYESjmBGFZZgiXJrK time: 92030 
生成区块 a8499 206. c3pPiHJASHMkxFxzStA1WLnagHxHnsZcD1 time: 92040 
生成区块 967a0 207. cD6KwXfyUCPSscZoy3HeFuM3bFp4EvDpbe time: 92050 
生成区块 0446f 208. cJQtvwgB96A7fZMppeRE6tkNsykg7KQEsJ time: 92060 
生成区块 b90ce 209. cHtrhRxSd6HgoFApv3Ww5T9BJSpzunrK74 time: 92070 
生成区块 e255b 210. c9JpYqYPy5ZwkP9dqP7uYsW2jUqjWK12Zy time: 92080 
生成区块 6073b 211. cLShHjVpQwRFy2pTLZ5wxDUBuULPXgNd5w time: 92090 
生成区块 f3845 212. c2pWhtuBZWGZHJVSoNJ3FYJfdjp1iyv8dr time: 92100 
生成区块 a1bcb 213. cDGZW6UisKZtt61rFmdMGZufCqtbWP9sLe time: 92110 
生成区块 7e98f 214. cBX5XCMHodUGz6xHPKkS5jeb7kt1rrgqwb time: 92120 
生成区块 2039f 215. cMbuszd6xHhsXa4qrSNHVEe7Z8Pr3TNneP time: 92130 
生成区块 dcb67 216. cBsvWnbQtMhGvzj3BDpFpr3A4EZiPXXrRQ time: 92140 
生成区块 9c993 217. cLR1q2Xobq6SLdbcGSmzx3USwuEReKyKdN time: 92150 
生成区块 34fdf 218. cQ88bJLhefXDhHwUorVeHKQhJrm2tDqkgM time: 92160 
生成区块 30ea5 219. cFf3VzWCjKv5VvYmLhzRkQZPhNQn8vANLz time: 92170 
生成区块 c0d65 220. cFxUbicQgwjsrHQj5JzP5GabZQ5Ep8vTUi time: 92180 
生成区块 d999a 221. cNtaqym4McrXt5pQZPtQCR7LyhE5pUsUCe time: 92190 
生成区块 78570 222. c2ffGmyB8nMhkemELfsjNDsdG4t1EMeomv time: 92200 
生成区块 bde9e 223. cPZUAVCxZSwrodndzmCsVcP38BskQRF1ny time: 92210 
生成区块 9bcb8 224. cF6DjxtfzvJjbqvwWGb2AvUcwEkk6rBFm9 time: 92220 
生成区块 014a5 225. cFybQsjHqiX1DUbtZFXDPihvDeTveZQKkw time: 92230 
生成区块 120de 226. c4q2hHccaS3qcXGMqsGcasjbvj9aJsCuuy time: 92240 
生成区块 93906 227. cGELZtTz3qzbcAS9svzQjesXTB46ytduwg time: 92250 
生成区块 092bb 228. cAkwj6utxuRKErXYHYnisXGJjqsQVdsuqA time: 92260 
生成区块 06a3a 229. c582jFX2DfF45B65YSKN31qk6Ft9ckVAJm time: 92270 
生成区块 fa84c 230. cKqAK2TLS5AiGm75CAuVLUv4D38MyqTD9M time: 92280 
生成区块 09284 231. c5AYPcDMUGr5JHErEo5y43SZG8JsF8YjG5 time: 92290 
生成区块 90d2d 232. cH4RweoyEU363G5p7P2D1bEe5uccLNFJgC time: 92300 
生成区块 b93d6 233. cGS6P65poK8GN5yhAtBj5ddDuDFh3k4YW8 time: 92310 
生成区块 daec9 234. c4aG5yDeGo4TqR6C9r2vBaaNXmR2Ro17SV time: 92320 
生成区块 bbcbe 235. cHdATqSzszEe335hM8kaNM267SH98BCpbx time: 92330 
生成区块 03401 236. cDUwDnum3J5bQo78LDWcCJLAASqRP4VSan time: 92340 
生成区块 29fc1 237. cCjrLJHLRUZci2Ak1W2BbgchJQLoQo86d7 time: 92350 
生成区块 a72d8 238. c81E6nEaLHJ25mFRTDSMar5YjmrYLsNr5v time: 92360 
生成区块 e9063 239. cCuaHXAe1hcEGgqz6eg8QC9UKQHZ1Cq2Qo time: 92370 
生成区块 3d8f9 240. c3MCDGU8vFk6waxeeRbBUt3QaRvB6q1TAH time: 92380 
生成区块 44fde 241. cCmcRqAdKd24ft1Nuwzc6p1Uf5R47RSAUF time: 92390 
生成区块 a062c 242. cBy33bW2b8QX3Th6mjkpHRykPGLN9ahG9p time: 92400 
生成区块 dc6dd 243. cKySkYVB4MhWhKczSUmY7WhF638hPx6U8N time: 92410 
生成区块 507de 244. c4wQ1qXmKFBBGeHeiT5QsB9oKwsGYmK2eA time: 92420 
生成区块 c14b6 245. cBpRE96Ff1RR3kVoN9Hky6pnAtTky8cP4s time: 92430 
生成区块 79aeb 246. c7y8jqVoAmP9uHA6bYxT66KSPXz14tSahH time: 92440 
生成区块 85a55 247. cKqjHi8u4n5RJJa1CxHgZbwHXS9cKC5Ekw time: 92450 
生成区块 fae19 248. cNQzoCNDDYY2uqBEW6fb7B6HzFjyz6oCt8 time: 92460 
生成区块 8e051 249. cM8wVfYBZq6KtXCKAobMH9g9jLTcSfCiw5 time: 92470 
生成区块 f2d68 250. cFG8tkEage2m5qnpsd8giKe9kad6ACF3BY time: 92480 
生成区块 1ce22 251. cNhu1W73hSpHzwJfzGbHf1tM9KWSGTtC8U time: 92490 
生成区块 ee5d1 252. cLrUCNAWPyPH96bqqC3JQXZ3CtsvvXmNj1 time: 92500 
生成区块 5c67d 253. cPDXYf8tLYdv8LG43RxgHbNLi1ouxDcP8p time: 92510 
生成区块 583ce 254. cPNWUU9oB4NaxFagHDafkD2p54phRGSwqh time: 92520 
生成区块 6bc9d 255. c6kHiX6mRcy3KeWCeb7MYAd8pfnDhnz8V7 time: 92530 
生成区块 f00dc 256. cMyZAA4V27jEmysddCxCqXKAeN2bBvDsVU time: 92540 
生成区块 ef73b 257. c7LefZDapLTMcazj5gJdJJE4PePHQ2qpNu time: 92550 
生成区块 37296 258. cGQ5NPs1k59LxCvxECXLKNpr4TezDvhMZn time: 92560 
生成区块 6ee13 259. c2LMjYRGQbGAuNWBNyWrRr81WXzaZJqMdW time: 92570 
生成区块 7cc29 260. c5QActCYGusL7wEwV8sDTZ6QcekFBjBMhv time: 92580 
生成区块 2b7b0 261. cFtYf1e5Ng5QhZzHiPMvDyV3NQHxKBnLmV time: 92590 
生成区块 678f7 262. c5rSRneu7iXf8r8N87raRev24kHGmkvPMT time: 92600 
生成区块 3e3b9 263. cH6L4muHgCsNwfqFPEMMBJwTG6NWhVWqiv time: 92610 
生成区块 bea28 264. cMPVU5d8U87bqPTZsLaWiyAv5UbZwMENip time: 92620 
生成区块 cf636 265. cD4rsua9vmVMiPouRL7MJJcVPWKtQu8E5X time: 92630 
生成区块 e2f32 266. c6XZmkn23mSbiVVydY8WcEJSebM9RpRq8V time: 92640 
生成区块 afe5c 267. cMtCaC4WmjBjZYbzrGZREJ9imX479XxpsM time: 92650 
生成区块 5919b 268. cFtR9y1R2zvvd7DXUE5cQu4wVuHzMzKFXW time: 92660 
生成区块 2c8c6 269. cERnwrsCNpy4b8hQ683zpRFPw88yXuVXES time: 92670 
生成区块 3fa4c 270. cBRJCW5SXiaJzDEFQhmLhCjizEBaprHj9w time: 92680 
生成区块 77994 271. cCTtPZA7Ry9qEnLJm6yyWGFswdFC5hiMhe time: 92690 
生成区块 4cb87 272. c3e7TaDkuPcWC8L7GfkixXsaZDpP5Rtasg time: 92700 
生成区块 79cd2 273. cMbTY5hZ2RXCVGPYgwjp3ybnM1EyQenDiy time: 92710 
生成区块 cfa02 274. cBgQkrwMZdQzu3QgtkN4vTbDB2Zf7F9ndm time: 92720 
生成区块 80c74 275. c8Ke6FeamgemKfaAdppcUVoGfModE4CEyT time: 92730 
生成区块 5c03d 276. cKcsAB6U1KSkUrUsLr1ysdK5UrfCmFribi time: 92740 
生成区块 57166 277. cLxoe3BFVFWJitksZZU7r7pyPbGxdV9FEw time: 92750 
生成区块 420e9 278. cCET2Sxt2LPDhx44wxJ9uhkpviKNrSacvE time: 92760 
生成区块 b3688 279. cFEaSoF3QceWxjnLsg9FoQyLVcUzVEpkSP time: 92770 
生成区块 7b960 280. cGnmjV6fk5kFbTWztDtZhyr1a4Van4NPvR time: 92780 
生成区块 eeb7a 281. c5fjyiG9HYrHrzJnyLsMZSkw6M5JzkZWUY time: 92790 
生成区块 e1650 282. cKmsqZLYAY8xjsqSaFdUy2jUuewBpCCcf9 time: 92800 
生成区块 29a56 283. cNsdgX2hL8tpZuNV8pbqpcmmQXFYgyoHb3 time: 92810 
生成区块 d7c1a 284. cJzdd4agJhJR7psxQeH7beLeqarzeRrVWz time: 92820 
生成区块 ab6a4 285. cNqpoUrBTpPvGzpFsimJRMm1uDjvDPpigj time: 92830 
生成区块 3e000 286. cP3KZJfNBYLxVjR6Mi3CG8LAEgt97N8t55 time: 92840 
生成区块 65b3a 287. cEo8s28oP5BLE1vEG6VRTmZbfdJD4M1Coe time: 92850 
生成区块 08b41 288. cMHuDEGM4CUE1wDbY2chPWjP8P1KJMWsVN time: 92860 
生成区块 f3c54 289. c7ij2QbLpRFSuZGB9bD7zPf8WYHg82ZY53 time: 92870 
生成区块 97b06 290. c6YdR5inKH4ZCWMiLS8MYYq1fGGXGE4mUw time: 92880 
生成区块 c11a3 291. c3z5iLu15V6dfX988fugq2vP1FRgda1DEk time: 92890 
生成区块 5511d 292. curtHB91mSGD2bK3SPXzS8vAfctvB5ZGc time: 92900 
生成区块 09c34 293. cQEA1sRwbNVzMJTD85oGKQF87bX7xTet6d time: 92910 
生成区块 39706 294. c5RqaMzZGzMsmgQb533GSLWG64uKHJSJjB time: 92920 
生成区块 7c6e1 295. cEo4bdeV2XJ3kUKp9EeTGGAC6rTejSg1Ny time: 92930 
生成区块 19ccc 296. c4giVDb2U9jr5WVUGg294bGwgCSKDz2xzJ time: 92940 
生成区块 41709 297. cD4uXeU9Aj7EpN9XLo5M5FqTMWofEjkuGT time: 92950 
生成区块 afbe0 298. c32KRhr1wZc8MKRPrEy1LBdojmAFLwpDN9 time: 92960 
生成区块 cb7a7 299. cNdBX3dCDfPGyvuAbbuBmWfSfXJ5D32xK1 time: 92970 
生成区块 fa168 300. c8PLVcgfgeMreGxVQxi8r42W4ZDukEB3M3 time: 92980 
生成区块 abe72 301. c9Hzte1gK9ekxMaXDfAS7SH8cTZ2ZaTip4 time: 92990 
生成区块 620ed 302. cLwXBhfqd6PR2R6JdjkGc3LSwMPjsK1gKF time: 93000 
生成区块 3f7dc 303. cDhdyM63XaEsjsfrgU2CsN8Cn63Ni5QAzc time: 93010 
生成区块 22856 304. cCtpNbbApgDAuX38sJqLG2PERUsor94MHz time: 93020 
生成区块 be2cc 305. c6bVeNUiLwSW3SGz38yv6w54JXphzxY3d3 time: 93030 
生成区块 f40ce 306. cMg3Pj5Mb8YnwQeeWmBKsPt8Zjgu4FHL9Y time: 93040 
生成区块 c0160 307. cHMAxcAu6u3LEpfpCqJHD39unJtHCppfa7 time: 93050 
生成区块 1d3f7 308. cN1r6YA2rpKwqyUQBo5eBfcbETXSYK8aWn time: 93060 
生成区块 79280 309. cJXJ15YBxQ4zFU7vSUbeRwxgTmQncJy1CJ time: 93070 
生成区块 75519 310. cGqWH1HYoZmFcpRbPfrE63u9SBxxLxN4Cp time: 93080 
生成区块 f1cd0 311. c2KFmSdk8PcqcWuwDFhATW5VRJcs6xM4gn time: 93090 
生成区块 0ba89 312. cFyn4v8T5ckT28MW17iUvvuK4Uk7nrpdZj time: 93100 
生成区块 4abcd 313. c37jstTJJLuNuvERbc6MJbMkU1mPegQUoA time: 93110 
生成区块 bdac4 314. c5q6xxt1RkYYM1EXZGjwhPoU8y3K5uAkpX time: 93120 
生成区块 58954 315. c5qUNZkdEgg62fGSWwU29yya7vVQET7xkt time: 93130 
生成区块 dcb52 316. cKgAdasSHc1T6zUXPnmYEEtjeX7qKi11xb time: 93140 
生成区块 1097d 317. cALZico86XyeSaK3zTXMVtq6AUPqmrh6JV time: 93150 
生成区块 584ca 318. cKyVC3hXc7ffCzEjDq1RHxqwi7DWiWSWRX time: 93160 
生成区块 ab878 319. cPBhhsQsNTKKkQw4DaYESjmBGFZZgiXJrK time: 93170 
生成区块 30736 320. c3pPiHJASHMkxFxzStA1WLnagHxHnsZcD1 time: 93180 
生成区块 ee5ee 321. cD6KwXfyUCPSscZoy3HeFuM3bFp4EvDpbe time: 93190 
生成区块 50725 322. cJQtvwgB96A7fZMppeRE6tkNsykg7KQEsJ time: 93200 
生成区块 9f13d 323. cHtrhRxSd6HgoFApv3Ww5T9BJSpzunrK74 time: 93210 
生成区块 e1bfa 324. c9JpYqYPy5ZwkP9dqP7uYsW2jUqjWK12Zy time: 93220 
生成区块 bf7b0 325. cLShHjVpQwRFy2pTLZ5wxDUBuULPXgNd5w time: 93230 
生成区块 5df4f 326. c2pWhtuBZWGZHJVSoNJ3FYJfdjp1iyv8dr time: 93240 
生成区块 ae723 327. cDGZW6UisKZtt61rFmdMGZufCqtbWP9sLe time: 93250 
生成区块 ee301 328. cBX5XCMHodUGz6xHPKkS5jeb7kt1rrgqwb time: 93260 
生成区块 130ad 329. cMbuszd6xHhsXa4qrSNHVEe7Z8Pr3TNneP time: 93270 
生成区块 0c7b0 330. cBsvWnbQtMhGvzj3BDpFpr3A4EZiPXXrRQ time: 93280 
生成区块 1d448 331. cLR1q2Xobq6SLdbcGSmzx3USwuEReKyKdN time: 93290 
生成区块 ed0d1 332. cQ88bJLhefXDhHwUorVeHKQhJrm2tDqkgM time: 93300 
生成区块 defe2 333. cFf3VzWCjKv5VvYmLhzRkQZPhNQn8vANLz time: 93310 
生成区块 01431 334. cFxUbicQgwjsrHQj5JzP5GabZQ5Ep8vTUi time: 93320 
生成区块 c1ef8 335. cNtaqym4McrXt5pQZPtQCR7LyhE5pUsUCe time: 93330 
生成区块 8ea54 336. c2ffGmyB8nMhkemELfsjNDsdG4t1EMeomv time: 93340 
生成区块 ce265 337. cPZUAVCxZSwrodndzmCsVcP38BskQRF1ny time: 93350 
生成区块 dd3a6 338. cF6DjxtfzvJjbqvwWGb2AvUcwEkk6rBFm9 time: 93360 
生成区块 e39aa 339. cFybQsjHqiX1DUbtZFXDPihvDeTveZQKkw time: 93370 
生成区块 27430 340. c4q2hHccaS3qcXGMqsGcasjbvj9aJsCuuy time: 93380 
生成区块 7a008 341. cGELZtTz3qzbcAS9svzQjesXTB46ytduwg time: 93390 
生成区块 f41d1 342. cAkwj6utxuRKErXYHYnisXGJjqsQVdsuqA time: 93400 
生成区块 46855 343. c582jFX2DfF45B65YSKN31qk6Ft9ckVAJm time: 93410 
生成区块 c68ef 344. cKqAK2TLS5AiGm75CAuVLUv4D38MyqTD9M time: 93420 
生成区块 74a62 345. c5AYPcDMUGr5JHErEo5y43SZG8JsF8YjG5 time: 93430 
生成区块 09f1f 346. cH4RweoyEU363G5p7P2D1bEe5uccLNFJgC time: 93440 
生成区块 810da 347. cGS6P65poK8GN5yhAtBj5ddDuDFh3k4YW8 time: 93450 
生成区块 b453e 348. c4aG5yDeGo4TqR6C9r2vBaaNXmR2Ro17SV time: 93460 
生成区块 cb33c 349. cHdATqSzszEe335hM8kaNM267SH98BCpbx time: 93470 
生成区块 23fbb 350. cDUwDnum3J5bQo78LDWcCJLAASqRP4VSan time: 93480 
生成区块 277d6 351. cCjrLJHLRUZci2Ak1W2BbgchJQLoQo86d7 time: 93490 
生成区块 04a4d 352. c81E6nEaLHJ25mFRTDSMar5YjmrYLsNr5v time: 93500 
生成区块 4d680 353. cCuaHXAe1hcEGgqz6eg8QC9UKQHZ1Cq2Qo time: 93510 
生成区块 16058 354. c3MCDGU8vFk6waxeeRbBUt3QaRvB6q1TAH time: 93520 
生成区块 536d1 355. cCmcRqAdKd24ft1Nuwzc6p1Uf5R47RSAUF time: 93530 
生成区块 e125b 356. cBy33bW2b8QX3Th6mjkpHRykPGLN9ahG9p time: 93540 
生成区块 42fa9 357. cKySkYVB4MhWhKczSUmY7WhF638hPx6U8N time: 93550 
生成区块 645e7 358. c4wQ1qXmKFBBGeHeiT5QsB9oKwsGYmK2eA time: 93560 
生成区块 2184c 359. cBpRE96Ff1RR3kVoN9Hky6pnAtTky8cP4s time: 93570 
生成区块 2ed8c 360. c7y8jqVoAmP9uHA6bYxT66KSPXz14tSahH time: 93580 
生成区块 6bf04 361. cKqjHi8u4n5RJJa1CxHgZbwHXS9cKC5Ekw time: 93590 
生成区块 2bef4 362. cNQzoCNDDYY2uqBEW6fb7B6HzFjyz6oCt8 time: 93600 
生成区块 dd59a 363. cM8wVfYBZq6KtXCKAobMH9g9jLTcSfCiw5 time: 93610 
生成区块 54bb3 364. cFG8tkEage2m5qnpsd8giKe9kad6ACF3BY time: 93620 
生成区块 5ff1e 365. cNhu1W73hSpHzwJfzGbHf1tM9KWSGTtC8U time: 93630 
生成区块 a8b3c 366. cLrUCNAWPyPH96bqqC3JQXZ3CtsvvXmNj1 time: 93640 
生成区块 11151 367. cPDXYf8tLYdv8LG43RxgHbNLi1ouxDcP8p time: 93650 
生成区块 73264 368. cPNWUU9oB4NaxFagHDafkD2p54phRGSwqh time: 93660 
生成区块 9f417 369. c6kHiX6mRcy3KeWCeb7MYAd8pfnDhnz8V7 time: 93670 
生成区块 daeee 370. cMyZAA4V27jEmysddCxCqXKAeN2bBvDsVU time: 93680 
生成区块 67720 371. c7LefZDapLTMcazj5gJdJJE4PePHQ2qpNu time: 93690 
生成区块 89980 372. cGQ5NPs1k59LxCvxECXLKNpr4TezDvhMZn time: 93700 
生成区块 0d795 373. c2LMjYRGQbGAuNWBNyWrRr81WXzaZJqMdW time: 93710 
生成区块 33de1 374. c5QActCYGusL7wEwV8sDTZ6QcekFBjBMhv time: 93720 
生成区块 35326 375. cFtYf1e5Ng5QhZzHiPMvDyV3NQHxKBnLmV time: 93730 
生成区块 eff95 376. c5rSRneu7iXf8r8N87raRev24kHGmkvPMT time: 93740 
生成区块 b5278 377. cH6L4muHgCsNwfqFPEMMBJwTG6NWhVWqiv time: 93750 
生成区块 adb73 378. cMPVU5d8U87bqPTZsLaWiyAv5UbZwMENip time: 93760 
生成区块 2455f 379. cD4rsua9vmVMiPouRL7MJJcVPWKtQu8E5X time: 93770 
生成区块 6d32f 380. c6XZmkn23mSbiVVydY8WcEJSebM9RpRq8V time: 93780 
生成区块 e5a74 381. cMtCaC4WmjBjZYbzrGZREJ9imX479XxpsM time: 93790 
生成区块 84ecb 382. cFtR9y1R2zvvd7DXUE5cQu4wVuHzMzKFXW time: 93800 
生成区块 6f8db 383. cERnwrsCNpy4b8hQ683zpRFPw88yXuVXES time: 93810 
生成区块 085d4 384. cBRJCW5SXiaJzDEFQhmLhCjizEBaprHj9w time: 93820 
生成区块 1214b 385. cCTtPZA7Ry9qEnLJm6yyWGFswdFC5hiMhe time: 93830 
生成区块 66c85 386. c3e7TaDkuPcWC8L7GfkixXsaZDpP5Rtasg time: 93840 
生成区块 e8577 387. cMbTY5hZ2RXCVGPYgwjp3ybnM1EyQenDiy time: 93850 
生成区块 abb3f 388. cBgQkrwMZdQzu3QgtkN4vTbDB2Zf7F9ndm time: 93860 
生成区块 6a34d 389. c8Ke6FeamgemKfaAdppcUVoGfModE4CEyT time: 93870 
生成区块 8836c 390. cKcsAB6U1KSkUrUsLr1ysdK5UrfCmFribi time: 93880 
生成区块 35e6f 391. cLxoe3BFVFWJitksZZU7r7pyPbGxdV9FEw time: 93890 
生成区块 9091f 392. cCET2Sxt2LPDhx44wxJ9uhkpviKNrSacvE time: 93900 
生成区块 5a385 393. cFEaSoF3QceWxjnLsg9FoQyLVcUzVEpkSP time: 93910 
生成区块 1ac51 394. cGnmjV6fk5kFbTWztDtZhyr1a4Van4NPvR time: 93920 
生成区块 58fe1 395. c5fjyiG9HYrHrzJnyLsMZSkw6M5JzkZWUY time: 93930 
生成区块 23b47 396. cKmsqZLYAY8xjsqSaFdUy2jUuewBpCCcf9 time: 93940 
生成区块 0e218 397. cNsdgX2hL8tpZuNV8pbqpcmmQXFYgyoHb3 time: 93950 
生成区块 b1c84 398. cJzdd4agJhJR7psxQeH7beLeqarzeRrVWz time: 93960 
生成区块 7e7dc 399. cNqpoUrBTpPvGzpFsimJRMm1uDjvDPpigj time: 93970 
生成区块 5df85 400. cP3KZJfNBYLxVjR6Mi3CG8LAEgt97N8t55 time: 93980 
生成区块 615f1 401. cEo8s28oP5BLE1vEG6VRTmZbfdJD4M1Coe time: 93990 
生成区块 f8ea6 402. cMHuDEGM4CUE1wDbY2chPWjP8P1KJMWsVN time: 94000 
生成区块 ae6c4 403. c7ij2QbLpRFSuZGB9bD7zPf8WYHg82ZY53 time: 94010 
生成区块 965b8 404. c6YdR5inKH4ZCWMiLS8MYYq1fGGXGE4mUw time: 94020 
生成区块 2cdf5 405. c3z5iLu15V6dfX988fugq2vP1FRgda1DEk time: 94030 
生成区块 37d52 406. curtHB91mSGD2bK3SPXzS8vAfctvB5ZGc time: 94040 
生成区块 0f2f9 407. cQEA1sRwbNVzMJTD85oGKQF87bX7xTet6d time: 94050 
生成区块 35b05 408. c5RqaMzZGzMsmgQb533GSLWG64uKHJSJjB time: 94060 
生成区块 6e267 409. cEo4bdeV2XJ3kUKp9EeTGGAC6rTejSg1Ny time: 94070 
生成区块 e7aa8 410. c4giVDb2U9jr5WVUGg294bGwgCSKDz2xzJ time: 94080 
生成区块 8dd47 411. cD4uXeU9Aj7EpN9XLo5M5FqTMWofEjkuGT time: 94090 
生成区块 1806c 412. c32KRhr1wZc8MKRPrEy1LBdojmAFLwpDN9 time: 94100 
生成区块 803ab 413. cNdBX3dCDfPGyvuAbbuBmWfSfXJ5D32xK1 time: 94110 
生成区块 d7aa5 414. c8PLVcgfgeMreGxVQxi8r42W4ZDukEB3M3 time: 94120 
生成区块 bf7e3 415. c9Hzte1gK9ekxMaXDfAS7SH8cTZ2ZaTip4 time: 94130 
生成区块 d181b 416. cLwXBhfqd6PR2R6JdjkGc3LSwMPjsK1gKF time: 94140 
生成区块 d2bf3 417. cDhdyM63XaEsjsfrgU2CsN8Cn63Ni5QAzc time: 94150 
生成区块 c51da 418. cCtpNbbApgDAuX38sJqLG2PERUsor94MHz time: 94160 
生成区块 bc512 419. c6bVeNUiLwSW3SGz38yv6w54JXphzxY3d3 time: 94170 
生成区块 24b82 420. cMg3Pj5Mb8YnwQeeWmBKsPt8Zjgu4FHL9Y time: 94180 
生成区块 b75b2 421. cHMAxcAu6u3LEpfpCqJHD39unJtHCppfa7 time: 94190 
生成区块 ce676 422. cN1r6YA2rpKwqyUQBo5eBfcbETXSYK8aWn time: 94200 
生成区块 234c4 423. cJXJ15YBxQ4zFU7vSUbeRwxgTmQncJy1CJ time: 94210 
生成区块 25ec2 424. cGqWH1HYoZmFcpRbPfrE63u9SBxxLxN4Cp time: 94220 
生成区块 47812 425. c2KFmSdk8PcqcWuwDFhATW5VRJcs6xM4gn time: 94230 
生成区块 867fc 426. cFyn4v8T5ckT28MW17iUvvuK4Uk7nrpdZj time: 94240 
生成区块 34942 427. c37jstTJJLuNuvERbc6MJbMkU1mPegQUoA time: 94250 
生成区块 d547c 428. c5q6xxt1RkYYM1EXZGjwhPoU8y3K5uAkpX time: 94260 
生成区块 f561a 429. c5qUNZkdEgg62fGSWwU29yya7vVQET7xkt time: 94270 
生成区块 0fddc 430. cKgAdasSHc1T6zUXPnmYEEtjeX7qKi11xb time: 94280 
生成区块 38ade 431. cALZico86XyeSaK3zTXMVtq6AUPqmrh6JV time: 94290 
生成区块 3e021 432. cKyVC3hXc7ffCzEjDq1RHxqwi7DWiWSWRX time: 94300 
生成区块 51660 433. cPBhhsQsNTKKkQw4DaYESjmBGFZZgiXJrK time: 94310 
生成区块 e96c6 434. c3pPiHJASHMkxFxzStA1WLnagHxHnsZcD1 time: 94320 
生成区块 f3dee 435. cD6KwXfyUCPSscZoy3HeFuM3bFp4EvDpbe time: 94330 
生成区块 b4ca3 436. cJQtvwgB96A7fZMppeRE6tkNsykg7KQEsJ time: 94340 
生成区块 279da 437. cHtrhRxSd6HgoFApv3Ww5T9BJSpzunrK74 time: 94350 
生成区块 54182 438. c9JpYqYPy5ZwkP9dqP7uYsW2jUqjWK12Zy time: 94360 
生成区块 9af39 439. cLShHjVpQwRFy2pTLZ5wxDUBuULPXgNd5w time: 94370 
生成区块 2abdb 440. c2pWhtuBZWGZHJVSoNJ3FYJfdjp1iyv8dr time: 94380 
生成区块 101f6 441. cDGZW6UisKZtt61rFmdMGZufCqtbWP9sLe time: 94390 
生成区块 60875 442. cBX5XCMHodUGz6xHPKkS5jeb7kt1rrgqwb time: 94400 
生成区块 f007c 443. cMbuszd6xHhsXa4qrSNHVEe7Z8Pr3TNneP time: 94410 
生成区块 d7dda 444. cBsvWnbQtMhGvzj3BDpFpr3A4EZiPXXrRQ time: 94420 
生成区块 90d8c 445. cLR1q2Xobq6SLdbcGSmzx3USwuEReKyKdN time: 94430 
生成区块 a5264 446. cQ88bJLhefXDhHwUorVeHKQhJrm2tDqkgM time: 94440 
生成区块 cfc00 447. cFf3VzWCjKv5VvYmLhzRkQZPhNQn8vANLz time: 94450 
生成区块 f1968 448. cFxUbicQgwjsrHQj5JzP5GabZQ5Ep8vTUi time: 94460 
生成区块 2f514 449. cNtaqym4McrXt5pQZPtQCR7LyhE5pUsUCe time: 94470 
生成区块 302d3 450. c2ffGmyB8nMhkemELfsjNDsdG4t1EMeomv time: 94480 
生成区块 d5858 451. cPZUAVCxZSwrodndzmCsVcP38BskQRF1ny time: 94490 
生成区块 142a1 452. cF6DjxtfzvJjbqvwWGb2AvUcwEkk6rBFm9 time: 94500 
生成区块 51308 453. cFybQsjHqiX1DUbtZFXDPihvDeTveZQKkw time: 94510 
生成区块 a6c38 454. c4q2hHccaS3qcXGMqsGcasjbvj9aJsCuuy time: 94520 
生成区块 b91f2 455. cGELZtTz3qzbcAS9svzQjesXTB46ytduwg time: 94530 
生成区块 1ca68 456. cAkwj6utxuRKErXYHYnisXGJjqsQVdsuqA time: 94540 
生成区块 dff8d 457. c582jFX2DfF45B65YSKN31qk6Ft9ckVAJm time: 94550 
生成区块 7f31c 458. cKqAK2TLS5AiGm75CAuVLUv4D38MyqTD9M time: 94560 
生成区块 1faaa 459. c5AYPcDMUGr5JHErEo5y43SZG8JsF8YjG5 time: 94570 
生成区块 93b18 460. cH4RweoyEU363G5p7P2D1bEe5uccLNFJgC time: 94580 
生成区块 14b2c 461. cGS6P65poK8GN5yhAtBj5ddDuDFh3k4YW8 time: 94590 
生成区块 0bd46 462. c4aG5yDeGo4TqR6C9r2vBaaNXmR2Ro17SV time: 94600 
生成区块 f057e 463. cHdATqSzszEe335hM8kaNM267SH98BCpbx time: 94610 
生成区块 38434 464. cDUwDnum3J5bQo78LDWcCJLAASqRP4VSan time: 94620 
生成区块 8461e 465. cCjrLJHLRUZci2Ak1W2BbgchJQLoQo86d7 time: 94630 
生成区块 7d895 466. c81E6nEaLHJ25mFRTDSMar5YjmrYLsNr5v time: 94640 
生成区块 3a835 467. cCuaHXAe1hcEGgqz6eg8QC9UKQHZ1Cq2Qo time: 94650 
生成区块 6602f 468. c3MCDGU8vFk6waxeeRbBUt3QaRvB6q1TAH time: 94660 
生成区块 15ff1 469. cCmcRqAdKd24ft1Nuwzc6p1Uf5R47RSAUF time: 94670 
生成区块 2a8eb 470. cBy33bW2b8QX3Th6mjkpHRykPGLN9ahG9p time: 94680 
生成区块 9e910 471. cKySkYVB4MhWhKczSUmY7WhF638hPx6U8N time: 94690 
生成区块 89b23 472. c4wQ1qXmKFBBGeHeiT5QsB9oKwsGYmK2eA time: 94700 
生成区块 14ee3 473. cBpRE96Ff1RR3kVoN9Hky6pnAtTky8cP4s time: 94710 
生成区块 f6b4c 474. c7y8jqVoAmP9uHA6bYxT66KSPXz14tSahH time: 94720 
生成区块 25802 475. cKqjHi8u4n5RJJa1CxHgZbwHXS9cKC5Ekw time: 94730 
生成区块 19833 476. cNQzoCNDDYY2uqBEW6fb7B6HzFjyz6oCt8 time: 94740 
生成区块 4c4b7 477. cM8wVfYBZq6KtXCKAobMH9g9jLTcSfCiw5 time: 94750 
生成区块 df59d 478. cFG8tkEage2m5qnpsd8giKe9kad6ACF3BY time: 94760 
生成区块 d784e 479. cNhu1W73hSpHzwJfzGbHf1tM9KWSGTtC8U time: 94770 
生成区块 27cca 480. cLrUCNAWPyPH96bqqC3JQXZ3CtsvvXmNj1 time: 94780 
生成区块 65cf7 481. cPDXYf8tLYdv8LG43RxgHbNLi1ouxDcP8p time: 94790 
生成区块 2cda4 482. cPNWUU9oB4NaxFagHDafkD2p54phRGSwqh time: 94800 
生成区块 9059e 483. c6kHiX6mRcy3KeWCeb7MYAd8pfnDhnz8V7 time: 94810 
生成区块 8b20b 484. cMyZAA4V27jEmysddCxCqXKAeN2bBvDsVU time: 94820 
生成区块 94f91 485. c7LefZDapLTMcazj5gJdJJE4PePHQ2qpNu time: 94830 
生成区块 9dc7a 486. cGQ5NPs1k59LxCvxECXLKNpr4TezDvhMZn time: 94840 
生成区块 de15c 487. c2LMjYRGQbGAuNWBNyWrRr81WXzaZJqMdW time: 94850 
生成区块 ed150 488. c5QActCYGusL7wEwV8sDTZ6QcekFBjBMhv time: 94860 
生成区块 074ae 489. cFtYf1e5Ng5QhZzHiPMvDyV3NQHxKBnLmV time: 94870 
生成区块 a556a 490. c5rSRneu7iXf8r8N87raRev24kHGmkvPMT time: 94880 
生成区块 0c03b 491. cH6L4muHgCsNwfqFPEMMBJwTG6NWhVWqiv time: 94890 
生成区块 5e536 492. cMPVU5d8U87bqPTZsLaWiyAv5UbZwMENip time: 94900 
生成区块 f6a43 493. cD4rsua9vmVMiPouRL7MJJcVPWKtQu8E5X time: 94910 
生成区块 e5183 494. c6XZmkn23mSbiVVydY8WcEJSebM9RpRq8V time: 94920 
生成区块 b1793 495. cMtCaC4WmjBjZYbzrGZREJ9imX479XxpsM time: 94930 
生成区块 8b46d 496. cFtR9y1R2zvvd7DXUE5cQu4wVuHzMzKFXW time: 94940 
生成区块 92ddc 497. cERnwrsCNpy4b8hQ683zpRFPw88yXuVXES time: 94950 
生成区块 027dd 498. cBRJCW5SXiaJzDEFQhmLhCjizEBaprHj9w time: 94960 
生成区块 7a31d 499. cCTtPZA7Ry9qEnLJm6yyWGFswdFC5hiMhe time: 94970 
生成区块 ee526 500. c3e7TaDkuPcWC8L7GfkixXsaZDpP5Rtasg time: 94980 
生成区块 9ae20 501. cMbTY5hZ2RXCVGPYgwjp3ybnM1EyQenDiy time: 94990 
生成区块 b4cb5 502. cBgQkrwMZdQzu3QgtkN4vTbDB2Zf7F9ndm time: 95000 
生成区块 12912 503. c8Ke6FeamgemKfaAdppcUVoGfModE4CEyT time: 95010 
生成区块 08b74 504. cKcsAB6U1KSkUrUsLr1ysdK5UrfCmFribi time: 95020 
生成区块 3ce2d 505. cLxoe3BFVFWJitksZZU7r7pyPbGxdV9FEw time: 95030 
生成区块 2a467 506. cCET2Sxt2LPDhx44wxJ9uhkpviKNrSacvE time: 95040 
生成区块 91745 507. cFEaSoF3QceWxjnLsg9FoQyLVcUzVEpkSP time: 95050 
生成区块 86809 508. cGnmjV6fk5kFbTWztDtZhyr1a4Van4NPvR time: 95060 
生成区块 e6a45 509. c5fjyiG9HYrHrzJnyLsMZSkw6M5JzkZWUY time: 95070 
生成区块 61aa2 510. cKmsqZLYAY8xjsqSaFdUy2jUuewBpCCcf9 time: 95080 
生成区块 cce51 511. cNsdgX2hL8tpZuNV8pbqpcmmQXFYgyoHb3 time: 95090 
生成区块 946cb 512. cJzdd4agJhJR7psxQeH7beLeqarzeRrVWz time: 95100 
生成区块 c2909 513. cNqpoUrBTpPvGzpFsimJRMm1uDjvDPpigj time: 95110 
生成区块 714c5 514. cP3KZJfNBYLxVjR6Mi3CG8LAEgt97N8t55 time: 95120 
生成区块 089b3 515. cEo8s28oP5BLE1vEG6VRTmZbfdJD4M1Coe time: 95130 
生成区块 76132 516. cMHuDEGM4CUE1wDbY2chPWjP8P1KJMWsVN time: 95140 
生成区块 c5ed2 517. c7ij2QbLpRFSuZGB9bD7zPf8WYHg82ZY53 time: 95150 
生成区块 62e5d 518. c6YdR5inKH4ZCWMiLS8MYYq1fGGXGE4mUw time: 95160 
生成区块 0b7fc 519. c3z5iLu15V6dfX988fugq2vP1FRgda1DEk time: 95170 
生成区块 03976 520. curtHB91mSGD2bK3SPXzS8vAfctvB5ZGc time: 95180 
生成区块 5ba44 521. cQEA1sRwbNVzMJTD85oGKQF87bX7xTet6d time: 95190 
生成区块 f1507 522. c5RqaMzZGzMsmgQb533GSLWG64uKHJSJjB time: 95200 
生成区块 6fa02 523. cEo4bdeV2XJ3kUKp9EeTGGAC6rTejSg1Ny time: 95210 
生成区块 eb5ef 524. c4giVDb2U9jr5WVUGg294bGwgCSKDz2xzJ time: 95220 
生成区块 18d5a 525. cD4uXeU9Aj7EpN9XLo5M5FqTMWofEjkuGT time: 95230 
生成区块 77682 526. c32KRhr1wZc8MKRPrEy1LBdojmAFLwpDN9 time: 95240 
生成区块 ad225 527. cNdBX3dCDfPGyvuAbbuBmWfSfXJ5D32xK1 time: 95250 
生成区块 68a3f 528. c8PLVcgfgeMreGxVQxi8r42W4ZDukEB3M3 time: 95260 
生成区块 95416 529. c9Hzte1gK9ekxMaXDfAS7SH8cTZ2ZaTip4 time: 95270 
生成区块 33af1 530. cLwXBhfqd6PR2R6JdjkGc3LSwMPjsK1gKF time: 95280 
生成区块 c0a25 531. cDhdyM63XaEsjsfrgU2CsN8Cn63Ni5QAzc time: 95290 
生成区块 a1ee0 532. cCtpNbbApgDAuX38sJqLG2PERUsor94MHz time: 95300 
生成区块 6688d 533. c6bVeNUiLwSW3SGz38yv6w54JXphzxY3d3 time: 95310 
生成区块 4f4b7 534. cMg3Pj5Mb8YnwQeeWmBKsPt8Zjgu4FHL9Y time: 95320 
生成区块 3c205 535. cHMAxcAu6u3LEpfpCqJHD39unJtHCppfa7 time: 95330 
生成区块 7e04f 536. cN1r6YA2rpKwqyUQBo5eBfcbETXSYK8aWn time: 95340 
生成区块 f17c5 537. cJXJ15YBxQ4zFU7vSUbeRwxgTmQncJy1CJ time: 95350 
生成区块 5f3cf 538. cGqWH1HYoZmFcpRbPfrE63u9SBxxLxN4Cp time: 95360 
生成区块 8f27a 539. c2KFmSdk8PcqcWuwDFhATW5VRJcs6xM4gn time: 95370 
生成区块 7ff05 540. cFyn4v8T5ckT28MW17iUvvuK4Uk7nrpdZj time: 95380 
生成区块 05d91 541. c37jstTJJLuNuvERbc6MJbMkU1mPegQUoA time: 95390 
生成区块 d00e6 542. c5q6xxt1RkYYM1EXZGjwhPoU8y3K5uAkpX time: 95400 
生成区块 5f68f 543. c5qUNZkdEgg62fGSWwU29yya7vVQET7xkt time: 95410 
生成区块 d1b7e 544. cKgAdasSHc1T6zUXPnmYEEtjeX7qKi11xb time: 95420 
生成区块 e72e2 545. cALZico86XyeSaK3zTXMVtq6AUPqmrh6JV time: 95430 
生成区块 8249a 546. cKyVC3hXc7ffCzEjDq1RHxqwi7DWiWSWRX time: 95440 
生成区块 5567a 547. cPBhhsQsNTKKkQw4DaYESjmBGFZZgiXJrK time: 95450 
生成区块 47de8 548. c3pPiHJASHMkxFxzStA1WLnagHxHnsZcD1 time: 95460 
生成区块 220b9 549. cD6KwXfyUCPSscZoy3HeFuM3bFp4EvDpbe time: 95470 
生成区块 ab4fa 550. cJQtvwgB96A7fZMppeRE6tkNsykg7KQEsJ time: 95480 
生成区块 e160e 551. cHtrhRxSd6HgoFApv3Ww5T9BJSpzunrK74 time: 95490 
生成区块 e511e 552. c9JpYqYPy5ZwkP9dqP7uYsW2jUqjWK12Zy time: 95500 
生成区块 8fc3b 553. cLShHjVpQwRFy2pTLZ5wxDUBuULPXgNd5w time: 95510 
生成区块 09867 554. c2pWhtuBZWGZHJVSoNJ3FYJfdjp1iyv8dr time: 95520 
生成区块 a3aaa 555. cDGZW6UisKZtt61rFmdMGZufCqtbWP9sLe time: 95530 
生成区块 46174 556. cBX5XCMHodUGz6xHPKkS5jeb7kt1rrgqwb time: 95540 
生成区块 d13f8 557. cMbuszd6xHhsXa4qrSNHVEe7Z8Pr3TNneP time: 95550 
生成区块 25083 558. cBsvWnbQtMhGvzj3BDpFpr3A4EZiPXXrRQ time: 95560 
生成区块 75e9b 559. cLR1q2Xobq6SLdbcGSmzx3USwuEReKyKdN time: 95570 
生成区块 366ff 560. cQ88bJLhefXDhHwUorVeHKQhJrm2tDqkgM time: 95580 
生成区块 0dbd1 561. cFf3VzWCjKv5VvYmLhzRkQZPhNQn8vANLz time: 95590 
生成区块 92794 562. cFxUbicQgwjsrHQj5JzP5GabZQ5Ep8vTUi time: 95600 
生成区块 84a3d 563. cNtaqym4McrXt5pQZPtQCR7LyhE5pUsUCe time: 95610 
生成区块 3c0a6 564. c2ffGmyB8nMhkemELfsjNDsdG4t1EMeomv time: 95620 
生成区块 e0eda 565. cPZUAVCxZSwrodndzmCsVcP38BskQRF1ny time: 95630 
生成区块 a8811 566. cF6DjxtfzvJjbqvwWGb2AvUcwEkk6rBFm9 time: 95640 
生成区块 00a43 567. cFybQsjHqiX1DUbtZFXDPihvDeTveZQKkw time: 95650 
生成区块 2271c 568. c4q2hHccaS3qcXGMqsGcasjbvj9aJsCuuy time: 95660 
生成区块 41e01 569. cGELZtTz3qzbcAS9svzQjesXTB46ytduwg time: 95670 
生成区块 c3f25 570. cAkwj6utxuRKErXYHYnisXGJjqsQVdsuqA time: 95680 
共循环569 . 区块: 570
生成区块 45d01 2. cKmsqZLYAY8xjsqSaFdUy2jUuewBpCCcf9 time: 75780 
NoFoundException [Error]: 候选名单不足75780
    at 从一群受托人中选出一个受托人 (D:\dev\BFChain-Core-Next\packages\block\src\atom_block\blockGeneratorCalculator.ts:227:15)
    at BlockGeneratorCalculator.calcGenerateBlockDelegateGenerator (D:\dev\BFChain-Core-Next\packages\block\src\atom_block\blockGeneratorCalculator.ts:261:34)
    at BlockGeneratorCalculator.calcGenerateBlockDelegate (D:\dev\BFChain-Core-Next\packages\block\src\atom_block\blockGeneratorCalculator.ts:44:22)
    at D:\dev\BFChain-Core-Next\packages\test\src\block\calcGenesisBlockDelegate.test.ts:1061:20 {
  detail: undefined,
  type: 'NoFoundException',
  PLATFORM: 'Nodejs',
  CHANNEL: 'UNKNOWN',
  BUSINESS: 'util',
  MODULE: 'Core',
  FILE: 'BlockGeneratorCalculator',
  CODE: '7001'
}
生成区块 ac562 2. cH4RweoyEU363G5p7P2D1bEe5uccLNFJgC time: 75850 
生成区块 17fad 3. cGS6P65poK8GN5yhAtBj5ddDuDFh3k4YW8 time: 75860 
生成区块 e3294 4. c4aG5yDeGo4TqR6C9r2vBaaNXmR2Ro17SV time: 75870 
生成区块 6bca5 5. cHdATqSzszEe335hM8kaNM267SH98BCpbx time: 75880 
生成区块 b3bdb 6. cDUwDnum3J5bQo78LDWcCJLAASqRP4VSan time: 75890 
生成区块 02c0d 7. cCjrLJHLRUZci2Ak1W2BbgchJQLoQo86d7 time: 75900 
生成区块 7a0c0 8. c81E6nEaLHJ25mFRTDSMar5YjmrYLsNr5v time: 75910 
生成区块 9ca98 9. cCuaHXAe1hcEGgqz6eg8QC9UKQHZ1Cq2Qo time: 75920 
生成区块 fa0da 10. c3MCDGU8vFk6waxeeRbBUt3QaRvB6q1TAH time: 75930 
生成区块 c63db 11. cCmcRqAdKd24ft1Nuwzc6p1Uf5R47RSAUF time: 75940 
生成区块 d4a6b 12. cBy33bW2b8QX3Th6mjkpHRykPGLN9ahG9p time: 75950 
生成区块 a6759 13. cKySkYVB4MhWhKczSUmY7WhF638hPx6U8N time: 75960 
生成区块 7a303 14. c4wQ1qXmKFBBGeHeiT5QsB9oKwsGYmK2eA time: 75970 
生成区块 3b8c1 15. cBpRE96Ff1RR3kVoN9Hky6pnAtTky8cP4s time: 75980 
生成区块 e4584 16. c7y8jqVoAmP9uHA6bYxT66KSPXz14tSahH time: 75990 
生成区块 a320b 17. cKqjHi8u4n5RJJa1CxHgZbwHXS9cKC5Ekw time: 76000 
生成区块 fdb23 18. cNQzoCNDDYY2uqBEW6fb7B6HzFjyz6oCt8 time: 76010 
生成区块 3674b 19. cM8wVfYBZq6KtXCKAobMH9g9jLTcSfCiw5 time: 76020 
生成区块 30c19 20. cFG8tkEage2m5qnpsd8giKe9kad6ACF3BY time: 76030 
生成区块 ed5c8 21. cNhu1W73hSpHzwJfzGbHf1tM9KWSGTtC8U time: 76040 
生成区块 6a0a7 22. cLrUCNAWPyPH96bqqC3JQXZ3CtsvvXmNj1 time: 76050 
生成区块 78fbf 23. cPDXYf8tLYdv8LG43RxgHbNLi1ouxDcP8p time: 76060 
生成区块 05e40 24. cPNWUU9oB4NaxFagHDafkD2p54phRGSwqh time: 76070 
生成区块 32188 25. c6kHiX6mRcy3KeWCeb7MYAd8pfnDhnz8V7 time: 76080 
生成区块 8b9d5 26. cMyZAA4V27jEmysddCxCqXKAeN2bBvDsVU time: 76090 
生成区块 23a44 27. c7LefZDapLTMcazj5gJdJJE4PePHQ2qpNu time: 76100 
生成区块 ec845 28. cGQ5NPs1k59LxCvxECXLKNpr4TezDvhMZn time: 76110 
生成区块 ca817 29. c2LMjYRGQbGAuNWBNyWrRr81WXzaZJqMdW time: 76120 
生成区块 bc17c 30. c5QActCYGusL7wEwV8sDTZ6QcekFBjBMhv time: 76130 
生成区块 59749 31. cFtYf1e5Ng5QhZzHiPMvDyV3NQHxKBnLmV time: 76140 
生成区块 0ec94 32. c5rSRneu7iXf8r8N87raRev24kHGmkvPMT time: 76150 
生成区块 c20bf 33. cH6L4muHgCsNwfqFPEMMBJwTG6NWhVWqiv time: 76160 
生成区块 ca169 34. cMPVU5d8U87bqPTZsLaWiyAv5UbZwMENip time: 76170 
生成区块 78bdb 35. cD4rsua9vmVMiPouRL7MJJcVPWKtQu8E5X time: 76180 
生成区块 729c8 36. c6XZmkn23mSbiVVydY8WcEJSebM9RpRq8V time: 76190 
生成区块 b1ec7 37. cMtCaC4WmjBjZYbzrGZREJ9imX479XxpsM time: 76200 
生成区块 d5186 38. cFtR9y1R2zvvd7DXUE5cQu4wVuHzMzKFXW time: 76210 
生成区块 58141 39. cERnwrsCNpy4b8hQ683zpRFPw88yXuVXES time: 76220 
生成区块 67d25 40. cBRJCW5SXiaJzDEFQhmLhCjizEBaprHj9w time: 76230 
生成区块 b1587 41. cCTtPZA7Ry9qEnLJm6yyWGFswdFC5hiMhe time: 76240 
生成区块 92899 42. c3e7TaDkuPcWC8L7GfkixXsaZDpP5Rtasg time: 76250 
生成区块 ea10c 43. cMbTY5hZ2RXCVGPYgwjp3ybnM1EyQenDiy time: 76260 
生成区块 1f321 44. cBgQkrwMZdQzu3QgtkN4vTbDB2Zf7F9ndm time: 76270 
生成区块 052c2 45. c8Ke6FeamgemKfaAdppcUVoGfModE4CEyT time: 76280 
生成区块 d9456 46. cKcsAB6U1KSkUrUsLr1ysdK5UrfCmFribi time: 76290 
生成区块 2199f 47. cLxoe3BFVFWJitksZZU7r7pyPbGxdV9FEw time: 76300 
生成区块 aed60 48. cCET2Sxt2LPDhx44wxJ9uhkpviKNrSacvE time: 76310 
生成区块 2b94c 49. cFEaSoF3QceWxjnLsg9FoQyLVcUzVEpkSP time: 76320 
生成区块 867fe 50. cGnmjV6fk5kFbTWztDtZhyr1a4Van4NPvR time: 76330 
生成区块 f799f 51. c5fjyiG9HYrHrzJnyLsMZSkw6M5JzkZWUY time: 76340 
生成区块 d4c6f 52. cKmsqZLYAY8xjsqSaFdUy2jUuewBpCCcf9 time: 76350 
生成区块 65879 53. cNsdgX2hL8tpZuNV8pbqpcmmQXFYgyoHb3 time: 76360 
生成区块 5637f 54. cJzdd4agJhJR7psxQeH7beLeqarzeRrVWz time: 76370 
生成区块 5fe66 55. cNqpoUrBTpPvGzpFsimJRMm1uDjvDPpigj time: 76380 
生成区块 14176 56. c582jFX2DfF45B65YSKN31qk6Ft9ckVAJm time: 76390 
生成区块 83802 57. cKqAK2TLS5AiGm75CAuVLUv4D38MyqTD9M time: 76400 
生成区块 e77e5 58. cP3KZJfNBYLxVjR6Mi3CG8LAEgt97N8t55 time: 76410 
生成区块 90b92 59. cEo8s28oP5BLE1vEG6VRTmZbfdJD4M1Coe time: 76420 
生成区块 04fcf 60. cMHuDEGM4CUE1wDbY2chPWjP8P1KJMWsVN time: 76430 
生成区块 d9dae 61. c7ij2QbLpRFSuZGB9bD7zPf8WYHg82ZY53 time: 76440 
生成区块 33ae0 62. c6YdR5inKH4ZCWMiLS8MYYq1fGGXGE4mUw time: 76450 
生成区块 c407a 63. c3z5iLu15V6dfX988fugq2vP1FRgda1DEk time: 76460 
生成区块 660d1 64. curtHB91mSGD2bK3SPXzS8vAfctvB5ZGc time: 76470 
生成区块 9c979 65. cQEA1sRwbNVzMJTD85oGKQF87bX7xTet6d time: 76480 
生成区块 84fba 66. c5RqaMzZGzMsmgQb533GSLWG64uKHJSJjB time: 76490 
生成区块 57e97 67. cEo4bdeV2XJ3kUKp9EeTGGAC6rTejSg1Ny time: 76500 
生成区块 4c483 68. c4giVDb2U9jr5WVUGg294bGwgCSKDz2xzJ time: 76510 
生成区块 f4ceb 69. cD4uXeU9Aj7EpN9XLo5M5FqTMWofEjkuGT time: 76520 
生成区块 17597 70. c32KRhr1wZc8MKRPrEy1LBdojmAFLwpDN9 time: 76530 
生成区块 57b40 71. cNdBX3dCDfPGyvuAbbuBmWfSfXJ5D32xK1 time: 76540 
生成区块 fdb39 72. c8PLVcgfgeMreGxVQxi8r42W4ZDukEB3M3 time: 76550 
生成区块 91b58 73. c9Hzte1gK9ekxMaXDfAS7SH8cTZ2ZaTip4 time: 76560 
生成区块 331f0 74. cLwXBhfqd6PR2R6JdjkGc3LSwMPjsK1gKF time: 76570 
生成区块 d184c 75. cDhdyM63XaEsjsfrgU2CsN8Cn63Ni5QAzc time: 76580 
生成区块 e7db5 76. cCtpNbbApgDAuX38sJqLG2PERUsor94MHz time: 76590 
生成区块 d379f 77. c6bVeNUiLwSW3SGz38yv6w54JXphzxY3d3 time: 76600 
生成区块 9b562 78. cMg3Pj5Mb8YnwQeeWmBKsPt8Zjgu4FHL9Y time: 76610 
生成区块 ced35 79. cHMAxcAu6u3LEpfpCqJHD39unJtHCppfa7 time: 76620 
生成区块 65905 80. cN1r6YA2rpKwqyUQBo5eBfcbETXSYK8aWn time: 76630 
生成区块 02b42 81. cJXJ15YBxQ4zFU7vSUbeRwxgTmQncJy1CJ time: 76640 
生成区块 76e9a 82. cGqWH1HYoZmFcpRbPfrE63u9SBxxLxN4Cp time: 76650 
生成区块 cce2a 83. c2KFmSdk8PcqcWuwDFhATW5VRJcs6xM4gn time: 76660 
生成区块 a78e8 84. cFyn4v8T5ckT28MW17iUvvuK4Uk7nrpdZj time: 76670 
生成区块 1c997 85. c37jstTJJLuNuvERbc6MJbMkU1mPegQUoA time: 76680 
生成区块 dfa28 86. c5q6xxt1RkYYM1EXZGjwhPoU8y3K5uAkpX time: 76690 
生成区块 0b4e0 87. c5qUNZkdEgg62fGSWwU29yya7vVQET7xkt time: 76700 
生成区块 5a6ec 88. cKgAdasSHc1T6zUXPnmYEEtjeX7qKi11xb time: 76710 
生成区块 0ec2a 89. cALZico86XyeSaK3zTXMVtq6AUPqmrh6JV time: 76720 
生成区块 d184d 90. cKyVC3hXc7ffCzEjDq1RHxqwi7DWiWSWRX time: 76730 
生成区块 2dd3d 91. cPBhhsQsNTKKkQw4DaYESjmBGFZZgiXJrK time: 76740 
生成区块 7b21d 92. c3pPiHJASHMkxFxzStA1WLnagHxHnsZcD1 time: 76750 
生成区块 40b3f 93. cD6KwXfyUCPSscZoy3HeFuM3bFp4EvDpbe time: 76760 
生成区块 0f03b 94. cJQtvwgB96A7fZMppeRE6tkNsykg7KQEsJ time: 76770 
生成区块 64fef 95. cHtrhRxSd6HgoFApv3Ww5T9BJSpzunrK74 time: 76780 
生成区块 d8e45 96. c9JpYqYPy5ZwkP9dqP7uYsW2jUqjWK12Zy time: 76790 
生成区块 e92dd 97. cLShHjVpQwRFy2pTLZ5wxDUBuULPXgNd5w time: 76800 
生成区块 326b0 98. c2pWhtuBZWGZHJVSoNJ3FYJfdjp1iyv8dr time: 76810 
生成区块 bb74a 99. cDGZW6UisKZtt61rFmdMGZufCqtbWP9sLe time: 76820 
生成区块 705fb 100. cBX5XCMHodUGz6xHPKkS5jeb7kt1rrgqwb time: 76830 
生成区块 60339 101. cMbuszd6xHhsXa4qrSNHVEe7Z8Pr3TNneP time: 76840 
生成区块 08878 102. cBsvWnbQtMhGvzj3BDpFpr3A4EZiPXXrRQ time: 76850 
生成区块 773f8 103. cLR1q2Xobq6SLdbcGSmzx3USwuEReKyKdN time: 76860 
生成区块 c33cd 104. cQ88bJLhefXDhHwUorVeHKQhJrm2tDqkgM time: 76870 
生成区块 996ac 105. cFf3VzWCjKv5VvYmLhzRkQZPhNQn8vANLz time: 76880 
生成区块 7c887 106. cFxUbicQgwjsrHQj5JzP5GabZQ5Ep8vTUi time: 76890 
生成区块 2b351 107. cNtaqym4McrXt5pQZPtQCR7LyhE5pUsUCe time: 76900 
生成区块 847ee 108. c2ffGmyB8nMhkemELfsjNDsdG4t1EMeomv time: 76910 
生成区块 b8675 109. cPZUAVCxZSwrodndzmCsVcP38BskQRF1ny time: 76920 
生成区块 22f0b 110. cF6DjxtfzvJjbqvwWGb2AvUcwEkk6rBFm9 time: 76930 
生成区块 ab1f7 111. cFybQsjHqiX1DUbtZFXDPihvDeTveZQKkw time: 76940 
生成区块 7f97c 112. c4q2hHccaS3qcXGMqsGcasjbvj9aJsCuuy time: 76950 
生成区块 7ad4e 113. cGELZtTz3qzbcAS9svzQjesXTB46ytduwg time: 76960 
生成区块 c3db8 114. cAkwj6utxuRKErXYHYnisXGJjqsQVdsuqA time: 76970 
生成区块 75c66 115. c582jFX2DfF45B65YSKN31qk6Ft9ckVAJm time: 76980 
生成区块 98c9c 116. cKqAK2TLS5AiGm75CAuVLUv4D38MyqTD9M time: 76990 
生成区块 50fba 117. c5AYPcDMUGr5JHErEo5y43SZG8JsF8YjG5 time: 77000 
生成区块 25e25 118. cH4RweoyEU363G5p7P2D1bEe5uccLNFJgC time: 77010 
生成区块 1cb6b 119. cGS6P65poK8GN5yhAtBj5ddDuDFh3k4YW8 time: 77020 
生成区块 32297 120. c4aG5yDeGo4TqR6C9r2vBaaNXmR2Ro17SV time: 77030 
生成区块 a5f44 121. cHdATqSzszEe335hM8kaNM267SH98BCpbx time: 77040 
生成区块 831a6 122. cDUwDnum3J5bQo78LDWcCJLAASqRP4VSan time: 77050 
生成区块 f217b 123. cCjrLJHLRUZci2Ak1W2BbgchJQLoQo86d7 time: 77060 
生成区块 d1974 124. c81E6nEaLHJ25mFRTDSMar5YjmrYLsNr5v time: 77070 
生成区块 f370b 125. cCuaHXAe1hcEGgqz6eg8QC9UKQHZ1Cq2Qo time: 77080 
生成区块 01842 126. c3MCDGU8vFk6waxeeRbBUt3QaRvB6q1TAH time: 77090 
生成区块 2a8cf 127. cCmcRqAdKd24ft1Nuwzc6p1Uf5R47RSAUF time: 77100 
生成区块 c523f 128. cBy33bW2b8QX3Th6mjkpHRykPGLN9ahG9p time: 77110 
生成区块 cd233 129. cKySkYVB4MhWhKczSUmY7WhF638hPx6U8N time: 77120 
生成区块 4d366 130. c4wQ1qXmKFBBGeHeiT5QsB9oKwsGYmK2eA time: 77130 
生成区块 a2b34 131. cBpRE96Ff1RR3kVoN9Hky6pnAtTky8cP4s time: 77140 
生成区块 4f014 132. c7y8jqVoAmP9uHA6bYxT66KSPXz14tSahH time: 77150 
生成区块 3fd6e 133. cKqjHi8u4n5RJJa1CxHgZbwHXS9cKC5Ekw time: 77160 
生成区块 7e953 134. cNQzoCNDDYY2uqBEW6fb7B6HzFjyz6oCt8 time: 77170 
生成区块 47cfe 135. cM8wVfYBZq6KtXCKAobMH9g9jLTcSfCiw5 time: 77180 
生成区块 8b314 136. cFG8tkEage2m5qnpsd8giKe9kad6ACF3BY time: 77190 
生成区块 7d701 137. cNhu1W73hSpHzwJfzGbHf1tM9KWSGTtC8U time: 77200 
生成区块 885c5 138. cLrUCNAWPyPH96bqqC3JQXZ3CtsvvXmNj1 time: 77210 
生成区块 26218 139. cPDXYf8tLYdv8LG43RxgHbNLi1ouxDcP8p time: 77220 
生成区块 faade 140. cPNWUU9oB4NaxFagHDafkD2p54phRGSwqh time: 77230 
生成区块 6142b 141. c6kHiX6mRcy3KeWCeb7MYAd8pfnDhnz8V7 time: 77240 
生成区块 bdb7c 142. cMyZAA4V27jEmysddCxCqXKAeN2bBvDsVU time: 77250 
生成区块 536ea 143. c7LefZDapLTMcazj5gJdJJE4PePHQ2qpNu time: 77260 
生成区块 c506d 144. cGQ5NPs1k59LxCvxECXLKNpr4TezDvhMZn time: 77270 
生成区块 f5077 145. c2LMjYRGQbGAuNWBNyWrRr81WXzaZJqMdW time: 77280 
生成区块 ba0fe 146. c5QActCYGusL7wEwV8sDTZ6QcekFBjBMhv time: 77290 
生成区块 47976 147. cFtYf1e5Ng5QhZzHiPMvDyV3NQHxKBnLmV time: 77300 
生成区块 289d3 148. c5rSRneu7iXf8r8N87raRev24kHGmkvPMT time: 77310 
生成区块 584cc 149. cH6L4muHgCsNwfqFPEMMBJwTG6NWhVWqiv time: 77320 
生成区块 a3205 150. cMPVU5d8U87bqPTZsLaWiyAv5UbZwMENip time: 77330 
生成区块 3048c 151. cD4rsua9vmVMiPouRL7MJJcVPWKtQu8E5X time: 77340 
生成区块 462a3 152. c6XZmkn23mSbiVVydY8WcEJSebM9RpRq8V time: 77350 
生成区块 d0a5b 153. cMtCaC4WmjBjZYbzrGZREJ9imX479XxpsM time: 77360 
生成区块 5598d 154. cFtR9y1R2zvvd7DXUE5cQu4wVuHzMzKFXW time: 77370 
生成区块 ef514 155. cERnwrsCNpy4b8hQ683zpRFPw88yXuVXES time: 77380 
生成区块 e0cc4 156. cBRJCW5SXiaJzDEFQhmLhCjizEBaprHj9w time: 77390 
生成区块 c1df3 157. cCTtPZA7Ry9qEnLJm6yyWGFswdFC5hiMhe time: 77400 
生成区块 ea1cd 158. c3e7TaDkuPcWC8L7GfkixXsaZDpP5Rtasg time: 77410 
生成区块 fad3c 159. cMbTY5hZ2RXCVGPYgwjp3ybnM1EyQenDiy time: 77420 
生成区块 ba908 160. cBgQkrwMZdQzu3QgtkN4vTbDB2Zf7F9ndm time: 77430 
生成区块 9036d 161. c8Ke6FeamgemKfaAdppcUVoGfModE4CEyT time: 77440 
生成区块 5f086 162. cKcsAB6U1KSkUrUsLr1ysdK5UrfCmFribi time: 77450 
生成区块 649e3 163. cLxoe3BFVFWJitksZZU7r7pyPbGxdV9FEw time: 77460 
生成区块 1f625 164. cCET2Sxt2LPDhx44wxJ9uhkpviKNrSacvE time: 77470 
生成区块 909b2 165. cFEaSoF3QceWxjnLsg9FoQyLVcUzVEpkSP time: 77480 
生成区块 07ad8 166. cGnmjV6fk5kFbTWztDtZhyr1a4Van4NPvR time: 77490 
生成区块 16b5b 167. c5fjyiG9HYrHrzJnyLsMZSkw6M5JzkZWUY time: 77500 
生成区块 1c776 168. cKmsqZLYAY8xjsqSaFdUy2jUuewBpCCcf9 time: 77510 
生成区块 3fc89 169. cNsdgX2hL8tpZuNV8pbqpcmmQXFYgyoHb3 time: 77520 
生成区块 a7503 170. cJzdd4agJhJR7psxQeH7beLeqarzeRrVWz time: 77530 
生成区块 36002 171. cNqpoUrBTpPvGzpFsimJRMm1uDjvDPpigj time: 77540 
生成区块 a1de6 172. cP3KZJfNBYLxVjR6Mi3CG8LAEgt97N8t55 time: 77550 
生成区块 36b41 173. cEo8s28oP5BLE1vEG6VRTmZbfdJD4M1Coe time: 77560 
生成区块 04e71 174. cMHuDEGM4CUE1wDbY2chPWjP8P1KJMWsVN time: 77570 
生成区块 92470 175. c7ij2QbLpRFSuZGB9bD7zPf8WYHg82ZY53 time: 77580 
生成区块 c49f1 176. c6YdR5inKH4ZCWMiLS8MYYq1fGGXGE4mUw time: 77590 
生成区块 cd25b 177. c3z5iLu15V6dfX988fugq2vP1FRgda1DEk time: 77600 
生成区块 cd4a2 178. curtHB91mSGD2bK3SPXzS8vAfctvB5ZGc time: 77610 
生成区块 fbdb8 179. cQEA1sRwbNVzMJTD85oGKQF87bX7xTet6d time: 77620 
生成区块 55520 180. c5RqaMzZGzMsmgQb533GSLWG64uKHJSJjB time: 77630 
生成区块 24f12 181. cEo4bdeV2XJ3kUKp9EeTGGAC6rTejSg1Ny time: 77640 
生成区块 5c494 182. c4giVDb2U9jr5WVUGg294bGwgCSKDz2xzJ time: 77650 
生成区块 13d4b 183. cD4uXeU9Aj7EpN9XLo5M5FqTMWofEjkuGT time: 77660 
生成区块 4b6ff 184. c32KRhr1wZc8MKRPrEy1LBdojmAFLwpDN9 time: 77670 
生成区块 3fabd 185. cNdBX3dCDfPGyvuAbbuBmWfSfXJ5D32xK1 time: 77680 
生成区块 6821b 186. c8PLVcgfgeMreGxVQxi8r42W4ZDukEB3M3 time: 77690 
生成区块 a45a3 187. c9Hzte1gK9ekxMaXDfAS7SH8cTZ2ZaTip4 time: 77700 
生成区块 664cb 188. cLwXBhfqd6PR2R6JdjkGc3LSwMPjsK1gKF time: 77710 
生成区块 9c3f2 189. cDhdyM63XaEsjsfrgU2CsN8Cn63Ni5QAzc time: 77720 
生成区块 33556 190. cCtpNbbApgDAuX38sJqLG2PERUsor94MHz time: 77730 
生成区块 4e0bb 191. c6bVeNUiLwSW3SGz38yv6w54JXphzxY3d3 time: 77740 
生成区块 9940c 192. cMg3Pj5Mb8YnwQeeWmBKsPt8Zjgu4FHL9Y time: 77750 
生成区块 3e998 193. cHMAxcAu6u3LEpfpCqJHD39unJtHCppfa7 time: 77760 
生成区块 0e29a 194. cN1r6YA2rpKwqyUQBo5eBfcbETXSYK8aWn time: 77770 
生成区块 f9715 195. cJXJ15YBxQ4zFU7vSUbeRwxgTmQncJy1CJ time: 77780 
生成区块 6b2a2 196. cGqWH1HYoZmFcpRbPfrE63u9SBxxLxN4Cp time: 77790 
生成区块 7aac0 197. c2KFmSdk8PcqcWuwDFhATW5VRJcs6xM4gn time: 77800 
生成区块 054f2 198. cFyn4v8T5ckT28MW17iUvvuK4Uk7nrpdZj time: 77810 
生成区块 e7af9 199. c37jstTJJLuNuvERbc6MJbMkU1mPegQUoA time: 77820 
生成区块 f6a0f 200. c5q6xxt1RkYYM1EXZGjwhPoU8y3K5uAkpX time: 77830 
生成区块 a1f50 201. c5qUNZkdEgg62fGSWwU29yya7vVQET7xkt time: 77840 
生成区块 614e4 202. cKgAdasSHc1T6zUXPnmYEEtjeX7qKi11xb time: 77850 
生成区块 a4767 203. cALZico86XyeSaK3zTXMVtq6AUPqmrh6JV time: 77860 
生成区块 d1740 204. cKyVC3hXc7ffCzEjDq1RHxqwi7DWiWSWRX time: 77870 
生成区块 84f1b 205. cPBhhsQsNTKKkQw4DaYESjmBGFZZgiXJrK time: 77880 
生成区块 74c40 206. c3pPiHJASHMkxFxzStA1WLnagHxHnsZcD1 time: 77890 
生成区块 5bfe8 207. cD6KwXfyUCPSscZoy3HeFuM3bFp4EvDpbe time: 77900 
生成区块 559cb 208. cJQtvwgB96A7fZMppeRE6tkNsykg7KQEsJ time: 77910 
生成区块 e40ed 209. cHtrhRxSd6HgoFApv3Ww5T9BJSpzunrK74 time: 77920 
生成区块 b54db 210. c9JpYqYPy5ZwkP9dqP7uYsW2jUqjWK12Zy time: 77930 
生成区块 1244a 211. cLShHjVpQwRFy2pTLZ5wxDUBuULPXgNd5w time: 77940 
生成区块 bc0dd 212. c2pWhtuBZWGZHJVSoNJ3FYJfdjp1iyv8dr time: 77950 
生成区块 70f4e 213. cDGZW6UisKZtt61rFmdMGZufCqtbWP9sLe time: 77960 
生成区块 c48ee 214. cBX5XCMHodUGz6xHPKkS5jeb7kt1rrgqwb time: 77970 
生成区块 3af03 215. cMbuszd6xHhsXa4qrSNHVEe7Z8Pr3TNneP time: 77980 
生成区块 172dc 216. cBsvWnbQtMhGvzj3BDpFpr3A4EZiPXXrRQ time: 77990 
生成区块 0e631 217. cLR1q2Xobq6SLdbcGSmzx3USwuEReKyKdN time: 78000 
生成区块 a3fb1 218. cQ88bJLhefXDhHwUorVeHKQhJrm2tDqkgM time: 78010 
生成区块 d7f39 219. cFf3VzWCjKv5VvYmLhzRkQZPhNQn8vANLz time: 78020 
生成区块 0314e 220. cFxUbicQgwjsrHQj5JzP5GabZQ5Ep8vTUi time: 78030 
生成区块 47b6a 221. cNtaqym4McrXt5pQZPtQCR7LyhE5pUsUCe time: 78040 
生成区块 74fb0 222. cPZUAVCxZSwrodndzmCsVcP38BskQRF1ny time: 78060 
生成区块 c24da 223. cF6DjxtfzvJjbqvwWGb2AvUcwEkk6rBFm9 time: 78070 
生成区块 ebcf4 224. cFybQsjHqiX1DUbtZFXDPihvDeTveZQKkw time: 78080 
生成区块 4ef8e 225. c4q2hHccaS3qcXGMqsGcasjbvj9aJsCuuy time: 78090 
生成区块 a4770 226. cGELZtTz3qzbcAS9svzQjesXTB46ytduwg time: 78100 
生成区块 6af90 227. cAkwj6utxuRKErXYHYnisXGJjqsQVdsuqA time: 78110 
生成区块 49eee 228. c582jFX2DfF45B65YSKN31qk6Ft9ckVAJm time: 78120 
生成区块 8dbda 229. c582jFX2DfF45B65YSKN31qk6Ft9ckVAJm time: 78130 
生成区块 af230 230. cKqAK2TLS5AiGm75CAuVLUv4D38MyqTD9M time: 78140 
生成区块 87535 231. c5AYPcDMUGr5JHErEo5y43SZG8JsF8YjG5 time: 78150 
生成区块 7808d 232. cH4RweoyEU363G5p7P2D1bEe5uccLNFJgC time: 78160 
生成区块 38558 233. cGS6P65poK8GN5yhAtBj5ddDuDFh3k4YW8 time: 78170 
生成区块 7b442 234. c4aG5yDeGo4TqR6C9r2vBaaNXmR2Ro17SV time: 78180 
生成区块 e7ff7 235. cHdATqSzszEe335hM8kaNM267SH98BCpbx time: 78190 
生成区块 e3846 236. cDUwDnum3J5bQo78LDWcCJLAASqRP4VSan time: 78200 
生成区块 ac814 237. cCjrLJHLRUZci2Ak1W2BbgchJQLoQo86d7 time: 78210 
生成区块 1b7d2 238. c81E6nEaLHJ25mFRTDSMar5YjmrYLsNr5v time: 78220 
生成区块 e1c73 239. cCuaHXAe1hcEGgqz6eg8QC9UKQHZ1Cq2Qo time: 78230 
生成区块 ae736 240. c3MCDGU8vFk6waxeeRbBUt3QaRvB6q1TAH time: 78240 
生成区块 b61ee 241. cCmcRqAdKd24ft1Nuwzc6p1Uf5R47RSAUF time: 78250 
生成区块 37b62 242. cBy33bW2b8QX3Th6mjkpHRykPGLN9ahG9p time: 78260 
生成区块 8d787 243. cKySkYVB4MhWhKczSUmY7WhF638hPx6U8N time: 78270 
生成区块 3b109 244. c4wQ1qXmKFBBGeHeiT5QsB9oKwsGYmK2eA time: 78280 
生成区块 2cd58 245. cBpRE96Ff1RR3kVoN9Hky6pnAtTky8cP4s time: 78290 
生成区块 588ed 246. c7y8jqVoAmP9uHA6bYxT66KSPXz14tSahH time: 78300 
生成区块 32925 247. cKqjHi8u4n5RJJa1CxHgZbwHXS9cKC5Ekw time: 78310 
生成区块 44964 248. cNQzoCNDDYY2uqBEW6fb7B6HzFjyz6oCt8 time: 78320 
生成区块 802b9 249. cM8wVfYBZq6KtXCKAobMH9g9jLTcSfCiw5 time: 78330 
生成区块 a8b54 250. cFG8tkEage2m5qnpsd8giKe9kad6ACF3BY time: 78340 
生成区块 24d7c 251. cNhu1W73hSpHzwJfzGbHf1tM9KWSGTtC8U time: 78350 
生成区块 8c24b 252. cLrUCNAWPyPH96bqqC3JQXZ3CtsvvXmNj1 time: 78360 
生成区块 8ba15 253. cPDXYf8tLYdv8LG43RxgHbNLi1ouxDcP8p time: 78370 
生成区块 7a620 254. cPNWUU9oB4NaxFagHDafkD2p54phRGSwqh time: 78380 
生成区块 07d91 255. c6kHiX6mRcy3KeWCeb7MYAd8pfnDhnz8V7 time: 78390 
生成区块 7089c 256. cMyZAA4V27jEmysddCxCqXKAeN2bBvDsVU time: 78400 
生成区块 33549 257. c7LefZDapLTMcazj5gJdJJE4PePHQ2qpNu time: 78410 
生成区块 c822b 258. cGQ5NPs1k59LxCvxECXLKNpr4TezDvhMZn time: 78420 
生成区块 0d18f 259. c2LMjYRGQbGAuNWBNyWrRr81WXzaZJqMdW time: 78430 
生成区块 7dc60 260. c5QActCYGusL7wEwV8sDTZ6QcekFBjBMhv time: 78440 
生成区块 5f8ca 261. cFtYf1e5Ng5QhZzHiPMvDyV3NQHxKBnLmV time: 78450 
生成区块 98251 262. c5rSRneu7iXf8r8N87raRev24kHGmkvPMT time: 78460 
生成区块 a4796 263. cH6L4muHgCsNwfqFPEMMBJwTG6NWhVWqiv time: 78470 
生成区块 a1fca 264. cMPVU5d8U87bqPTZsLaWiyAv5UbZwMENip time: 78480 
生成区块 81d6e 265. cD4rsua9vmVMiPouRL7MJJcVPWKtQu8E5X time: 78490 
生成区块 8079d 266. c6XZmkn23mSbiVVydY8WcEJSebM9RpRq8V time: 78500 
生成区块 0fac2 267. cMtCaC4WmjBjZYbzrGZREJ9imX479XxpsM time: 78510 
生成区块 fc03a 268. cFtR9y1R2zvvd7DXUE5cQu4wVuHzMzKFXW time: 78520 
生成区块 cdbfc 269. cERnwrsCNpy4b8hQ683zpRFPw88yXuVXES time: 78530 
生成区块 402dc 270. cBRJCW5SXiaJzDEFQhmLhCjizEBaprHj9w time: 78540 
生成区块 7b675 271. cCTtPZA7Ry9qEnLJm6yyWGFswdFC5hiMhe time: 78550 
生成区块 eef21 272. c3e7TaDkuPcWC8L7GfkixXsaZDpP5Rtasg time: 78560 
生成区块 df9d3 273. cMbTY5hZ2RXCVGPYgwjp3ybnM1EyQenDiy time: 78570 
生成区块 f856d 274. cBgQkrwMZdQzu3QgtkN4vTbDB2Zf7F9ndm time: 78580 
生成区块 1b5fc 275. c8Ke6FeamgemKfaAdppcUVoGfModE4CEyT time: 78590 
生成区块 7c03f 276. cKcsAB6U1KSkUrUsLr1ysdK5UrfCmFribi time: 78600 
生成区块 10da4 277. cLxoe3BFVFWJitksZZU7r7pyPbGxdV9FEw time: 78610 
生成区块 34402 278. cCET2Sxt2LPDhx44wxJ9uhkpviKNrSacvE time: 78620 
生成区块 0b2d1 279. cFEaSoF3QceWxjnLsg9FoQyLVcUzVEpkSP time: 78630 
生成区块 0eb3b 280. cGnmjV6fk5kFbTWztDtZhyr1a4Van4NPvR time: 78640 
生成区块 52342 281. c5fjyiG9HYrHrzJnyLsMZSkw6M5JzkZWUY time: 78650 
生成区块 da09b 282. cKmsqZLYAY8xjsqSaFdUy2jUuewBpCCcf9 time: 78660 
生成区块 ca138 283. cNsdgX2hL8tpZuNV8pbqpcmmQXFYgyoHb3 time: 78670 
生成区块 b501f 284. cJzdd4agJhJR7psxQeH7beLeqarzeRrVWz time: 78680 
生成区块 2d82d 285. cNqpoUrBTpPvGzpFsimJRMm1uDjvDPpigj time: 78690 
生成区块 087af 286. cP3KZJfNBYLxVjR6Mi3CG8LAEgt97N8t55 time: 78700 
生成区块 56973 287. cEo8s28oP5BLE1vEG6VRTmZbfdJD4M1Coe time: 78710 
生成区块 4151a 288. cMHuDEGM4CUE1wDbY2chPWjP8P1KJMWsVN time: 78720 
生成区块 bd9d4 289. c7ij2QbLpRFSuZGB9bD7zPf8WYHg82ZY53 time: 78730 
生成区块 642b3 290. c6YdR5inKH4ZCWMiLS8MYYq1fGGXGE4mUw time: 78740 
生成区块 3d4de 291. c3z5iLu15V6dfX988fugq2vP1FRgda1DEk time: 78750 
生成区块 79ef9 292. curtHB91mSGD2bK3SPXzS8vAfctvB5ZGc time: 78760 
生成区块 bfbd5 293. cQEA1sRwbNVzMJTD85oGKQF87bX7xTet6d time: 78770 
生成区块 188af 294. c5RqaMzZGzMsmgQb533GSLWG64uKHJSJjB time: 78780 
生成区块 09d83 295. cEo4bdeV2XJ3kUKp9EeTGGAC6rTejSg1Ny time: 78790 
生成区块 f407a 296. c4giVDb2U9jr5WVUGg294bGwgCSKDz2xzJ time: 78800 
生成区块 0326f 297. cD4uXeU9Aj7EpN9XLo5M5FqTMWofEjkuGT time: 78810 
生成区块 c263f 298. c32KRhr1wZc8MKRPrEy1LBdojmAFLwpDN9 time: 78820 
生成区块 d5907 299. cNdBX3dCDfPGyvuAbbuBmWfSfXJ5D32xK1 time: 78830 
生成区块 ed5e7 300. c8PLVcgfgeMreGxVQxi8r42W4ZDukEB3M3 time: 78840 
生成区块 573c1 301. c9Hzte1gK9ekxMaXDfAS7SH8cTZ2ZaTip4 time: 78850 
生成区块 91523 302. cLwXBhfqd6PR2R6JdjkGc3LSwMPjsK1gKF time: 78860 
生成区块 01d89 303. cDhdyM63XaEsjsfrgU2CsN8Cn63Ni5QAzc time: 78870 
生成区块 48667 304. cCtpNbbApgDAuX38sJqLG2PERUsor94MHz time: 78880 
生成区块 9e3b8 305. c6bVeNUiLwSW3SGz38yv6w54JXphzxY3d3 time: 78890 
生成区块 6f941 306. cMg3Pj5Mb8YnwQeeWmBKsPt8Zjgu4FHL9Y time: 78900 
生成区块 d2ba9 307. cHMAxcAu6u3LEpfpCqJHD39unJtHCppfa7 time: 78910 
生成区块 6a317 308. cN1r6YA2rpKwqyUQBo5eBfcbETXSYK8aWn time: 78920 
生成区块 1aafd 309. cJXJ15YBxQ4zFU7vSUbeRwxgTmQncJy1CJ time: 78930 
生成区块 7502c 310. cGqWH1HYoZmFcpRbPfrE63u9SBxxLxN4Cp time: 78940 
生成区块 a0652 311. c2KFmSdk8PcqcWuwDFhATW5VRJcs6xM4gn time: 78950 
生成区块 28e37 312. cFyn4v8T5ckT28MW17iUvvuK4Uk7nrpdZj time: 78960 
生成区块 331a0 313. c37jstTJJLuNuvERbc6MJbMkU1mPegQUoA time: 78970 
生成区块 e6915 314. c5q6xxt1RkYYM1EXZGjwhPoU8y3K5uAkpX time: 78980 
生成区块 f0273 315. c5qUNZkdEgg62fGSWwU29yya7vVQET7xkt time: 78990 
生成区块 91b22 316. cKgAdasSHc1T6zUXPnmYEEtjeX7qKi11xb time: 79000 
生成区块 0c47f 317. cALZico86XyeSaK3zTXMVtq6AUPqmrh6JV time: 79010 
生成区块 2daf2 318. cKyVC3hXc7ffCzEjDq1RHxqwi7DWiWSWRX time: 79020 
生成区块 2e9a6 319. cPBhhsQsNTKKkQw4DaYESjmBGFZZgiXJrK time: 79030 
生成区块 fb253 320. c3pPiHJASHMkxFxzStA1WLnagHxHnsZcD1 time: 79040 
生成区块 bb549 321. cD6KwXfyUCPSscZoy3HeFuM3bFp4EvDpbe time: 79050 
生成区块 0d106 322. cJQtvwgB96A7fZMppeRE6tkNsykg7KQEsJ time: 79060 
生成区块 c1436 323. cHtrhRxSd6HgoFApv3Ww5T9BJSpzunrK74 time: 79070 
生成区块 2a168 324. c9JpYqYPy5ZwkP9dqP7uYsW2jUqjWK12Zy time: 79080 
生成区块 e14a0 325. cLShHjVpQwRFy2pTLZ5wxDUBuULPXgNd5w time: 79090 
生成区块 2e8f9 326. c2pWhtuBZWGZHJVSoNJ3FYJfdjp1iyv8dr time: 79100 
生成区块 be32c 327. cDGZW6UisKZtt61rFmdMGZufCqtbWP9sLe time: 79110 
生成区块 384b4 328. cBX5XCMHodUGz6xHPKkS5jeb7kt1rrgqwb time: 79120 
生成区块 55a2f 329. cMbuszd6xHhsXa4qrSNHVEe7Z8Pr3TNneP time: 79130 
生成区块 1501a 330. cBsvWnbQtMhGvzj3BDpFpr3A4EZiPXXrRQ time: 79140 
生成区块 8a50b 331. cLR1q2Xobq6SLdbcGSmzx3USwuEReKyKdN time: 79150 
生成区块 b3d1e 332. cQ88bJLhefXDhHwUorVeHKQhJrm2tDqkgM time: 79160 
生成区块 9f267 333. cFf3VzWCjKv5VvYmLhzRkQZPhNQn8vANLz time: 79170 
生成区块 2faf1 334. cFxUbicQgwjsrHQj5JzP5GabZQ5Ep8vTUi time: 79180 
生成区块 3a90c 335. cNtaqym4McrXt5pQZPtQCR7LyhE5pUsUCe time: 79190 
生成区块 cfab0 336. c2ffGmyB8nMhkemELfsjNDsdG4t1EMeomv time: 79200 
生成区块 377ff 337. cPZUAVCxZSwrodndzmCsVcP38BskQRF1ny time: 79210 
生成区块 f96ce 338. cF6DjxtfzvJjbqvwWGb2AvUcwEkk6rBFm9 time: 79220 
生成区块 9cf3e 339. cFybQsjHqiX1DUbtZFXDPihvDeTveZQKkw time: 79230 
生成区块 c6d9a 340. c4q2hHccaS3qcXGMqsGcasjbvj9aJsCuuy time: 79240 
生成区块 844b8 341. cGELZtTz3qzbcAS9svzQjesXTB46ytduwg time: 79250 
生成区块 b121a 342. cAkwj6utxuRKErXYHYnisXGJjqsQVdsuqA time: 79260 
生成区块 4a6cf 343. c582jFX2DfF45B65YSKN31qk6Ft9ckVAJm time: 79270 
生成区块 a25aa 344. cKqAK2TLS5AiGm75CAuVLUv4D38MyqTD9M time: 79280 
生成区块 a50b1 345. c5AYPcDMUGr5JHErEo5y43SZG8JsF8YjG5 time: 79290 
生成区块 9b485 346. cH4RweoyEU363G5p7P2D1bEe5uccLNFJgC time: 79300 
生成区块 738d7 347. cGS6P65poK8GN5yhAtBj5ddDuDFh3k4YW8 time: 79310 
生成区块 7af0f 348. c4aG5yDeGo4TqR6C9r2vBaaNXmR2Ro17SV time: 79320 
生成区块 3b474 349. cHdATqSzszEe335hM8kaNM267SH98BCpbx time: 79330 
生成区块 2bc9d 350. cDUwDnum3J5bQo78LDWcCJLAASqRP4VSan time: 79340 
生成区块 e136b 351. cCjrLJHLRUZci2Ak1W2BbgchJQLoQo86d7 time: 79350 
生成区块 0a396 352. c81E6nEaLHJ25mFRTDSMar5YjmrYLsNr5v time: 79360 
生成区块 02709 353. cCuaHXAe1hcEGgqz6eg8QC9UKQHZ1Cq2Qo time: 79370 
生成区块 39bdc 354. c3MCDGU8vFk6waxeeRbBUt3QaRvB6q1TAH time: 79380 
生成区块 c6cf9 355. cCmcRqAdKd24ft1Nuwzc6p1Uf5R47RSAUF time: 79390 
生成区块 51d90 356. cBy33bW2b8QX3Th6mjkpHRykPGLN9ahG9p time: 79400 
生成区块 f4ce9 357. cKySkYVB4MhWhKczSUmY7WhF638hPx6U8N time: 79410 
生成区块 4571b 358. c4wQ1qXmKFBBGeHeiT5QsB9oKwsGYmK2eA time: 79420 
生成区块 26292 359. cBpRE96Ff1RR3kVoN9Hky6pnAtTky8cP4s time: 79430 
生成区块 2d866 360. c7y8jqVoAmP9uHA6bYxT66KSPXz14tSahH time: 79440 
生成区块 62a55 361. cKqjHi8u4n5RJJa1CxHgZbwHXS9cKC5Ekw time: 79450 
生成区块 6931c 362. cNQzoCNDDYY2uqBEW6fb7B6HzFjyz6oCt8 time: 79460 
生成区块 a7a46 363. cM8wVfYBZq6KtXCKAobMH9g9jLTcSfCiw5 time: 79470 
生成区块 a2490 364. cFG8tkEage2m5qnpsd8giKe9kad6ACF3BY time: 79480 
生成区块 fffdb 365. cNhu1W73hSpHzwJfzGbHf1tM9KWSGTtC8U time: 79490 
生成区块 d211f 366. cLrUCNAWPyPH96bqqC3JQXZ3CtsvvXmNj1 time: 79500 
生成区块 4d0a8 367. cPDXYf8tLYdv8LG43RxgHbNLi1ouxDcP8p time: 79510 
生成区块 2017a 368. cPNWUU9oB4NaxFagHDafkD2p54phRGSwqh time: 79520 
生成区块 7471c 369. c6kHiX6mRcy3KeWCeb7MYAd8pfnDhnz8V7 time: 79530 
生成区块 c6e37 370. cMyZAA4V27jEmysddCxCqXKAeN2bBvDsVU time: 79540 
生成区块 7dcc8 371. c7LefZDapLTMcazj5gJdJJE4PePHQ2qpNu time: 79550 
生成区块 7a086 372. cGQ5NPs1k59LxCvxECXLKNpr4TezDvhMZn time: 79560 
生成区块 dcada 373. c2LMjYRGQbGAuNWBNyWrRr81WXzaZJqMdW time: 79570 
生成区块 c82f6 374. c5QActCYGusL7wEwV8sDTZ6QcekFBjBMhv time: 79580 
生成区块 b2aa1 375. cFtYf1e5Ng5QhZzHiPMvDyV3NQHxKBnLmV time: 79590 
生成区块 4f9d6 376. c5rSRneu7iXf8r8N87raRev24kHGmkvPMT time: 79600 
生成区块 c02de 377. cH6L4muHgCsNwfqFPEMMBJwTG6NWhVWqiv time: 79610 
生成区块 04e7a 378. cMPVU5d8U87bqPTZsLaWiyAv5UbZwMENip time: 79620 
生成区块 26c49 379. cD4rsua9vmVMiPouRL7MJJcVPWKtQu8E5X time: 79630 
生成区块 e36b2 380. c6XZmkn23mSbiVVydY8WcEJSebM9RpRq8V time: 79640 
生成区块 ebbca 381. cMtCaC4WmjBjZYbzrGZREJ9imX479XxpsM time: 79650 
生成区块 a413e 382. cFtR9y1R2zvvd7DXUE5cQu4wVuHzMzKFXW time: 79660 
生成区块 799ea 383. cERnwrsCNpy4b8hQ683zpRFPw88yXuVXES time: 79670 
生成区块 58198 384. cBRJCW5SXiaJzDEFQhmLhCjizEBaprHj9w time: 79680 
生成区块 daf6a 385. cCTtPZA7Ry9qEnLJm6yyWGFswdFC5hiMhe time: 79690 
生成区块 ff74e 386. c3e7TaDkuPcWC8L7GfkixXsaZDpP5Rtasg time: 79700 
生成区块 5b8cd 387. cMbTY5hZ2RXCVGPYgwjp3ybnM1EyQenDiy time: 79710 
生成区块 69c1f 388. cBgQkrwMZdQzu3QgtkN4vTbDB2Zf7F9ndm time: 79720 
生成区块 a7aed 389. c8Ke6FeamgemKfaAdppcUVoGfModE4CEyT time: 79730 
生成区块 27a0b 390. cKcsAB6U1KSkUrUsLr1ysdK5UrfCmFribi time: 79740 
生成区块 43930 391. cLxoe3BFVFWJitksZZU7r7pyPbGxdV9FEw time: 79750 
生成区块 5d7e3 392. cCET2Sxt2LPDhx44wxJ9uhkpviKNrSacvE time: 79760 
生成区块 84bd4 393. cFEaSoF3QceWxjnLsg9FoQyLVcUzVEpkSP time: 79770 
生成区块 1f694 394. cGnmjV6fk5kFbTWztDtZhyr1a4Van4NPvR time: 79780 
生成区块 e3350 395. c5fjyiG9HYrHrzJnyLsMZSkw6M5JzkZWUY time: 79790 
生成区块 5e709 396. cKmsqZLYAY8xjsqSaFdUy2jUuewBpCCcf9 time: 79800 
生成区块 d8c2f 397. cNsdgX2hL8tpZuNV8pbqpcmmQXFYgyoHb3 time: 79810 
生成区块 1f552 398. cJzdd4agJhJR7psxQeH7beLeqarzeRrVWz time: 79820 
生成区块 035f7 399. cNqpoUrBTpPvGzpFsimJRMm1uDjvDPpigj time: 79830 
生成区块 c0d6c 400. cP3KZJfNBYLxVjR6Mi3CG8LAEgt97N8t55 time: 79840 
生成区块 43c37 401. cEo8s28oP5BLE1vEG6VRTmZbfdJD4M1Coe time: 79850 
生成区块 19a73 402. cMHuDEGM4CUE1wDbY2chPWjP8P1KJMWsVN time: 79860 
生成区块 f3524 403. c7ij2QbLpRFSuZGB9bD7zPf8WYHg82ZY53 time: 79870 
生成区块 0db39 404. c6YdR5inKH4ZCWMiLS8MYYq1fGGXGE4mUw time: 79880 
生成区块 06a34 405. c3z5iLu15V6dfX988fugq2vP1FRgda1DEk time: 79890 
生成区块 4e42d 406. curtHB91mSGD2bK3SPXzS8vAfctvB5ZGc time: 79900 
生成区块 66513 407. cQEA1sRwbNVzMJTD85oGKQF87bX7xTet6d time: 79910 
生成区块 a30b9 408. c5RqaMzZGzMsmgQb533GSLWG64uKHJSJjB time: 79920 
生成区块 232fd 409. cEo4bdeV2XJ3kUKp9EeTGGAC6rTejSg1Ny time: 79930 
生成区块 120aa 410. c4giVDb2U9jr5WVUGg294bGwgCSKDz2xzJ time: 79940 
生成区块 bd983 411. cD4uXeU9Aj7EpN9XLo5M5FqTMWofEjkuGT time: 79950 
生成区块 d5aad 412. c32KRhr1wZc8MKRPrEy1LBdojmAFLwpDN9 time: 79960 
生成区块 8a583 413. cNdBX3dCDfPGyvuAbbuBmWfSfXJ5D32xK1 time: 79970 
生成区块 b7ada 414. c8PLVcgfgeMreGxVQxi8r42W4ZDukEB3M3 time: 79980 
生成区块 cc7ca 415. c9Hzte1gK9ekxMaXDfAS7SH8cTZ2ZaTip4 time: 79990 
生成区块 b16d6 416. cLwXBhfqd6PR2R6JdjkGc3LSwMPjsK1gKF time: 80000 
生成区块 be971 417. cDhdyM63XaEsjsfrgU2CsN8Cn63Ni5QAzc time: 80010 
生成区块 88dc3 418. cCtpNbbApgDAuX38sJqLG2PERUsor94MHz time: 80020 
生成区块 6cd8c 419. c6bVeNUiLwSW3SGz38yv6w54JXphzxY3d3 time: 80030 
生成区块 1e1bc 420. cMg3Pj5Mb8YnwQeeWmBKsPt8Zjgu4FHL9Y time: 80040 
生成区块 be57d 421. cHMAxcAu6u3LEpfpCqJHD39unJtHCppfa7 time: 80050 
生成区块 e07fe 422. cN1r6YA2rpKwqyUQBo5eBfcbETXSYK8aWn time: 80060 
生成区块 4e70e 423. cJXJ15YBxQ4zFU7vSUbeRwxgTmQncJy1CJ time: 80070 
生成区块 c5af3 424. cGqWH1HYoZmFcpRbPfrE63u9SBxxLxN4Cp time: 80080 
生成区块 32815 425. c2KFmSdk8PcqcWuwDFhATW5VRJcs6xM4gn time: 80090 
生成区块 172b4 426. cFyn4v8T5ckT28MW17iUvvuK4Uk7nrpdZj time: 80100 
生成区块 5ea04 427. c37jstTJJLuNuvERbc6MJbMkU1mPegQUoA time: 80110 
生成区块 3f0ba 428. c5q6xxt1RkYYM1EXZGjwhPoU8y3K5uAkpX time: 80120 
生成区块 236f4 429. c5qUNZkdEgg62fGSWwU29yya7vVQET7xkt time: 80130 
生成区块 40948 430. cKgAdasSHc1T6zUXPnmYEEtjeX7qKi11xb time: 80140 
生成区块 48da4 431. cALZico86XyeSaK3zTXMVtq6AUPqmrh6JV time: 80150 
生成区块 9fbb0 432. cKyVC3hXc7ffCzEjDq1RHxqwi7DWiWSWRX time: 80160 
生成区块 01a1e 433. cPBhhsQsNTKKkQw4DaYESjmBGFZZgiXJrK time: 80170 
生成区块 e5c58 434. c3pPiHJASHMkxFxzStA1WLnagHxHnsZcD1 time: 80180 
生成区块 caced 435. cD6KwXfyUCPSscZoy3HeFuM3bFp4EvDpbe time: 80190 
生成区块 17cfb 436. cJQtvwgB96A7fZMppeRE6tkNsykg7KQEsJ time: 80200 
生成区块 44697 437. cHtrhRxSd6HgoFApv3Ww5T9BJSpzunrK74 time: 80210 
生成区块 6de9a 438. c9JpYqYPy5ZwkP9dqP7uYsW2jUqjWK12Zy time: 80220 
生成区块 5fa99 439. cLShHjVpQwRFy2pTLZ5wxDUBuULPXgNd5w time: 80230 
生成区块 86c39 440. c2pWhtuBZWGZHJVSoNJ3FYJfdjp1iyv8dr time: 80240 
生成区块 3911f 441. cDGZW6UisKZtt61rFmdMGZufCqtbWP9sLe time: 80250 
生成区块 a7569 442. cBX5XCMHodUGz6xHPKkS5jeb7kt1rrgqwb time: 80260 
生成区块 ec8ab 443. cMbuszd6xHhsXa4qrSNHVEe7Z8Pr3TNneP time: 80270 
生成区块 aedd9 444. cBsvWnbQtMhGvzj3BDpFpr3A4EZiPXXrRQ time: 80280 
生成区块 0b71f 445. cLR1q2Xobq6SLdbcGSmzx3USwuEReKyKdN time: 80290 
生成区块 3f71e 446. cQ88bJLhefXDhHwUorVeHKQhJrm2tDqkgM time: 80300 
生成区块 6f729 447. cFf3VzWCjKv5VvYmLhzRkQZPhNQn8vANLz time: 80310 
生成区块 3cc9a 448. cFxUbicQgwjsrHQj5JzP5GabZQ5Ep8vTUi time: 80320 
生成区块 a3bde 449. cNtaqym4McrXt5pQZPtQCR7LyhE5pUsUCe time: 80330 
生成区块 5e78f 450. c2ffGmyB8nMhkemELfsjNDsdG4t1EMeomv time: 80340 
生成区块 079cc 451. cPZUAVCxZSwrodndzmCsVcP38BskQRF1ny time: 80350 
生成区块 a9a05 452. cF6DjxtfzvJjbqvwWGb2AvUcwEkk6rBFm9 time: 80360 
生成区块 b433f 453. cFybQsjHqiX1DUbtZFXDPihvDeTveZQKkw time: 80370 
生成区块 fe164 454. c4q2hHccaS3qcXGMqsGcasjbvj9aJsCuuy time: 80380 
生成区块 17924 455. cGELZtTz3qzbcAS9svzQjesXTB46ytduwg time: 80390 
生成区块 972d0 456. cAkwj6utxuRKErXYHYnisXGJjqsQVdsuqA time: 80400 
生成区块 e408b 457. c582jFX2DfF45B65YSKN31qk6Ft9ckVAJm time: 80410 
生成区块 f7f7a 458. cKqAK2TLS5AiGm75CAuVLUv4D38MyqTD9M time: 80420 
生成区块 53321 459. c5AYPcDMUGr5JHErEo5y43SZG8JsF8YjG5 time: 80430 
生成区块 4fd3e 460. cH4RweoyEU363G5p7P2D1bEe5uccLNFJgC time: 80440 
生成区块 de7e5 461. cGS6P65poK8GN5yhAtBj5ddDuDFh3k4YW8 time: 80450 
生成区块 9ad00 462. c4aG5yDeGo4TqR6C9r2vBaaNXmR2Ro17SV time: 80460 
生成区块 a29a1 463. cHdATqSzszEe335hM8kaNM267SH98BCpbx time: 80470 
生成区块 a8522 464. cDUwDnum3J5bQo78LDWcCJLAASqRP4VSan time: 80480 
生成区块 9404d 465. cCjrLJHLRUZci2Ak1W2BbgchJQLoQo86d7 time: 80490 
生成区块 16502 466. c81E6nEaLHJ25mFRTDSMar5YjmrYLsNr5v time: 80500 
生成区块 aaac2 467. cCuaHXAe1hcEGgqz6eg8QC9UKQHZ1Cq2Qo time: 80510 
生成区块 eaeab 468. c3MCDGU8vFk6waxeeRbBUt3QaRvB6q1TAH time: 80520 
生成区块 1efaf 469. cCmcRqAdKd24ft1Nuwzc6p1Uf5R47RSAUF time: 80530 
生成区块 9a369 470. cBy33bW2b8QX3Th6mjkpHRykPGLN9ahG9p time: 80540 
生成区块 5bbe8 471. cKySkYVB4MhWhKczSUmY7WhF638hPx6U8N time: 80550 
生成区块 54e13 472. c4wQ1qXmKFBBGeHeiT5QsB9oKwsGYmK2eA time: 80560 
生成区块 16f0b 473. cBpRE96Ff1RR3kVoN9Hky6pnAtTky8cP4s time: 80570 
生成区块 e5c6f 474. c7y8jqVoAmP9uHA6bYxT66KSPXz14tSahH time: 80580 
生成区块 e436f 475. cKqjHi8u4n5RJJa1CxHgZbwHXS9cKC5Ekw time: 80590 
生成区块 1e8dc 476. cNQzoCNDDYY2uqBEW6fb7B6HzFjyz6oCt8 time: 80600 
生成区块 7987c 477. cM8wVfYBZq6KtXCKAobMH9g9jLTcSfCiw5 time: 80610 
生成区块 d9d23 478. cFG8tkEage2m5qnpsd8giKe9kad6ACF3BY time: 80620 
生成区块 ddffa 479. cNhu1W73hSpHzwJfzGbHf1tM9KWSGTtC8U time: 80630 
生成区块 621b2 480. cLrUCNAWPyPH96bqqC3JQXZ3CtsvvXmNj1 time: 80640 
生成区块 da9b3 481. cPDXYf8tLYdv8LG43RxgHbNLi1ouxDcP8p time: 80650 
生成区块 d8f6f 482. cPNWUU9oB4NaxFagHDafkD2p54phRGSwqh time: 80660 
生成区块 dd392 483. c6kHiX6mRcy3KeWCeb7MYAd8pfnDhnz8V7 time: 80670 
生成区块 305b5 484. cMyZAA4V27jEmysddCxCqXKAeN2bBvDsVU time: 80680 
生成区块 2cb6e 485. c7LefZDapLTMcazj5gJdJJE4PePHQ2qpNu time: 80690 
生成区块 5bf05 486. cGQ5NPs1k59LxCvxECXLKNpr4TezDvhMZn time: 80700 
生成区块 ff5dc 487. c2LMjYRGQbGAuNWBNyWrRr81WXzaZJqMdW time: 80710 
生成区块 8e245 488. c5QActCYGusL7wEwV8sDTZ6QcekFBjBMhv time: 80720 
生成区块 1f71a 489. cFtYf1e5Ng5QhZzHiPMvDyV3NQHxKBnLmV time: 80730 
生成区块 9a97b 490. c5rSRneu7iXf8r8N87raRev24kHGmkvPMT time: 80740 
生成区块 e36a2 491. cH6L4muHgCsNwfqFPEMMBJwTG6NWhVWqiv time: 80750 
生成区块 04cb4 492. cMPVU5d8U87bqPTZsLaWiyAv5UbZwMENip time: 80760 
生成区块 bd0ce 493. cD4rsua9vmVMiPouRL7MJJcVPWKtQu8E5X time: 80770 
生成区块 53eb3 494. c6XZmkn23mSbiVVydY8WcEJSebM9RpRq8V time: 80780 
生成区块 18adf 495. cMtCaC4WmjBjZYbzrGZREJ9imX479XxpsM time: 80790 
生成区块 77f19 496. cFtR9y1R2zvvd7DXUE5cQu4wVuHzMzKFXW time: 80800 
生成区块 cfe2d 497. cERnwrsCNpy4b8hQ683zpRFPw88yXuVXES time: 80810 
生成区块 4e80b 498. cBRJCW5SXiaJzDEFQhmLhCjizEBaprHj9w time: 80820 
生成区块 d8851 499. cCTtPZA7Ry9qEnLJm6yyWGFswdFC5hiMhe time: 80830 
生成区块 efb09 500. c3e7TaDkuPcWC8L7GfkixXsaZDpP5Rtasg time: 80840 
生成区块 31768 501. cMbTY5hZ2RXCVGPYgwjp3ybnM1EyQenDiy time: 80850 
生成区块 6c2fd 502. cBgQkrwMZdQzu3QgtkN4vTbDB2Zf7F9ndm time: 80860 
生成区块 41bc3 503. c8Ke6FeamgemKfaAdppcUVoGfModE4CEyT time: 80870 
生成区块 a311b 504. cKcsAB6U1KSkUrUsLr1ysdK5UrfCmFribi time: 80880 
生成区块 7eebb 505. cLxoe3BFVFWJitksZZU7r7pyPbGxdV9FEw time: 80890 
生成区块 83da2 506. cCET2Sxt2LPDhx44wxJ9uhkpviKNrSacvE time: 80900 
生成区块 adbea 507. cFEaSoF3QceWxjnLsg9FoQyLVcUzVEpkSP time: 80910 
生成区块 208a4 508. cGnmjV6fk5kFbTWztDtZhyr1a4Van4NPvR time: 80920 
生成区块 2dbb9 509. c5fjyiG9HYrHrzJnyLsMZSkw6M5JzkZWUY time: 80930 
生成区块 ea076 510. cKmsqZLYAY8xjsqSaFdUy2jUuewBpCCcf9 time: 80940 
生成区块 2eec1 511. cNsdgX2hL8tpZuNV8pbqpcmmQXFYgyoHb3 time: 80950 
生成区块 2f9c6 512. cJzdd4agJhJR7psxQeH7beLeqarzeRrVWz time: 80960 
生成区块 432a1 513. cNqpoUrBTpPvGzpFsimJRMm1uDjvDPpigj time: 80970 
生成区块 073c7 514. cP3KZJfNBYLxVjR6Mi3CG8LAEgt97N8t55 time: 80980 
生成区块 e1460 515. cEo8s28oP5BLE1vEG6VRTmZbfdJD4M1Coe time: 80990 
生成区块 6d847 516. cMHuDEGM4CUE1wDbY2chPWjP8P1KJMWsVN time: 81000 
生成区块 15ad1 517. c7ij2QbLpRFSuZGB9bD7zPf8WYHg82ZY53 time: 81010 
生成区块 650a7 518. c6YdR5inKH4ZCWMiLS8MYYq1fGGXGE4mUw time: 81020 
生成区块 257a7 519. c3z5iLu15V6dfX988fugq2vP1FRgda1DEk time: 81030 
生成区块 617ea 520. curtHB91mSGD2bK3SPXzS8vAfctvB5ZGc time: 81040 
生成区块 b17e2 521. cQEA1sRwbNVzMJTD85oGKQF87bX7xTet6d time: 81050 
生成区块 75b41 522. c5RqaMzZGzMsmgQb533GSLWG64uKHJSJjB time: 81060 
生成区块 04c82 523. cEo4bdeV2XJ3kUKp9EeTGGAC6rTejSg1Ny time: 81070 
生成区块 ec4fb 524. c4giVDb2U9jr5WVUGg294bGwgCSKDz2xzJ time: 81080 
生成区块 20372 525. cD4uXeU9Aj7EpN9XLo5M5FqTMWofEjkuGT time: 81090 
生成区块 a20d2 526. c32KRhr1wZc8MKRPrEy1LBdojmAFLwpDN9 time: 81100 
生成区块 c6bb2 527. cNdBX3dCDfPGyvuAbbuBmWfSfXJ5D32xK1 time: 81110 
生成区块 b9272 528. c8PLVcgfgeMreGxVQxi8r42W4ZDukEB3M3 time: 81120 
生成区块 96157 529. c9Hzte1gK9ekxMaXDfAS7SH8cTZ2ZaTip4 time: 81130 
生成区块 fb5cf 530. cLwXBhfqd6PR2R6JdjkGc3LSwMPjsK1gKF time: 81140 
生成区块 1bb52 531. cDhdyM63XaEsjsfrgU2CsN8Cn63Ni5QAzc time: 81150 
生成区块 a42b2 532. cCtpNbbApgDAuX38sJqLG2PERUsor94MHz time: 81160 
生成区块 c6871 533. c6bVeNUiLwSW3SGz38yv6w54JXphzxY3d3 time: 81170 
生成区块 2c315 534. cMg3Pj5Mb8YnwQeeWmBKsPt8Zjgu4FHL9Y time: 81180 
生成区块 acb43 535. cHMAxcAu6u3LEpfpCqJHD39unJtHCppfa7 time: 81190 
生成区块 49b4b 536. cN1r6YA2rpKwqyUQBo5eBfcbETXSYK8aWn time: 81200 
生成区块 c11ee 537. cJXJ15YBxQ4zFU7vSUbeRwxgTmQncJy1CJ time: 81210 
生成区块 ead0d 538. cGqWH1HYoZmFcpRbPfrE63u9SBxxLxN4Cp time: 81220 
生成区块 dcb85 539. c2KFmSdk8PcqcWuwDFhATW5VRJcs6xM4gn time: 81230 
生成区块 74346 540. cFyn4v8T5ckT28MW17iUvvuK4Uk7nrpdZj time: 81240 
生成区块 79b55 541. c37jstTJJLuNuvERbc6MJbMkU1mPegQUoA time: 81250 
生成区块 73a73 542. c5q6xxt1RkYYM1EXZGjwhPoU8y3K5uAkpX time: 81260 
生成区块 fad9c 543. c5qUNZkdEgg62fGSWwU29yya7vVQET7xkt time: 81270 
生成区块 02636 544. cKgAdasSHc1T6zUXPnmYEEtjeX7qKi11xb time: 81280 
生成区块 48689 545. cALZico86XyeSaK3zTXMVtq6AUPqmrh6JV time: 81290 
生成区块 cb604 546. cKyVC3hXc7ffCzEjDq1RHxqwi7DWiWSWRX time: 81300 
生成区块 7c8a6 547. cPBhhsQsNTKKkQw4DaYESjmBGFZZgiXJrK time: 81310 
生成区块 9b154 548. c3pPiHJASHMkxFxzStA1WLnagHxHnsZcD1 time: 81320 
生成区块 d4e6d 549. cD6KwXfyUCPSscZoy3HeFuM3bFp4EvDpbe time: 81330 
生成区块 3101f 550. cJQtvwgB96A7fZMppeRE6tkNsykg7KQEsJ time: 81340 
生成区块 97357 551. cHtrhRxSd6HgoFApv3Ww5T9BJSpzunrK74 time: 81350 
生成区块 f9435 552. c9JpYqYPy5ZwkP9dqP7uYsW2jUqjWK12Zy time: 81360 
生成区块 affeb 553. cLShHjVpQwRFy2pTLZ5wxDUBuULPXgNd5w time: 81370 
生成区块 16c57 554. c2pWhtuBZWGZHJVSoNJ3FYJfdjp1iyv8dr time: 81380 
生成区块 79493 555. cDGZW6UisKZtt61rFmdMGZufCqtbWP9sLe time: 81390 
生成区块 be3a4 556. cBX5XCMHodUGz6xHPKkS5jeb7kt1rrgqwb time: 81400 
生成区块 6767d 557. cMbuszd6xHhsXa4qrSNHVEe7Z8Pr3TNneP time: 81410 
生成区块 29fa3 558. cBsvWnbQtMhGvzj3BDpFpr3A4EZiPXXrRQ time: 81420 
生成区块 0c730 559. cLR1q2Xobq6SLdbcGSmzx3USwuEReKyKdN time: 81430 
生成区块 f55fc 560. cQ88bJLhefXDhHwUorVeHKQhJrm2tDqkgM time: 81440 
生成区块 e3c16 561. cFf3VzWCjKv5VvYmLhzRkQZPhNQn8vANLz time: 81450 
生成区块 c0de5 562. cFxUbicQgwjsrHQj5JzP5GabZQ5Ep8vTUi time: 81460 
生成区块 19212 563. cNtaqym4McrXt5pQZPtQCR7LyhE5pUsUCe time: 81470 
生成区块 1547c 564. c2ffGmyB8nMhkemELfsjNDsdG4t1EMeomv time: 81480 
生成区块 e75eb 565. cPZUAVCxZSwrodndzmCsVcP38BskQRF1ny time: 81490 
生成区块 ca31b 566. cF6DjxtfzvJjbqvwWGb2AvUcwEkk6rBFm9 time: 81500 
生成区块 104a8 567. cFybQsjHqiX1DUbtZFXDPihvDeTveZQKkw time: 81510 
生成区块 77f0c 568. c4q2hHccaS3qcXGMqsGcasjbvj9aJsCuuy time: 81520 
生成区块 98eae 569. cGELZtTz3qzbcAS9svzQjesXTB46ytduwg time: 81530 
生成区块 b701c 570. cAkwj6utxuRKErXYHYnisXGJjqsQVdsuqA time: 81540 
共循环569 . 区块: 570
生成区块 ad2f0 2. cFtYf1e5Ng5QhZzHiPMvDyV3NQHxKBnLmV time: 86400 
共循环1 . 区块: 2
生成区块 9bd58 8641. cPBhhsQsNTKKkQw4DaYESjmBGFZZgiXJrK time: 1105920 
共循环1 . 区块: 8641
生成区块 0ffba 201. c5qUNZkdEgg62fGSWwU29yya7vVQET7xkt time: 25600 
共循环1 . 区块: 201
生成区块 0ffba 201. c5qUNZkdEgg62fGSWwU29yya7vVQET7xkt time: 25600 
共循环1 . 区块: 201
生成区块 0ffba 201. c5qUNZkdEgg62fGSWwU29yya7vVQET7xkt time: 25600 
共循环1 . 区块: 201
生成区块 0ffba 201. c5qUNZkdEgg62fGSWwU29yya7vVQET7xkt time: 25600 
共循环1 . 区块: 201
NoFoundException [Error]: 候选名单不足25472
    at 从一群受托人中选出一个受托人 (D:\dev\BFChain-Core-Next\packages\block\src\atom_block\blockGeneratorCalculator.ts:227:15)
    at BlockGeneratorCalculator.calcGenerateBlockDelegateGenerator (D:\dev\BFChain-Core-Next\packages\block\src\atom_block\blockGeneratorCalculator.ts:261:34)
    at BlockGeneratorCalculator.calcGenerateBlockDelegate (D:\dev\BFChain-Core-Next\packages\block\src\atom_block\blockGeneratorCalculator.ts:44:22)
    at D:\dev\BFChain-Core-Next\packages\test\src\block\calcGenesisBlockDelegate.test.ts:1065:20 {
  detail: undefined,
  type: 'NoFoundException',
  PLATFORM: 'Nodejs',
  CHANNEL: 'UNKNOWN',
  BUSINESS: 'util',
  MODULE: 'Core',
  FILE: 'BlockGeneratorCalculator',
  CODE: '7001'
}
生成区块 0ffba 201. c5qUNZkdEgg62fGSWwU29yya7vVQET7xkt time: 25600 
共循环1 . 区块: 201
生成区块 0ffba 201. c5qUNZkdEgg62fGSWwU29yya7vVQET7xkt time: 25600 
共循环1 . 区块: 201
生成区块 acf4b 2. cCuaHXAe1hcEGgqz6eg8QC9UKQHZ1Cq2Qo time: 6400000 
共循环1 . 区块: 2
